[INFO] ===== Offload job start =====
[INFO] Job: run_offload_loading_summary_daily.bat
[INFO] Timestamp: Thu 07/02/2026 10:43:39.83
[INFO] Script dir: C:\Users\jtsao1\OneDrive - Intel Corporation\Documents\My workspace\jira_ips_tat_HP\jira_tat\jira_customer_tat\jobs\03_offload_automation\
[INFO] Current dir: C:\Users\jtsao1\OneDrive - Intel Corporation\Documents\My workspace\jira_ips_tat_HP\jira_tat\jira_customer_tat\jobs\03_offload_automation
[INFO] Args: 
C:\Python314\python.exe
C:\Users\jtsao1\AppData\Local\Microsoft\WindowsApps\python.exe
C:\Users\jtsao1\AppData\Local\Python\bin\python.exe
[INFO] GRAPH_AUTH_MODE=delegated
[INFO] GRAPH_SENDER_UPN=frank.lee@intel.com
[INFO] OFFLOAD_ALWAYS_EXCLUDED_REPORTERS=Jonathan Tsao
[INFO] Command: run_offload_reporter_issues.bat --send-email --summary-only-email 
[INFO] Running offload_reporter_issues.py --send-email --summary-only-email
[INFO] OFFLOAD_ALWAYS_EXCLUDED_ENGINEERS=Jonathan Tsao
[INFO] PYTHONPATH=C:\Users\jtsao1\OneDrive - Intel Corporation\Documents\My workspace\jira_ips_tat_HP\jira_tat\jira_customer_tat\jobs\03_offload_automation\..\..;C:\Users\jtsao1\OneDrive - Intel Corporation\Documents\My workspace\jira_ips_tat_HP\jira_tat\jira_customer_tat\jobs\03_offload_automation\..\..\APIs;C:\Users\jtsao1\OneDrive - Intel Corporation\Documents\My workspace\jira_ips_tat_HP\jira_tat\jira_customer_tat\jobs\03_offload_automation\..\..\jobs\01_issue_category_tuning;C:\Users\jtsao1\OneDrive - Intel Corporation\Documents\My workspace\jira_ips_tat_HP\jira_tat\jira_customer_tat\jobs\03_offload_automation\..\..\jobs\04_wireless_bug_dashboard;C:\Users\jtsao1\OneDrive - Intel Corporation\Documents\My workspace\jira_ips_tat_HP\jira_tat\jira_customer_tat\jobs\03_offload_automation\..\..\jobs\06_reporting_and_notifications;
[INFO] PY_EXE=C:\Users\jtsao1\OneDrive - Intel Corporation\Documents\My workspace\jira_ips_tat_HP\jira_tat\jira_customer_tat\jobs\03_offload_automation\..\..\customer issue analysis\.venv\Scripts\python.exe
[INFO] PY_ARGS=
[INFO] OFFLOAD_CATEGORY_MODEL=C:\Users\jtsao1\OneDrive - Intel Corporation\Documents\My workspace\jira_ips_tat_HP\jira_tat\jira_customer_tat\jobs\03_offload_automation\..\..\models\issue_category_model.joblib
[INFO] OFFLOAD_CATEGORY_WEIGHT_MAP=C:\Users\jtsao1\OneDrive - Intel Corporation\Documents\My workspace\jira_ips_tat_HP\jira_tat\jira_customer_tat\jobs\03_offload_automation\..\..\jobs\01_issue_category_tuning\issue_category_weights.json
[INFO] ISSUE_CATEGORY_PREDICT_BACKEND=ml
2026-07-02 10:44:19,603 [INFO][ips_offload] Included 7 allowed reporter(s) with zero current issues for receiver rotation.
2026-07-02 10:44:19,639 [INFO][ips_offload] Applying 2 pending offload(s) from history to avoid duplicate recommendations.
2026-07-02 10:44:20,270 [INFO][ips_offload] Current issue calculation breakdown per reporter:
2026-07-02 10:44:29,690 [INFO][ips_offload] Weighted loading trial enabled for visibility; offload decision remains based on Curr.
2026-07-02 10:44:29,691 [INFO][ips_offload] Combined trial table (single table with category columns, decision still uses Curr):
2026-07-02 10:44:29,692 [INFO][ips_offload] +---------------+------+------+------+-----------+-----------+-------+------------------+-------+------+------+--------------+-----+-------------+-----+------+-----------+-------------+-------------------+---------+---------+-------------+------+--------+---------+-----+----+-------------+
2026-07-02 10:44:29,692 [INFO][ips_offload] | Name          | uIPS | uHSD | Jira | Stale IPS | Stale HSD | Total | Weighted Loading | Audio | BIOS | BSOD | Connectivity | HLK | ICPS/Killer | IOP | MSFT | OEM Tools | Performance | Power Consumption | Roaming | Sensing | System Hang | UEFI | WowLAN | YB/Lost | P2P | RF | Need-Triage |
2026-07-02 10:44:29,692 [INFO][ips_offload] +---------------+------+------+------+-----------+-----------+-------+------------------+-------+------+------+--------------+-----+-------------+-----+------+-----------+-------------+-------------------+---------+---------+-------------+------+--------+---------+-----+----+-------------+
2026-07-02 10:44:29,692 [INFO][ips_offload] | Frank Lee     |   11 |    0 |   11 |         8 |         0 |    14 |            95.67 |     0 |    0 |    6 |           14 |   0 |          30 |   0 |    0 |         0 |           1 |                 1 |       0 |       0 |           0 |    0 |      2 |       5 |   1 |  0 |           0 |
2026-07-02 10:44:29,693 [INFO][ips_offload] | Zhiqiang Cai  |    7 |    0 |    8 |         2 |         0 |    13 |            30.70 |     0 |    0 |    0 |            7 |   0 |           0 |   0 |    0 |         0 |           1 |                 0 |       0 |       0 |           1 |    1 |      0 |       2 |   3 |  0 |           0 |
2026-07-02 10:44:29,693 [INFO][ips_offload] | Wesley Kuo    |    3 |    0 |    9 |         1 |         0 |    11 |            23.21 |     0 |    0 |    0 |            1 |   1 |           0 |   0 |    0 |         1 |           0 |                 0 |       0 |       0 |           0 |    0 |      0 |       8 |   0 |  0 |           0 |
2026-07-02 10:44:29,693 [INFO][ips_offload] | Steven1 Chen  |    9 |    0 |    8 |         7 |         0 |    10 |            20.56 |     0 |    0 |    1 |            4 |   0 |           0 |   0 |    0 |         0 |           0 |                 0 |       0 |       0 |           0 |    0 |      0 |       5 |   0 |  0 |           0 |
2026-07-02 10:44:29,693 [INFO][ips_offload] | KJ Fang       |   11 |    0 |    6 |         9 |         0 |     8 |            42.16 |     0 |    0 |    2 |           12 |   0 |           0 |   0 |    0 |         1 |           1 |                 0 |       0 |       2 |           0 |    0 |      0 |       2 |   2 |  0 |           0 |
2026-07-02 10:44:29,693 [INFO][ips_offload] | Brenton Wu    |    4 |    2 |    5 |         3 |         1 |     7 |            13.27 |     0 |    0 |    1 |            2 |   0 |           0 |   0 |    0 |         0 |           1 |                 0 |       0 |       0 |           0 |    1 |      0 |       1 |   1 |  0 |           0 |
2026-07-02 10:44:29,693 [INFO][ips_offload] | Bingyue Sun   |    5 |    0 |    1 |         0 |         0 |     6 |            14.33 |     0 |    0 |    3 |            3 |   1 |           0 |   0 |    0 |         0 |           0 |                 0 |       0 |       0 |           0 |    0 |      0 |       1 |   0 |  0 |           0 |
2026-07-02 10:44:29,693 [INFO][ips_offload] | Jackx Lee     |    1 |    0 |    4 |         0 |         0 |     5 |             9.08 |     0 |    0 |    0 |            1 |   0 |           0 |   0 |    0 |         2 |           0 |                 0 |       0 |       0 |           0 |    0 |      0 |       1 |   0 |  1 |           0 |
2026-07-02 10:44:29,693 [INFO][ips_offload] | Timdaway Lai  |    6 |    0 |    2 |         3 |         0 |     5 |             9.22 |     0 |    0 |    1 |            3 |   0 |           0 |   0 |    0 |         0 |           0 |                 0 |       0 |       0 |           0 |    0 |      0 |       1 |   0 |  0 |           0 |
2026-07-02 10:44:29,693 [INFO][ips_offload] | Frank Yang    |    7 |    0 |    2 |         5 |         0 |     4 |            10.16 |     0 |    0 |    1 |            4 |   0 |           0 |   0 |    0 |         1 |           0 |                 0 |       0 |       0 |           0 |    0 |      0 |       0 |   0 |  0 |           0 |
2026-07-02 10:44:29,693 [INFO][ips_offload] | Henryx Su     |    1 |    0 |    4 |         1 |         0 |     4 |            11.89 |     0 |    0 |    0 |            2 |   0 |           1 |   0 |    0 |         0 |           0 |                 0 |       0 |       0 |           0 |    0 |      0 |       2 |   0 |  1 |           0 |
2026-07-02 10:44:29,693 [INFO][ips_offload] | Matt Chen     |   10 |    0 |    1 |         7 |         0 |     4 |            16.13 |     0 |    0 |    0 |            6 |   0 |           0 |   0 |    0 |         0 |           0 |                 0 |       0 |       0 |           0 |    0 |      0 |       2 |   0 |  0 |           0 |
2026-07-02 10:44:29,693 [INFO][ips_offload] | Juan Zou      |    2 |    0 |    1 |         0 |         0 |     3 |             7.96 |     0 |    0 |    1 |            1 |   0 |           0 |   0 |    0 |         0 |           0 |                 0 |       0 |       0 |           0 |    0 |      0 |       2 |   0 |  0 |           0 |
2026-07-02 10:44:29,693 [INFO][ips_offload] | Yu-Wei Chen   |    5 |    2 |    0 |         4 |         0 |     3 |             6.10 |     0 |    1 |    0 |            0 |   0 |           0 |   0 |    0 |         0 |           0 |                 0 |       0 |       0 |           0 |    0 |      0 |       1 |   0 |  0 |           0 |
2026-07-02 10:44:29,693 [INFO][ips_offload] | Charles Chu   |    4 |    0 |    2 |         4 |         0 |     2 |            14.78 |     0 |    0 |    0 |            2 |   0 |           0 |   0 |    0 |         0 |           1 |                 1 |       0 |       0 |           0 |    0 |      0 |       1 |   2 |  0 |           0 |
2026-07-02 10:44:29,694 [INFO][ips_offload] | Jonathan Tsao |    2 |    0 |    0 |         0 |         0 |     2 |             4.52 |     0 |    0 |    0 |            0 |   0 |           0 |   0 |    0 |         0 |           0 |                 0 |       0 |       0 |           0 |    0 |      0 |       2 |   0 |  0 |           0 |
2026-07-02 10:44:29,694 [INFO][ips_offload] | Lydiax Chien  |    1 |    0 |    1 |         1 |         0 |     1 |             1.00 |     0 |    0 |    1 |            0 |   0 |           0 |   0 |    0 |         0 |           0 |                 0 |       0 |       0 |           0 |    0 |      0 |       0 |   0 |  0 |           0 |
2026-07-02 10:44:29,694 [INFO][ips_offload] +---------------+------+------+------+-----------+-----------+-------+------------------+-------+------+------+--------------+-----+-------------+-----+------+-----------+-------------+-------------------+---------+---------+-------------+------+--------+---------+-----+----+-------------+
2026-07-02 10:44:29,694 [INFO][ips_offload] Offload decision mode: Curr
2026-07-02 10:44:29,696 [INFO][ips_offload] Graph auth mode: delegated
2026-07-02 10:44:34,115 [INFO][ips_offload] Summary-only loading email sent to 1 recipient(s).
[Config] Using GRAPH_CLIENT_SECRET from environment/.env.
[Auth] Using cached Graph delegated token.
[INFO] Finished with exit code 0
[INFO] Exit code: 0
[INFO] ===== Offload job end =====
