[INFO] ===== Offload job start =====
[INFO] Job: run_offload_loading_summary_daily.bat
[INFO] Timestamp: Fri 07/03/2026 10:30:47.96
[INFO] Script dir: C:\Users\jtsao1\OneDrive - Intel Corporation\Documents\My workspace\jira_ips_tat_HP\jira_tat\jira_customer_tat\jobs\03_offload_automation\
[INFO] Current dir: C:\Users\jtsao1\OneDrive - Intel Corporation\Documents\My workspace\jira_ips_tat_HP\jira_tat\jira_customer_tat\jobs\03_offload_automation
[INFO] Args: 
C:\Python314\python.exe
C:\Users\jtsao1\AppData\Local\Microsoft\WindowsApps\python.exe
C:\Users\jtsao1\AppData\Local\Python\bin\python.exe
[INFO] GRAPH_AUTH_MODE=delegated
[INFO] GRAPH_SENDER_UPN=frank.lee@intel.com
[INFO] OFFLOAD_ALWAYS_EXCLUDED_REPORTERS=Jonathan Tsao
[INFO] Command: run_offload_reporter_issues.bat --send-email --summary-only-email 
[INFO] Running offload_reporter_issues.py --send-email --summary-only-email
[INFO] OFFLOAD_ALWAYS_EXCLUDED_ENGINEERS=Jonathan Tsao
[INFO] PYTHONPATH=C:\Users\jtsao1\OneDrive - Intel Corporation\Documents\My workspace\jira_ips_tat_HP\jira_tat\jira_customer_tat\jobs\03_offload_automation\..\..;C:\Users\jtsao1\OneDrive - Intel Corporation\Documents\My workspace\jira_ips_tat_HP\jira_tat\jira_customer_tat\jobs\03_offload_automation\..\..\APIs;C:\Users\jtsao1\OneDrive - Intel Corporation\Documents\My workspace\jira_ips_tat_HP\jira_tat\jira_customer_tat\jobs\03_offload_automation\..\..\jobs\01_issue_category_tuning;C:\Users\jtsao1\OneDrive - Intel Corporation\Documents\My workspace\jira_ips_tat_HP\jira_tat\jira_customer_tat\jobs\03_offload_automation\..\..\jobs\04_wireless_bug_dashboard;C:\Users\jtsao1\OneDrive - Intel Corporation\Documents\My workspace\jira_ips_tat_HP\jira_tat\jira_customer_tat\jobs\03_offload_automation\..\..\jobs\06_reporting_and_notifications;
[INFO] PY_EXE=C:\Users\jtsao1\OneDrive - Intel Corporation\Documents\My workspace\jira_ips_tat_HP\jira_tat\jira_customer_tat\jobs\03_offload_automation\..\..\customer issue analysis\.venv\Scripts\python.exe
[INFO] PY_ARGS=
[INFO] OFFLOAD_CATEGORY_MODEL=C:\Users\jtsao1\OneDrive - Intel Corporation\Documents\My workspace\jira_ips_tat_HP\jira_tat\jira_customer_tat\jobs\03_offload_automation\..\..\models\issue_category_model.joblib
[INFO] OFFLOAD_CATEGORY_WEIGHT_MAP=C:\Users\jtsao1\OneDrive - Intel Corporation\Documents\My workspace\jira_ips_tat_HP\jira_tat\jira_customer_tat\jobs\03_offload_automation\..\..\jobs\01_issue_category_tuning\issue_category_weights.json
[INFO] ISSUE_CATEGORY_PREDICT_BACKEND=ml
2026-07-03 10:30:53,083 [INFO][ips_offload] Included 7 allowed reporter(s) with zero current issues for receiver rotation.
2026-07-03 10:30:53,085 [INFO][ips_offload] Applying 2 pending offload(s) from history to avoid duplicate recommendations.
2026-07-03 10:30:53,650 [INFO][ips_offload] Current issue calculation breakdown per reporter:
2026-07-03 10:30:57,886 [INFO][ips_offload] Weighted loading trial enabled for visibility; offload decision remains based on Curr.
2026-07-03 10:30:57,888 [INFO][ips_offload] Combined trial table (single table with category columns, decision still uses Curr):
2026-07-03 10:30:57,889 [INFO][ips_offload] +---------------+------+------+------+-----------+-----------+-------+------------------+-------+------+------+--------------+-----+-------------+-----+------+-----------+-------------+-------------------+---------+---------+-------------+------+--------+---------+-----+----+-------------+
2026-07-03 10:30:57,889 [INFO][ips_offload] | Name          | uIPS | uHSD | Jira | Stale IPS | Stale HSD | Total | Weighted Loading | Audio | BIOS | BSOD | Connectivity | HLK | ICPS/Killer | IOP | MSFT | OEM Tools | Performance | Power Consumption | Roaming | Sensing | System Hang | UEFI | WowLAN | YB/Lost | P2P | RF | Need-Triage |
2026-07-03 10:30:57,889 [INFO][ips_offload] +---------------+------+------+------+-----------+-----------+-------+------------------+-------+------+------+--------------+-----+-------------+-----+------+-----------+-------------+-------------------+---------+---------+-------------+------+--------+---------+-----+----+-------------+
2026-07-03 10:30:57,890 [INFO][ips_offload] | Wesley Kuo    |    3 |    0 |   10 |         1 |         0 |    12 |            25.47 |     0 |    0 |    0 |            1 |   1 |           0 |   0 |    0 |         1 |           0 |                 0 |       0 |       0 |           0 |    0 |      0 |       9 |   0 |  0 |           0 |
2026-07-03 10:30:57,890 [INFO][ips_offload] | Zhiqiang Cai  |    6 |    0 |    4 |         2 |         0 |     8 |            17.41 |     0 |    0 |    0 |            5 |   0 |           0 |   0 |    0 |         0 |           0 |                 0 |       0 |       0 |           1 |    1 |      0 |       0 |   2 |  0 |           0 |
2026-07-03 10:30:57,890 [INFO][ips_offload] | Frank Lee     |   11 |    0 |    4 |         8 |         0 |     7 |            81.65 |     0 |    0 |    6 |           12 |   0 |          28 |   0 |    0 |         0 |           0 |                 1 |       0 |       0 |           0 |    0 |      2 |       3 |   1 |  0 |           0 |
2026-07-03 10:30:57,890 [INFO][ips_offload] | KJ Fang       |   11 |    0 |    4 |         9 |         0 |     6 |            43.59 |     0 |    0 |    1 |           13 |   0 |           0 |   0 |    0 |         1 |           1 |                 0 |       0 |       2 |           0 |    0 |      0 |       3 |   1 |  0 |           0 |
2026-07-03 10:30:57,890 [INFO][ips_offload] | Steven1 Chen  |    9 |    0 |    4 |         8 |         0 |     5 |            10.98 |     0 |    0 |    0 |            1 |   0 |           0 |   0 |    0 |         0 |           0 |                 0 |       0 |       0 |           0 |    0 |      0 |       4 |   0 |  0 |           0 |
2026-07-03 10:30:57,890 [INFO][ips_offload] | Timdaway Lai  |    6 |    0 |    2 |         3 |         0 |     5 |             9.22 |     0 |    0 |    1 |            3 |   0 |           0 |   0 |    0 |         0 |           0 |                 0 |       0 |       0 |           0 |    0 |      0 |       1 |   0 |  0 |           0 |
2026-07-03 10:30:57,890 [INFO][ips_offload] | Frank Yang    |    9 |    0 |    0 |         5 |         0 |     4 |             7.29 |     0 |    0 |    1 |            2 |   0 |           0 |   0 |    0 |         0 |           0 |                 0 |       0 |       0 |           0 |    0 |      0 |       1 |   0 |  0 |           0 |
2026-07-03 10:30:57,890 [INFO][ips_offload] | Bingyue Sun   |    3 |    0 |    0 |         0 |         0 |     3 |             5.51 |     0 |    0 |    1 |            0 |   1 |           0 |   0 |    0 |         0 |           0 |                 0 |       0 |       0 |           0 |    0 |      0 |       1 |   0 |  0 |           0 |
2026-07-03 10:30:57,890 [INFO][ips_offload] | Brenton Wu    |    4 |    2 |    1 |         3 |         1 |     3 |             5.20 |     0 |    0 |    0 |            1 |   0 |           0 |   0 |    0 |         0 |           0 |                 0 |       0 |       0 |           0 |    0 |      0 |       1 |   0 |  0 |           0 |
2026-07-03 10:30:57,890 [INFO][ips_offload] | Henryx Su     |    1 |    0 |    2 |         1 |         0 |     2 |             6.29 |     0 |    0 |    0 |            2 |   0 |           0 |   0 |    0 |         0 |           0 |                 0 |       0 |       0 |           0 |    0 |      0 |       1 |   0 |  0 |           0 |
2026-07-03 10:30:57,890 [INFO][ips_offload] | Jonathan Tsao |    2 |    0 |    0 |         0 |         0 |     2 |             4.52 |     0 |    0 |    0 |            0 |   0 |           0 |   0 |    0 |         0 |           0 |                 0 |       0 |       0 |           0 |    0 |      0 |       2 |   0 |  0 |           0 |
2026-07-03 10:30:57,890 [INFO][ips_offload] | Matt Chen     |   10 |    0 |    0 |         8 |         0 |     2 |            11.93 |     0 |    0 |    0 |            5 |   0 |           0 |   0 |    0 |         0 |           0 |                 0 |       0 |       0 |           0 |    0 |      0 |       1 |   0 |  0 |           0 |
2026-07-03 10:30:57,890 [INFO][ips_offload] | Yu-Wei Chen   |    5 |    2 |    0 |         5 |         0 |     2 |             2.00 |     0 |    0 |    0 |            0 |   0 |           0 |   0 |    0 |         0 |           0 |                 0 |       0 |       0 |           0 |    0 |      0 |       0 |   0 |  0 |           0 |
2026-07-03 10:30:57,890 [INFO][ips_offload] | Jackx Lee     |    0 |    0 |    1 |         0 |         0 |     1 |             1.44 |     0 |    0 |    0 |            0 |   0 |           0 |   0 |    0 |         1 |           0 |                 0 |       0 |       0 |           0 |    0 |      0 |       0 |   0 |  0 |           0 |
2026-07-03 10:30:57,891 [INFO][ips_offload] | Juan Zou      |    1 |    0 |    0 |         0 |         0 |     1 |             2.26 |     0 |    0 |    0 |            0 |   0 |           0 |   0 |    0 |         0 |           0 |                 0 |       0 |       0 |           0 |    0 |      0 |       1 |   0 |  0 |           0 |
2026-07-03 10:30:57,891 [INFO][ips_offload] | Charles Chu   |    4 |    0 |    0 |         4 |         0 |     0 |            11.92 |     0 |    0 |    1 |            1 |   0 |           0 |   0 |    0 |         0 |           1 |                 1 |       0 |       0 |           0 |    0 |      0 |       1 |   1 |  0 |           0 |
2026-07-03 10:30:57,891 [INFO][ips_offload] | Lydiax Chien  |    1 |    0 |    0 |         1 |         0 |     0 |             0.00 |     0 |    0 |    0 |            0 |   0 |           0 |   0 |    0 |         0 |           0 |                 0 |       0 |       0 |           0 |    0 |      0 |       0 |   0 |  0 |           0 |
2026-07-03 10:30:57,891 [INFO][ips_offload] +---------------+------+------+------+-----------+-----------+-------+------------------+-------+------+------+--------------+-----+-------------+-----+------+-----------+-------------+-------------------+---------+---------+-------------+------+--------+---------+-----+----+-------------+
2026-07-03 10:30:57,891 [INFO][ips_offload] Offload decision mode: Curr
2026-07-03 10:30:57,893 [INFO][ips_offload] Graph auth mode: delegated
2026-07-03 10:31:01,595 [INFO][ips_offload] Summary-only loading email sent to 1 recipient(s).
[Config] Using GRAPH_CLIENT_SECRET from environment/.env.
[Auth] Using cached Graph delegated token.
[INFO] Finished with exit code 0
[INFO] Exit code: 0
[INFO] ===== Offload job end =====
