[INFO] ===== Offload job start =====
[INFO] Job: run_offload_loading_summary_daily.bat
[INFO] Timestamp: Tue 06/30/2026 11:33:39.85
[INFO] Script dir: C:\Users\jtsao1\OneDrive - Intel Corporation\Documents\My workspace\jira_ips_tat_HP\jira_tat\jira_customer_tat\jobs\03_offload_automation\
[INFO] Current dir: C:\Users\jtsao1\OneDrive - Intel Corporation\Documents\My workspace\jira_ips_tat_HP\jira_tat\jira_customer_tat\jobs\03_offload_automation
[INFO] Args: 
C:\Python314\python.exe
C:\Users\jtsao1\AppData\Local\Microsoft\WindowsApps\python.exe
C:\Users\jtsao1\AppData\Local\Python\bin\python.exe
[INFO] GRAPH_AUTH_MODE=delegated
[INFO] GRAPH_SENDER_UPN=frank.lee@intel.com
[INFO] OFFLOAD_ALWAYS_EXCLUDED_REPORTERS=Jonathan Tsao
[INFO] Command: run_offload_reporter_issues.bat --send-email --summary-only-email 
[INFO] Running offload_reporter_issues.py --send-email --summary-only-email
[INFO] OFFLOAD_ALWAYS_EXCLUDED_ENGINEERS=Jonathan Tsao
[INFO] PYTHONPATH=C:\Users\jtsao1\OneDrive - Intel Corporation\Documents\My workspace\jira_ips_tat_HP\jira_tat\jira_customer_tat\jobs\03_offload_automation\..\..;C:\Users\jtsao1\OneDrive - Intel Corporation\Documents\My workspace\jira_ips_tat_HP\jira_tat\jira_customer_tat\jobs\03_offload_automation\..\..\APIs;C:\Users\jtsao1\OneDrive - Intel Corporation\Documents\My workspace\jira_ips_tat_HP\jira_tat\jira_customer_tat\jobs\03_offload_automation\..\..\jobs\01_issue_category_tuning;C:\Users\jtsao1\OneDrive - Intel Corporation\Documents\My workspace\jira_ips_tat_HP\jira_tat\jira_customer_tat\jobs\03_offload_automation\..\..\jobs\04_wireless_bug_dashboard;C:\Users\jtsao1\OneDrive - Intel Corporation\Documents\My workspace\jira_ips_tat_HP\jira_tat\jira_customer_tat\jobs\03_offload_automation\..\..\jobs\06_reporting_and_notifications;
[INFO] OFFLOAD_CATEGORY_MODEL=C:\Users\jtsao1\OneDrive - Intel Corporation\Documents\My workspace\jira_ips_tat_HP\jira_tat\jira_customer_tat\jobs\03_offload_automation\..\..\models\issue_category_model.joblib
[INFO] OFFLOAD_CATEGORY_WEIGHT_MAP=C:\Users\jtsao1\OneDrive - Intel Corporation\Documents\My workspace\jira_ips_tat_HP\jira_tat\jira_customer_tat\jobs\03_offload_automation\..\..\jobs\01_issue_category_tuning\issue_category_weights.json
[INFO] ISSUE_CATEGORY_PREDICT_BACKEND=ml
2026-06-30 11:33:44,071 [INFO][ips_offload] Included 7 allowed reporter(s) with zero current issues for receiver rotation.
2026-06-30 11:33:44,071 [INFO][ips_offload] Applying 2 pending offload(s) from history to avoid duplicate recommendations.
2026-06-30 11:33:44,575 [INFO][ips_offload] Current issue calculation breakdown per reporter:
2026-06-30 11:33:46,141 [INFO][ips_offload] Weighted loading trial enabled for visibility; offload decision remains based on Curr.
2026-06-30 11:33:46,142 [INFO][ips_offload] Combined trial table (single table with category columns, decision still uses Curr):
2026-06-30 11:33:46,142 [INFO][ips_offload] +---------------+------+------+------+-----------+-----------+-------+------------------+-------+------+------+--------------+-----+-------------+-----+------+-----------+-------------+-------------------+---------+---------+-------------+------+--------+---------+-----+----+-------------+
2026-06-30 11:33:46,142 [INFO][ips_offload] | Name          | uIPS | uHSD | Jira | Stale IPS | Stale HSD | Total | Weighted Loading | Audio | BIOS | BSOD | Connectivity | HLK | ICPS/Killer | IOP | MSFT | OEM Tools | Performance | Power Consumption | Roaming | Sensing | System Hang | UEFI | WowLAN | YB/Lost | P2P | RF | Need-Triage |
2026-06-30 11:33:46,142 [INFO][ips_offload] +---------------+------+------+------+-----------+-----------+-------+------------------+-------+------+------+--------------+-----+-------------+-----+------+-----------+-------------+-------------------+---------+---------+-------------+------+--------+---------+-----+----+-------------+
2026-06-30 11:33:46,142 [INFO][ips_offload] | Frank Lee     |   10 |    0 |   10 |         7 |         0 |    13 |            93.41 |     0 |    0 |    7 |           13 |   0 |          29 |   0 |    0 |         0 |           1 |                 1 |       0 |       0 |           0 |    0 |      2 |       5 |   1 |  0 |           0 |
2026-06-30 11:33:46,142 [INFO][ips_offload] | Zhiqiang Cai  |    6 |    0 |    7 |         2 |         0 |    11 |            26.84 |     0 |    0 |    0 |            5 |   0 |           0 |   0 |    0 |         0 |           1 |                 0 |       0 |       0 |           1 |    1 |      0 |       2 |   3 |  0 |           0 |
2026-06-30 11:33:46,142 [INFO][ips_offload] | KJ Fang       |   11 |    0 |    7 |         9 |         0 |     9 |            44.09 |     0 |    0 |    2 |           13 |   0 |           0 |   0 |    0 |         1 |           1 |                 0 |       0 |       2 |           0 |    0 |      0 |       2 |   2 |  0 |           0 |
2026-06-30 11:33:46,142 [INFO][ips_offload] | Steven1 Chen  |    9 |    0 |    6 |         7 |         0 |     8 |            16.04 |     0 |    0 |    1 |            4 |   0 |           0 |   0 |    0 |         0 |           0 |                 0 |       0 |       0 |           0 |    0 |      0 |       3 |   0 |  0 |           0 |
2026-06-30 11:33:46,142 [INFO][ips_offload] | Brenton Wu    |    4 |    2 |    5 |         3 |         1 |     7 |            13.27 |     0 |    0 |    1 |            2 |   0 |           0 |   0 |    0 |         0 |           1 |                 0 |       0 |       0 |           0 |    1 |      0 |       1 |   1 |  0 |           0 |
2026-06-30 11:33:46,142 [INFO][ips_offload] | Bingyue Sun   |    5 |    0 |    2 |         1 |         0 |     6 |            14.45 |     0 |    0 |    2 |            5 |   1 |           0 |   0 |    0 |         0 |           0 |                 0 |       0 |       0 |           0 |    0 |      0 |       0 |   0 |  0 |           0 |
2026-06-30 11:33:46,142 [INFO][ips_offload] | Jackx Lee     |    2 |    0 |    4 |         0 |         0 |     6 |            11.51 |     0 |    0 |    0 |            1 |   0 |           0 |   0 |    0 |         2 |           0 |                 0 |       0 |       0 |           0 |    0 |      0 |       2 |   0 |  1 |           0 |
2026-06-30 11:33:46,142 [INFO][ips_offload] | Wesley Kuo    |    3 |    0 |    4 |         1 |         0 |     6 |            11.91 |     0 |    0 |    0 |            1 |   1 |           0 |   0 |    0 |         1 |           0 |                 0 |       0 |       0 |           0 |    0 |      0 |       3 |   0 |  0 |           0 |
2026-06-30 11:33:46,142 [INFO][ips_offload] | Matt Chen     |   10 |    0 |    1 |         7 |         0 |     4 |            12.27 |     0 |    0 |    0 |            4 |   0 |           0 |   0 |    0 |         0 |           0 |                 0 |       0 |       0 |           0 |    0 |      0 |       2 |   0 |  0 |           0 |
2026-06-30 11:33:46,142 [INFO][ips_offload] | Timdaway Lai  |    6 |    0 |    1 |         3 |         0 |     4 |             8.79 |     0 |    0 |    2 |            1 |   0 |           0 |   0 |    0 |         0 |           0 |                 0 |       0 |       0 |           0 |    0 |      0 |       2 |   0 |  0 |           0 |
2026-06-30 11:33:46,142 [INFO][ips_offload] | Frank Yang    |    7 |    0 |    1 |         5 |         0 |     3 |             8.23 |     0 |    0 |    1 |            3 |   0 |           0 |   0 |    0 |         1 |           0 |                 0 |       0 |       0 |           0 |    0 |      0 |       0 |   0 |  0 |           0 |
2026-06-30 11:33:46,142 [INFO][ips_offload] | Henryx Su     |    2 |    0 |    2 |         1 |         0 |     3 |            10.56 |     0 |    0 |    0 |            2 |   0 |           0 |   0 |    0 |         0 |           0 |                 0 |       0 |       0 |           0 |    0 |      0 |       2 |   0 |  1 |           0 |
2026-06-30 11:33:46,142 [INFO][ips_offload] | Juan Zou      |    2 |    0 |    1 |         0 |         0 |     3 |             7.96 |     0 |    0 |    1 |            1 |   0 |           0 |   0 |    0 |         0 |           0 |                 0 |       0 |       0 |           0 |    0 |      0 |       2 |   0 |  0 |           0 |
2026-06-30 11:33:46,142 [INFO][ips_offload] | Yu-Wei Chen   |    5 |    2 |    0 |         4 |         0 |     3 |             6.10 |     0 |    1 |    0 |            0 |   0 |           0 |   0 |    0 |         0 |           0 |                 0 |       0 |       0 |           0 |    0 |      0 |       1 |   0 |  0 |           0 |
2026-06-30 11:33:46,142 [INFO][ips_offload] | Charles Chu   |    4 |    0 |    2 |         4 |         0 |     2 |            14.78 |     0 |    0 |    0 |            2 |   0 |           0 |   0 |    0 |         0 |           1 |                 1 |       0 |       0 |           0 |    0 |      0 |       1 |   2 |  0 |           0 |
2026-06-30 11:33:46,142 [INFO][ips_offload] | Jonathan Tsao |    2 |    0 |    0 |         0 |         0 |     2 |             4.52 |     0 |    0 |    0 |            0 |   0 |           0 |   0 |    0 |         0 |           0 |                 0 |       0 |       0 |           0 |    0 |      0 |       2 |   0 |  0 |           0 |
2026-06-30 11:33:46,142 [INFO][ips_offload] | Lydiax Chien  |    1 |    0 |    1 |         1 |         0 |     1 |             1.00 |     0 |    0 |    1 |            0 |   0 |           0 |   0 |    0 |         0 |           0 |                 0 |       0 |       0 |           0 |    0 |      0 |       0 |   0 |  0 |           0 |
2026-06-30 11:33:46,142 [INFO][ips_offload] +---------------+------+------+------+-----------+-----------+-------+------------------+-------+------+------+--------------+-----+-------------+-----+------+-----------+-------------+-------------------+---------+---------+-------------+------+--------+---------+-----+----+-------------+
2026-06-30 11:33:46,142 [INFO][ips_offload] Offload decision mode: Curr
2026-06-30 11:33:46,143 [INFO][ips_offload] Graph auth mode: delegated
2026-06-30 11:33:48,162 [INFO][ips_offload] Summary-only loading email sent to 1 recipient(s).
[Config] Using GRAPH_CLIENT_SECRET from environment/.env.
[Auth] Using cached Graph delegated token.
[INFO] Finished with exit code 0
[INFO] Exit code: 0
[INFO] ===== Offload job end =====
