[INFO] ===== Offload job start =====
[INFO] Job: run_offload_reporter_issues_send_email_scheduler.bat
[INFO] Timestamp: Thu 07/02/2026 21:19:39.81
[INFO] Script dir: C:\Users\jtsao1\OneDrive - Intel Corporation\Documents\My workspace\jira_ips_tat_HP\jira_tat\jira_customer_tat\jobs\03_offload_automation\
[INFO] Current dir: C:\Users\jtsao1\OneDrive - Intel Corporation\Documents\My workspace\jira_ips_tat_HP\jira_tat\jira_customer_tat\jobs\03_offload_automation
[INFO] Args: 
[INFO] DB host reachable: 10-108-27-113.dbaas.intel.com
C:\Python314\python.exe
C:\Users\jtsao1\AppData\Local\Microsoft\WindowsApps\python.exe
C:\Users\jtsao1\AppData\Local\Python\bin\python.exe
[INFO] GRAPH_AUTH_MODE=delegated
[INFO] GRAPH_SENDER_UPN=frank.lee@intel.com
[INFO] OFFLOAD_RECEIVER_MAX_ISSUES=10
[INFO] OFFLOAD_ALWAYS_EXCLUDED_REPORTERS=Jonathan Tsao
[INFO] Running offload_reporter_issues.py --send-email
[INFO] OFFLOAD_ALWAYS_EXCLUDED_ENGINEERS=Jonathan Tsao
[INFO] PYTHONPATH=C:\Users\jtsao1\OneDrive - Intel Corporation\Documents\My workspace\jira_ips_tat_HP\jira_tat\jira_customer_tat\jobs\03_offload_automation\..\..;C:\Users\jtsao1\OneDrive - Intel Corporation\Documents\My workspace\jira_ips_tat_HP\jira_tat\jira_customer_tat\jobs\03_offload_automation\..\..\APIs;C:\Users\jtsao1\OneDrive - Intel Corporation\Documents\My workspace\jira_ips_tat_HP\jira_tat\jira_customer_tat\jobs\03_offload_automation\..\..\jobs\01_issue_category_tuning;C:\Users\jtsao1\OneDrive - Intel Corporation\Documents\My workspace\jira_ips_tat_HP\jira_tat\jira_customer_tat\jobs\03_offload_automation\..\..\jobs\04_wireless_bug_dashboard;C:\Users\jtsao1\OneDrive - Intel Corporation\Documents\My workspace\jira_ips_tat_HP\jira_tat\jira_customer_tat\jobs\03_offload_automation\..\..\jobs\06_reporting_and_notifications;
[INFO] PY_EXE=C:\Users\jtsao1\OneDrive - Intel Corporation\Documents\My workspace\jira_ips_tat_HP\jira_tat\jira_customer_tat\jobs\03_offload_automation\..\..\customer issue analysis\.venv\Scripts\python.exe
[INFO] PY_ARGS=
[INFO] OFFLOAD_CATEGORY_MODEL=C:\Users\jtsao1\OneDrive - Intel Corporation\Documents\My workspace\jira_ips_tat_HP\jira_tat\jira_customer_tat\jobs\03_offload_automation\..\..\models\issue_category_model.joblib
[INFO] OFFLOAD_CATEGORY_WEIGHT_MAP=C:\Users\jtsao1\OneDrive - Intel Corporation\Documents\My workspace\jira_ips_tat_HP\jira_tat\jira_customer_tat\jobs\03_offload_automation\..\..\jobs\01_issue_category_tuning\issue_category_weights.json
[INFO] ISSUE_CATEGORY_PREDICT_BACKEND=ml
