[INFO] ===== Offload job start =====
[INFO] Job: run_offload_reporter_issues_send_email_scheduler.bat
[INFO] Timestamp: Thu 07/02/2026 22:23:02.35
[INFO] Script dir: C:\Users\jtsao1\OneDrive - Intel Corporation\Documents\My workspace\jira_ips_tat_HP\jira_tat\jira_customer_tat\jobs\03_offload_automation\
[INFO] Current dir: C:\Users\jtsao1\OneDrive - Intel Corporation\Documents\My workspace\jira_ips_tat_HP\jira_tat\jira_customer_tat\jobs\03_offload_automation
[INFO] Args: 
[INFO] DB host reachable: 10-108-27-113.dbaas.intel.com
C:\Python314\python.exe
C:\Users\jtsao1\AppData\Local\Microsoft\WindowsApps\python.exe
C:\Users\jtsao1\AppData\Local\Python\bin\python.exe
[INFO] GRAPH_AUTH_MODE=delegated
[INFO] GRAPH_SENDER_UPN=frank.lee@intel.com
[INFO] OFFLOAD_RECEIVER_MAX_ISSUES=10
[INFO] OFFLOAD_ALWAYS_EXCLUDED_REPORTERS=Jonathan Tsao
[INFO] Running offload_reporter_issues.py --send-email
[INFO] OFFLOAD_ALWAYS_EXCLUDED_ENGINEERS=Jonathan Tsao
[INFO] PYTHONPATH=C:\Users\jtsao1\OneDrive - Intel Corporation\Documents\My workspace\jira_ips_tat_HP\jira_tat\jira_customer_tat\jobs\03_offload_automation\..\..;C:\Users\jtsao1\OneDrive - Intel Corporation\Documents\My workspace\jira_ips_tat_HP\jira_tat\jira_customer_tat\jobs\03_offload_automation\..\..\APIs;C:\Users\jtsao1\OneDrive - Intel Corporation\Documents\My workspace\jira_ips_tat_HP\jira_tat\jira_customer_tat\jobs\03_offload_automation\..\..\jobs\01_issue_category_tuning;C:\Users\jtsao1\OneDrive - Intel Corporation\Documents\My workspace\jira_ips_tat_HP\jira_tat\jira_customer_tat\jobs\03_offload_automation\..\..\jobs\04_wireless_bug_dashboard;C:\Users\jtsao1\OneDrive - Intel Corporation\Documents\My workspace\jira_ips_tat_HP\jira_tat\jira_customer_tat\jobs\03_offload_automation\..\..\jobs\06_reporting_and_notifications;
[INFO] PY_EXE=C:\Users\jtsao1\OneDrive - Intel Corporation\Documents\My workspace\jira_ips_tat_HP\jira_tat\jira_customer_tat\jobs\03_offload_automation\..\..\customer issue analysis\.venv\Scripts\python.exe
[INFO] PY_ARGS=
[INFO] OFFLOAD_CATEGORY_MODEL=C:\Users\jtsao1\OneDrive - Intel Corporation\Documents\My workspace\jira_ips_tat_HP\jira_tat\jira_customer_tat\jobs\03_offload_automation\..\..\models\issue_category_model.joblib
[INFO] OFFLOAD_CATEGORY_WEIGHT_MAP=C:\Users\jtsao1\OneDrive - Intel Corporation\Documents\My workspace\jira_ips_tat_HP\jira_tat\jira_customer_tat\jobs\03_offload_automation\..\..\jobs\01_issue_category_tuning\issue_category_weights.json
[INFO] ISSUE_CATEGORY_PREDICT_BACKEND=ml
2026-07-02 22:23:09,747 [INFO][ips_offload] Included 7 allowed reporter(s) with zero current issues for receiver rotation.
2026-07-02 22:23:09,749 [INFO][ips_offload] Applying 2 pending offload(s) from history to avoid duplicate recommendations.
2026-07-02 22:23:10,375 [INFO][ips_offload] Current issue calculation breakdown per reporter:
2026-07-02 22:23:15,697 [INFO][ips_offload] Weighted loading trial enabled for visibility; offload decision remains based on Curr.
2026-07-02 22:23:15,699 [INFO][ips_offload] Combined trial table (single table with category columns, decision still uses Curr):
2026-07-02 22:23:15,699 [INFO][ips_offload] +---------------+------+------+------+-----------+-----------+-------+------------------+-------+------+------+--------------+-----+-------------+-----+------+-----------+-------------+-------------------+---------+---------+-------------+------+--------+---------+-----+----+-------------+
2026-07-02 22:23:15,699 [INFO][ips_offload] | Name          | uIPS | uHSD | Jira | Stale IPS | Stale HSD | Total | Weighted Loading | Audio | BIOS | BSOD | Connectivity | HLK | ICPS/Killer | IOP | MSFT | OEM Tools | Performance | Power Consumption | Roaming | Sensing | System Hang | UEFI | WowLAN | YB/Lost | P2P | RF | Need-Triage |
2026-07-02 22:23:15,699 [INFO][ips_offload] +---------------+------+------+------+-----------+-----------+-------+------------------+-------+------+------+--------------+-----+-------------+-----+------+-----------+-------------+-------------------+---------+---------+-------------+------+--------+---------+-----+----+-------------+
2026-07-02 22:23:15,700 [INFO][ips_offload] | Frank Lee     |   11 |    0 |   11 |         8 |         0 |    14 |            95.67 |     0 |    0 |    6 |           14 |   0 |          30 |   0 |    0 |         0 |           1 |                 1 |       0 |       0 |           0 |    0 |      2 |       5 |   1 |  0 |           0 |
2026-07-02 22:23:15,700 [INFO][ips_offload] | Wesley Kuo    |    3 |    0 |   10 |         1 |         0 |    12 |            25.47 |     0 |    0 |    0 |            1 |   1 |           0 |   0 |    0 |         1 |           0 |                 0 |       0 |       0 |           0 |    0 |      0 |       9 |   0 |  0 |           0 |
2026-07-02 22:23:15,700 [INFO][ips_offload] | Zhiqiang Cai  |    6 |    0 |    8 |         2 |         0 |    12 |            28.27 |     0 |    0 |    0 |            7 |   0 |           0 |   0 |    0 |         0 |           1 |                 0 |       0 |       0 |           1 |    1 |      0 |       1 |   3 |  0 |           0 |
2026-07-02 22:23:15,704 [INFO][ips_offload] | Steven1 Chen  |    9 |    0 |    8 |         7 |         0 |    10 |            20.56 |     0 |    0 |    1 |            4 |   0 |           0 |   0 |    0 |         0 |           0 |                 0 |       0 |       0 |           0 |    0 |      0 |       5 |   0 |  0 |           0 |
2026-07-02 22:23:15,704 [INFO][ips_offload] | KJ Fang       |   11 |    0 |    6 |         9 |         0 |     8 |            42.16 |     0 |    0 |    2 |           12 |   0 |           0 |   0 |    0 |         1 |           1 |                 0 |       0 |       2 |           0 |    0 |      0 |       2 |   2 |  0 |           0 |
2026-07-02 22:23:15,704 [INFO][ips_offload] | Brenton Wu    |    4 |    2 |    5 |         3 |         1 |     7 |            13.27 |     0 |    0 |    1 |            2 |   0 |           0 |   0 |    0 |         0 |           1 |                 0 |       0 |       0 |           0 |    1 |      0 |       1 |   1 |  0 |           0 |
2026-07-02 22:23:15,705 [INFO][ips_offload] | Bingyue Sun   |    5 |    0 |    1 |         0 |         0 |     6 |            14.33 |     0 |    0 |    3 |            3 |   1 |           0 |   0 |    0 |         0 |           0 |                 0 |       0 |       0 |           0 |    0 |      0 |       1 |   0 |  0 |           0 |
2026-07-02 22:23:15,705 [INFO][ips_offload] | Frank Yang    |    8 |    0 |    2 |         5 |         0 |     5 |            12.09 |     0 |    0 |    1 |            5 |   0 |           0 |   0 |    0 |         1 |           0 |                 0 |       0 |       0 |           0 |    0 |      0 |       0 |   0 |  0 |           0 |
2026-07-02 22:23:15,705 [INFO][ips_offload] | Timdaway Lai  |    6 |    0 |    2 |         3 |         0 |     5 |             9.22 |     0 |    0 |    1 |            3 |   0 |           0 |   0 |    0 |         0 |           0 |                 0 |       0 |       0 |           0 |    0 |      0 |       1 |   0 |  0 |           0 |
2026-07-02 22:23:15,705 [INFO][ips_offload] | Henryx Su     |    1 |    0 |    4 |         1 |         0 |     4 |            11.89 |     0 |    0 |    0 |            2 |   0 |           1 |   0 |    0 |         0 |           0 |                 0 |       0 |       0 |           0 |    0 |      0 |       2 |   0 |  1 |           0 |
2026-07-02 22:23:15,705 [INFO][ips_offload] | Jackx Lee     |    0 |    0 |    4 |         0 |         0 |     4 |             7.15 |     0 |    0 |    0 |            0 |   0 |           0 |   0 |    0 |         2 |           0 |                 0 |       0 |       0 |           0 |    0 |      0 |       1 |   0 |  1 |           0 |
2026-07-02 22:23:15,705 [INFO][ips_offload] | Matt Chen     |   10 |    0 |    1 |         7 |         0 |     4 |            16.13 |     0 |    0 |    0 |            6 |   0 |           0 |   0 |    0 |         0 |           0 |                 0 |       0 |       0 |           0 |    0 |      0 |       2 |   0 |  0 |           0 |
2026-07-02 22:23:15,705 [INFO][ips_offload] | Yu-Wei Chen   |    5 |    2 |    0 |         4 |         0 |     3 |             6.10 |     0 |    1 |    0 |            0 |   0 |           0 |   0 |    0 |         0 |           0 |                 0 |       0 |       0 |           0 |    0 |      0 |       1 |   0 |  0 |           0 |
2026-07-02 22:23:15,705 [INFO][ips_offload] | Charles Chu   |    4 |    0 |    2 |         4 |         0 |     2 |            14.78 |     0 |    0 |    0 |            2 |   0 |           0 |   0 |    0 |         0 |           1 |                 1 |       0 |       0 |           0 |    0 |      0 |       1 |   2 |  0 |           0 |
2026-07-02 22:23:15,705 [INFO][ips_offload] | Jonathan Tsao |    2 |    0 |    0 |         0 |         0 |     2 |             4.52 |     0 |    0 |    0 |            0 |   0 |           0 |   0 |    0 |         0 |           0 |                 0 |       0 |       0 |           0 |    0 |      0 |       2 |   0 |  0 |           0 |
2026-07-02 22:23:15,705 [INFO][ips_offload] | Juan Zou      |    1 |    0 |    0 |         0 |         0 |     1 |             4.20 |     0 |    0 |    0 |            1 |   0 |           0 |   0 |    0 |         0 |           0 |                 0 |       0 |       0 |           0 |    0 |      0 |       1 |   0 |  0 |           0 |
2026-07-02 22:23:15,705 [INFO][ips_offload] | Lydiax Chien  |    1 |    0 |    1 |         1 |         0 |     1 |             1.00 |     0 |    0 |    1 |            0 |   0 |           0 |   0 |    0 |         0 |           0 |                 0 |       0 |       0 |           0 |    0 |      0 |       0 |   0 |  0 |           0 |
2026-07-02 22:23:15,705 [INFO][ips_offload] +---------------+------+------+------+-----------+-----------+-------+------------------+-------+------+------+--------------+-----+-------------+-----+------+-----------+-------------+-------------------+---------+---------+-------------+------+--------+---------+-----+----+-------------+
2026-07-02 22:23:15,705 [INFO][ips_offload] Offload decision mode: Curr
2026-07-02 22:23:16,519 [INFO][ips_offload] Applying 2 pending offload(s) from history to avoid duplicate recommendations.
2026-07-02 22:23:16,522 [INFO][ips_offload] Pending reminder check: case=1017025 source=Wesley Kuo(12.00) target=Leo Chiang(2.00) threshold=10 receiver_max=10 => send reminder
2026-07-02 22:23:16,523 [INFO][ips_offload] Pending reminder check: case=1017028 source=Wesley Kuo(12.00) target=Leo Chiang(2.00) threshold=10 receiver_max=10 => send reminder
2026-07-02 22:23:17,664 [WARNING][ips_offload] Skipping recommendation for case 980796: IPS case is already closed.
2026-07-02 22:23:17,664 [WARNING][ips_offload] No new IPS case found in Jonathan queue after history filtering.
2026-07-02 22:23:17,665 [WARNING][ips_offload] Failed to load reporter_email_map from recipients.json: [Errno 2] No such file or directory: 'recipients.json'
2026-07-02 22:23:17,665 [WARNING][ips_offload] No email mapping found for pending reminder reporters: Jonathan Tsao, Leo Chiang
2026-07-02 22:23:17,665 [WARNING][ips_offload] Pending reminders fallback to default recipient list because no reporter_email_map recipients were resolved.
2026-07-02 22:23:17,665 [INFO][ips_offload] Pending offload reminders: 2 pending entrie(s) still need offload, 1 recipient(s).
2026-07-02 22:23:17,665 [INFO][ips_offload] Sending informational notification: no queue case available for recommendation.
2026-07-02 22:23:17,665 [INFO][ips_offload] Current load:
- Bing Chang: 0.00 current issues
- Johnsonx Su: 0.00 current issues
- Leaweix Chen: 0.00 current issues
- Tonyx Yeh: 0.00 current issues
- Xihaox Yang: 0.00 current issues
- Zhanying Gao: 0.00 current issues
- Zhiwei He: 0.00 current issues
- Juan Zou: 1.00 current issues
- Lydiax Chien: 1.00 current issues
- Charles Chu: 2.00 current issues
- Leo Chiang: 2.00 current issues
- Yu-Wei Chen: 3.00 current issues
- Henryx Su: 4.00 current issues
- Jackx Lee: 4.00 current issues
- Matt Chen: 4.00 current issues
- Frank Yang: 5.00 current issues
- Timdaway Lai: 5.00 current issues
- Bingyue Sun: 6.00 current issues
- Brenton Wu: 7.00 current issues
- KJ Fang: 8.00 current issues
- Steven1 Chen: 10.00 current issues
- Wesley Kuo: 12.00 current issues
- Zhiqiang Cai: 12.00 current issues
- Frank Lee: 14.00 current issues
2026-07-02 22:23:17,665 [INFO][ips_offload] Graph auth mode: delegated
2026-07-02 22:23:22,115 [INFO][ips_offload] Pending reminder email sent to 1 recipient(s).
[Config] Using GRAPH_CLIENT_SECRET from environment/.env.
[Auth] Using cached Graph delegated token.
[INFO] Finished with exit code 0
[INFO] Exit code: 0
[INFO] ===== Offload job end =====
