[INFO] ===== Offload job start =====
[INFO] Job: run_offload_reporter_issues_send_email_scheduler.bat
[INFO] Timestamp: Tue 06/30/2026 13:23:02.61
[INFO] Script dir: C:\Users\jtsao1\OneDrive - Intel Corporation\Documents\My workspace\jira_ips_tat_HP\jira_tat\jira_customer_tat\jobs\03_offload_automation\
[INFO] Current dir: C:\Users\jtsao1\OneDrive - Intel Corporation\Documents\My workspace\jira_ips_tat_HP\jira_tat\jira_customer_tat\jobs\03_offload_automation
[INFO] Args: 
[INFO] DB host reachable: 10-108-27-113.dbaas.intel.com
C:\Python314\python.exe
C:\Users\jtsao1\AppData\Local\Microsoft\WindowsApps\python.exe
C:\Users\jtsao1\AppData\Local\Python\bin\python.exe
[INFO] GRAPH_AUTH_MODE=delegated
[INFO] GRAPH_SENDER_UPN=frank.lee@intel.com
[INFO] OFFLOAD_RECEIVER_MAX_ISSUES=10
[INFO] OFFLOAD_ALWAYS_EXCLUDED_REPORTERS=Jonathan Tsao
[INFO] Running offload_reporter_issues.py --send-email
[INFO] OFFLOAD_ALWAYS_EXCLUDED_ENGINEERS=Jonathan Tsao
[INFO] PYTHONPATH=C:\Users\jtsao1\OneDrive - Intel Corporation\Documents\My workspace\jira_ips_tat_HP\jira_tat\jira_customer_tat\jobs\03_offload_automation\..\..;C:\Users\jtsao1\OneDrive - Intel Corporation\Documents\My workspace\jira_ips_tat_HP\jira_tat\jira_customer_tat\jobs\03_offload_automation\..\..\APIs;C:\Users\jtsao1\OneDrive - Intel Corporation\Documents\My workspace\jira_ips_tat_HP\jira_tat\jira_customer_tat\jobs\03_offload_automation\..\..\jobs\01_issue_category_tuning;C:\Users\jtsao1\OneDrive - Intel Corporation\Documents\My workspace\jira_ips_tat_HP\jira_tat\jira_customer_tat\jobs\03_offload_automation\..\..\jobs\04_wireless_bug_dashboard;C:\Users\jtsao1\OneDrive - Intel Corporation\Documents\My workspace\jira_ips_tat_HP\jira_tat\jira_customer_tat\jobs\03_offload_automation\..\..\jobs\06_reporting_and_notifications;
[INFO] PY_EXE=C:\Users\jtsao1\OneDrive - Intel Corporation\Documents\My workspace\jira_ips_tat_HP\jira_tat\jira_customer_tat\jobs\03_offload_automation\..\..\customer issue analysis\.venv\Scripts\python.exe
[INFO] PY_ARGS=
[INFO] OFFLOAD_CATEGORY_MODEL=C:\Users\jtsao1\OneDrive - Intel Corporation\Documents\My workspace\jira_ips_tat_HP\jira_tat\jira_customer_tat\jobs\03_offload_automation\..\..\models\issue_category_model.joblib
[INFO] OFFLOAD_CATEGORY_WEIGHT_MAP=C:\Users\jtsao1\OneDrive - Intel Corporation\Documents\My workspace\jira_ips_tat_HP\jira_tat\jira_customer_tat\jobs\03_offload_automation\..\..\jobs\01_issue_category_tuning\issue_category_weights.json
[INFO] ISSUE_CATEGORY_PREDICT_BACKEND=ml
2026-06-30 13:23:07,650 [INFO][ips_offload] Included 7 allowed reporter(s) with zero current issues for receiver rotation.
2026-06-30 13:23:07,650 [INFO][ips_offload] Applying 2 pending offload(s) from history to avoid duplicate recommendations.
2026-06-30 13:23:08,212 [INFO][ips_offload] Current issue calculation breakdown per reporter:
2026-06-30 13:23:09,973 [INFO][ips_offload] Weighted loading trial enabled for visibility; offload decision remains based on Curr.
2026-06-30 13:23:09,974 [INFO][ips_offload] Combined trial table (single table with category columns, decision still uses Curr):
2026-06-30 13:23:09,974 [INFO][ips_offload] +---------------+------+------+------+-----------+-----------+-------+------------------+-------+------+------+--------------+-----+-------------+-----+------+-----------+-------------+-------------------+---------+---------+-------------+------+--------+---------+-----+----+-------------+
2026-06-30 13:23:09,974 [INFO][ips_offload] | Name          | uIPS | uHSD | Jira | Stale IPS | Stale HSD | Total | Weighted Loading | Audio | BIOS | BSOD | Connectivity | HLK | ICPS/Killer | IOP | MSFT | OEM Tools | Performance | Power Consumption | Roaming | Sensing | System Hang | UEFI | WowLAN | YB/Lost | P2P | RF | Need-Triage |
2026-06-30 13:23:09,974 [INFO][ips_offload] +---------------+------+------+------+-----------+-----------+-------+------------------+-------+------+------+--------------+-----+-------------+-----+------+-----------+-------------+-------------------+---------+---------+-------------+------+--------+---------+-----+----+-------------+
2026-06-30 13:23:09,974 [INFO][ips_offload] | Frank Lee     |   10 |    0 |   10 |         7 |         0 |    13 |            93.41 |     0 |    0 |    7 |           13 |   0 |          29 |   0 |    0 |         0 |           1 |                 1 |       0 |       0 |           0 |    0 |      2 |       5 |   1 |  0 |           0 |
2026-06-30 13:23:09,974 [INFO][ips_offload] | Zhiqiang Cai  |    6 |    0 |    7 |         2 |         0 |    11 |            26.84 |     0 |    0 |    0 |            5 |   0 |           0 |   0 |    0 |         0 |           1 |                 0 |       0 |       0 |           1 |    1 |      0 |       2 |   3 |  0 |           0 |
2026-06-30 13:23:09,974 [INFO][ips_offload] | KJ Fang       |   11 |    0 |    7 |         9 |         0 |     9 |            44.09 |     0 |    0 |    2 |           13 |   0 |           0 |   0 |    0 |         1 |           1 |                 0 |       0 |       2 |           0 |    0 |      0 |       2 |   2 |  0 |           0 |
2026-06-30 13:23:09,974 [INFO][ips_offload] | Steven1 Chen  |    9 |    0 |    6 |         7 |         0 |     8 |            16.04 |     0 |    0 |    1 |            4 |   0 |           0 |   0 |    0 |         0 |           0 |                 0 |       0 |       0 |           0 |    0 |      0 |       3 |   0 |  0 |           0 |
2026-06-30 13:23:09,974 [INFO][ips_offload] | Brenton Wu    |    4 |    2 |    5 |         3 |         1 |     7 |            13.27 |     0 |    0 |    1 |            2 |   0 |           0 |   0 |    0 |         0 |           1 |                 0 |       0 |       0 |           0 |    1 |      0 |       1 |   1 |  0 |           0 |
2026-06-30 13:23:09,974 [INFO][ips_offload] | Bingyue Sun   |    5 |    0 |    2 |         1 |         0 |     6 |            14.45 |     0 |    0 |    2 |            5 |   1 |           0 |   0 |    0 |         0 |           0 |                 0 |       0 |       0 |           0 |    0 |      0 |       0 |   0 |  0 |           0 |
2026-06-30 13:23:09,974 [INFO][ips_offload] | Jackx Lee     |    2 |    0 |    4 |         0 |         0 |     6 |            11.51 |     0 |    0 |    0 |            1 |   0 |           0 |   0 |    0 |         2 |           0 |                 0 |       0 |       0 |           0 |    0 |      0 |       2 |   0 |  1 |           0 |
2026-06-30 13:23:09,974 [INFO][ips_offload] | Wesley Kuo    |    3 |    0 |    4 |         1 |         0 |     6 |            11.91 |     0 |    0 |    0 |            1 |   1 |           0 |   0 |    0 |         1 |           0 |                 0 |       0 |       0 |           0 |    0 |      0 |       3 |   0 |  0 |           0 |
2026-06-30 13:23:09,974 [INFO][ips_offload] | Matt Chen     |   10 |    0 |    1 |         7 |         0 |     4 |            12.27 |     0 |    0 |    0 |            4 |   0 |           0 |   0 |    0 |         0 |           0 |                 0 |       0 |       0 |           0 |    0 |      0 |       2 |   0 |  0 |           0 |
2026-06-30 13:23:09,974 [INFO][ips_offload] | Timdaway Lai  |    6 |    0 |    1 |         3 |         0 |     4 |             8.79 |     0 |    0 |    2 |            1 |   0 |           0 |   0 |    0 |         0 |           0 |                 0 |       0 |       0 |           0 |    0 |      0 |       2 |   0 |  0 |           0 |
2026-06-30 13:23:09,974 [INFO][ips_offload] | Frank Yang    |    7 |    0 |    1 |         5 |         0 |     3 |             8.23 |     0 |    0 |    1 |            3 |   0 |           0 |   0 |    0 |         1 |           0 |                 0 |       0 |       0 |           0 |    0 |      0 |       0 |   0 |  0 |           0 |
2026-06-30 13:23:09,974 [INFO][ips_offload] | Henryx Su     |    2 |    0 |    2 |         1 |         0 |     3 |            10.56 |     0 |    0 |    0 |            2 |   0 |           0 |   0 |    0 |         0 |           0 |                 0 |       0 |       0 |           0 |    0 |      0 |       2 |   0 |  1 |           0 |
2026-06-30 13:23:09,974 [INFO][ips_offload] | Juan Zou      |    2 |    0 |    1 |         0 |         0 |     3 |             7.96 |     0 |    0 |    1 |            1 |   0 |           0 |   0 |    0 |         0 |           0 |                 0 |       0 |       0 |           0 |    0 |      0 |       2 |   0 |  0 |           0 |
2026-06-30 13:23:09,974 [INFO][ips_offload] | Yu-Wei Chen   |    5 |    2 |    0 |         4 |         0 |     3 |             6.10 |     0 |    1 |    0 |            0 |   0 |           0 |   0 |    0 |         0 |           0 |                 0 |       0 |       0 |           0 |    0 |      0 |       1 |   0 |  0 |           0 |
2026-06-30 13:23:09,974 [INFO][ips_offload] | Charles Chu   |    4 |    0 |    2 |         4 |         0 |     2 |            14.78 |     0 |    0 |    0 |            2 |   0 |           0 |   0 |    0 |         0 |           1 |                 1 |       0 |       0 |           0 |    0 |      0 |       1 |   2 |  0 |           0 |
2026-06-30 13:23:09,974 [INFO][ips_offload] | Jonathan Tsao |    2 |    0 |    0 |         0 |         0 |     2 |             4.52 |     0 |    0 |    0 |            0 |   0 |           0 |   0 |    0 |         0 |           0 |                 0 |       0 |       0 |           0 |    0 |      0 |       2 |   0 |  0 |           0 |
2026-06-30 13:23:09,975 [INFO][ips_offload] | Lydiax Chien  |    1 |    0 |    1 |         1 |         0 |     1 |             1.00 |     0 |    0 |    1 |            0 |   0 |           0 |   0 |    0 |         0 |           0 |                 0 |       0 |       0 |           0 |    0 |      0 |       0 |   0 |  0 |           0 |
2026-06-30 13:23:09,975 [INFO][ips_offload] +---------------+------+------+------+-----------+-----------+-------+------------------+-------+------+------+--------------+-----+-------------+-----+------+-----------+-------------+-------------------+---------+---------+-------------+------+--------+---------+-----+----+-------------+
2026-06-30 13:23:09,975 [INFO][ips_offload] Offload decision mode: Curr
2026-06-30 13:23:10,699 [INFO][ips_offload] Applying 2 pending offload(s) from history to avoid duplicate recommendations.
2026-06-30 13:23:10,699 [INFO][ips_offload] Pending reminder check: case=1017025 source=Wesley Kuo(6.00) target=Leo Chiang(2.00) threshold=10 receiver_max=10 => skip reminder
2026-06-30 13:23:10,699 [INFO][ips_offload] Pending reminder check: case=1017028 source=Wesley Kuo(6.00) target=Leo Chiang(2.00) threshold=10 receiver_max=10 => skip reminder
2026-06-30 13:23:10,699 [INFO][ips_offload] Pending reminder filter skipped 2 entrie(s): offload no longer needed based on current load.
2026-06-30 13:23:10,699 [INFO][ips_offload] No over-threshold reporters found; stage-2 offload recommendation skipped.
2026-06-30 13:23:10,699 [WARNING][ips_offload] Failed to load reporter_email_map from recipients.json: [Errno 2] No such file or directory: 'recipients.json'
2026-06-30 13:23:10,700 [INFO][ips_offload] Pending offload reminders skipped: 2 pending entrie(s) no longer require offload based on current load.
2026-06-30 13:23:10,700 [INFO][ips_offload] Sending informational notification: no queue case available for recommendation.
2026-06-30 13:23:10,700 [INFO][ips_offload] Current load:
- Bing Chang: 0.00 current issues
- Johnsonx Su: 0.00 current issues
- Leaweix Chen: 0.00 current issues
- Tonyx Yeh: 0.00 current issues
- Xihaox Yang: 0.00 current issues
- Zhanying Gao: 0.00 current issues
- Zhiwei He: 0.00 current issues
- Lydiax Chien: 1.00 current issues
- Charles Chu: 2.00 current issues
- Leo Chiang: 2.00 current issues
- Frank Yang: 3.00 current issues
- Henryx Su: 3.00 current issues
- Juan Zou: 3.00 current issues
- Yu-Wei Chen: 3.00 current issues
- Matt Chen: 4.00 current issues
- Timdaway Lai: 4.00 current issues
- Bingyue Sun: 6.00 current issues
- Jackx Lee: 6.00 current issues
- Wesley Kuo: 6.00 current issues
- Brenton Wu: 7.00 current issues
- Steven1 Chen: 8.00 current issues
- KJ Fang: 9.00 current issues
- Zhiqiang Cai: 11.00 current issues
- Frank Lee: 13.00 current issues
2026-06-30 13:23:10,700 [INFO][ips_offload] Graph auth mode: delegated
2026-06-30 13:23:11,711 [INFO][ips_offload] No email sent: no pending reminder and no recommendation/info content.
[Config] Using GRAPH_CLIENT_SECRET from environment/.env.
[Auth] Using cached Graph delegated token.
[INFO] Finished with exit code 0
[INFO] Exit code: 0
[INFO] ===== Offload job end =====
