[INFO] ===== Offload loading-summary daily start =====
[INFO] Timestamp: Tue 06/30/2026 11:17:09.71
[INFO] Script dir: C:\Users\jtsao1\OneDrive - Intel Corporation\Documents\My workspace\jira_ips_tat_HP\jira_tat\jira_customer_tat\jobs\03_offload_automation\
[INFO] Current dir: C:\Users\jtsao1\OneDrive - Intel Corporation\Documents\My workspace\jira_ips_tat_HP\jira_tat\jira_customer_tat\jobs\03_offload_automation
C:\Python314\python.exe
C:\Users\jtsao1\AppData\Local\Microsoft\WindowsApps\python.exe
C:\Users\jtsao1\AppData\Local\Python\bin\python.exe
[INFO] GRAPH_AUTH_MODE=delegated
[INFO] GRAPH_SENDER_UPN=frank.lee@intel.com
[INFO] OFFLOAD_ALWAYS_EXCLUDED_REPORTERS=Jonathan Tsao
[INFO] Command: run_offload_reporter_issues.bat --send-email --summary-only-email 
[INFO] Running offload_reporter_issues.py --send-email --summary-only-email
[INFO] OFFLOAD_ALWAYS_EXCLUDED_ENGINEERS=Jonathan Tsao
[INFO] PYTHONPATH=C:\Users\jtsao1\OneDrive - Intel Corporation\Documents\My workspace\jira_ips_tat_HP\jira_tat\jira_customer_tat\jobs\03_offload_automation\..\..;C:\Users\jtsao1\OneDrive - Intel Corporation\Documents\My workspace\jira_ips_tat_HP\jira_tat\jira_customer_tat\jobs\03_offload_automation\..\..\jobs\04_wireless_bug_dashboard;C:\Users\jtsao1\OneDrive - Intel Corporation\Documents\My workspace\jira_ips_tat_HP\jira_tat\jira_customer_tat\jobs\03_offload_automation\..\..\jobs\06_reporting_and_notifications;
Traceback (most recent call last):
  File "C:\Users\jtsao1\OneDrive - Intel Corporation\Documents\My workspace\jira_ips_tat_HP\jira_tat\jira_customer_tat\jobs\03_offload_automation\offload_reporter_issues.py", line 21, in <module>
    from Wireless_bug_dashboard import DbConnector  # type: ignore
    ^^^^^^^^^^^^^^^^^^^^^^^^^^^^^^^^^^^^^^^^^^^^^^
  File "C:\Users\jtsao1\OneDrive - Intel Corporation\Documents\My workspace\jira_ips_tat_HP\jira_tat\jira_customer_tat\jobs\04_wireless_bug_dashboard\Wireless_bug_dashboard.py", line 76, in <module>
    import Sherlock
ModuleNotFoundError: No module named 'Sherlock'
[INFO] Finished with exit code 1
[INFO] Exit code: 1
[INFO] ===== Offload loading-summary daily end =====
