[Mon 06/29/2026 17:10:32.14] Starting HSD-only job 
[INFO] Python executable: python 
Python 3.14.3
[INFO] REQUESTS_CA_BUNDLE=C:\Python314\Lib\site-packages\certifi\cacert.pem 
2026-06-29 17:10:34,319 [WARNING] DDL safeguard active: forcing append mode (no DROP/CREATE). Use --allow-ddl to override.
2026-06-29 17:10:34,319 [WARNING][wireless_ips_hsd] DDL safeguard active: forcing append mode (no DROP/CREATE). Use --allow-ddl to override.
2026-06-29 17:10:34,320 [INFO] Run options: RunOptions(enable_jira_tat=True, enable_jira_comment_analysis=False, enable_jira_initial_component=True, enable_jira_duplicate_sw_check=True, log_jira_tat_dict=False, limit_ips=0, limit_jira=0, enable_db_insert=True, db_recreate_table=False, db_auto_add_missing_columns=False, db_use_batch_insert=True, db_batch_page_size=200)
2026-06-29 17:10:34,320 [INFO][wireless_ips_hsd] Run options: RunOptions(enable_jira_tat=True, enable_jira_comment_analysis=False, enable_jira_initial_component=True, enable_jira_duplicate_sw_check=True, log_jira_tat_dict=False, limit_ips=0, limit_jira=0, enable_db_insert=True, db_recreate_table=False, db_auto_add_missing_columns=False, db_use_batch_insert=True, db_batch_page_size=200)
2026-06-29 17:10:34,320 [DEBUG][hsd_access] Using existing KRB5CCNAME=FILE:C:\Temp\krb5cache
2026-06-29 17:10:34,321 [INFO] Kerberos credential cache in use: FILE:C:\Temp\krb5cache
2026-06-29 17:10:34,321 [INFO][hsd_access] Kerberos credential cache in use: FILE:C:\Temp\krb5cache
2026-06-29 17:10:34,321 [INFO] Using Kerberos authentication with cache FILE:C:\Temp\krb5cache
2026-06-29 17:10:34,321 [INFO][hsd_access] Using Kerberos authentication with cache FILE:C:\Temp\krb5cache
2026-06-29 17:10:34,321 [WARNING] SSL verification disabled for HSD API requests; set HSD_CA_CERT to enable.
2026-06-29 17:10:34,321 [WARNING][hsd_access] SSL verification disabled for HSD API requests; set HSD_CA_CERT to enable.
2026-06-29 17:10:34,322 [INFO] HSD authentication mode in use: kerberos
2026-06-29 17:10:34,322 [INFO][hsd_access] HSD authentication mode in use: kerberos
2026-06-29 17:10:34,322 [INFO] Fetching bugs from saved query ID: 15019575844 (limit: 5000)
2026-06-29 17:10:34,322 [INFO][hsd_access] Fetching bugs from saved query ID: 15019575844 (limit: 5000)
2026-06-29 17:10:34,322 [INFO] Query URL: https://hsdes.intel.com/appstore/generalapps/#/pages/community/1203659509?queryId=15019575844
2026-06-29 17:10:34,322 [INFO][hsd_access] Query URL: https://hsdes.intel.com/appstore/generalapps/#/pages/community/1203659509?queryId=15019575844
2026-06-29 17:10:34,322 [INFO] [Attempt 1/5] Trying endpoint: https://hsdes-api.intel.com/rest/query/15019575844
2026-06-29 17:10:34,322 [INFO][hsd_access] [Attempt 1/5] Trying endpoint: https://hsdes-api.intel.com/rest/query/15019575844
2026-06-29 17:10:34,322 [DEBUG][hsd_access] API request: GET https://hsdes-api.intel.com/rest/query/15019575844
2026-06-29 17:10:35,815 [INFO] Successfully fetched 7 bugs from query 15019575844
2026-06-29 17:10:35,815 [INFO][hsd_access] Successfully fetched 7 bugs from query 15019575844
2026-06-29 17:10:35,818 [INFO] Owner filter reduced HSD list to 7 rows
2026-06-29 17:10:35,818 [INFO][wireless_ips_hsd] Owner filter reduced HSD list to 7 rows
2026-06-29 17:10:35,819 [INFO] Fetched 7 HSD bug(s) via API
2026-06-29 17:10:35,819 [INFO][wireless_ips_hsd] Fetched 7 HSD bug(s) via API
2026-06-29 17:10:35,822 [INFO] HSD fetched ids: 14027712332, 14028060253, 1407264451, 22015396764, 1607823019, 14028022438, 14028042351
2026-06-29 17:10:35,822 [INFO][wireless_ips_hsd] HSD fetched ids: 14027712332, 14028060253, 1407264451, 22015396764, 1607823019, 14028022438, 14028042351
2026-06-29 17:10:35,823 [INFO] HSD pre-sync cleanup disabled; preserving existing HSD rows in ips_jira_bugs.
2026-06-29 17:10:35,823 [INFO][wireless_ips_hsd] HSD pre-sync cleanup disabled; preserving existing HSD rows in ips_jira_bugs.
2026-06-29 17:10:35,823 [INFO][CUSTOMER_BUGS] CTOR - DbConnector
2026-06-29 17:10:37,659 [INFO][CUSTOMER_BUGS] DB connection info: host=10-108-27-113.dbaas.intel.com db=wirelesscustomerengineering schema=public search_path="$user", public, dbaas_admin
2026-06-29 17:10:41,039 [INFO][CUSTOMER_BUGS] update table with relevant data (row-by-row; slow) ..
2026-06-29 17:10:42,578 [INFO][CUSTOMER_BUGS] update is complete. 5 rows were inserted
2026-06-29 17:10:43,020 [INFO][CUSTOMER_BUGS] table ips_jira_bugs rowcount after insert: 5442
2026-06-29 17:10:43,020 [INFO][CUSTOMER_BUGS] HSD refresh in ips_jira_bugs: updated 0 row(s); engineer refreshed 0; inserted 5 new; skipped 5 unmatched (sample unmatched: NA, NA, NA, NA, NA)
2026-06-29 17:10:43,020 [INFO][CUSTOMER_BUGS] HSD unmatched details: hsd_id=14027712332 promoted=NA (no match); hsd_id=14028060253 promoted=NA (no match); hsd_id=22015396764 promoted=NA (no match); hsd_id=14028022438 promoted=NA (no match); hsd_id=14028042351 promoted=NA (no match)
2026-06-29 17:10:43,020 [INFO] HSD-only: refreshed 5 row(s) in ips_jira_bugs (input rows=5)
2026-06-29 17:10:43,020 [INFO][wireless_ips_hsd] HSD-only: refreshed 5 row(s) in ips_jira_bugs (input rows=5)
2026-06-29 17:10:43,020 [INFO][CUSTOMER_BUGS] DTOR - DbConnector
2026-06-29 17:10:43,021 [INFO] === Stage timing summary (seconds) ===
2026-06-29 17:10:43,021 [INFO][wireless_ips_hsd] === Stage timing summary (seconds) ===
2026-06-29 17:10:43,021 [INFO] HSD_fetch          1.50
2026-06-29 17:10:43,021 [INFO][wireless_ips_hsd] HSD_fetch          1.50
2026-06-29 17:10:43,021 [INFO] Postgres_insert    7.20
2026-06-29 17:10:43,021 [INFO][wireless_ips_hsd] Postgres_insert    7.20
2026-06-29 17:10:43,021 [INFO] TOTAL              8.70
2026-06-29 17:10:43,021 [INFO][wireless_ips_hsd] TOTAL              8.70
[Mon 06/29/2026 17:10:43.25] Finished with exit code 0 
