[Tue 07/07/2026 16:26:07.18] Starting HSD-only job 
[INFO] Python executable: C:\Python314\python.exe 
[INFO] ROOT_DIR=C:\Users\jtsao1\OneDrive - Intel Corporation\Documents\My workspace\jira_ips_tat_HP\jira_tat\jira_customer_tat\jobs\05_hsd_jira_data_pipeline\..\.. 
[INFO] PIPELINE_SCRIPT=C:\Users\jtsao1\OneDrive - Intel Corporation\Documents\My workspace\jira_ips_tat_HP\jira_tat\jira_customer_tat\jobs\05_hsd_jira_data_pipeline\..\..\jobs\04_wireless_bug_dashboard\wireless_bug_dashboard_ips_hsd_jira.py 
[INFO] PYTHONPATH=C:\Users\jtsao1\OneDrive - Intel Corporation\Documents\My workspace\jira_ips_tat_HP\jira_tat\jira_customer_tat\jobs\05_hsd_jira_data_pipeline\..\..;C:\Users\jtsao1\OneDrive - Intel Corporation\Documents\My workspace\jira_ips_tat_HP\jira_tat\jira_customer_tat\jobs\05_hsd_jira_data_pipeline\..\..\APIs;C:\Users\jtsao1\OneDrive - Intel Corporation\Documents\My workspace\jira_ips_tat_HP\jira_tat\jira_customer_tat\jobs\05_hsd_jira_data_pipeline\..\..\jobs\04_wireless_bug_dashboard;C:\Users\jtsao1\OneDrive - Intel Corporation\Documents\My workspace\jira_ips_tat_HP\jira_tat\jira_customer_tat\jobs\05_hsd_jira_data_pipeline\..\..\jobs\05_hsd_jira_data_pipeline; 
[INFO] HSD_QUERY_ID=15019575844 
[INFO] HSD_CREATED_YEARS=2021,2022,2023,2024,2025,2026,2027 
[INFO] HSD_LIMIT=5000 
[INFO] HSD_OWNER_FILTER=szchen,fang,kj,kjfang,timdaway,frankfcy,yuweich1,brentonw,chenmatt,caizhiqi,flee5,wesleyku,bingyues,jzou6,chuchar1 
Python 3.14.3
[INFO] Python with psycopg2: C:\Python314\python.exe 
[INFO] REQUESTS_CA_BUNDLE=C:\Python314\Lib\site-packages\certifi\cacert.pem 
2026-07-07 16:26:08,808 [WARNING] DDL safeguard active: forcing append mode (no DROP/CREATE). Use --allow-ddl to override.
2026-07-07 16:26:08,808 [WARNING][wireless_ips_hsd] DDL safeguard active: forcing append mode (no DROP/CREATE). Use --allow-ddl to override.
2026-07-07 16:26:08,808 [INFO] Run options: RunOptions(enable_jira_tat=True, enable_jira_comment_analysis=False, enable_jira_initial_component=True, enable_jira_duplicate_sw_check=True, log_jira_tat_dict=False, limit_ips=0, limit_jira=0, enable_db_insert=True, db_recreate_table=False, db_auto_add_missing_columns=False, db_use_batch_insert=True, db_batch_page_size=200)
2026-07-07 16:26:08,808 [INFO][wireless_ips_hsd] Run options: RunOptions(enable_jira_tat=True, enable_jira_comment_analysis=False, enable_jira_initial_component=True, enable_jira_duplicate_sw_check=True, log_jira_tat_dict=False, limit_ips=0, limit_jira=0, enable_db_insert=True, db_recreate_table=False, db_auto_add_missing_columns=False, db_use_batch_insert=True, db_batch_page_size=200)
2026-07-07 16:26:08,809 [DEBUG][hsd_access] Using existing KRB5CCNAME=FILE:C:\Temp\krb5cache
2026-07-07 16:26:08,809 [INFO] Kerberos credential cache in use: FILE:C:\Temp\krb5cache
2026-07-07 16:26:08,809 [INFO][hsd_access] Kerberos credential cache in use: FILE:C:\Temp\krb5cache
2026-07-07 16:26:08,809 [INFO] Using Kerberos authentication with cache FILE:C:\Temp\krb5cache
2026-07-07 16:26:08,809 [INFO][hsd_access] Using Kerberos authentication with cache FILE:C:\Temp\krb5cache
2026-07-07 16:26:08,809 [WARNING] SSL verification disabled for HSD API requests; set HSD_CA_CERT to enable.
2026-07-07 16:26:08,809 [WARNING][hsd_access] SSL verification disabled for HSD API requests; set HSD_CA_CERT to enable.
2026-07-07 16:26:08,810 [INFO] HSD authentication mode in use: kerberos
2026-07-07 16:26:08,810 [INFO][hsd_access] HSD authentication mode in use: kerberos
2026-07-07 16:26:08,810 [INFO] Fetching bugs from saved query ID: 15019575844 (limit: 5000)
2026-07-07 16:26:08,810 [INFO][hsd_access] Fetching bugs from saved query ID: 15019575844 (limit: 5000)
2026-07-07 16:26:08,810 [INFO] Query URL: https://hsdes.intel.com/appstore/generalapps/#/pages/community/1203659509?queryId=15019575844
2026-07-07 16:26:08,810 [INFO][hsd_access] Query URL: https://hsdes.intel.com/appstore/generalapps/#/pages/community/1203659509?queryId=15019575844
2026-07-07 16:26:08,810 [INFO] [Attempt 1/5] Trying endpoint: https://hsdes-api.intel.com/rest/query/15019575844
2026-07-07 16:26:08,810 [INFO][hsd_access] [Attempt 1/5] Trying endpoint: https://hsdes-api.intel.com/rest/query/15019575844
2026-07-07 16:26:08,810 [DEBUG][hsd_access] API request: GET https://hsdes-api.intel.com/rest/query/15019575844
2026-07-07 16:26:10,439 [INFO] Successfully fetched 6 bugs from query 15019575844
2026-07-07 16:26:10,439 [INFO][hsd_access] Successfully fetched 6 bugs from query 15019575844
2026-07-07 16:26:10,441 [INFO] Owner filter reduced HSD list to 6 rows
2026-07-07 16:26:10,441 [INFO][wireless_ips_hsd] Owner filter reduced HSD list to 6 rows
2026-07-07 16:26:10,441 [INFO] Fetched 6 HSD bug(s) via API
2026-07-07 16:26:10,441 [INFO][wireless_ips_hsd] Fetched 6 HSD bug(s) via API
2026-07-07 16:26:10,443 [INFO] HSD fetched ids: 14027712332, 14028060253, 1407264451, 22015396764, 1607823019, 14028042351
2026-07-07 16:26:10,443 [INFO][wireless_ips_hsd] HSD fetched ids: 14027712332, 14028060253, 1407264451, 22015396764, 1607823019, 14028042351
2026-07-07 16:26:10,444 [INFO] HSD year filter kept 4/6 rows for years=2021,2022,2023,2024,2025,2026,2027; dropped 2 row(s): hsd_id=1407264451 submitted=2018-06-12 13:42:22.530000; hsd_id=1607823019 submitted=2019-09-06 18:11:20.117000
2026-07-07 16:26:10,444 [INFO][wireless_ips_hsd] HSD year filter kept 4/6 rows for years=2021,2022,2023,2024,2025,2026,2027; dropped 2 row(s): hsd_id=1407264451 submitted=2018-06-12 13:42:22.530000; hsd_id=1607823019 submitted=2019-09-06 18:11:20.117000
2026-07-07 16:26:10,444 [INFO] HSD pre-sync cleanup disabled; preserving existing HSD rows in ips_jira_bugs.
2026-07-07 16:26:10,444 [INFO][wireless_ips_hsd] HSD pre-sync cleanup disabled; preserving existing HSD rows in ips_jira_bugs.
2026-07-07 16:26:10,444 [INFO][CUSTOMER_BUGS] CTOR - DbConnector
2026-07-07 16:26:12,359 [INFO][CUSTOMER_BUGS] DB connection info: host=10-108-27-113.dbaas.intel.com db=wirelesscustomerengineering schema=public search_path="$user", public, dbaas_admin
2026-07-07 16:26:14,435 [INFO][CUSTOMER_BUGS] HSD refresh in ips_jira_bugs: updated 4 row(s); engineer refreshed 0; inserted 0 new; skipped 0 unmatched
2026-07-07 16:26:14,435 [INFO][CUSTOMER_BUGS] HSD matches: hsd_id=14027712332 promoted=NA via hsd_id=14027712332; hsd_id=14028060253 promoted=NA via hsd_id=14028060253; hsd_id=22015396764 promoted=NA via hsd_id=22015396764; hsd_id=14028042351 promoted=NA via hsd_id=14028042351
2026-07-07 16:26:14,435 [INFO] HSD-only: refreshed 4 row(s) in ips_jira_bugs (input rows=4)
2026-07-07 16:26:14,435 [INFO][wireless_ips_hsd] HSD-only: refreshed 4 row(s) in ips_jira_bugs (input rows=4)
2026-07-07 16:26:14,435 [INFO][CUSTOMER_BUGS] DTOR - DbConnector
2026-07-07 16:26:14,437 [INFO] === Stage timing summary (seconds) ===
2026-07-07 16:26:14,437 [INFO][wireless_ips_hsd] === Stage timing summary (seconds) ===
2026-07-07 16:26:14,437 [INFO] HSD_fetch          1.64
2026-07-07 16:26:14,437 [INFO][wireless_ips_hsd] HSD_fetch          1.64
2026-07-07 16:26:14,438 [INFO] Postgres_insert    3.99
2026-07-07 16:26:14,438 [INFO][wireless_ips_hsd] Postgres_insert    3.99
2026-07-07 16:26:14,438 [INFO] TOTAL              5.63
2026-07-07 16:26:14,438 [INFO][wireless_ips_hsd] TOTAL              5.63
[Tue 07/07/2026 16:26:14.63] Finished with exit code 0 
