[Sun 06/21/2026 17:52:07.13] Starting HSD-only job 
[INFO] Python executable: python 
Python 3.14.3
[INFO] REQUESTS_CA_BUNDLE=C:\Python314\Lib\site-packages\certifi\cacert.pem 
2026-06-21 17:52:08,364 [WARNING] DDL safeguard active: forcing append mode (no DROP/CREATE). Use --allow-ddl to override.
2026-06-21 17:52:08,364 [WARNING][wireless_ips_hsd] DDL safeguard active: forcing append mode (no DROP/CREATE). Use --allow-ddl to override.
2026-06-21 17:52:08,364 [INFO] Run options: RunOptions(enable_jira_tat=True, enable_jira_comment_analysis=False, enable_jira_initial_component=True, enable_jira_duplicate_sw_check=True, log_jira_tat_dict=False, limit_ips=0, limit_jira=0, enable_db_insert=True, db_recreate_table=False, db_auto_add_missing_columns=False, db_use_batch_insert=False, db_batch_page_size=200)
2026-06-21 17:52:08,364 [INFO][wireless_ips_hsd] Run options: RunOptions(enable_jira_tat=True, enable_jira_comment_analysis=False, enable_jira_initial_component=True, enable_jira_duplicate_sw_check=True, log_jira_tat_dict=False, limit_ips=0, limit_jira=0, enable_db_insert=True, db_recreate_table=False, db_auto_add_missing_columns=False, db_use_batch_insert=False, db_batch_page_size=200)
2026-06-21 17:52:08,365 [DEBUG][hsd_access] Using existing KRB5CCNAME=FILE:C:\Temp\krb5cache
2026-06-21 17:52:08,366 [INFO] Kerberos credential cache in use: FILE:C:\Temp\krb5cache
2026-06-21 17:52:08,366 [INFO][hsd_access] Kerberos credential cache in use: FILE:C:\Temp\krb5cache
2026-06-21 17:52:08,366 [INFO] Using Kerberos authentication with cache FILE:C:\Temp\krb5cache
2026-06-21 17:52:08,366 [INFO][hsd_access] Using Kerberos authentication with cache FILE:C:\Temp\krb5cache
2026-06-21 17:52:08,366 [WARNING] SSL verification disabled for HSD API requests; set HSD_CA_CERT to enable.
2026-06-21 17:52:08,366 [WARNING][hsd_access] SSL verification disabled for HSD API requests; set HSD_CA_CERT to enable.
2026-06-21 17:52:08,366 [INFO] HSD authentication mode in use: kerberos
2026-06-21 17:52:08,366 [INFO][hsd_access] HSD authentication mode in use: kerberos
2026-06-21 17:52:08,367 [INFO] Fetching bugs from saved query ID: 15019533347 (limit: 5000)
2026-06-21 17:52:08,367 [INFO][hsd_access] Fetching bugs from saved query ID: 15019533347 (limit: 5000)
2026-06-21 17:52:08,367 [INFO] Query URL: https://hsdes.intel.com/appstore/generalapps/#/pages/community/1203659509?queryId=15019533347
2026-06-21 17:52:08,367 [INFO][hsd_access] Query URL: https://hsdes.intel.com/appstore/generalapps/#/pages/community/1203659509?queryId=15019533347
2026-06-21 17:52:08,367 [INFO] [Attempt 1/5] Trying endpoint: https://hsdes-api.intel.com/rest/query/15019533347
2026-06-21 17:52:08,367 [INFO][hsd_access] [Attempt 1/5] Trying endpoint: https://hsdes-api.intel.com/rest/query/15019533347
2026-06-21 17:52:08,367 [DEBUG][hsd_access] API request: GET https://hsdes-api.intel.com/rest/query/15019533347
2026-06-21 17:52:09,650 [INFO] Successfully fetched 122 bugs from query 15019533347
2026-06-21 17:52:09,650 [INFO][hsd_access] Successfully fetched 122 bugs from query 15019533347
2026-06-21 17:52:09,654 [INFO] Owner filter reduced HSD list to 122 rows
2026-06-21 17:52:09,654 [INFO][wireless_ips_hsd] Owner filter reduced HSD list to 122 rows
2026-06-21 17:52:09,655 [INFO] Fetched 122 HSD bug(s) via API
2026-06-21 17:52:09,655 [INFO][wireless_ips_hsd] Fetched 122 HSD bug(s) via API
2026-06-21 17:52:09,665 [INFO] HSD fetched ids: 14026512328, 14026609233, 1409823484, 22011061718, 1509878296, 22017974482, 22018170968, 14019288524, 22018425260, 22018522057, 14020116372, 14020401976, 14027332422, 14027712332, 22014114263, 22014161356, 22014193845, 2207336477, 22014343455, 22014778530, 22014846261, 22014893807, 22014898642, 22015075905, 22015414251, 22015509717, 22015647352, 22015694640, 2209600872, 22020209259, 22020209279, 22014208794, 22015728813, 22015752327, 22015827139, 22018808507, 22018498156, 22018474946, 22018199158, 22018454009, 1606874723, 1606874743, 1607072417, 22011031381, 22016524637, 14022637856, 14023789269, 14024012436, 14025468821, 14025564587, 14025564691, 14026156716, 14026204534, 14026574433, 14026574491, 14026574496, 14026574526, 22018532272, 22018789339, 22018352236, 14020378740, 14020453038, 14025390936, 2202666083, 22010068082, 1508723935, 1508724544, 16012831494, 22016231958, 22018782367, 15016720361, 22015001339, 22015009856, 22018537214, 1507240469, 2207921039, 2209012064, 22010033833, 22011519541, 22014414973, 22014996163, 22015149869, 22015396764, 22016461646, 22017957436, 14020645429, 22019779549, 14022752583, 14022752729, 15016557437, 14024864570, 14025540864, 14026511953, 14024864564, 22022275671, 14023584243, 22022266039, 22022269787, 22022307898, 22022308344, 22022308421, 22022335060, 2205530444, 15012734489, 14025259075, 14026565205, 22010442293, 22011357185, 22018233918, 14020955058, 14021077892, 14022391692, 14023084343, 14023383727, 14023869800, 14023869863, 14026081491, 14026146814, 14027711070, 16025798972, 22018654737, 22022335496
2026-06-21 17:52:09,665 [INFO][wireless_ips_hsd] HSD fetched ids: 14026512328, 14026609233, 1409823484, 22011061718, 1509878296, 22017974482, 22018170968, 14019288524, 22018425260, 22018522057, 14020116372, 14020401976, 14027332422, 14027712332, 22014114263, 22014161356, 22014193845, 2207336477, 22014343455, 22014778530, 22014846261, 22014893807, 22014898642, 22015075905, 22015414251, 22015509717, 22015647352, 22015694640, 2209600872, 22020209259, 22020209279, 22014208794, 22015728813, 22015752327, 22015827139, 22018808507, 22018498156, 22018474946, 22018199158, 22018454009, 1606874723, 1606874743, 1607072417, 22011031381, 22016524637, 14022637856, 14023789269, 14024012436, 14025468821, 14025564587, 14025564691, 14026156716, 14026204534, 14026574433, 14026574491, 14026574496, 14026574526, 22018532272, 22018789339, 22018352236, 14020378740, 14020453038, 14025390936, 2202666083, 22010068082, 1508723935, 1508724544, 16012831494, 22016231958, 22018782367, 15016720361, 22015001339, 22015009856, 22018537214, 1507240469, 2207921039, 2209012064, 22010033833, 22011519541, 22014414973, 22014996163, 22015149869, 22015396764, 22016461646, 22017957436, 14020645429, 22019779549, 14022752583, 14022752729, 15016557437, 14024864570, 14025540864, 14026511953, 14024864564, 22022275671, 14023584243, 22022266039, 22022269787, 22022307898, 22022308344, 22022308421, 22022335060, 2205530444, 15012734489, 14025259075, 14026565205, 22010442293, 22011357185, 22018233918, 14020955058, 14021077892, 14022391692, 14023084343, 14023383727, 14023869800, 14023869863, 14026081491, 14026146814, 14027711070, 16025798972, 22018654737, 22022335496
2026-06-21 17:52:09,667 [INFO] HSD pre-sync cleanup disabled; preserving existing HSD rows in ips_jira_bugs.
2026-06-21 17:52:09,667 [INFO][wireless_ips_hsd] HSD pre-sync cleanup disabled; preserving existing HSD rows in ips_jira_bugs.
2026-06-21 17:52:09,668 [INFO][CUSTOMER_BUGS] CTOR - DbConnector
2026-06-21 17:52:12,127 [INFO][CUSTOMER_BUGS] DB connection info: host=10-108-27-113.dbaas.intel.com db=wirelesscustomerengineering schema=public search_path="$user", public, dbaas_admin
2026-06-21 17:52:59,121 [INFO][CUSTOMER_BUGS] no customer was found for IPS [0], JIRA [NA]
2026-06-21 17:52:59,749 [INFO][CUSTOMER_BUGS] no customer was found for IPS [0], JIRA [NA]
2026-06-21 17:53:39,987 [WARNING][CUSTOMER_BUGS] Failed to refresh engineer after HSD update in ips_jira_bugs: server closed the connection unexpectedly
	This probably means the server terminated abnormally
	before or while processing the request.
server closed the connection unexpectedly
	This probably means the server terminated abnormally
	before or while processing the request.

2026-06-21 17:53:39,987 [WARNING][CUSTOMER_BUGS] Failed HSD NA engineer safety-net in ips_jira_bugs: cursor already closed
[FATAL] Runtime failure: connection already closed. See C:\Users\jtsao1\OneDrive - Intel Corporation\Documents\My workspace\jira_ips_tat_HP\jira_tat\jira_customer_tat\jobs\04_wireless_bug_dashboard\wireless_bug_dashboard_fatal.log for traceback.
Traceback (most recent call last):
  File "C:\Users\jtsao1\OneDrive - Intel Corporation\Documents\My workspace\jira_ips_tat_HP\jira_tat\jira_customer_tat\jobs\05_hsd_jira_data_pipeline\..\..\jobs\04_wireless_bug_dashboard\wireless_bug_dashboard_ips_hsd_jira.py", line 638, in <module>
    raise SystemExit(main())
                     ~~~~^^
  File "C:\Users\jtsao1\OneDrive - Intel Corporation\Documents\My workspace\jira_ips_tat_HP\jira_tat\jira_customer_tat\jobs\05_hsd_jira_data_pipeline\..\..\jobs\04_wireless_bug_dashboard\wireless_bug_dashboard_ips_hsd_jira.py", line 576, in main
    _insert_hsd_into_db(opt, hsd_data, args.hsd_table)
    ~~~~~~~~~~~~~~~~~~~^^^^^^^^^^^^^^^^^^^^^^^^^^^^^^^
  File "C:\Users\jtsao1\OneDrive - Intel Corporation\Documents\My workspace\jira_ips_tat_HP\jira_tat\jira_customer_tat\jobs\05_hsd_jira_data_pipeline\..\..\jobs\04_wireless_bug_dashboard\wireless_bug_dashboard_ips_hsd_jira.py", line 396, in _insert_hsd_into_db
    updated = db_manager.update_hsd_columns(
        table_name,
    ...<2 lines>...
        update_customer_from_hsd=True,
    )
  File "C:\Users\jtsao1\OneDrive - Intel Corporation\Documents\My workspace\jira_ips_tat_HP\jira_tat\jira_customer_tat\jobs\04_wireless_bug_dashboard\Wireless_bug_dashboard.py", line 2142, in update_hsd_columns
    self.__connection.commit()
    ~~~~~~~~~~~~~~~~~~~~~~~~^^
psycopg2.InterfaceError: connection already closed
2026-06-21 17:53:41,388 [INFO][CUSTOMER_BUGS] DTOR - DbConnector
[Sun 06/21/2026 17:53:46.07] Finished with exit code 1 
