[INFO] ===== Friday auto close-loop start =====
[INFO] Timestamp: Mon 06/08/2026 16:37:58.28
[INFO] Script dir: C:\Users\jtsao1\OneDrive - Intel Corporation\Documents\My workspace\jira_ips_tat_HP\jira_tat\jira_customer_tat\
[INFO] min_new_labels=10 min_gain=0.005 key_recall_drop_tol=0.02 threshold=0.45 allow_partial=1
[INFO] This batch does not send email notifications. It only writes result artifacts.
[STEP 1/2] Check weekly_labeling_template completion status
C:\Python314\python.exe
C:\Users\jtsao1\AppData\Local\Microsoft\WindowsApps\python.exe
C:\Users\jtsao1\AppData\Local\Python\bin\python.exe
{
  "weekly_dir": "C:\\Users\\jtsao1\\OneDrive - Intel Corporation\\Documents\\My workspace\\jira_ips_tat_HP\\jira_tat\\jira_customer_tat\\tuning_outputs\\weekly_20260608",
  "csv": "C:\\Users\\jtsao1\\OneDrive - Intel Corporation\\Documents\\My workspace\\jira_ips_tat_HP\\jira_tat\\jira_customer_tat\\tuning_outputs\\weekly_20260608\\weekly_labeling_template.csv",
  "total_rows": 86,
  "filled_rows": 4,
  "pending_rows": 82,
  "pending_by_assignee": {
    "brenton.wu@intel.com": 9,
    "charles.p.chu@intel.com": 8,
    "frank.lee@intel.com": 8,
    "kj.fang@intel.com": 8,
    "zhiqiang.cai@intel.com": 8,
    "frank.fc.yang@intel.com": 7,
    "jackx.lee@intel.com": 7,
    "timdaway.lai@intel.com": 7,
    "matt.chen@intel.com": 4,
    "wesley.kuo@intel.com": 4,
    "bingyue.sun@intel.com": 3,
    "juan.zou@intel.com": 3,
    "steven1.chen@intel.com": 3,
    "yu-wei.chen@intel.com": 3
  }
}
[INFO] Step 1 exit code: 2
[WARN] Labeling precheck reported pending rows or check issue, but continuing due to --allow-partial.
[STEP 2/2] Run Friday auto close-loop
Tuning cycle complete
Rows total: 1258
Rows used: 1250
Dropped rare labels (<5 rows): Killer, Layout, MSFT, Schematic
Best model by macro_f1: LinearSVC (0.7815)
Model compare: tuning_outputs\weekly_20260601\model_compare_metrics.json
Confusion matrix: tuning_outputs\weekly_20260601\best_model_confusion_matrix.csv
Low-confidence candidates: tuning_outputs\weekly_20260601\low_confidence_candidates.csv (532 rows, threshold=0.45)
[INFO] Selected weekly folder (Mon–Fri window): tuning_outputs\weekly_20260601
[INFO] Reviewed file: tuning_outputs\weekly_20260601\weekly_labeling_template.xlsx
[INFO] Accepted labels: 73/90
[INFO] Ingested to: CFE_input\weekly_labels_20260608_163759.csv
[INFO] Candidate not promoted; keep active model.
[OK] Decision report: tuning_outputs\weekly_20260601\model_promotion_decision.json
[OK] Friday auto close-loop completed.
[OK] Check latest weekly folder for model_promotion_decision.json
[INFO] No email sent by design in this batch. If needed, add a post-step email script.
[INFO] ===== Friday auto close-loop end =====
