[INFO] ===== Friday model update + summary start =====
[INFO] Timestamp: Mon 06/08/2026 16:37:57.89
[INFO] Script dir: C:\Users\jtsao1\OneDrive - Intel Corporation\Documents\My workspace\jira_ips_tat_HP\jira_tat\jira_customer_tat\
[INFO] Friday args:     
[INFO] KPI args:   
[STEP 1/2] Friday auto close-loop
[INFO] Friday recommended command: .\run_friday_auto_close_loop.bat
[INFO] Equivalent full args: .\run_friday_auto_close_loop.bat 10 0.005 0.02 0.45 --allow-partial
[INFO] Log file: C:\Users\jtsao1\OneDrive - Intel Corporation\Documents\My workspace\jira_ips_tat_HP\jira_tat\jira_customer_tat\logs\friday_auto_close_loop_20260608_163758.log
[INFO] Friday auto close-loop starting...
[INFO] min_new_labels=10 min_gain=0.005 key_recall_drop_tol=0.02 threshold=0.45 allow_partial=1
[STEP 1/2] Check weekly_labeling_template completion status
[WARN] Labeling precheck reported pending rows or check issue, but continuing due to --allow-partial.
[STEP 2/2] Run Friday auto close-loop
[OK] Friday auto close-loop completed.
[OK] Check latest weekly folder for model_promotion_decision.json
[INFO] Exit code: 
[INFO] Friday close-loop exit: 0
[STEP 2/2] Weekly KPI summary email
Get-ChildItem : A positional parameter cannot be found that accepts argument '^'.
At line:1 char:4
+ $f=Get-ChildItem 'C:\Users\jtsao1\OneDrive - Intel Corporation\Docume ...
+    ~~~~~~~~~~~~~~~~~~~~~~~~~~~~~~~~~~~~~~~~~~~~~~~~~~~~~~~~~~~~~~~~~~
    + CategoryInfo          : InvalidArgument: (:) [Get-ChildItem], ParameterBindingException
    + FullyQualifiedErrorId : PositionalParameterNotFound,Microsoft.PowerShell.Commands.GetChildItemCommand
 
[INFO] Weekly KPI health check start
[INFO] min_accepted_labels=10 gain_window=4 top_confusions=3
[INFO] Log file: C:\Users\jtsao1\OneDrive - Intel Corporation\Documents\My workspace\jira_ips_tat_HP\jira_tat\jira_customer_tat\logs\weekly_kpi_health_check_20260608_163807.log
[INFO] Generating targeted labeling supplement...
[INFO] Sending KPI email report to tsao36@gmail.com
[WARN] KPI checks did not fully pass. Review weekly_kpi_health_check.json in latest weekly folder.
[INFO] Exit code: 
[INFO] KPI batch exit: 2
[INFO] ===== Friday model update + summary end =====
