[Sat 01/31/2026 17:03:59.82] Starting HSD-only job 
2026-01-31 17:04:03,099 [INFO] Run options: RunOptions(enable_jira_tat=True, enable_jira_comment_analysis=True, enable_jira_initial_component=True, enable_jira_duplicate_sw_check=True, log_jira_tat_dict=False, limit_ips=0, limit_jira=0, enable_db_insert=True, db_recreate_table=True, db_use_batch_insert=False, db_batch_page_size=200)
2026-01-31 17:04:03,099 [INFO][wireless_ips_hsd] Run options: RunOptions(enable_jira_tat=True, enable_jira_comment_analysis=True, enable_jira_initial_component=True, enable_jira_duplicate_sw_check=True, log_jira_tat_dict=False, limit_ips=0, limit_jira=0, enable_db_insert=True, db_recreate_table=True, db_use_batch_insert=False, db_batch_page_size=200)
2026-01-31 17:04:03,101 [DEBUG][hsd_access] Using existing KRB5CCNAME=FILE:C:\Temp\krb5cache
2026-01-31 17:04:03,105 [INFO] Kerberos credential cache in use: FILE:C:\Temp\krb5cache
2026-01-31 17:04:03,105 [INFO][hsd_access] Kerberos credential cache in use: FILE:C:\Temp\krb5cache
2026-01-31 17:04:03,106 [INFO] Using Kerberos authentication with cache FILE:C:\Temp\krb5cache
2026-01-31 17:04:03,106 [INFO][hsd_access] Using Kerberos authentication with cache FILE:C:\Temp\krb5cache
2026-01-31 17:04:03,107 [WARNING] SSL verification disabled for HSD API requests; set HSD_CA_CERT to enable.
2026-01-31 17:04:03,107 [WARNING][hsd_access] SSL verification disabled for HSD API requests; set HSD_CA_CERT to enable.
2026-01-31 17:04:03,108 [INFO] HSD authentication mode in use: kerberos
2026-01-31 17:04:03,108 [INFO][hsd_access] HSD authentication mode in use: kerberos
2026-01-31 17:04:03,108 [INFO] Fetching bugs from saved query ID: 16021056445 (limit: 500)
2026-01-31 17:04:03,108 [INFO][hsd_access] Fetching bugs from saved query ID: 16021056445 (limit: 500)
2026-01-31 17:04:03,109 [INFO] Query URL: https://hsdes.intel.com/appstore/generalapps/#/pages/community/1203659509?queryId=16021056445
2026-01-31 17:04:03,109 [INFO][hsd_access] Query URL: https://hsdes.intel.com/appstore/generalapps/#/pages/community/1203659509?queryId=16021056445
2026-01-31 17:04:03,109 [INFO] [Attempt 1/5] Trying endpoint: https://hsdes-api.intel.com/rest/query/16021056445
2026-01-31 17:04:03,109 [INFO][hsd_access] [Attempt 1/5] Trying endpoint: https://hsdes-api.intel.com/rest/query/16021056445
2026-01-31 17:04:03,110 [DEBUG][hsd_access] API request: GET https://hsdes-api.intel.com/rest/query/16021056445
2026-01-31 17:04:05,728 [INFO] Successfully fetched 5 bugs from query 16021056445
2026-01-31 17:04:05,728 [INFO][hsd_access] Successfully fetched 5 bugs from query 16021056445
2026-01-31 17:04:05,731 [INFO] Owner filter reduced HSD list to 4 rows
2026-01-31 17:04:05,731 [INFO][wireless_ips_hsd] Owner filter reduced HSD list to 4 rows
2026-01-31 17:04:05,731 [INFO] Fetched 4 HSD bug(s) via API
2026-01-31 17:04:05,731 [INFO][wireless_ips_hsd] Fetched 4 HSD bug(s) via API
2026-01-31 17:04:05,734 [INFO] HSD fetched ids: 22021722214, 22021793174, 22021810173, 22021978908
2026-01-31 17:04:05,734 [INFO][wireless_ips_hsd] HSD fetched ids: 22021722214, 22021793174, 22021810173, 22021978908
2026-01-31 17:04:05,735 [INFO][CUSTOMER_BUGS] CTOR - DbConnector
2026-01-31 17:04:09,259 [INFO][CUSTOMER_BUGS] DB connection info: host=postgres5108-lb-ir-in.dbaas.intel.com db=wirelesscustomerengineering schema=public search_path="$user", public
2026-01-31 17:04:11,717 [INFO][CUSTOMER_BUGS] update table with relevant data (row-by-row; slow) ..
2026-01-31 17:04:12,951 [INFO][CUSTOMER_BUGS] update is complete. 2 rows were inserted
2026-01-31 17:04:13,867 [INFO][CUSTOMER_BUGS] table ips_jira_bugs rowcount after insert: 272705
2026-01-31 17:04:13,868 [INFO][CUSTOMER_BUGS] HSD refresh in ips_jira_bugs: updated 210 row(s); inserted 2 new; skipped 2 unmatched (sample unmatched: NA, NA)
2026-01-31 17:04:13,868 [INFO][CUSTOMER_BUGS] HSD matches: hsd_id=22021722214 promoted=WIFI-784973 via jira_id=WIFI-784973; hsd_id=22021810173 promoted=WIFI-789469 via jira_id=WIFI-789469
2026-01-31 17:04:13,868 [INFO][CUSTOMER_BUGS] HSD unmatched details: hsd_id=22021793174 promoted=NA (no match); hsd_id=22021978908 promoted=NA (no match)
2026-01-31 17:04:13,868 [INFO] HSD-only: refreshed 212 row(s) in ips_jira_bugs (input rows=4)
2026-01-31 17:04:13,868 [INFO][wireless_ips_hsd] HSD-only: refreshed 212 row(s) in ips_jira_bugs (input rows=4)
2026-01-31 17:04:13,868 [INFO][CUSTOMER_BUGS] DTOR - DbConnector
2026-01-31 17:04:13,870 [INFO] === Stage timing summary (seconds) ===
2026-01-31 17:04:13,870 [INFO][wireless_ips_hsd] === Stage timing summary (seconds) ===
2026-01-31 17:04:13,870 [INFO] HSD_fetch          2.63
2026-01-31 17:04:13,870 [INFO][wireless_ips_hsd] HSD_fetch          2.63
2026-01-31 17:04:13,870 [INFO] Postgres_insert    8.14
2026-01-31 17:04:13,870 [INFO][wireless_ips_hsd] Postgres_insert    8.14
2026-01-31 17:04:13,870 [INFO] TOTAL             10.77
2026-01-31 17:04:13,870 [INFO][wireless_ips_hsd] TOTAL             10.77
[Sat 01/31/2026 17:04:14.28] Finished with exit code 0 
