[Thu 02/19/2026 11:15:02.23] Starting HSD-only job 
2026-02-19 11:15:08,806 [INFO] Run options: RunOptions(enable_jira_tat=True, enable_jira_comment_analysis=False, enable_jira_initial_component=True, enable_jira_duplicate_sw_check=True, log_jira_tat_dict=False, limit_ips=0, limit_jira=0, enable_db_insert=True, db_recreate_table=True, db_use_batch_insert=False, db_batch_page_size=200)
2026-02-19 11:15:08,806 [INFO][wireless_ips_hsd] Run options: RunOptions(enable_jira_tat=True, enable_jira_comment_analysis=False, enable_jira_initial_component=True, enable_jira_duplicate_sw_check=True, log_jira_tat_dict=False, limit_ips=0, limit_jira=0, enable_db_insert=True, db_recreate_table=True, db_use_batch_insert=False, db_batch_page_size=200)
2026-02-19 11:15:08,808 [DEBUG][hsd_access] Using existing KRB5CCNAME=FILE:C:\Temp\krb5cache
2026-02-19 11:15:08,811 [INFO] Kerberos credential cache in use: FILE:C:\Temp\krb5cache
2026-02-19 11:15:08,811 [INFO][hsd_access] Kerberos credential cache in use: FILE:C:\Temp\krb5cache
2026-02-19 11:15:08,812 [INFO] Using Kerberos authentication with cache FILE:C:\Temp\krb5cache
2026-02-19 11:15:08,812 [INFO][hsd_access] Using Kerberos authentication with cache FILE:C:\Temp\krb5cache
2026-02-19 11:15:08,813 [WARNING] SSL verification disabled for HSD API requests; set HSD_CA_CERT to enable.
2026-02-19 11:15:08,813 [WARNING][hsd_access] SSL verification disabled for HSD API requests; set HSD_CA_CERT to enable.
2026-02-19 11:15:08,814 [INFO] HSD authentication mode in use: kerberos
2026-02-19 11:15:08,814 [INFO][hsd_access] HSD authentication mode in use: kerberos
2026-02-19 11:15:08,814 [INFO] Fetching bugs from saved query ID: 16021056445 (limit: 500)
2026-02-19 11:15:08,814 [INFO][hsd_access] Fetching bugs from saved query ID: 16021056445 (limit: 500)
2026-02-19 11:15:08,815 [INFO] Query URL: https://hsdes.intel.com/appstore/generalapps/#/pages/community/1203659509?queryId=16021056445
2026-02-19 11:15:08,815 [INFO][hsd_access] Query URL: https://hsdes.intel.com/appstore/generalapps/#/pages/community/1203659509?queryId=16021056445
2026-02-19 11:15:08,816 [INFO] [Attempt 1/5] Trying endpoint: https://hsdes-api.intel.com/rest/query/16021056445
2026-02-19 11:15:08,816 [INFO][hsd_access] [Attempt 1/5] Trying endpoint: https://hsdes-api.intel.com/rest/query/16021056445
2026-02-19 11:15:08,817 [DEBUG][hsd_access] API request: GET https://hsdes-api.intel.com/rest/query/16021056445
2026-02-19 11:15:11,283 [INFO] Successfully fetched 12 bugs from query 16021056445
2026-02-19 11:15:11,283 [INFO][hsd_access] Successfully fetched 12 bugs from query 16021056445
2026-02-19 11:15:11,286 [INFO] Owner filter reduced HSD list to 5 rows
2026-02-19 11:15:11,286 [INFO][wireless_ips_hsd] Owner filter reduced HSD list to 5 rows
2026-02-19 11:15:11,287 [INFO] Fetched 5 HSD bug(s) via API
2026-02-19 11:15:11,287 [INFO][wireless_ips_hsd] Fetched 5 HSD bug(s) via API
2026-02-19 11:15:11,291 [INFO] HSD fetched ids: 22021722214, 22021810173, 22022043409, 22022045968, 22022083023
2026-02-19 11:15:11,291 [INFO][wireless_ips_hsd] HSD fetched ids: 22021722214, 22021810173, 22022043409, 22022045968, 22022083023
2026-02-19 11:15:11,292 [INFO][CUSTOMER_BUGS] CTOR - DbConnector
2026-02-19 11:15:14,292 [INFO][CUSTOMER_BUGS] DB connection info: host=postgres5108-lb-ir-in.dbaas.intel.com db=wirelesscustomerengineering schema=public search_path="$user", public
2026-02-19 11:15:17,310 [INFO][CUSTOMER_BUGS] update table with relevant data (row-by-row; slow) ..
2026-02-19 11:15:18,762 [INFO][CUSTOMER_BUGS] update is complete. 3 rows were inserted
2026-02-19 11:15:19,315 [INFO][CUSTOMER_BUGS] table ips_jira_bugs rowcount after insert: 8507
2026-02-19 11:15:19,315 [INFO][CUSTOMER_BUGS] HSD refresh in ips_jira_bugs: updated 2 row(s); inserted 3 new; skipped 3 unmatched (sample unmatched: NA, NA, NA)
2026-02-19 11:15:19,315 [INFO][CUSTOMER_BUGS] HSD matches: hsd_id=22021722214 promoted=WIFI-784973 via jira_id=WIFI-784973; hsd_id=22021810173 promoted=WIFI-789469 via jira_id=WIFI-789469
2026-02-19 11:15:19,316 [INFO][CUSTOMER_BUGS] HSD unmatched details: hsd_id=22022043409 promoted=NA (no match); hsd_id=22022045968 promoted=NA (no match); hsd_id=22022083023 promoted=NA (no match)
2026-02-19 11:15:19,316 [INFO] HSD-only: refreshed 5 row(s) in ips_jira_bugs (input rows=5)
2026-02-19 11:15:19,316 [INFO][wireless_ips_hsd] HSD-only: refreshed 5 row(s) in ips_jira_bugs (input rows=5)
2026-02-19 11:15:19,316 [INFO][CUSTOMER_BUGS] DTOR - DbConnector
2026-02-19 11:15:19,317 [INFO] === Stage timing summary (seconds) ===
2026-02-19 11:15:19,317 [INFO][wireless_ips_hsd] === Stage timing summary (seconds) ===
2026-02-19 11:15:19,317 [INFO] HSD_fetch          2.48
2026-02-19 11:15:19,317 [INFO][wireless_ips_hsd] HSD_fetch          2.48
2026-02-19 11:15:19,318 [INFO] Postgres_insert    8.03
2026-02-19 11:15:19,318 [INFO][wireless_ips_hsd] Postgres_insert    8.03
2026-02-19 11:15:19,318 [INFO] TOTAL             10.51
2026-02-19 11:15:19,318 [INFO][wireless_ips_hsd] TOTAL             10.51
[Thu 02/19/2026 11:15:19.70] Finished with exit code 0 
