[Tue 03/31/2026 11:15:02.35] Starting HSD-only job 
[INFO] Python executable: C:\Users\jtsao1\OneDrive - Intel Corporation\Documents\My workspace\jira_ips_tat_HP\jira_tat\jira_customer_tat\.venv\Scripts\python.exe 
did not find executable at 'C:\Program Files\Python314\python.exe': The system cannot find the file specified.

[WARN] Selected Python is not runnable. Falling back to PATH python. 
[INFO] Python executable fallback: python 
Python 3.14.3
[INFO] REQUESTS_CA_BUNDLE=C:\Python314\Lib\site-packages\certifi\cacert.pem 
2026-03-31 11:15:04,278 [INFO] Run options: RunOptions(enable_jira_tat=True, enable_jira_comment_analysis=False, enable_jira_initial_component=True, enable_jira_duplicate_sw_check=True, log_jira_tat_dict=False, limit_ips=0, limit_jira=0, enable_db_insert=True, db_recreate_table=True, db_use_batch_insert=False, db_batch_page_size=200)
2026-03-31 11:15:04,278 [INFO][wireless_ips_hsd] Run options: RunOptions(enable_jira_tat=True, enable_jira_comment_analysis=False, enable_jira_initial_component=True, enable_jira_duplicate_sw_check=True, log_jira_tat_dict=False, limit_ips=0, limit_jira=0, enable_db_insert=True, db_recreate_table=True, db_use_batch_insert=False, db_batch_page_size=200)
2026-03-31 11:15:04,279 [DEBUG][hsd_access] Using existing KRB5CCNAME=FILE:C:\Temp\krb5cache
2026-03-31 11:15:04,280 [INFO] Kerberos credential cache in use: FILE:C:\Temp\krb5cache
2026-03-31 11:15:04,280 [INFO][hsd_access] Kerberos credential cache in use: FILE:C:\Temp\krb5cache
2026-03-31 11:15:04,280 [INFO] Using Kerberos authentication with cache FILE:C:\Temp\krb5cache
2026-03-31 11:15:04,280 [INFO][hsd_access] Using Kerberos authentication with cache FILE:C:\Temp\krb5cache
2026-03-31 11:15:04,280 [WARNING] SSL verification disabled for HSD API requests; set HSD_CA_CERT to enable.
2026-03-31 11:15:04,280 [WARNING][hsd_access] SSL verification disabled for HSD API requests; set HSD_CA_CERT to enable.
2026-03-31 11:15:04,281 [INFO] HSD authentication mode in use: kerberos
2026-03-31 11:15:04,281 [INFO][hsd_access] HSD authentication mode in use: kerberos
2026-03-31 11:15:04,281 [INFO] Fetching bugs from saved query ID: 16021056445 (limit: 500)
2026-03-31 11:15:04,281 [INFO][hsd_access] Fetching bugs from saved query ID: 16021056445 (limit: 500)
2026-03-31 11:15:04,281 [INFO] Query URL: https://hsdes.intel.com/appstore/generalapps/#/pages/community/1203659509?queryId=16021056445
2026-03-31 11:15:04,281 [INFO][hsd_access] Query URL: https://hsdes.intel.com/appstore/generalapps/#/pages/community/1203659509?queryId=16021056445
2026-03-31 11:15:04,281 [INFO] [Attempt 1/5] Trying endpoint: https://hsdes-api.intel.com/rest/query/16021056445
2026-03-31 11:15:04,281 [INFO][hsd_access] [Attempt 1/5] Trying endpoint: https://hsdes-api.intel.com/rest/query/16021056445
2026-03-31 11:15:04,281 [DEBUG][hsd_access] API request: GET https://hsdes-api.intel.com/rest/query/16021056445
2026-03-31 11:15:05,842 [ERROR][requests_kerberos.kerberos_] generate_request_header(): ctx step failed:
Traceback (most recent call last):
  File "C:\Users\jtsao1\AppData\Roaming\Python\Python314\site-packages\spnego\_context.py", line 68, in wrapper
    return func(*args, **kwargs)
  File "C:\Users\jtsao1\AppData\Roaming\Python\Python314\site-packages\spnego\_sspi.py", line 286, in step
    res = sspilib.raw.initialize_security_context(
        credential=self._credential,
    ...<5 lines>...
        output_buffers=out_buffer,
    )
  File "src/sspilib/raw/_security_context.pyx", line 438, in sspilib.raw._security_context.initialize_security_context
OSError: [WinError -2146893039] No authority could be contacted for authentication

The above exception was the direct cause of the following exception:

Traceback (most recent call last):
  File "C:\Users\jtsao1\AppData\Roaming\Python\Python314\site-packages\requests_kerberos\kerberos_.py", line 229, in generate_request_header
    gss_response = ctx.step(in_token=negotiate_resp_value)
  File "C:\Users\jtsao1\AppData\Roaming\Python\Python314\site-packages\spnego\_context.py", line 71, in wrapper
    raise SpnegoError(base_error=native_err, context_msg=context) from native_err
spnego.exceptions.SpnegoError: SpnegoError (4294967295): [WinError -2146893039] No authority could be contacted for authentication, Context: Processing security token
2026-03-31 11:15:05,846 [ERROR][requests_kerberos.kerberos_] SpnegoError (4294967295): [WinError -2146893039] No authority could be contacted for authentication, Context: Processing security token
Traceback (most recent call last):
  File "C:\Users\jtsao1\AppData\Roaming\Python\Python314\site-packages\spnego\_context.py", line 68, in wrapper
    return func(*args, **kwargs)
  File "C:\Users\jtsao1\AppData\Roaming\Python\Python314\site-packages\spnego\_sspi.py", line 286, in step
    res = sspilib.raw.initialize_security_context(
        credential=self._credential,
    ...<5 lines>...
        output_buffers=out_buffer,
    )
  File "src/sspilib/raw/_security_context.pyx", line 438, in sspilib.raw._security_context.initialize_security_context
OSError: [WinError -2146893039] No authority could be contacted for authentication

The above exception was the direct cause of the following exception:

Traceback (most recent call last):
  File "C:\Users\jtsao1\AppData\Roaming\Python\Python314\site-packages\requests_kerberos\kerberos_.py", line 229, in generate_request_header
    gss_response = ctx.step(in_token=negotiate_resp_value)
  File "C:\Users\jtsao1\AppData\Roaming\Python\Python314\site-packages\spnego\_context.py", line 71, in wrapper
    raise SpnegoError(base_error=native_err, context_msg=context) from native_err
spnego.exceptions.SpnegoError: SpnegoError (4294967295): [WinError -2146893039] No authority could be contacted for authentication, Context: Processing security token
2026-03-31 11:15:05,846 [ERROR] API request failed: GET https://hsdes-api.intel.com/rest/query/16021056445 - ctx step failed: SpnegoError (4294967295): [WinError -2146893039] No authority could be contacted for authentication, Context: Processing security token
2026-03-31 11:15:05,846 [ERROR][hsd_access] API request failed: GET https://hsdes-api.intel.com/rest/query/16021056445 - ctx step failed: SpnegoError (4294967295): [WinError -2146893039] No authority could be contacted for authentication, Context: Processing security token
2026-03-31 11:15:05,846 [DEBUG][hsd_access] Endpoint {'path': 'query/16021056445', 'params': {'include_text_fields': 'Y', 'start_at': 1, 'max_results': 500}} error: ctx step failed: SpnegoError (4294967295): [WinError -2146893039] No authority could be contacted for authentication, Context: Processing security token
2026-03-31 11:15:05,847 [INFO] [Attempt 2/5] Trying endpoint: https://hsdes-api.intel.com/rest/query/execute/16021056445
2026-03-31 11:15:05,847 [INFO][hsd_access] [Attempt 2/5] Trying endpoint: https://hsdes-api.intel.com/rest/query/execute/16021056445
2026-03-31 11:15:05,847 [DEBUG][hsd_access] API request: GET https://hsdes-api.intel.com/rest/query/execute/16021056445
2026-03-31 11:15:07,208 [ERROR][requests_kerberos.kerberos_] generate_request_header(): ctx step failed:
Traceback (most recent call last):
  File "C:\Users\jtsao1\AppData\Roaming\Python\Python314\site-packages\spnego\_context.py", line 68, in wrapper
    return func(*args, **kwargs)
  File "C:\Users\jtsao1\AppData\Roaming\Python\Python314\site-packages\spnego\_sspi.py", line 286, in step
    res = sspilib.raw.initialize_security_context(
        credential=self._credential,
    ...<5 lines>...
        output_buffers=out_buffer,
    )
  File "src/sspilib/raw/_security_context.pyx", line 438, in sspilib.raw._security_context.initialize_security_context
OSError: [WinError -2146893039] No authority could be contacted for authentication

The above exception was the direct cause of the following exception:

Traceback (most recent call last):
  File "C:\Users\jtsao1\AppData\Roaming\Python\Python314\site-packages\requests_kerberos\kerberos_.py", line 229, in generate_request_header
    gss_response = ctx.step(in_token=negotiate_resp_value)
  File "C:\Users\jtsao1\AppData\Roaming\Python\Python314\site-packages\spnego\_context.py", line 71, in wrapper
    raise SpnegoError(base_error=native_err, context_msg=context) from native_err
spnego.exceptions.SpnegoError: SpnegoError (4294967295): [WinError -2146893039] No authority could be contacted for authentication, Context: Processing security token
2026-03-31 11:15:07,208 [ERROR][requests_kerberos.kerberos_] SpnegoError (4294967295): [WinError -2146893039] No authority could be contacted for authentication, Context: Processing security token
Traceback (most recent call last):
  File "C:\Users\jtsao1\AppData\Roaming\Python\Python314\site-packages\spnego\_context.py", line 68, in wrapper
    return func(*args, **kwargs)
  File "C:\Users\jtsao1\AppData\Roaming\Python\Python314\site-packages\spnego\_sspi.py", line 286, in step
    res = sspilib.raw.initialize_security_context(
        credential=self._credential,
    ...<5 lines>...
        output_buffers=out_buffer,
    )
  File "src/sspilib/raw/_security_context.pyx", line 438, in sspilib.raw._security_context.initialize_security_context
OSError: [WinError -2146893039] No authority could be contacted for authentication

The above exception was the direct cause of the following exception:

Traceback (most recent call last):
  File "C:\Users\jtsao1\AppData\Roaming\Python\Python314\site-packages\requests_kerberos\kerberos_.py", line 229, in generate_request_header
    gss_response = ctx.step(in_token=negotiate_resp_value)
  File "C:\Users\jtsao1\AppData\Roaming\Python\Python314\site-packages\spnego\_context.py", line 71, in wrapper
    raise SpnegoError(base_error=native_err, context_msg=context) from native_err
spnego.exceptions.SpnegoError: SpnegoError (4294967295): [WinError -2146893039] No authority could be contacted for authentication, Context: Processing security token
2026-03-31 11:15:07,209 [ERROR] API request failed: GET https://hsdes-api.intel.com/rest/query/execute/16021056445 - ctx step failed: SpnegoError (4294967295): [WinError -2146893039] No authority could be contacted for authentication, Context: Processing security token
2026-03-31 11:15:07,209 [ERROR][hsd_access] API request failed: GET https://hsdes-api.intel.com/rest/query/execute/16021056445 - ctx step failed: SpnegoError (4294967295): [WinError -2146893039] No authority could be contacted for authentication, Context: Processing security token
2026-03-31 11:15:07,209 [DEBUG][hsd_access] Endpoint {'path': 'query/execute/16021056445', 'params': {'limit': 500}} error: ctx step failed: SpnegoError (4294967295): [WinError -2146893039] No authority could be contacted for authentication, Context: Processing security token
2026-03-31 11:15:07,210 [INFO] [Attempt 3/5] Trying endpoint: https://hsdes-api.intel.com/rest/query/16021056445/execute
2026-03-31 11:15:07,210 [INFO][hsd_access] [Attempt 3/5] Trying endpoint: https://hsdes-api.intel.com/rest/query/16021056445/execute
2026-03-31 11:15:07,210 [DEBUG][hsd_access] API request: GET https://hsdes-api.intel.com/rest/query/16021056445/execute
2026-03-31 11:15:08,600 [ERROR][requests_kerberos.kerberos_] generate_request_header(): ctx step failed:
Traceback (most recent call last):
  File "C:\Users\jtsao1\AppData\Roaming\Python\Python314\site-packages\spnego\_context.py", line 68, in wrapper
    return func(*args, **kwargs)
  File "C:\Users\jtsao1\AppData\Roaming\Python\Python314\site-packages\spnego\_sspi.py", line 286, in step
    res = sspilib.raw.initialize_security_context(
        credential=self._credential,
    ...<5 lines>...
        output_buffers=out_buffer,
    )
  File "src/sspilib/raw/_security_context.pyx", line 438, in sspilib.raw._security_context.initialize_security_context
OSError: [WinError -2146893039] No authority could be contacted for authentication

The above exception was the direct cause of the following exception:

Traceback (most recent call last):
  File "C:\Users\jtsao1\AppData\Roaming\Python\Python314\site-packages\requests_kerberos\kerberos_.py", line 229, in generate_request_header
    gss_response = ctx.step(in_token=negotiate_resp_value)
  File "C:\Users\jtsao1\AppData\Roaming\Python\Python314\site-packages\spnego\_context.py", line 71, in wrapper
    raise SpnegoError(base_error=native_err, context_msg=context) from native_err
spnego.exceptions.SpnegoError: SpnegoError (4294967295): [WinError -2146893039] No authority could be contacted for authentication, Context: Processing security token
2026-03-31 11:15:08,674 [ERROR][requests_kerberos.kerberos_] SpnegoError (4294967295): [WinError -2146893039] No authority could be contacted for authentication, Context: Processing security token
Traceback (most recent call last):
  File "C:\Users\jtsao1\AppData\Roaming\Python\Python314\site-packages\spnego\_context.py", line 68, in wrapper
    return func(*args, **kwargs)
  File "C:\Users\jtsao1\AppData\Roaming\Python\Python314\site-packages\spnego\_sspi.py", line 286, in step
    res = sspilib.raw.initialize_security_context(
        credential=self._credential,
    ...<5 lines>...
        output_buffers=out_buffer,
    )
  File "src/sspilib/raw/_security_context.pyx", line 438, in sspilib.raw._security_context.initialize_security_context
OSError: [WinError -2146893039] No authority could be contacted for authentication

The above exception was the direct cause of the following exception:

Traceback (most recent call last):
  File "C:\Users\jtsao1\AppData\Roaming\Python\Python314\site-packages\requests_kerberos\kerberos_.py", line 229, in generate_request_header
    gss_response = ctx.step(in_token=negotiate_resp_value)
  File "C:\Users\jtsao1\AppData\Roaming\Python\Python314\site-packages\spnego\_context.py", line 71, in wrapper
    raise SpnegoError(base_error=native_err, context_msg=context) from native_err
spnego.exceptions.SpnegoError: SpnegoError (4294967295): [WinError -2146893039] No authority could be contacted for authentication, Context: Processing security token
2026-03-31 11:15:08,676 [ERROR] API request failed: GET https://hsdes-api.intel.com/rest/query/16021056445/execute - ctx step failed: SpnegoError (4294967295): [WinError -2146893039] No authority could be contacted for authentication, Context: Processing security token
2026-03-31 11:15:08,676 [ERROR][hsd_access] API request failed: GET https://hsdes-api.intel.com/rest/query/16021056445/execute - ctx step failed: SpnegoError (4294967295): [WinError -2146893039] No authority could be contacted for authentication, Context: Processing security token
2026-03-31 11:15:08,676 [DEBUG][hsd_access] Endpoint {'path': 'query/16021056445/execute', 'params': {'limit': 500}} error: ctx step failed: SpnegoError (4294967295): [WinError -2146893039] No authority could be contacted for authentication, Context: Processing security token
2026-03-31 11:15:08,677 [INFO] [Attempt 4/5] Trying endpoint: https://hsdes-api.intel.com/rest/savedquery/16021056445
2026-03-31 11:15:08,677 [INFO][hsd_access] [Attempt 4/5] Trying endpoint: https://hsdes-api.intel.com/rest/savedquery/16021056445
2026-03-31 11:15:08,677 [DEBUG][hsd_access] API request: GET https://hsdes-api.intel.com/rest/savedquery/16021056445
2026-03-31 11:15:10,110 [ERROR][requests_kerberos.kerberos_] generate_request_header(): ctx step failed:
Traceback (most recent call last):
  File "C:\Users\jtsao1\AppData\Roaming\Python\Python314\site-packages\spnego\_context.py", line 68, in wrapper
    return func(*args, **kwargs)
  File "C:\Users\jtsao1\AppData\Roaming\Python\Python314\site-packages\spnego\_sspi.py", line 286, in step
    res = sspilib.raw.initialize_security_context(
        credential=self._credential,
    ...<5 lines>...
        output_buffers=out_buffer,
    )
  File "src/sspilib/raw/_security_context.pyx", line 438, in sspilib.raw._security_context.initialize_security_context
OSError: [WinError -2146893039] No authority could be contacted for authentication

The above exception was the direct cause of the following exception:

Traceback (most recent call last):
  File "C:\Users\jtsao1\AppData\Roaming\Python\Python314\site-packages\requests_kerberos\kerberos_.py", line 229, in generate_request_header
    gss_response = ctx.step(in_token=negotiate_resp_value)
  File "C:\Users\jtsao1\AppData\Roaming\Python\Python314\site-packages\spnego\_context.py", line 71, in wrapper
    raise SpnegoError(base_error=native_err, context_msg=context) from native_err
spnego.exceptions.SpnegoError: SpnegoError (4294967295): [WinError -2146893039] No authority could be contacted for authentication, Context: Processing security token
2026-03-31 11:15:10,111 [ERROR][requests_kerberos.kerberos_] SpnegoError (4294967295): [WinError -2146893039] No authority could be contacted for authentication, Context: Processing security token
Traceback (most recent call last):
  File "C:\Users\jtsao1\AppData\Roaming\Python\Python314\site-packages\spnego\_context.py", line 68, in wrapper
    return func(*args, **kwargs)
  File "C:\Users\jtsao1\AppData\Roaming\Python\Python314\site-packages\spnego\_sspi.py", line 286, in step
    res = sspilib.raw.initialize_security_context(
        credential=self._credential,
    ...<5 lines>...
        output_buffers=out_buffer,
    )
  File "src/sspilib/raw/_security_context.pyx", line 438, in sspilib.raw._security_context.initialize_security_context
OSError: [WinError -2146893039] No authority could be contacted for authentication

The above exception was the direct cause of the following exception:

Traceback (most recent call last):
  File "C:\Users\jtsao1\AppData\Roaming\Python\Python314\site-packages\requests_kerberos\kerberos_.py", line 229, in generate_request_header
    gss_response = ctx.step(in_token=negotiate_resp_value)
  File "C:\Users\jtsao1\AppData\Roaming\Python\Python314\site-packages\spnego\_context.py", line 71, in wrapper
    raise SpnegoError(base_error=native_err, context_msg=context) from native_err
spnego.exceptions.SpnegoError: SpnegoError (4294967295): [WinError -2146893039] No authority could be contacted for authentication, Context: Processing security token
2026-03-31 11:15:10,111 [ERROR] API request failed: GET https://hsdes-api.intel.com/rest/savedquery/16021056445 - ctx step failed: SpnegoError (4294967295): [WinError -2146893039] No authority could be contacted for authentication, Context: Processing security token
2026-03-31 11:15:10,111 [ERROR][hsd_access] API request failed: GET https://hsdes-api.intel.com/rest/savedquery/16021056445 - ctx step failed: SpnegoError (4294967295): [WinError -2146893039] No authority could be contacted for authentication, Context: Processing security token
2026-03-31 11:15:10,111 [DEBUG][hsd_access] Endpoint {'path': 'savedquery/16021056445', 'params': {'limit': 500}} error: ctx step failed: SpnegoError (4294967295): [WinError -2146893039] No authority could be contacted for authentication, Context: Processing security token
2026-03-31 11:15:10,111 [INFO] [Attempt 5/5] Trying endpoint: https://hsdes-api.intel.com/rest/article/query/16021056445
2026-03-31 11:15:10,111 [INFO][hsd_access] [Attempt 5/5] Trying endpoint: https://hsdes-api.intel.com/rest/article/query/16021056445
2026-03-31 11:15:10,111 [DEBUG][hsd_access] API request: GET https://hsdes-api.intel.com/rest/article/query/16021056445
2026-03-31 11:15:11,469 [ERROR][requests_kerberos.kerberos_] generate_request_header(): ctx step failed:
Traceback (most recent call last):
  File "C:\Users\jtsao1\AppData\Roaming\Python\Python314\site-packages\spnego\_context.py", line 68, in wrapper
    return func(*args, **kwargs)
  File "C:\Users\jtsao1\AppData\Roaming\Python\Python314\site-packages\spnego\_sspi.py", line 286, in step
    res = sspilib.raw.initialize_security_context(
        credential=self._credential,
    ...<5 lines>...
        output_buffers=out_buffer,
    )
  File "src/sspilib/raw/_security_context.pyx", line 438, in sspilib.raw._security_context.initialize_security_context
OSError: [WinError -2146893039] No authority could be contacted for authentication

The above exception was the direct cause of the following exception:

Traceback (most recent call last):
  File "C:\Users\jtsao1\AppData\Roaming\Python\Python314\site-packages\requests_kerberos\kerberos_.py", line 229, in generate_request_header
    gss_response = ctx.step(in_token=negotiate_resp_value)
  File "C:\Users\jtsao1\AppData\Roaming\Python\Python314\site-packages\spnego\_context.py", line 71, in wrapper
    raise SpnegoError(base_error=native_err, context_msg=context) from native_err
spnego.exceptions.SpnegoError: SpnegoError (4294967295): [WinError -2146893039] No authority could be contacted for authentication, Context: Processing security token
2026-03-31 11:15:11,470 [ERROR][requests_kerberos.kerberos_] SpnegoError (4294967295): [WinError -2146893039] No authority could be contacted for authentication, Context: Processing security token
Traceback (most recent call last):
  File "C:\Users\jtsao1\AppData\Roaming\Python\Python314\site-packages\spnego\_context.py", line 68, in wrapper
    return func(*args, **kwargs)
  File "C:\Users\jtsao1\AppData\Roaming\Python\Python314\site-packages\spnego\_sspi.py", line 286, in step
    res = sspilib.raw.initialize_security_context(
        credential=self._credential,
    ...<5 lines>...
        output_buffers=out_buffer,
    )
  File "src/sspilib/raw/_security_context.pyx", line 438, in sspilib.raw._security_context.initialize_security_context
OSError: [WinError -2146893039] No authority could be contacted for authentication

The above exception was the direct cause of the following exception:

Traceback (most recent call last):
  File "C:\Users\jtsao1\AppData\Roaming\Python\Python314\site-packages\requests_kerberos\kerberos_.py", line 229, in generate_request_header
    gss_response = ctx.step(in_token=negotiate_resp_value)
  File "C:\Users\jtsao1\AppData\Roaming\Python\Python314\site-packages\spnego\_context.py", line 71, in wrapper
    raise SpnegoError(base_error=native_err, context_msg=context) from native_err
spnego.exceptions.SpnegoError: SpnegoError (4294967295): [WinError -2146893039] No authority could be contacted for authentication, Context: Processing security token
2026-03-31 11:15:11,470 [ERROR] API request failed: GET https://hsdes-api.intel.com/rest/article/query/16021056445 - ctx step failed: SpnegoError (4294967295): [WinError -2146893039] No authority could be contacted for authentication, Context: Processing security token
2026-03-31 11:15:11,470 [ERROR][hsd_access] API request failed: GET https://hsdes-api.intel.com/rest/article/query/16021056445 - ctx step failed: SpnegoError (4294967295): [WinError -2146893039] No authority could be contacted for authentication, Context: Processing security token
2026-03-31 11:15:11,471 [DEBUG][hsd_access] Endpoint {'path': 'article/query/16021056445', 'params': {'limit': 500}} error: ctx step failed: SpnegoError (4294967295): [WinError -2146893039] No authority could be contacted for authentication, Context: Processing security token
2026-03-31 11:15:11,471 [WARNING] Could not fetch bugs from query ID 16021056445 via API endpoints
2026-03-31 11:15:11,471 [WARNING][hsd_access] Could not fetch bugs from query ID 16021056445 via API endpoints
2026-03-31 11:15:11,471 [INFO] You may need to access the query directly via web interface or use alternate authentication
2026-03-31 11:15:11,471 [INFO][hsd_access] You may need to access the query directly via web interface or use alternate authentication
2026-03-31 11:15:11,471 [INFO] ======================================================================
2026-03-31 11:15:11,471 [INFO][hsd_access] ======================================================================
2026-03-31 11:15:11,471 [INFO] HSD API Authentication Failed - Alternative Options:
2026-03-31 11:15:11,471 [INFO][hsd_access] HSD API Authentication Failed - Alternative Options:
2026-03-31 11:15:11,471 [INFO] ======================================================================
2026-03-31 11:15:11,471 [INFO][hsd_access] ======================================================================
2026-03-31 11:15:11,471 [INFO] 1. Validate Kerberos ticket:
2026-03-31 11:15:11,471 [INFO][hsd_access] 1. Validate Kerberos ticket:
2026-03-31 11:15:11,471 [INFO]    - Run 'klist' to verify a valid ticket exists
2026-03-31 11:15:11,471 [INFO][hsd_access]    - Run 'klist' to verify a valid ticket exists
2026-03-31 11:15:11,471 [INFO]    - If expired or missing, run 'kinit your_upi@INTEL.COM'
2026-03-31 11:15:11,471 [INFO][hsd_access]    - If expired or missing, run 'kinit your_upi@INTEL.COM'
2026-03-31 11:15:11,471 [INFO] 
2026-03-31 11:15:11,471 [INFO][hsd_access] 
2026-03-31 11:15:11,471 [INFO] 2. Manual Export (recommended for now):
2026-03-31 11:15:11,471 [INFO][hsd_access] 2. Manual Export (recommended for now):
2026-03-31 11:15:11,471 [INFO]    - Visit: https://hsdes.intel.com/appstore/generalapps/#/pages/community/1203659509?queryId=16021056445
2026-03-31 11:15:11,471 [INFO][hsd_access]    - Visit: https://hsdes.intel.com/appstore/generalapps/#/pages/community/1203659509?queryId=16021056445
2026-03-31 11:15:11,471 [INFO]    - Click 'Export' button
2026-03-31 11:15:11,471 [INFO][hsd_access]    - Click 'Export' button
2026-03-31 11:15:11,471 [INFO]    - Save as CSV/Excel
2026-03-31 11:15:11,471 [INFO][hsd_access]    - Save as CSV/Excel
2026-03-31 11:15:11,471 [INFO] 
2026-03-31 11:15:11,471 [INFO][hsd_access] 
2026-03-31 11:15:11,471 [INFO] 3. Request Faceless Account:
2026-03-31 11:15:11,471 [INFO][hsd_access] 3. Request Faceless Account:
2026-03-31 11:15:11,471 [INFO]    - Email: ags@intel.com
2026-03-31 11:15:11,471 [INFO][hsd_access]    - Email: ags@intel.com
2026-03-31 11:15:11,471 [INFO]    - Subject: 'Faceless Account for HSD API Access'
2026-03-31 11:15:11,471 [INFO][hsd_access]    - Subject: 'Faceless Account for HSD API Access'
2026-03-31 11:15:11,471 [INFO]    - Get dedicated service account credentials
2026-03-31 11:15:11,471 [INFO][hsd_access]    - Get dedicated service account credentials
2026-03-31 11:15:11,471 [INFO] ======================================================================
2026-03-31 11:15:11,471 [INFO][hsd_access] ======================================================================
2026-03-31 11:15:11,471 [INFO] Owner filter reduced HSD list to 0 rows
2026-03-31 11:15:11,471 [INFO][wireless_ips_hsd] Owner filter reduced HSD list to 0 rows
2026-03-31 11:15:11,472 [INFO] Fetched 0 HSD bug(s) via API
2026-03-31 11:15:11,472 [INFO][wireless_ips_hsd] Fetched 0 HSD bug(s) via API
2026-03-31 11:15:11,472 [INFO] No HSD rows to insert; skipping Postgres stage.
2026-03-31 11:15:11,472 [INFO][wireless_ips_hsd] No HSD rows to insert; skipping Postgres stage.
2026-03-31 11:15:11,472 [INFO] === Stage timing summary (seconds) ===
2026-03-31 11:15:11,472 [INFO][wireless_ips_hsd] === Stage timing summary (seconds) ===
2026-03-31 11:15:11,472 [INFO] HSD_fetch          7.19
2026-03-31 11:15:11,472 [INFO][wireless_ips_hsd] HSD_fetch          7.19
2026-03-31 11:15:11,472 [INFO] Postgres_insert    0.00
2026-03-31 11:15:11,472 [INFO][wireless_ips_hsd] Postgres_insert    0.00
2026-03-31 11:15:11,472 [INFO] TOTAL              7.19
2026-03-31 11:15:11,472 [INFO][wireless_ips_hsd] TOTAL              7.19
[Tue 03/31/2026 11:15:11.57] Finished with exit code 0 
