[Thu 01/29/2026  9:17:10.03] Starting HSD-only job 
2026-01-29 09:17:11,048 [INFO] Run options: RunOptions(enable_jira_tat=True, enable_jira_comment_analysis=True, enable_jira_initial_component=True, enable_jira_duplicate_sw_check=True, log_jira_tat_dict=False, limit_ips=0, limit_jira=0, enable_db_insert=True, db_recreate_table=True, db_use_batch_insert=False, db_batch_page_size=200)
2026-01-29 09:17:11,048 [INFO][wireless_ips_hsd] Run options: RunOptions(enable_jira_tat=True, enable_jira_comment_analysis=True, enable_jira_initial_component=True, enable_jira_duplicate_sw_check=True, log_jira_tat_dict=False, limit_ips=0, limit_jira=0, enable_db_insert=True, db_recreate_table=True, db_use_batch_insert=False, db_batch_page_size=200)
2026-01-29 09:17:11,050 [DEBUG][hsd_access] Using existing KRB5CCNAME=FILE:C:\Temp\krb5cache
2026-01-29 09:17:11,050 [INFO] Kerberos credential cache in use: FILE:C:\Temp\krb5cache
2026-01-29 09:17:11,050 [INFO][hsd_access] Kerberos credential cache in use: FILE:C:\Temp\krb5cache
2026-01-29 09:17:11,050 [INFO] Using Kerberos authentication with cache FILE:C:\Temp\krb5cache
2026-01-29 09:17:11,050 [INFO][hsd_access] Using Kerberos authentication with cache FILE:C:\Temp\krb5cache
2026-01-29 09:17:11,050 [WARNING] SSL verification disabled for HSD API requests; set HSD_CA_CERT to enable.
2026-01-29 09:17:11,050 [WARNING][hsd_access] SSL verification disabled for HSD API requests; set HSD_CA_CERT to enable.
2026-01-29 09:17:11,050 [INFO] HSD authentication mode in use: kerberos
2026-01-29 09:17:11,050 [INFO][hsd_access] HSD authentication mode in use: kerberos
2026-01-29 09:17:11,051 [INFO] Fetching bugs from saved query ID: 16021056445 (limit: 500)
2026-01-29 09:17:11,051 [INFO][hsd_access] Fetching bugs from saved query ID: 16021056445 (limit: 500)
2026-01-29 09:17:11,051 [INFO] Query URL: https://hsdes.intel.com/appstore/generalapps/#/pages/community/1203659509?queryId=16021056445
2026-01-29 09:17:11,051 [INFO][hsd_access] Query URL: https://hsdes.intel.com/appstore/generalapps/#/pages/community/1203659509?queryId=16021056445
2026-01-29 09:17:11,051 [INFO] [Attempt 1/5] Trying endpoint: https://hsdes-api.intel.com/rest/query/16021056445
2026-01-29 09:17:11,051 [INFO][hsd_access] [Attempt 1/5] Trying endpoint: https://hsdes-api.intel.com/rest/query/16021056445
2026-01-29 09:17:11,051 [DEBUG][hsd_access] API request: GET https://hsdes-api.intel.com/rest/query/16021056445
2026-01-29 09:17:12,639 [INFO] Successfully fetched 7 bugs from query 16021056445
2026-01-29 09:17:12,639 [INFO][hsd_access] Successfully fetched 7 bugs from query 16021056445
2026-01-29 09:17:12,639 [INFO] Fetched 7 HSD bug(s) via API
2026-01-29 09:17:12,639 [INFO][wireless_ips_hsd] Fetched 7 HSD bug(s) via API
2026-01-29 09:17:19,733 [INFO] HSD table hsd_bugs rowcount after insert: 7
2026-01-29 09:17:19,733 [INFO][wireless_ips_hsd] HSD table hsd_bugs rowcount after insert: 7
2026-01-29 09:17:19,734 [INFO] === Stage timing summary (seconds) ===
2026-01-29 09:17:19,734 [INFO][wireless_ips_hsd] === Stage timing summary (seconds) ===
2026-01-29 09:17:19,734 [INFO] HSD_fetch          1.59
2026-01-29 09:17:19,734 [INFO][wireless_ips_hsd] HSD_fetch          1.59
2026-01-29 09:17:19,734 [INFO] Postgres_insert    7.09
2026-01-29 09:17:19,734 [INFO][wireless_ips_hsd] Postgres_insert    7.09
2026-01-29 09:17:19,734 [INFO] TOTAL              8.68
2026-01-29 09:17:19,734 [INFO][wireless_ips_hsd] TOTAL              8.68
[Thu 01/29/2026  9:17:19.85] Finished with exit code 0 
