[Wed 02/11/2026 11:15:02.53] Starting HSD-only job 
2026-02-11 11:15:06,689 [INFO] Run options: RunOptions(enable_jira_tat=True, enable_jira_comment_analysis=False, enable_jira_initial_component=True, enable_jira_duplicate_sw_check=True, log_jira_tat_dict=False, limit_ips=0, limit_jira=0, enable_db_insert=True, db_recreate_table=True, db_use_batch_insert=False, db_batch_page_size=200)
2026-02-11 11:15:06,689 [INFO][wireless_ips_hsd] Run options: RunOptions(enable_jira_tat=True, enable_jira_comment_analysis=False, enable_jira_initial_component=True, enable_jira_duplicate_sw_check=True, log_jira_tat_dict=False, limit_ips=0, limit_jira=0, enable_db_insert=True, db_recreate_table=True, db_use_batch_insert=False, db_batch_page_size=200)
2026-02-11 11:15:06,691 [DEBUG][hsd_access] Using existing KRB5CCNAME=FILE:C:\Temp\krb5cache
2026-02-11 11:15:06,692 [INFO] Kerberos credential cache in use: FILE:C:\Temp\krb5cache
2026-02-11 11:15:06,692 [INFO][hsd_access] Kerberos credential cache in use: FILE:C:\Temp\krb5cache
2026-02-11 11:15:06,692 [INFO] Using Kerberos authentication with cache FILE:C:\Temp\krb5cache
2026-02-11 11:15:06,692 [INFO][hsd_access] Using Kerberos authentication with cache FILE:C:\Temp\krb5cache
2026-02-11 11:15:06,692 [WARNING] SSL verification disabled for HSD API requests; set HSD_CA_CERT to enable.
2026-02-11 11:15:06,692 [WARNING][hsd_access] SSL verification disabled for HSD API requests; set HSD_CA_CERT to enable.
2026-02-11 11:15:06,693 [INFO] HSD authentication mode in use: kerberos
2026-02-11 11:15:06,693 [INFO][hsd_access] HSD authentication mode in use: kerberos
2026-02-11 11:15:06,693 [INFO] Fetching bugs from saved query ID: 16021056445 (limit: 500)
2026-02-11 11:15:06,693 [INFO][hsd_access] Fetching bugs from saved query ID: 16021056445 (limit: 500)
2026-02-11 11:15:06,693 [INFO] Query URL: https://hsdes.intel.com/appstore/generalapps/#/pages/community/1203659509?queryId=16021056445
2026-02-11 11:15:06,693 [INFO][hsd_access] Query URL: https://hsdes.intel.com/appstore/generalapps/#/pages/community/1203659509?queryId=16021056445
2026-02-11 11:15:06,693 [INFO] [Attempt 1/5] Trying endpoint: https://hsdes-api.intel.com/rest/query/16021056445
2026-02-11 11:15:06,693 [INFO][hsd_access] [Attempt 1/5] Trying endpoint: https://hsdes-api.intel.com/rest/query/16021056445
2026-02-11 11:15:06,693 [DEBUG][hsd_access] API request: GET https://hsdes-api.intel.com/rest/query/16021056445
2026-02-11 11:15:08,775 [INFO] Successfully fetched 6 bugs from query 16021056445
2026-02-11 11:15:08,775 [INFO][hsd_access] Successfully fetched 6 bugs from query 16021056445
2026-02-11 11:15:08,777 [INFO] Owner filter reduced HSD list to 5 rows
2026-02-11 11:15:08,777 [INFO][wireless_ips_hsd] Owner filter reduced HSD list to 5 rows
2026-02-11 11:15:08,777 [INFO] Fetched 5 HSD bug(s) via API
2026-02-11 11:15:08,777 [INFO][wireless_ips_hsd] Fetched 5 HSD bug(s) via API
2026-02-11 11:15:08,779 [INFO] HSD fetched ids: 22021722214, 22021810173, 22022043409, 22022043646, 22022045968
2026-02-11 11:15:08,779 [INFO][wireless_ips_hsd] HSD fetched ids: 22021722214, 22021810173, 22022043409, 22022043646, 22022045968
2026-02-11 11:15:08,780 [INFO][CUSTOMER_BUGS] CTOR - DbConnector
2026-02-11 11:15:11,436 [INFO][CUSTOMER_BUGS] DB connection info: host=postgres5108-lb-ir-in.dbaas.intel.com db=wirelesscustomerengineering schema=public search_path="$user", public
2026-02-11 11:15:13,961 [INFO][CUSTOMER_BUGS] update table with relevant data (row-by-row; slow) ..
2026-02-11 11:15:15,202 [INFO][CUSTOMER_BUGS] update is complete. 3 rows were inserted
2026-02-11 11:15:15,699 [INFO][CUSTOMER_BUGS] table ips_jira_bugs rowcount after insert: 2859
2026-02-11 11:15:15,699 [INFO][CUSTOMER_BUGS] HSD refresh in ips_jira_bugs: updated 2 row(s); inserted 3 new; skipped 3 unmatched (sample unmatched: NA, NA, NA)
2026-02-11 11:15:15,699 [INFO][CUSTOMER_BUGS] HSD matches: hsd_id=22021722214 promoted=WIFI-784973 via jira_id=WIFI-784973; hsd_id=22021810173 promoted=WIFI-789469 via jira_id=WIFI-789469
2026-02-11 11:15:15,699 [INFO][CUSTOMER_BUGS] HSD unmatched details: hsd_id=22022043409 promoted=NA (no match); hsd_id=22022043646 promoted=NA (no match); hsd_id=22022045968 promoted=NA (no match)
2026-02-11 11:15:15,700 [INFO] HSD-only: refreshed 5 row(s) in ips_jira_bugs (input rows=5)
2026-02-11 11:15:15,700 [INFO][wireless_ips_hsd] HSD-only: refreshed 5 row(s) in ips_jira_bugs (input rows=5)
2026-02-11 11:15:15,700 [INFO][CUSTOMER_BUGS] DTOR - DbConnector
2026-02-11 11:15:15,701 [INFO] === Stage timing summary (seconds) ===
2026-02-11 11:15:15,701 [INFO][wireless_ips_hsd] === Stage timing summary (seconds) ===
2026-02-11 11:15:15,701 [INFO] HSD_fetch          2.09
2026-02-11 11:15:15,701 [INFO][wireless_ips_hsd] HSD_fetch          2.09
2026-02-11 11:15:15,701 [INFO] Postgres_insert    6.92
2026-02-11 11:15:15,701 [INFO][wireless_ips_hsd] Postgres_insert    6.92
2026-02-11 11:15:15,701 [INFO] TOTAL              9.01
2026-02-11 11:15:15,701 [INFO][wireless_ips_hsd] TOTAL              9.01
[Wed 02/11/2026 11:15:15.83] Finished with exit code 0 
