[Sun 04/26/2026 23:17:34.29] Starting HSD-only job 
[INFO] Python executable: C:\Users\jtsao1\OneDrive - Intel Corporation\Documents\My workspace\jira_ips_tat_HP\jira_tat\jira_customer_tat\.venv\Scripts\python.exe 
did not find executable at 'C:\Program Files\Python314\python.exe': The system cannot find the file specified.

[WARN] Selected Python is not runnable. Falling back to PATH python. 
[INFO] Python executable fallback: python 
Python 3.14.3
[INFO] REQUESTS_CA_BUNDLE=C:\Python314\Lib\site-packages\certifi\cacert.pem 
2026-04-26 23:17:35,335 [WARNING] DDL safeguard active: forcing append mode (no DROP/CREATE). Use --allow-ddl to override.
2026-04-26 23:17:35,335 [WARNING][wireless_ips_hsd] DDL safeguard active: forcing append mode (no DROP/CREATE). Use --allow-ddl to override.
2026-04-26 23:17:35,335 [INFO] Run options: RunOptions(enable_jira_tat=True, enable_jira_comment_analysis=False, enable_jira_initial_component=True, enable_jira_duplicate_sw_check=True, log_jira_tat_dict=False, limit_ips=0, limit_jira=0, enable_db_insert=True, db_recreate_table=False, db_auto_add_missing_columns=False, db_use_batch_insert=False, db_batch_page_size=200)
2026-04-26 23:17:35,335 [INFO][wireless_ips_hsd] Run options: RunOptions(enable_jira_tat=True, enable_jira_comment_analysis=False, enable_jira_initial_component=True, enable_jira_duplicate_sw_check=True, log_jira_tat_dict=False, limit_ips=0, limit_jira=0, enable_db_insert=True, db_recreate_table=False, db_auto_add_missing_columns=False, db_use_batch_insert=False, db_batch_page_size=200)
2026-04-26 23:17:35,335 [DEBUG][hsd_access] Using existing KRB5CCNAME=FILE:C:\Temp\krb5cache
2026-04-26 23:17:35,336 [INFO] Kerberos credential cache in use: FILE:C:\Temp\krb5cache
2026-04-26 23:17:35,336 [INFO][hsd_access] Kerberos credential cache in use: FILE:C:\Temp\krb5cache
2026-04-26 23:17:35,336 [INFO] Using Kerberos authentication with cache FILE:C:\Temp\krb5cache
2026-04-26 23:17:35,336 [INFO][hsd_access] Using Kerberos authentication with cache FILE:C:\Temp\krb5cache
2026-04-26 23:17:35,336 [WARNING] SSL verification disabled for HSD API requests; set HSD_CA_CERT to enable.
2026-04-26 23:17:35,336 [WARNING][hsd_access] SSL verification disabled for HSD API requests; set HSD_CA_CERT to enable.
2026-04-26 23:17:35,336 [INFO] HSD authentication mode in use: kerberos
2026-04-26 23:17:35,336 [INFO][hsd_access] HSD authentication mode in use: kerberos
2026-04-26 23:17:35,336 [INFO] Fetching bugs from saved query ID: 15019322642 (limit: 500)
2026-04-26 23:17:35,336 [INFO][hsd_access] Fetching bugs from saved query ID: 15019322642 (limit: 500)
2026-04-26 23:17:35,337 [INFO] Query URL: https://hsdes.intel.com/appstore/generalapps/#/pages/community/1203659509?queryId=15019322642
2026-04-26 23:17:35,337 [INFO][hsd_access] Query URL: https://hsdes.intel.com/appstore/generalapps/#/pages/community/1203659509?queryId=15019322642
2026-04-26 23:17:35,337 [INFO] [Attempt 1/5] Trying endpoint: https://hsdes-api.intel.com/rest/query/15019322642
2026-04-26 23:17:35,337 [INFO][hsd_access] [Attempt 1/5] Trying endpoint: https://hsdes-api.intel.com/rest/query/15019322642
2026-04-26 23:17:35,337 [DEBUG][hsd_access] API request: GET https://hsdes-api.intel.com/rest/query/15019322642
2026-04-26 23:17:36,859 [INFO] Successfully fetched 19 bugs from query 15019322642
2026-04-26 23:17:36,859 [INFO][hsd_access] Successfully fetched 19 bugs from query 15019322642
2026-04-26 23:17:36,860 [INFO] Owner filter reduced HSD list to 17 rows
2026-04-26 23:17:36,860 [INFO][wireless_ips_hsd] Owner filter reduced HSD list to 17 rows
2026-04-26 23:17:36,860 [INFO] Fetched 17 HSD bug(s) via API
2026-04-26 23:17:36,860 [INFO][wireless_ips_hsd] Fetched 17 HSD bug(s) via API
2026-04-26 23:17:36,861 [INFO] HSD fetched ids: 16030160389, 22022045968, 22022266039, 22022269787, 22022280341, 22022299872, 22022299873, 22022307896, 22022307898, 22022308332, 22022308339, 22022308344, 22022308393, 22022308421, 22022308462, 22022335060, 22022335496
2026-04-26 23:17:36,861 [INFO][wireless_ips_hsd] HSD fetched ids: 16030160389, 22022045968, 22022266039, 22022269787, 22022280341, 22022299872, 22022299873, 22022307896, 22022307898, 22022308332, 22022308339, 22022308344, 22022308393, 22022308421, 22022308462, 22022335060, 22022335496
2026-04-26 23:17:36,861 [INFO][CUSTOMER_BUGS] CTOR - DbConnector
2026-04-26 23:17:39,080 [INFO][CUSTOMER_BUGS] DB connection info: host=10-108-27-113.dbaas.intel.com db=wirelesscustomerengineering schema=public search_path="$user", public, dbaas_admin
2026-04-26 23:17:49,074 [INFO][CUSTOMER_BUGS] HSD refresh in ips_jira_bugs: updated 17 row(s); inserted 0 new; skipped 0 unmatched
2026-04-26 23:17:49,075 [INFO][CUSTOMER_BUGS] HSD matches: hsd_id=16030160389 promoted=NA via hsd_id=16030160389; hsd_id=22022045968 promoted=NA via hsd_id=22022045968; hsd_id=22022266039 promoted=NA via hsd_id=22022266039; hsd_id=22022269787 promoted=NA via hsd_id=22022269787; hsd_id=22022280341 promoted=NA via hsd_id=22022280341; hsd_id=22022299872 promoted=NA via hsd_id=22022299872; hsd_id=22022299873 promoted=NA via hsd_id=22022299873; hsd_id=22022307896 promoted=NA via hsd_id=22022307896; hsd_id=22022307898 promoted=NA via hsd_id=22022307898; hsd_id=22022308332 promoted=NA via hsd_id=22022308332
2026-04-26 23:17:49,075 [INFO] HSD-only: refreshed 17 row(s) in ips_jira_bugs (input rows=17)
2026-04-26 23:17:49,075 [INFO][wireless_ips_hsd] HSD-only: refreshed 17 row(s) in ips_jira_bugs (input rows=17)
2026-04-26 23:17:49,075 [INFO][CUSTOMER_BUGS] DTOR - DbConnector
2026-04-26 23:17:49,076 [INFO] === Stage timing summary (seconds) ===
2026-04-26 23:17:49,076 [INFO][wireless_ips_hsd] === Stage timing summary (seconds) ===
2026-04-26 23:17:49,076 [INFO] HSD_fetch          1.53
2026-04-26 23:17:49,076 [INFO][wireless_ips_hsd] HSD_fetch          1.53
2026-04-26 23:17:49,076 [INFO] Postgres_insert   12.21
2026-04-26 23:17:49,076 [INFO][wireless_ips_hsd] Postgres_insert   12.21
2026-04-26 23:17:49,076 [INFO] TOTAL             13.74
2026-04-26 23:17:49,076 [INFO][wireless_ips_hsd] TOTAL             13.74
[Sun 04/26/2026 23:17:49.25] Finished with exit code 0 
