[Fri 02/20/2026 11:15:01.86] Starting HSD-only job 
2026-02-20 11:15:05,203 [INFO] Run options: RunOptions(enable_jira_tat=True, enable_jira_comment_analysis=False, enable_jira_initial_component=True, enable_jira_duplicate_sw_check=True, log_jira_tat_dict=False, limit_ips=0, limit_jira=0, enable_db_insert=True, db_recreate_table=True, db_use_batch_insert=False, db_batch_page_size=200)
2026-02-20 11:15:05,203 [INFO][wireless_ips_hsd] Run options: RunOptions(enable_jira_tat=True, enable_jira_comment_analysis=False, enable_jira_initial_component=True, enable_jira_duplicate_sw_check=True, log_jira_tat_dict=False, limit_ips=0, limit_jira=0, enable_db_insert=True, db_recreate_table=True, db_use_batch_insert=False, db_batch_page_size=200)
2026-02-20 11:15:05,204 [DEBUG][hsd_access] Using existing KRB5CCNAME=FILE:C:\Temp\krb5cache
2026-02-20 11:15:05,205 [INFO] Kerberos credential cache in use: FILE:C:\Temp\krb5cache
2026-02-20 11:15:05,205 [INFO][hsd_access] Kerberos credential cache in use: FILE:C:\Temp\krb5cache
2026-02-20 11:15:05,205 [INFO] Using Kerberos authentication with cache FILE:C:\Temp\krb5cache
2026-02-20 11:15:05,205 [INFO][hsd_access] Using Kerberos authentication with cache FILE:C:\Temp\krb5cache
2026-02-20 11:15:05,206 [WARNING] SSL verification disabled for HSD API requests; set HSD_CA_CERT to enable.
2026-02-20 11:15:05,206 [WARNING][hsd_access] SSL verification disabled for HSD API requests; set HSD_CA_CERT to enable.
2026-02-20 11:15:05,206 [INFO] HSD authentication mode in use: kerberos
2026-02-20 11:15:05,206 [INFO][hsd_access] HSD authentication mode in use: kerberos
2026-02-20 11:15:05,206 [INFO] Fetching bugs from saved query ID: 16021056445 (limit: 500)
2026-02-20 11:15:05,206 [INFO][hsd_access] Fetching bugs from saved query ID: 16021056445 (limit: 500)
2026-02-20 11:15:05,206 [INFO] Query URL: https://hsdes.intel.com/appstore/generalapps/#/pages/community/1203659509?queryId=16021056445
2026-02-20 11:15:05,206 [INFO][hsd_access] Query URL: https://hsdes.intel.com/appstore/generalapps/#/pages/community/1203659509?queryId=16021056445
2026-02-20 11:15:05,207 [INFO] [Attempt 1/5] Trying endpoint: https://hsdes-api.intel.com/rest/query/16021056445
2026-02-20 11:15:05,207 [INFO][hsd_access] [Attempt 1/5] Trying endpoint: https://hsdes-api.intel.com/rest/query/16021056445
2026-02-20 11:15:05,207 [DEBUG][hsd_access] API request: GET https://hsdes-api.intel.com/rest/query/16021056445
2026-02-20 11:15:07,530 [INFO] Successfully fetched 14 bugs from query 16021056445
2026-02-20 11:15:07,530 [INFO][hsd_access] Successfully fetched 14 bugs from query 16021056445
2026-02-20 11:15:07,531 [INFO] Owner filter reduced HSD list to 7 rows
2026-02-20 11:15:07,531 [INFO][wireless_ips_hsd] Owner filter reduced HSD list to 7 rows
2026-02-20 11:15:07,532 [INFO] Fetched 7 HSD bug(s) via API
2026-02-20 11:15:07,532 [INFO][wireless_ips_hsd] Fetched 7 HSD bug(s) via API
2026-02-20 11:15:07,533 [INFO] HSD fetched ids: 22021722214, 22021810173, 22022043409, 22022045968, 22022083023, 22022104132, 22022104135
2026-02-20 11:15:07,533 [INFO][wireless_ips_hsd] HSD fetched ids: 22021722214, 22021810173, 22022043409, 22022045968, 22022083023, 22022104132, 22022104135
2026-02-20 11:15:07,533 [INFO][CUSTOMER_BUGS] CTOR - DbConnector
2026-02-20 11:15:10,654 [INFO][CUSTOMER_BUGS] DB connection info: host=postgres5108-lb-ir-in.dbaas.intel.com db=wirelesscustomerengineering schema=public search_path="$user", public
2026-02-20 11:15:14,320 [INFO][CUSTOMER_BUGS] update table with relevant data (row-by-row; slow) ..
2026-02-20 11:15:16,420 [INFO][CUSTOMER_BUGS] update is complete. 5 rows were inserted
2026-02-20 11:15:17,037 [INFO][CUSTOMER_BUGS] table ips_jira_bugs rowcount after insert: 8511
2026-02-20 11:15:17,037 [INFO][CUSTOMER_BUGS] HSD refresh in ips_jira_bugs: updated 2 row(s); inserted 5 new; skipped 5 unmatched (sample unmatched: NA, NA, NA, NA, NA)
2026-02-20 11:15:17,037 [INFO][CUSTOMER_BUGS] HSD matches: hsd_id=22021722214 promoted=WIFI-784973 via jira_id=WIFI-784973; hsd_id=22021810173 promoted=WIFI-789469 via jira_id=WIFI-789469
2026-02-20 11:15:17,037 [INFO][CUSTOMER_BUGS] HSD unmatched details: hsd_id=22022043409 promoted=NA (no match); hsd_id=22022045968 promoted=NA (no match); hsd_id=22022083023 promoted=NA (no match); hsd_id=22022104132 promoted=NA (no match); hsd_id=22022104135 promoted=NA (no match)
2026-02-20 11:15:17,037 [INFO] HSD-only: refreshed 7 row(s) in ips_jira_bugs (input rows=7)
2026-02-20 11:15:17,037 [INFO][wireless_ips_hsd] HSD-only: refreshed 7 row(s) in ips_jira_bugs (input rows=7)
2026-02-20 11:15:17,037 [INFO][CUSTOMER_BUGS] DTOR - DbConnector
2026-02-20 11:15:17,037 [INFO] === Stage timing summary (seconds) ===
2026-02-20 11:15:17,037 [INFO][wireless_ips_hsd] === Stage timing summary (seconds) ===
2026-02-20 11:15:17,037 [INFO] HSD_fetch          2.33
2026-02-20 11:15:17,037 [INFO][wireless_ips_hsd] HSD_fetch          2.33
2026-02-20 11:15:17,037 [INFO] Postgres_insert    9.50
2026-02-20 11:15:17,037 [INFO][wireless_ips_hsd] Postgres_insert    9.50
2026-02-20 11:15:17,037 [INFO] TOTAL             11.83
2026-02-20 11:15:17,037 [INFO][wireless_ips_hsd] TOTAL             11.83
[Fri 02/20/2026 11:15:17.21] Finished with exit code 0 
