[Thu 01/29/2026 13:42:00.60] Starting HSD-only job 
2026-01-29 13:42:01,718 [INFO] Run options: RunOptions(enable_jira_tat=True, enable_jira_comment_analysis=True, enable_jira_initial_component=True, enable_jira_duplicate_sw_check=True, log_jira_tat_dict=False, limit_ips=0, limit_jira=0, enable_db_insert=True, db_recreate_table=True, db_use_batch_insert=False, db_batch_page_size=200)
2026-01-29 13:42:01,718 [INFO][wireless_ips_hsd] Run options: RunOptions(enable_jira_tat=True, enable_jira_comment_analysis=True, enable_jira_initial_component=True, enable_jira_duplicate_sw_check=True, log_jira_tat_dict=False, limit_ips=0, limit_jira=0, enable_db_insert=True, db_recreate_table=True, db_use_batch_insert=False, db_batch_page_size=200)
2026-01-29 13:42:01,720 [DEBUG][hsd_access] Using existing KRB5CCNAME=FILE:C:\Temp\krb5cache
2026-01-29 13:42:01,720 [INFO] Kerberos credential cache in use: FILE:C:\Temp\krb5cache
2026-01-29 13:42:01,720 [INFO][hsd_access] Kerberos credential cache in use: FILE:C:\Temp\krb5cache
2026-01-29 13:42:01,720 [INFO] Using Kerberos authentication with cache FILE:C:\Temp\krb5cache
2026-01-29 13:42:01,720 [INFO][hsd_access] Using Kerberos authentication with cache FILE:C:\Temp\krb5cache
2026-01-29 13:42:01,721 [WARNING] SSL verification disabled for HSD API requests; set HSD_CA_CERT to enable.
2026-01-29 13:42:01,721 [WARNING][hsd_access] SSL verification disabled for HSD API requests; set HSD_CA_CERT to enable.
2026-01-29 13:42:01,721 [INFO] HSD authentication mode in use: kerberos
2026-01-29 13:42:01,721 [INFO][hsd_access] HSD authentication mode in use: kerberos
2026-01-29 13:42:01,721 [INFO] Fetching bugs from saved query ID: 16021056445 (limit: 500)
2026-01-29 13:42:01,721 [INFO][hsd_access] Fetching bugs from saved query ID: 16021056445 (limit: 500)
2026-01-29 13:42:01,721 [INFO] Query URL: https://hsdes.intel.com/appstore/generalapps/#/pages/community/1203659509?queryId=16021056445
2026-01-29 13:42:01,721 [INFO][hsd_access] Query URL: https://hsdes.intel.com/appstore/generalapps/#/pages/community/1203659509?queryId=16021056445
2026-01-29 13:42:01,721 [INFO] [Attempt 1/5] Trying endpoint: https://hsdes-api.intel.com/rest/query/16021056445
2026-01-29 13:42:01,721 [INFO][hsd_access] [Attempt 1/5] Trying endpoint: https://hsdes-api.intel.com/rest/query/16021056445
2026-01-29 13:42:01,721 [DEBUG][hsd_access] API request: GET https://hsdes-api.intel.com/rest/query/16021056445
2026-01-29 13:42:02,772 [INFO] Successfully fetched 4 bugs from query 16021056445
2026-01-29 13:42:02,772 [INFO][hsd_access] Successfully fetched 4 bugs from query 16021056445
2026-01-29 13:42:02,773 [INFO] Owner filter reduced HSD list to 3 rows
2026-01-29 13:42:02,773 [INFO][wireless_ips_hsd] Owner filter reduced HSD list to 3 rows
2026-01-29 13:42:02,773 [INFO] Fetched 3 HSD bug(s) via API
2026-01-29 13:42:02,773 [INFO][wireless_ips_hsd] Fetched 3 HSD bug(s) via API
2026-01-29 13:42:02,774 [INFO][CUSTOMER_BUGS] CTOR - DbConnector
2026-01-29 13:42:05,341 [INFO][CUSTOMER_BUGS] DB connection info: host=postgres5108-lb-ir-in.dbaas.intel.com db=wirelesscustomerengineering schema=public search_path="$user", public
2026-01-29 13:42:06,340 [INFO][CUSTOMER_BUGS] HSD refresh in ips_jira_bugs: updated 2 row(s); skipped 1 unmatched (sample unmatched: NA)
2026-01-29 13:42:06,340 [INFO] HSD-only: refreshed 2 row(s) in ips_jira_bugs (input rows=3)
2026-01-29 13:42:06,340 [INFO][wireless_ips_hsd] HSD-only: refreshed 2 row(s) in ips_jira_bugs (input rows=3)
2026-01-29 13:42:06,340 [INFO][CUSTOMER_BUGS] DTOR - DbConnector
2026-01-29 13:42:06,341 [INFO] === Stage timing summary (seconds) ===
2026-01-29 13:42:06,341 [INFO][wireless_ips_hsd] === Stage timing summary (seconds) ===
2026-01-29 13:42:06,341 [INFO] HSD_fetch          1.05
2026-01-29 13:42:06,341 [INFO][wireless_ips_hsd] HSD_fetch          1.05
2026-01-29 13:42:06,341 [INFO] Postgres_insert    3.57
2026-01-29 13:42:06,341 [INFO][wireless_ips_hsd] Postgres_insert    3.57
2026-01-29 13:42:06,342 [INFO] TOTAL              4.62
2026-01-29 13:42:06,342 [INFO][wireless_ips_hsd] TOTAL              4.62
[Thu 01/29/2026 13:42:06.62] Finished with exit code 0 
