[Tue 06/09/2026 11:15:02.35] Starting HSD-only job 
[INFO] Python executable: C:\Users\jtsao1\OneDrive - Intel Corporation\Documents\My workspace\jira_ips_tat_HP\jira_tat\jira_customer_tat\.venv\Scripts\python.exe 
did not find executable at 'C:\Program Files\Python314\python.exe': The system cannot find the file specified.

[WARN] Selected Python is not runnable. Falling back to PATH python. 
[INFO] Python executable fallback: python 
Python 3.14.3
[INFO] REQUESTS_CA_BUNDLE=C:\Python314\Lib\site-packages\certifi\cacert.pem 
2026-06-09 11:15:04,933 [WARNING] DDL safeguard active: forcing append mode (no DROP/CREATE). Use --allow-ddl to override.
2026-06-09 11:15:04,933 [WARNING][wireless_ips_hsd] DDL safeguard active: forcing append mode (no DROP/CREATE). Use --allow-ddl to override.
2026-06-09 11:15:04,933 [INFO] Run options: RunOptions(enable_jira_tat=True, enable_jira_comment_analysis=False, enable_jira_initial_component=True, enable_jira_duplicate_sw_check=True, log_jira_tat_dict=False, limit_ips=0, limit_jira=0, enable_db_insert=True, db_recreate_table=False, db_auto_add_missing_columns=False, db_use_batch_insert=False, db_batch_page_size=200)
2026-06-09 11:15:04,933 [INFO][wireless_ips_hsd] Run options: RunOptions(enable_jira_tat=True, enable_jira_comment_analysis=False, enable_jira_initial_component=True, enable_jira_duplicate_sw_check=True, log_jira_tat_dict=False, limit_ips=0, limit_jira=0, enable_db_insert=True, db_recreate_table=False, db_auto_add_missing_columns=False, db_use_batch_insert=False, db_batch_page_size=200)
2026-06-09 11:15:04,933 [DEBUG][hsd_access] Using existing KRB5CCNAME=FILE:C:\Temp\krb5cache
2026-06-09 11:15:04,934 [INFO] Kerberos credential cache in use: FILE:C:\Temp\krb5cache
2026-06-09 11:15:04,934 [INFO][hsd_access] Kerberos credential cache in use: FILE:C:\Temp\krb5cache
2026-06-09 11:15:04,934 [INFO] Using Kerberos authentication with cache FILE:C:\Temp\krb5cache
2026-06-09 11:15:04,934 [INFO][hsd_access] Using Kerberos authentication with cache FILE:C:\Temp\krb5cache
2026-06-09 11:15:04,934 [WARNING] SSL verification disabled for HSD API requests; set HSD_CA_CERT to enable.
2026-06-09 11:15:04,934 [WARNING][hsd_access] SSL verification disabled for HSD API requests; set HSD_CA_CERT to enable.
2026-06-09 11:15:04,935 [INFO] HSD authentication mode in use: kerberos
2026-06-09 11:15:04,935 [INFO][hsd_access] HSD authentication mode in use: kerberos
2026-06-09 11:15:04,935 [INFO] Fetching bugs from saved query ID: 15019322642 (limit: 500)
2026-06-09 11:15:04,935 [INFO][hsd_access] Fetching bugs from saved query ID: 15019322642 (limit: 500)
2026-06-09 11:15:04,935 [INFO] Query URL: https://hsdes.intel.com/appstore/generalapps/#/pages/community/1203659509?queryId=15019322642
2026-06-09 11:15:04,935 [INFO][hsd_access] Query URL: https://hsdes.intel.com/appstore/generalapps/#/pages/community/1203659509?queryId=15019322642
2026-06-09 11:15:04,935 [INFO] [Attempt 1/5] Trying endpoint: https://hsdes-api.intel.com/rest/query/15019322642
2026-06-09 11:15:04,935 [INFO][hsd_access] [Attempt 1/5] Trying endpoint: https://hsdes-api.intel.com/rest/query/15019322642
2026-06-09 11:15:04,935 [DEBUG][hsd_access] API request: GET https://hsdes-api.intel.com/rest/query/15019322642
2026-06-09 11:15:06,847 [INFO] Successfully fetched 5 bugs from query 15019322642
2026-06-09 11:15:06,847 [INFO][hsd_access] Successfully fetched 5 bugs from query 15019322642
2026-06-09 11:15:06,850 [INFO] Owner filter reduced HSD list to 5 rows
2026-06-09 11:15:06,850 [INFO][wireless_ips_hsd] Owner filter reduced HSD list to 5 rows
2026-06-09 11:15:06,851 [INFO] Fetched 5 HSD bug(s) via API
2026-06-09 11:15:06,851 [INFO][wireless_ips_hsd] Fetched 5 HSD bug(s) via API
2026-06-09 11:15:06,853 [INFO] HSD fetched ids: 16030673960, 22022299872, 22022335060, 22022468912, 22022505627
2026-06-09 11:15:06,853 [INFO][wireless_ips_hsd] HSD fetched ids: 16030673960, 22022299872, 22022335060, 22022468912, 22022505627
2026-06-09 11:15:06,854 [INFO][CUSTOMER_BUGS] CTOR - DbConnector
2026-06-09 11:15:09,214 [INFO][CUSTOMER_BUGS] DB connection info: host=10-108-27-113.dbaas.intel.com db=wirelesscustomerengineering schema=public search_path="$user", public, dbaas_admin
2026-06-09 11:15:09,741 [INFO] HSD pre-sync cleanup cleared 6 stale row(s) in ips_jira_bugs for owners=bingyue sun,bingyues,brenton wu,brentonw,caizhiqi,charles chu,chenmatt,chuchar1,flee5,frank lee,frank yang,frankfcy,jonathan tsao,jtsao1,juan zou,jzou6,leo chiang,matt chen,steven1 chen,szchen,timdaway,timdaway lai,wesley kuo,wesleyku,yaochien,yu-wei chen,yuweich1,zhiqiang cai from 2025-01-01
2026-06-09 11:15:09,741 [INFO][wireless_ips_hsd] HSD pre-sync cleanup cleared 6 stale row(s) in ips_jira_bugs for owners=bingyue sun,bingyues,brenton wu,brentonw,caizhiqi,charles chu,chenmatt,chuchar1,flee5,frank lee,frank yang,frankfcy,jonathan tsao,jtsao1,juan zou,jzou6,leo chiang,matt chen,steven1 chen,szchen,timdaway,timdaway lai,wesley kuo,wesleyku,yaochien,yu-wei chen,yuweich1,zhiqiang cai from 2025-01-01
2026-06-09 11:15:09,742 [INFO][CUSTOMER_BUGS] DTOR - DbConnector
2026-06-09 11:15:09,744 [INFO][CUSTOMER_BUGS] CTOR - DbConnector
2026-06-09 11:15:11,824 [INFO][CUSTOMER_BUGS] DB connection info: host=10-108-27-113.dbaas.intel.com db=wirelesscustomerengineering schema=public search_path="$user", public, dbaas_admin
2026-06-09 11:15:16,312 [INFO][CUSTOMER_BUGS] update table with relevant data (row-by-row; slow) ..
2026-06-09 11:15:17,844 [INFO][CUSTOMER_BUGS] update is complete. 4 rows were inserted
2026-06-09 11:15:18,361 [INFO][CUSTOMER_BUGS] table ips_jira_bugs rowcount after insert: 16169
2026-06-09 11:15:18,365 [INFO][CUSTOMER_BUGS] HSD refresh in ips_jira_bugs: updated 1 row(s); engineer refreshed 0; inserted 4 new; skipped 4 unmatched (sample unmatched: NA, NA, NA, NA)
2026-06-09 11:15:18,366 [INFO][CUSTOMER_BUGS] HSD matches: hsd_id=16030673960 promoted=WIFI-898721 via jira_id=WIFI-898721
2026-06-09 11:15:18,366 [INFO][CUSTOMER_BUGS] HSD unmatched details: hsd_id=22022299872 promoted=NA (no match); hsd_id=22022335060 promoted=NA (no match); hsd_id=22022468912 promoted=NA (no match); hsd_id=22022505627 promoted=NA (no match)
2026-06-09 11:15:18,368 [INFO] HSD-only: refreshed 5 row(s) in ips_jira_bugs (input rows=5)
2026-06-09 11:15:18,368 [INFO][wireless_ips_hsd] HSD-only: refreshed 5 row(s) in ips_jira_bugs (input rows=5)
2026-06-09 11:15:18,368 [INFO][CUSTOMER_BUGS] DTOR - DbConnector
2026-06-09 11:15:18,375 [INFO] === Stage timing summary (seconds) ===
2026-06-09 11:15:18,375 [INFO][wireless_ips_hsd] === Stage timing summary (seconds) ===
2026-06-09 11:15:18,376 [INFO] HSD_fetch          1.92
2026-06-09 11:15:18,376 [INFO][wireless_ips_hsd] HSD_fetch          1.92
2026-06-09 11:15:18,376 [INFO] Postgres_insert   11.52
2026-06-09 11:15:18,376 [INFO][wireless_ips_hsd] Postgres_insert   11.52
2026-06-09 11:15:18,376 [INFO] TOTAL             13.44
2026-06-09 11:15:18,376 [INFO][wireless_ips_hsd] TOTAL             13.44
[Tue 06/09/2026 11:15:18.81] Finished with exit code 0 
