[Thu 01/29/2026  0:58:03.10] Starting HSD-only job 
2026-01-29 00:58:04,096 [INFO] Run options: RunOptions(enable_jira_tat=True, enable_jira_comment_analysis=True, enable_jira_initial_component=True, enable_jira_duplicate_sw_check=True, log_jira_tat_dict=False, limit_ips=0, limit_jira=0, enable_db_insert=True, db_recreate_table=True, db_use_batch_insert=False, db_batch_page_size=200)
2026-01-29 00:58:04,096 [INFO][wireless_ips_hsd] Run options: RunOptions(enable_jira_tat=True, enable_jira_comment_analysis=True, enable_jira_initial_component=True, enable_jira_duplicate_sw_check=True, log_jira_tat_dict=False, limit_ips=0, limit_jira=0, enable_db_insert=True, db_recreate_table=True, db_use_batch_insert=False, db_batch_page_size=200)
2026-01-29 00:58:04,097 [WARNING] KRB5CCNAME not set; Kerberos will use the system default credential cache.
2026-01-29 00:58:04,097 [WARNING][hsd_access] KRB5CCNAME not set; Kerberos will use the system default credential cache.
2026-01-29 00:58:04,097 [INFO] Kerberos credential cache in use: system default
2026-01-29 00:58:04,097 [INFO][hsd_access] Kerberos credential cache in use: system default
2026-01-29 00:58:04,097 [INFO] Using Kerberos authentication; ensure 'kinit' has been run and KRB5CCNAME is set.
2026-01-29 00:58:04,097 [INFO][hsd_access] Using Kerberos authentication; ensure 'kinit' has been run and KRB5CCNAME is set.
2026-01-29 00:58:04,097 [WARNING] SSL verification disabled for HSD API requests; set HSD_CA_CERT to enable.
2026-01-29 00:58:04,097 [WARNING][hsd_access] SSL verification disabled for HSD API requests; set HSD_CA_CERT to enable.
2026-01-29 00:58:04,097 [INFO] HSD authentication mode in use: kerberos
2026-01-29 00:58:04,097 [INFO][hsd_access] HSD authentication mode in use: kerberos
2026-01-29 00:58:04,097 [INFO] Fetching bugs from saved query ID: 16021056445 (limit: 500)
2026-01-29 00:58:04,097 [INFO][hsd_access] Fetching bugs from saved query ID: 16021056445 (limit: 500)
2026-01-29 00:58:04,098 [INFO] Query URL: https://hsdes.intel.com/appstore/generalapps/#/pages/community/1203659509?queryId=16021056445
2026-01-29 00:58:04,098 [INFO][hsd_access] Query URL: https://hsdes.intel.com/appstore/generalapps/#/pages/community/1203659509?queryId=16021056445
2026-01-29 00:58:04,098 [INFO] [Attempt 1/5] Trying endpoint: https://hsdes-api.intel.com/rest/query/16021056445
2026-01-29 00:58:04,098 [INFO][hsd_access] [Attempt 1/5] Trying endpoint: https://hsdes-api.intel.com/rest/query/16021056445
2026-01-29 00:58:04,098 [DEBUG][hsd_access] API request: GET https://hsdes-api.intel.com/rest/query/16021056445
2026-01-29 00:58:04,864 [ERROR] API request failed: GET https://hsdes-api.intel.com/rest/query/16021056445 - HTTPSConnectionPool(host='hsdes-api.intel.com', port=443): Max retries exceeded with url: /rest/query/16021056445?include_text_fields=Y&start_at=1&max_results=500 (Caused by SSLError(SSLCertVerificationError(1, '[SSL: CERTIFICATE_VERIFY_FAILED] certificate verify failed: self-signed certificate in certificate chain (_ssl.c:1081)')))
2026-01-29 00:58:04,864 [ERROR][hsd_access] API request failed: GET https://hsdes-api.intel.com/rest/query/16021056445 - HTTPSConnectionPool(host='hsdes-api.intel.com', port=443): Max retries exceeded with url: /rest/query/16021056445?include_text_fields=Y&start_at=1&max_results=500 (Caused by SSLError(SSLCertVerificationError(1, '[SSL: CERTIFICATE_VERIFY_FAILED] certificate verify failed: self-signed certificate in certificate chain (_ssl.c:1081)')))
2026-01-29 00:58:04,864 [DEBUG][hsd_access] Endpoint {'path': 'query/16021056445', 'params': {'include_text_fields': 'Y', 'start_at': 1, 'max_results': 500}} error: HTTPSConnectionPool(host='hsdes-api.intel.com', port=443): Max retries exceeded with url: /rest/query/16021056445?include_text_fields=Y&start_at=1&max_results=500 (Caused by SSLError(SSLCertVerificationError(1, '[SSL: CERTIFICATE_VERIFY_FAILED] certificate verify failed: self-signed certificate in certificate chain (_ssl.c:1081)')))
2026-01-29 00:58:04,864 [INFO] [Attempt 2/5] Trying endpoint: https://hsdes-api.intel.com/rest/query/execute/16021056445
2026-01-29 00:58:04,864 [INFO][hsd_access] [Attempt 2/5] Trying endpoint: https://hsdes-api.intel.com/rest/query/execute/16021056445
2026-01-29 00:58:04,864 [DEBUG][hsd_access] API request: GET https://hsdes-api.intel.com/rest/query/execute/16021056445
2026-01-29 00:58:05,253 [ERROR] API request failed: GET https://hsdes-api.intel.com/rest/query/execute/16021056445 - HTTPSConnectionPool(host='hsdes-api.intel.com', port=443): Max retries exceeded with url: /rest/query/execute/16021056445?limit=500 (Caused by SSLError(SSLCertVerificationError(1, '[SSL: CERTIFICATE_VERIFY_FAILED] certificate verify failed: self-signed certificate in certificate chain (_ssl.c:1081)')))
2026-01-29 00:58:05,253 [ERROR][hsd_access] API request failed: GET https://hsdes-api.intel.com/rest/query/execute/16021056445 - HTTPSConnectionPool(host='hsdes-api.intel.com', port=443): Max retries exceeded with url: /rest/query/execute/16021056445?limit=500 (Caused by SSLError(SSLCertVerificationError(1, '[SSL: CERTIFICATE_VERIFY_FAILED] certificate verify failed: self-signed certificate in certificate chain (_ssl.c:1081)')))
2026-01-29 00:58:05,253 [DEBUG][hsd_access] Endpoint {'path': 'query/execute/16021056445', 'params': {'limit': 500}} error: HTTPSConnectionPool(host='hsdes-api.intel.com', port=443): Max retries exceeded with url: /rest/query/execute/16021056445?limit=500 (Caused by SSLError(SSLCertVerificationError(1, '[SSL: CERTIFICATE_VERIFY_FAILED] certificate verify failed: self-signed certificate in certificate chain (_ssl.c:1081)')))
2026-01-29 00:58:05,253 [INFO] [Attempt 3/5] Trying endpoint: https://hsdes-api.intel.com/rest/query/16021056445/execute
2026-01-29 00:58:05,253 [INFO][hsd_access] [Attempt 3/5] Trying endpoint: https://hsdes-api.intel.com/rest/query/16021056445/execute
2026-01-29 00:58:05,254 [DEBUG][hsd_access] API request: GET https://hsdes-api.intel.com/rest/query/16021056445/execute
2026-01-29 00:58:05,700 [ERROR] API request failed: GET https://hsdes-api.intel.com/rest/query/16021056445/execute - HTTPSConnectionPool(host='hsdes-api.intel.com', port=443): Max retries exceeded with url: /rest/query/16021056445/execute?limit=500 (Caused by SSLError(SSLCertVerificationError(1, '[SSL: CERTIFICATE_VERIFY_FAILED] certificate verify failed: self-signed certificate in certificate chain (_ssl.c:1081)')))
2026-01-29 00:58:05,700 [ERROR][hsd_access] API request failed: GET https://hsdes-api.intel.com/rest/query/16021056445/execute - HTTPSConnectionPool(host='hsdes-api.intel.com', port=443): Max retries exceeded with url: /rest/query/16021056445/execute?limit=500 (Caused by SSLError(SSLCertVerificationError(1, '[SSL: CERTIFICATE_VERIFY_FAILED] certificate verify failed: self-signed certificate in certificate chain (_ssl.c:1081)')))
2026-01-29 00:58:05,700 [DEBUG][hsd_access] Endpoint {'path': 'query/16021056445/execute', 'params': {'limit': 500}} error: HTTPSConnectionPool(host='hsdes-api.intel.com', port=443): Max retries exceeded with url: /rest/query/16021056445/execute?limit=500 (Caused by SSLError(SSLCertVerificationError(1, '[SSL: CERTIFICATE_VERIFY_FAILED] certificate verify failed: self-signed certificate in certificate chain (_ssl.c:1081)')))
2026-01-29 00:58:05,701 [INFO] [Attempt 4/5] Trying endpoint: https://hsdes-api.intel.com/rest/savedquery/16021056445
2026-01-29 00:58:05,701 [INFO][hsd_access] [Attempt 4/5] Trying endpoint: https://hsdes-api.intel.com/rest/savedquery/16021056445
2026-01-29 00:58:05,701 [DEBUG][hsd_access] API request: GET https://hsdes-api.intel.com/rest/savedquery/16021056445
2026-01-29 00:58:06,008 [ERROR] API request failed: GET https://hsdes-api.intel.com/rest/savedquery/16021056445 - HTTPSConnectionPool(host='hsdes-api.intel.com', port=443): Max retries exceeded with url: /rest/savedquery/16021056445?limit=500 (Caused by SSLError(SSLCertVerificationError(1, '[SSL: CERTIFICATE_VERIFY_FAILED] certificate verify failed: self-signed certificate in certificate chain (_ssl.c:1081)')))
2026-01-29 00:58:06,008 [ERROR][hsd_access] API request failed: GET https://hsdes-api.intel.com/rest/savedquery/16021056445 - HTTPSConnectionPool(host='hsdes-api.intel.com', port=443): Max retries exceeded with url: /rest/savedquery/16021056445?limit=500 (Caused by SSLError(SSLCertVerificationError(1, '[SSL: CERTIFICATE_VERIFY_FAILED] certificate verify failed: self-signed certificate in certificate chain (_ssl.c:1081)')))
2026-01-29 00:58:06,008 [DEBUG][hsd_access] Endpoint {'path': 'savedquery/16021056445', 'params': {'limit': 500}} error: HTTPSConnectionPool(host='hsdes-api.intel.com', port=443): Max retries exceeded with url: /rest/savedquery/16021056445?limit=500 (Caused by SSLError(SSLCertVerificationError(1, '[SSL: CERTIFICATE_VERIFY_FAILED] certificate verify failed: self-signed certificate in certificate chain (_ssl.c:1081)')))
2026-01-29 00:58:06,009 [INFO] [Attempt 5/5] Trying endpoint: https://hsdes-api.intel.com/rest/article/query/16021056445
2026-01-29 00:58:06,009 [INFO][hsd_access] [Attempt 5/5] Trying endpoint: https://hsdes-api.intel.com/rest/article/query/16021056445
2026-01-29 00:58:06,009 [DEBUG][hsd_access] API request: GET https://hsdes-api.intel.com/rest/article/query/16021056445
2026-01-29 00:58:06,317 [ERROR] API request failed: GET https://hsdes-api.intel.com/rest/article/query/16021056445 - HTTPSConnectionPool(host='hsdes-api.intel.com', port=443): Max retries exceeded with url: /rest/article/query/16021056445?limit=500 (Caused by SSLError(SSLCertVerificationError(1, '[SSL: CERTIFICATE_VERIFY_FAILED] certificate verify failed: self-signed certificate in certificate chain (_ssl.c:1081)')))
2026-01-29 00:58:06,317 [ERROR][hsd_access] API request failed: GET https://hsdes-api.intel.com/rest/article/query/16021056445 - HTTPSConnectionPool(host='hsdes-api.intel.com', port=443): Max retries exceeded with url: /rest/article/query/16021056445?limit=500 (Caused by SSLError(SSLCertVerificationError(1, '[SSL: CERTIFICATE_VERIFY_FAILED] certificate verify failed: self-signed certificate in certificate chain (_ssl.c:1081)')))
2026-01-29 00:58:06,317 [DEBUG][hsd_access] Endpoint {'path': 'article/query/16021056445', 'params': {'limit': 500}} error: HTTPSConnectionPool(host='hsdes-api.intel.com', port=443): Max retries exceeded with url: /rest/article/query/16021056445?limit=500 (Caused by SSLError(SSLCertVerificationError(1, '[SSL: CERTIFICATE_VERIFY_FAILED] certificate verify failed: self-signed certificate in certificate chain (_ssl.c:1081)')))
2026-01-29 00:58:06,318 [WARNING] Could not fetch bugs from query ID 16021056445 via API endpoints
2026-01-29 00:58:06,318 [WARNING][hsd_access] Could not fetch bugs from query ID 16021056445 via API endpoints
2026-01-29 00:58:06,318 [INFO] You may need to access the query directly via web interface or use alternate authentication
2026-01-29 00:58:06,318 [INFO][hsd_access] You may need to access the query directly via web interface or use alternate authentication
2026-01-29 00:58:06,318 [INFO] ======================================================================
2026-01-29 00:58:06,318 [INFO][hsd_access] ======================================================================
2026-01-29 00:58:06,318 [INFO] HSD API Authentication Failed - Alternative Options:
2026-01-29 00:58:06,318 [INFO][hsd_access] HSD API Authentication Failed - Alternative Options:
2026-01-29 00:58:06,318 [INFO] ======================================================================
2026-01-29 00:58:06,318 [INFO][hsd_access] ======================================================================
2026-01-29 00:58:06,318 [INFO] 1. Validate Kerberos ticket:
2026-01-29 00:58:06,318 [INFO][hsd_access] 1. Validate Kerberos ticket:
2026-01-29 00:58:06,318 [INFO]    - Run 'klist' to verify a valid ticket exists
2026-01-29 00:58:06,318 [INFO][hsd_access]    - Run 'klist' to verify a valid ticket exists
2026-01-29 00:58:06,318 [INFO]    - If expired or missing, run 'kinit your_upi@INTEL.COM'
2026-01-29 00:58:06,318 [INFO][hsd_access]    - If expired or missing, run 'kinit your_upi@INTEL.COM'
2026-01-29 00:58:06,318 [INFO] 
2026-01-29 00:58:06,318 [INFO][hsd_access] 
2026-01-29 00:58:06,318 [INFO] 2. Manual Export (recommended for now):
2026-01-29 00:58:06,318 [INFO][hsd_access] 2. Manual Export (recommended for now):
2026-01-29 00:58:06,318 [INFO]    - Visit: https://hsdes.intel.com/appstore/generalapps/#/pages/community/1203659509?queryId=16021056445
2026-01-29 00:58:06,318 [INFO][hsd_access]    - Visit: https://hsdes.intel.com/appstore/generalapps/#/pages/community/1203659509?queryId=16021056445
2026-01-29 00:58:06,318 [INFO]    - Click 'Export' button
2026-01-29 00:58:06,318 [INFO][hsd_access]    - Click 'Export' button
2026-01-29 00:58:06,318 [INFO]    - Save as CSV/Excel
2026-01-29 00:58:06,318 [INFO][hsd_access]    - Save as CSV/Excel
2026-01-29 00:58:06,318 [INFO] 
2026-01-29 00:58:06,318 [INFO][hsd_access] 
2026-01-29 00:58:06,318 [INFO] 3. Request Faceless Account:
2026-01-29 00:58:06,318 [INFO][hsd_access] 3. Request Faceless Account:
2026-01-29 00:58:06,319 [INFO]    - Email: ags@intel.com
2026-01-29 00:58:06,319 [INFO][hsd_access]    - Email: ags@intel.com
2026-01-29 00:58:06,319 [INFO]    - Subject: 'Faceless Account for HSD API Access'
2026-01-29 00:58:06,319 [INFO][hsd_access]    - Subject: 'Faceless Account for HSD API Access'
2026-01-29 00:58:06,319 [INFO]    - Get dedicated service account credentials
2026-01-29 00:58:06,319 [INFO][hsd_access]    - Get dedicated service account credentials
2026-01-29 00:58:06,319 [INFO] ======================================================================
2026-01-29 00:58:06,319 [INFO][hsd_access] ======================================================================
2026-01-29 00:58:06,319 [INFO] Fetched 0 HSD bug(s) via API
2026-01-29 00:58:06,319 [INFO][wireless_ips_hsd] Fetched 0 HSD bug(s) via API
2026-01-29 00:58:06,319 [INFO] No HSD rows to insert; skipping Postgres stage.
2026-01-29 00:58:06,319 [INFO][wireless_ips_hsd] No HSD rows to insert; skipping Postgres stage.
2026-01-29 00:58:06,319 [INFO] === Stage timing summary (seconds) ===
2026-01-29 00:58:06,319 [INFO][wireless_ips_hsd] === Stage timing summary (seconds) ===
2026-01-29 00:58:06,319 [INFO] HSD_fetch          2.22
2026-01-29 00:58:06,319 [INFO][wireless_ips_hsd] HSD_fetch          2.22
2026-01-29 00:58:06,319 [INFO] Postgres_insert    0.00
2026-01-29 00:58:06,319 [INFO][wireless_ips_hsd] Postgres_insert    0.00
2026-01-29 00:58:06,319 [INFO] TOTAL              2.22
2026-01-29 00:58:06,319 [INFO][wireless_ips_hsd] TOTAL              2.22
[Thu 01/29/2026  0:58:06.43] Finished with exit code 0 
