[Thu 01/29/2026  1:00:57.47] Starting HSD-only job 
2026-01-29 01:00:58,543 [INFO] Run options: RunOptions(enable_jira_tat=True, enable_jira_comment_analysis=True, enable_jira_initial_component=True, enable_jira_duplicate_sw_check=True, log_jira_tat_dict=False, limit_ips=0, limit_jira=0, enable_db_insert=True, db_recreate_table=True, db_use_batch_insert=False, db_batch_page_size=200)
2026-01-29 01:00:58,543 [INFO][wireless_ips_hsd] Run options: RunOptions(enable_jira_tat=True, enable_jira_comment_analysis=True, enable_jira_initial_component=True, enable_jira_duplicate_sw_check=True, log_jira_tat_dict=False, limit_ips=0, limit_jira=0, enable_db_insert=True, db_recreate_table=True, db_use_batch_insert=False, db_batch_page_size=200)
2026-01-29 01:00:58,544 [WARNING] KRB5CCNAME not set; Kerberos will use the system default credential cache.
2026-01-29 01:00:58,544 [WARNING][hsd_access] KRB5CCNAME not set; Kerberos will use the system default credential cache.
2026-01-29 01:00:58,544 [INFO] Kerberos credential cache in use: system default
2026-01-29 01:00:58,544 [INFO][hsd_access] Kerberos credential cache in use: system default
2026-01-29 01:00:58,544 [INFO] Using Kerberos authentication; ensure 'kinit' has been run and KRB5CCNAME is set.
2026-01-29 01:00:58,544 [INFO][hsd_access] Using Kerberos authentication; ensure 'kinit' has been run and KRB5CCNAME is set.
2026-01-29 01:00:58,544 [WARNING] SSL verification disabled for HSD API requests; set HSD_CA_CERT to enable.
2026-01-29 01:00:58,544 [WARNING][hsd_access] SSL verification disabled for HSD API requests; set HSD_CA_CERT to enable.
2026-01-29 01:00:58,544 [INFO] HSD authentication mode in use: kerberos
2026-01-29 01:00:58,544 [INFO][hsd_access] HSD authentication mode in use: kerberos
2026-01-29 01:00:58,544 [INFO] Fetching bugs from saved query ID: 16021056445 (limit: 500)
2026-01-29 01:00:58,544 [INFO][hsd_access] Fetching bugs from saved query ID: 16021056445 (limit: 500)
2026-01-29 01:00:58,545 [INFO] Query URL: https://hsdes.intel.com/appstore/generalapps/#/pages/community/1203659509?queryId=16021056445
2026-01-29 01:00:58,545 [INFO][hsd_access] Query URL: https://hsdes.intel.com/appstore/generalapps/#/pages/community/1203659509?queryId=16021056445
2026-01-29 01:00:58,545 [INFO] [Attempt 1/5] Trying endpoint: https://hsdes-api.intel.com/rest/query/16021056445
2026-01-29 01:00:58,545 [INFO][hsd_access] [Attempt 1/5] Trying endpoint: https://hsdes-api.intel.com/rest/query/16021056445
2026-01-29 01:00:58,545 [DEBUG][hsd_access] API request: GET https://hsdes-api.intel.com/rest/query/16021056445
2026-01-29 01:01:00,047 [INFO] Successfully fetched 7 bugs from query 16021056445
2026-01-29 01:01:00,047 [INFO][hsd_access] Successfully fetched 7 bugs from query 16021056445
2026-01-29 01:01:00,047 [INFO] Fetched 7 HSD bug(s) via API
2026-01-29 01:01:00,047 [INFO][wireless_ips_hsd] Fetched 7 HSD bug(s) via API
2026-01-29 01:01:07,592 [INFO] === Stage timing summary (seconds) ===
2026-01-29 01:01:07,592 [INFO][wireless_ips_hsd] === Stage timing summary (seconds) ===
2026-01-29 01:01:07,592 [INFO] HSD_fetch          1.50
2026-01-29 01:01:07,592 [INFO][wireless_ips_hsd] HSD_fetch          1.50
2026-01-29 01:01:07,593 [INFO] Postgres_insert    7.54
2026-01-29 01:01:07,593 [INFO][wireless_ips_hsd] Postgres_insert    7.54
2026-01-29 01:01:07,593 [INFO] TOTAL              9.05
2026-01-29 01:01:07,593 [INFO][wireless_ips_hsd] TOTAL              9.05
[Thu 01/29/2026  1:01:07.71] Finished with exit code 0 
