[Wed 01/28/2026 22:13:38.85] Starting HSD-only job 
2026-01-28 22:13:46,757 [INFO] Run options: RunOptions(enable_jira_tat=True, enable_jira_comment_analysis=True, enable_jira_initial_component=True, enable_jira_duplicate_sw_check=True, log_jira_tat_dict=False, limit_ips=0, limit_jira=0, enable_db_insert=True, db_recreate_table=True, db_use_batch_insert=False, db_batch_page_size=200)
2026-01-28 22:13:46,757 [INFO][wireless_ips_hsd] Run options: RunOptions(enable_jira_tat=True, enable_jira_comment_analysis=True, enable_jira_initial_component=True, enable_jira_duplicate_sw_check=True, log_jira_tat_dict=False, limit_ips=0, limit_jira=0, enable_db_insert=True, db_recreate_table=True, db_use_batch_insert=False, db_batch_page_size=200)
2026-01-28 22:13:46,760 [WARNING] KRB5CCNAME not set; Kerberos will use the system default credential cache.
2026-01-28 22:13:46,760 [WARNING][hsd_access] KRB5CCNAME not set; Kerberos will use the system default credential cache.
2026-01-28 22:13:47,978 [INFO] Kerberos credential cache in use: system default
2026-01-28 22:13:47,978 [INFO][hsd_access] Kerberos credential cache in use: system default
2026-01-28 22:13:47,979 [INFO] Using Kerberos authentication; ensure 'kinit' has been run and KRB5CCNAME is set.
2026-01-28 22:13:47,979 [INFO][hsd_access] Using Kerberos authentication; ensure 'kinit' has been run and KRB5CCNAME is set.
2026-01-28 22:13:47,980 [INFO] HSD authentication mode in use: kerberos
2026-01-28 22:13:47,980 [INFO][hsd_access] HSD authentication mode in use: kerberos
2026-01-28 22:13:47,981 [INFO] Fetching bugs from saved query ID: 16021056445 (limit: 500)
2026-01-28 22:13:47,981 [INFO][hsd_access] Fetching bugs from saved query ID: 16021056445 (limit: 500)
2026-01-28 22:13:47,982 [INFO] Query URL: https://hsdes.intel.com/appstore/generalapps/#/pages/community/1203659509?queryId=16021056445
2026-01-28 22:13:47,982 [INFO][hsd_access] Query URL: https://hsdes.intel.com/appstore/generalapps/#/pages/community/1203659509?queryId=16021056445
2026-01-28 22:13:47,983 [INFO] [Attempt 1/5] Trying endpoint: https://hsdes-api.intel.com/rest/query/16021056445
2026-01-28 22:13:47,983 [INFO][hsd_access] [Attempt 1/5] Trying endpoint: https://hsdes-api.intel.com/rest/query/16021056445
2026-01-28 22:13:47,983 [DEBUG][hsd_access] API request: GET https://hsdes-api.intel.com/rest/query/16021056445
2026-01-28 22:13:48,557 [DEBUG][hsd_access] Endpoint {'path': 'query/16021056445', 'params': {'include_text_fields': 'Y', 'start_at': 1, 'max_results': 500}} error: Could not find a suitable TLS CA certificate bundle, invalid path: C:\Users\jtsao1\AppData\Roaming\Python\Python314\site-packages\certifi\cacert.pem
2026-01-28 22:13:48,557 [INFO] [Attempt 2/5] Trying endpoint: https://hsdes-api.intel.com/rest/query/execute/16021056445
2026-01-28 22:13:48,557 [INFO][hsd_access] [Attempt 2/5] Trying endpoint: https://hsdes-api.intel.com/rest/query/execute/16021056445
2026-01-28 22:13:48,557 [DEBUG][hsd_access] API request: GET https://hsdes-api.intel.com/rest/query/execute/16021056445
2026-01-28 22:13:48,561 [DEBUG][hsd_access] Endpoint {'path': 'query/execute/16021056445', 'params': {'limit': 500}} error: Could not find a suitable TLS CA certificate bundle, invalid path: C:\Users\jtsao1\AppData\Roaming\Python\Python314\site-packages\certifi\cacert.pem
2026-01-28 22:13:48,561 [INFO] [Attempt 3/5] Trying endpoint: https://hsdes-api.intel.com/rest/query/16021056445/execute
2026-01-28 22:13:48,561 [INFO][hsd_access] [Attempt 3/5] Trying endpoint: https://hsdes-api.intel.com/rest/query/16021056445/execute
2026-01-28 22:13:48,561 [DEBUG][hsd_access] API request: GET https://hsdes-api.intel.com/rest/query/16021056445/execute
2026-01-28 22:13:48,564 [DEBUG][hsd_access] Endpoint {'path': 'query/16021056445/execute', 'params': {'limit': 500}} error: Could not find a suitable TLS CA certificate bundle, invalid path: C:\Users\jtsao1\AppData\Roaming\Python\Python314\site-packages\certifi\cacert.pem
2026-01-28 22:13:48,565 [INFO] [Attempt 4/5] Trying endpoint: https://hsdes-api.intel.com/rest/savedquery/16021056445
2026-01-28 22:13:48,565 [INFO][hsd_access] [Attempt 4/5] Trying endpoint: https://hsdes-api.intel.com/rest/savedquery/16021056445
2026-01-28 22:13:48,565 [DEBUG][hsd_access] API request: GET https://hsdes-api.intel.com/rest/savedquery/16021056445
2026-01-28 22:13:48,567 [DEBUG][hsd_access] Endpoint {'path': 'savedquery/16021056445', 'params': {'limit': 500}} error: Could not find a suitable TLS CA certificate bundle, invalid path: C:\Users\jtsao1\AppData\Roaming\Python\Python314\site-packages\certifi\cacert.pem
2026-01-28 22:13:48,567 [INFO] [Attempt 5/5] Trying endpoint: https://hsdes-api.intel.com/rest/article/query/16021056445
2026-01-28 22:13:48,567 [INFO][hsd_access] [Attempt 5/5] Trying endpoint: https://hsdes-api.intel.com/rest/article/query/16021056445
2026-01-28 22:13:48,567 [DEBUG][hsd_access] API request: GET https://hsdes-api.intel.com/rest/article/query/16021056445
2026-01-28 22:13:48,571 [DEBUG][hsd_access] Endpoint {'path': 'article/query/16021056445', 'params': {'limit': 500}} error: Could not find a suitable TLS CA certificate bundle, invalid path: C:\Users\jtsao1\AppData\Roaming\Python\Python314\site-packages\certifi\cacert.pem
2026-01-28 22:13:48,571 [WARNING] Could not fetch bugs from query ID 16021056445 via API endpoints
2026-01-28 22:13:48,571 [WARNING][hsd_access] Could not fetch bugs from query ID 16021056445 via API endpoints
2026-01-28 22:13:48,571 [INFO] You may need to access the query directly via web interface or use alternate authentication
2026-01-28 22:13:48,571 [INFO][hsd_access] You may need to access the query directly via web interface or use alternate authentication
2026-01-28 22:13:48,572 [INFO] ======================================================================
2026-01-28 22:13:48,572 [INFO][hsd_access] ======================================================================
2026-01-28 22:13:48,572 [INFO] HSD API Authentication Failed - Alternative Options:
2026-01-28 22:13:48,572 [INFO][hsd_access] HSD API Authentication Failed - Alternative Options:
2026-01-28 22:13:48,572 [INFO] ======================================================================
2026-01-28 22:13:48,572 [INFO][hsd_access] ======================================================================
2026-01-28 22:13:48,572 [INFO] 1. Validate Kerberos ticket:
2026-01-28 22:13:48,572 [INFO][hsd_access] 1. Validate Kerberos ticket:
2026-01-28 22:13:48,572 [INFO]    - Run 'klist' to verify a valid ticket exists
2026-01-28 22:13:48,572 [INFO][hsd_access]    - Run 'klist' to verify a valid ticket exists
2026-01-28 22:13:48,572 [INFO]    - If expired or missing, run 'kinit your_upi@INTEL.COM'
2026-01-28 22:13:48,572 [INFO][hsd_access]    - If expired or missing, run 'kinit your_upi@INTEL.COM'
2026-01-28 22:13:48,573 [INFO] 
2026-01-28 22:13:48,573 [INFO][hsd_access] 
2026-01-28 22:13:48,573 [INFO] 2. Manual Export (recommended for now):
2026-01-28 22:13:48,573 [INFO][hsd_access] 2. Manual Export (recommended for now):
2026-01-28 22:13:48,573 [INFO]    - Visit: https://hsdes.intel.com/appstore/generalapps/#/pages/community/1203659509?queryId=16021056445
2026-01-28 22:13:48,573 [INFO][hsd_access]    - Visit: https://hsdes.intel.com/appstore/generalapps/#/pages/community/1203659509?queryId=16021056445
2026-01-28 22:13:48,573 [INFO]    - Click 'Export' button
2026-01-28 22:13:48,573 [INFO][hsd_access]    - Click 'Export' button
2026-01-28 22:13:48,573 [INFO]    - Save as CSV/Excel
2026-01-28 22:13:48,573 [INFO][hsd_access]    - Save as CSV/Excel
2026-01-28 22:13:48,573 [INFO] 
2026-01-28 22:13:48,573 [INFO][hsd_access] 
2026-01-28 22:13:48,573 [INFO] 3. Request Faceless Account:
2026-01-28 22:13:48,573 [INFO][hsd_access] 3. Request Faceless Account:
2026-01-28 22:13:48,573 [INFO]    - Email: ags@intel.com
2026-01-28 22:13:48,573 [INFO][hsd_access]    - Email: ags@intel.com
2026-01-28 22:13:48,573 [INFO]    - Subject: 'Faceless Account for HSD API Access'
2026-01-28 22:13:48,573 [INFO][hsd_access]    - Subject: 'Faceless Account for HSD API Access'
2026-01-28 22:13:48,573 [INFO]    - Get dedicated service account credentials
2026-01-28 22:13:48,573 [INFO][hsd_access]    - Get dedicated service account credentials
2026-01-28 22:13:48,574 [INFO] ======================================================================
2026-01-28 22:13:48,574 [INFO][hsd_access] ======================================================================
2026-01-28 22:13:48,574 [INFO] Fetched 0 HSD bug(s) via API
2026-01-28 22:13:48,574 [INFO][wireless_ips_hsd] Fetched 0 HSD bug(s) via API
2026-01-28 22:13:48,575 [INFO] No HSD rows to insert; skipping Postgres stage.
2026-01-28 22:13:48,575 [INFO][wireless_ips_hsd] No HSD rows to insert; skipping Postgres stage.
2026-01-28 22:13:48,575 [INFO] === Stage timing summary (seconds) ===
2026-01-28 22:13:48,575 [INFO][wireless_ips_hsd] === Stage timing summary (seconds) ===
2026-01-28 22:13:48,575 [INFO] HSD_fetch          1.82
2026-01-28 22:13:48,575 [INFO][wireless_ips_hsd] HSD_fetch          1.82
2026-01-28 22:13:48,575 [INFO] Postgres_insert    0.00
2026-01-28 22:13:48,575 [INFO][wireless_ips_hsd] Postgres_insert    0.00
2026-01-28 22:13:48,575 [INFO] TOTAL              1.82
2026-01-28 22:13:48,575 [INFO][wireless_ips_hsd] TOTAL              1.82
[Wed 01/28/2026 22:13:49.27] Finished with exit code 0 
