[Thu 01/29/2026 14:00:39.55] Starting HSD-only job 
2026-01-29 14:00:40,585 [INFO] Run options: RunOptions(enable_jira_tat=True, enable_jira_comment_analysis=True, enable_jira_initial_component=True, enable_jira_duplicate_sw_check=True, log_jira_tat_dict=False, limit_ips=0, limit_jira=0, enable_db_insert=True, db_recreate_table=True, db_use_batch_insert=False, db_batch_page_size=200)
2026-01-29 14:00:40,585 [INFO][wireless_ips_hsd] Run options: RunOptions(enable_jira_tat=True, enable_jira_comment_analysis=True, enable_jira_initial_component=True, enable_jira_duplicate_sw_check=True, log_jira_tat_dict=False, limit_ips=0, limit_jira=0, enable_db_insert=True, db_recreate_table=True, db_use_batch_insert=False, db_batch_page_size=200)
2026-01-29 14:00:40,586 [DEBUG][hsd_access] Using existing KRB5CCNAME=FILE:C:\Temp\krb5cache
2026-01-29 14:00:40,586 [INFO] Kerberos credential cache in use: FILE:C:\Temp\krb5cache
2026-01-29 14:00:40,586 [INFO][hsd_access] Kerberos credential cache in use: FILE:C:\Temp\krb5cache
2026-01-29 14:00:40,586 [INFO] Using Kerberos authentication with cache FILE:C:\Temp\krb5cache
2026-01-29 14:00:40,586 [INFO][hsd_access] Using Kerberos authentication with cache FILE:C:\Temp\krb5cache
2026-01-29 14:00:40,587 [WARNING] SSL verification disabled for HSD API requests; set HSD_CA_CERT to enable.
2026-01-29 14:00:40,587 [WARNING][hsd_access] SSL verification disabled for HSD API requests; set HSD_CA_CERT to enable.
2026-01-29 14:00:40,587 [INFO] HSD authentication mode in use: kerberos
2026-01-29 14:00:40,587 [INFO][hsd_access] HSD authentication mode in use: kerberos
2026-01-29 14:00:40,587 [INFO] Fetching bugs from saved query ID: 16021056445 (limit: 500)
2026-01-29 14:00:40,587 [INFO][hsd_access] Fetching bugs from saved query ID: 16021056445 (limit: 500)
2026-01-29 14:00:40,587 [INFO] Query URL: https://hsdes.intel.com/appstore/generalapps/#/pages/community/1203659509?queryId=16021056445
2026-01-29 14:00:40,587 [INFO][hsd_access] Query URL: https://hsdes.intel.com/appstore/generalapps/#/pages/community/1203659509?queryId=16021056445
2026-01-29 14:00:40,587 [INFO] [Attempt 1/5] Trying endpoint: https://hsdes-api.intel.com/rest/query/16021056445
2026-01-29 14:00:40,587 [INFO][hsd_access] [Attempt 1/5] Trying endpoint: https://hsdes-api.intel.com/rest/query/16021056445
2026-01-29 14:00:40,587 [DEBUG][hsd_access] API request: GET https://hsdes-api.intel.com/rest/query/16021056445
2026-01-29 14:00:41,349 [INFO] Successfully fetched 4 bugs from query 16021056445
2026-01-29 14:00:41,349 [INFO][hsd_access] Successfully fetched 4 bugs from query 16021056445
2026-01-29 14:00:41,349 [INFO] Owner filter reduced HSD list to 3 rows
2026-01-29 14:00:41,349 [INFO][wireless_ips_hsd] Owner filter reduced HSD list to 3 rows
2026-01-29 14:00:41,349 [INFO] Fetched 3 HSD bug(s) via API
2026-01-29 14:00:41,349 [INFO][wireless_ips_hsd] Fetched 3 HSD bug(s) via API
2026-01-29 14:00:41,350 [INFO] HSD fetched ids: 22021722214, 22021810173, 22021978908
2026-01-29 14:00:41,350 [INFO][wireless_ips_hsd] HSD fetched ids: 22021722214, 22021810173, 22021978908
2026-01-29 14:00:41,351 [INFO][CUSTOMER_BUGS] CTOR - DbConnector
2026-01-29 14:00:43,932 [INFO][CUSTOMER_BUGS] DB connection info: host=postgres5108-lb-ir-in.dbaas.intel.com db=wirelesscustomerengineering schema=public search_path="$user", public
2026-01-29 14:00:44,940 [INFO][CUSTOMER_BUGS] update table with relevant data (row-by-row; slow) ..
2026-01-29 14:00:45,699 [INFO][CUSTOMER_BUGS] update is complete. 1 rows were inserted
2026-01-29 14:00:46,196 [INFO][CUSTOMER_BUGS] table ips_jira_bugs rowcount after insert: 2537
2026-01-29 14:00:46,197 [INFO][CUSTOMER_BUGS] HSD refresh in ips_jira_bugs: updated 2 row(s); inserted 1 new; skipped 1 unmatched (sample unmatched: NA)
2026-01-29 14:00:46,197 [INFO][CUSTOMER_BUGS] HSD matches: hsd_id=22021722214 promoted=WIFI-784973 via jira_id=WIFI-784973; hsd_id=22021810173 promoted=WIFI-789469 via jira_id=WIFI-789469
2026-01-29 14:00:46,197 [INFO][CUSTOMER_BUGS] HSD unmatched details: hsd_id=22021978908 promoted=NA (no match)
2026-01-29 14:00:46,197 [INFO] HSD-only: refreshed 3 row(s) in ips_jira_bugs (input rows=3)
2026-01-29 14:00:46,197 [INFO][wireless_ips_hsd] HSD-only: refreshed 3 row(s) in ips_jira_bugs (input rows=3)
2026-01-29 14:00:46,197 [INFO][CUSTOMER_BUGS] DTOR - DbConnector
2026-01-29 14:00:46,198 [INFO] === Stage timing summary (seconds) ===
2026-01-29 14:00:46,198 [INFO][wireless_ips_hsd] === Stage timing summary (seconds) ===
2026-01-29 14:00:46,198 [INFO] HSD_fetch          0.76
2026-01-29 14:00:46,198 [INFO][wireless_ips_hsd] HSD_fetch          0.76
2026-01-29 14:00:46,198 [INFO] Postgres_insert    4.85
2026-01-29 14:00:46,198 [INFO][wireless_ips_hsd] Postgres_insert    4.85
2026-01-29 14:00:46,198 [INFO] TOTAL              5.61
2026-01-29 14:00:46,198 [INFO][wireless_ips_hsd] TOTAL              5.61
[Thu 01/29/2026 14:00:46.32] Finished with exit code 0 
