[Wed 04/08/2026 11:15:01.96] Starting HSD-only job 
[INFO] Python executable: C:\Users\jtsao1\OneDrive - Intel Corporation\Documents\My workspace\jira_ips_tat_HP\jira_tat\jira_customer_tat\.venv\Scripts\python.exe 
did not find executable at 'C:\Program Files\Python314\python.exe': The system cannot find the file specified.

[WARN] Selected Python is not runnable. Falling back to PATH python. 
[INFO] Python executable fallback: python 
Python 3.14.3
[INFO] REQUESTS_CA_BUNDLE=C:\Python314\Lib\site-packages\certifi\cacert.pem 
2026-04-08 11:15:04,782 [INFO] Run options: RunOptions(enable_jira_tat=True, enable_jira_comment_analysis=False, enable_jira_initial_component=True, enable_jira_duplicate_sw_check=True, log_jira_tat_dict=False, limit_ips=0, limit_jira=0, enable_db_insert=True, db_recreate_table=True, db_use_batch_insert=False, db_batch_page_size=200)
2026-04-08 11:15:04,782 [INFO][wireless_ips_hsd] Run options: RunOptions(enable_jira_tat=True, enable_jira_comment_analysis=False, enable_jira_initial_component=True, enable_jira_duplicate_sw_check=True, log_jira_tat_dict=False, limit_ips=0, limit_jira=0, enable_db_insert=True, db_recreate_table=True, db_use_batch_insert=False, db_batch_page_size=200)
2026-04-08 11:15:04,782 [DEBUG][hsd_access] Using existing KRB5CCNAME=FILE:C:\Temp\krb5cache
2026-04-08 11:15:04,783 [INFO] Kerberos credential cache in use: FILE:C:\Temp\krb5cache
2026-04-08 11:15:04,783 [INFO][hsd_access] Kerberos credential cache in use: FILE:C:\Temp\krb5cache
2026-04-08 11:15:04,784 [INFO] Using Kerberos authentication with cache FILE:C:\Temp\krb5cache
2026-04-08 11:15:04,784 [INFO][hsd_access] Using Kerberos authentication with cache FILE:C:\Temp\krb5cache
2026-04-08 11:15:04,784 [WARNING] SSL verification disabled for HSD API requests; set HSD_CA_CERT to enable.
2026-04-08 11:15:04,784 [WARNING][hsd_access] SSL verification disabled for HSD API requests; set HSD_CA_CERT to enable.
2026-04-08 11:15:04,784 [INFO] HSD authentication mode in use: kerberos
2026-04-08 11:15:04,784 [INFO][hsd_access] HSD authentication mode in use: kerberos
2026-04-08 11:15:04,785 [INFO] Fetching bugs from saved query ID: 16021056445 (limit: 500)
2026-04-08 11:15:04,785 [INFO][hsd_access] Fetching bugs from saved query ID: 16021056445 (limit: 500)
2026-04-08 11:15:04,785 [INFO] Query URL: https://hsdes.intel.com/appstore/generalapps/#/pages/community/1203659509?queryId=16021056445
2026-04-08 11:15:04,785 [INFO][hsd_access] Query URL: https://hsdes.intel.com/appstore/generalapps/#/pages/community/1203659509?queryId=16021056445
2026-04-08 11:15:04,785 [INFO] [Attempt 1/5] Trying endpoint: https://hsdes-api.intel.com/rest/query/16021056445
2026-04-08 11:15:04,785 [INFO][hsd_access] [Attempt 1/5] Trying endpoint: https://hsdes-api.intel.com/rest/query/16021056445
2026-04-08 11:15:04,785 [DEBUG][hsd_access] API request: GET https://hsdes-api.intel.com/rest/query/16021056445
2026-04-08 11:15:07,893 [INFO] Successfully fetched 8 bugs from query 16021056445
2026-04-08 11:15:07,893 [INFO][hsd_access] Successfully fetched 8 bugs from query 16021056445
2026-04-08 11:15:07,896 [INFO] Owner filter reduced HSD list to 6 rows
2026-04-08 11:15:07,896 [INFO][wireless_ips_hsd] Owner filter reduced HSD list to 6 rows
2026-04-08 11:15:07,896 [INFO] Fetched 6 HSD bug(s) via API
2026-04-08 11:15:07,896 [INFO][wireless_ips_hsd] Fetched 6 HSD bug(s) via API
2026-04-08 11:15:07,899 [INFO] HSD fetched ids: 16030160389, 22022045968, 22022266039, 22022269786, 22022269787, 22022275671
2026-04-08 11:15:07,899 [INFO][wireless_ips_hsd] HSD fetched ids: 16030160389, 22022045968, 22022266039, 22022269786, 22022269787, 22022275671
2026-04-08 11:15:07,900 [INFO][CUSTOMER_BUGS] CTOR - DbConnector
2026-04-08 11:15:10,679 [INFO][CUSTOMER_BUGS] DB connection info: host=postgres5108-lb-ir-in.dbaas.intel.com db=wirelesscustomerengineering schema=public search_path="$user", public
2026-04-08 11:15:13,143 [INFO][CUSTOMER_BUGS] update table with relevant data (row-by-row; slow) ..
2026-04-08 11:15:14,900 [INFO][CUSTOMER_BUGS] update is complete. 6 rows were inserted
2026-04-08 11:15:15,341 [INFO][CUSTOMER_BUGS] table ips_jira_bugs rowcount after insert: 8784
2026-04-08 11:15:15,341 [INFO][CUSTOMER_BUGS] HSD refresh in ips_jira_bugs: updated 0 row(s); inserted 6 new; skipped 6 unmatched (sample unmatched: NA, NA, NA, NA, NA)
2026-04-08 11:15:15,342 [INFO][CUSTOMER_BUGS] HSD unmatched details: hsd_id=16030160389 promoted=NA (no match); hsd_id=22022045968 promoted=NA (no match); hsd_id=22022266039 promoted=NA (no match); hsd_id=22022269786 promoted=NA (no match); hsd_id=22022269787 promoted=NA (no match); hsd_id=22022275671 promoted=NA (no match)
2026-04-08 11:15:15,342 [INFO] HSD-only: refreshed 6 row(s) in ips_jira_bugs (input rows=6)
2026-04-08 11:15:15,342 [INFO][wireless_ips_hsd] HSD-only: refreshed 6 row(s) in ips_jira_bugs (input rows=6)
2026-04-08 11:15:15,342 [INFO][CUSTOMER_BUGS] DTOR - DbConnector
2026-04-08 11:15:15,344 [INFO] === Stage timing summary (seconds) ===
2026-04-08 11:15:15,344 [INFO][wireless_ips_hsd] === Stage timing summary (seconds) ===
2026-04-08 11:15:15,344 [INFO] HSD_fetch          3.12
2026-04-08 11:15:15,344 [INFO][wireless_ips_hsd] HSD_fetch          3.12
2026-04-08 11:15:15,344 [INFO] Postgres_insert    7.44
2026-04-08 11:15:15,344 [INFO][wireless_ips_hsd] Postgres_insert    7.44
2026-04-08 11:15:15,344 [INFO] TOTAL             10.56
2026-04-08 11:15:15,344 [INFO][wireless_ips_hsd] TOTAL             10.56
[Wed 04/08/2026 11:15:15.67] Finished with exit code 0 
