[Tue 05/19/2026 11:15:02.59] Starting HSD-only job 
[INFO] Python executable: C:\Users\jtsao1\OneDrive - Intel Corporation\Documents\My workspace\jira_ips_tat_HP\jira_tat\jira_customer_tat\.venv\Scripts\python.exe 
did not find executable at 'C:\Program Files\Python314\python.exe': The system cannot find the file specified.

[WARN] Selected Python is not runnable. Falling back to PATH python. 
[INFO] Python executable fallback: python 
Python 3.14.3
[INFO] REQUESTS_CA_BUNDLE=C:\Python314\Lib\site-packages\certifi\cacert.pem 
2026-05-19 11:15:03,970 [WARNING] DDL safeguard active: forcing append mode (no DROP/CREATE). Use --allow-ddl to override.
2026-05-19 11:15:03,970 [WARNING][wireless_ips_hsd] DDL safeguard active: forcing append mode (no DROP/CREATE). Use --allow-ddl to override.
2026-05-19 11:15:03,970 [INFO] Run options: RunOptions(enable_jira_tat=True, enable_jira_comment_analysis=False, enable_jira_initial_component=True, enable_jira_duplicate_sw_check=True, log_jira_tat_dict=False, limit_ips=0, limit_jira=0, enable_db_insert=True, db_recreate_table=False, db_auto_add_missing_columns=False, db_use_batch_insert=False, db_batch_page_size=200)
2026-05-19 11:15:03,970 [INFO][wireless_ips_hsd] Run options: RunOptions(enable_jira_tat=True, enable_jira_comment_analysis=False, enable_jira_initial_component=True, enable_jira_duplicate_sw_check=True, log_jira_tat_dict=False, limit_ips=0, limit_jira=0, enable_db_insert=True, db_recreate_table=False, db_auto_add_missing_columns=False, db_use_batch_insert=False, db_batch_page_size=200)
2026-05-19 11:15:03,971 [DEBUG][hsd_access] Using existing KRB5CCNAME=FILE:C:\Temp\krb5cache
2026-05-19 11:15:03,974 [INFO] Kerberos credential cache in use: FILE:C:\Temp\krb5cache
2026-05-19 11:15:03,974 [INFO][hsd_access] Kerberos credential cache in use: FILE:C:\Temp\krb5cache
2026-05-19 11:15:03,974 [INFO] Using Kerberos authentication with cache FILE:C:\Temp\krb5cache
2026-05-19 11:15:03,974 [INFO][hsd_access] Using Kerberos authentication with cache FILE:C:\Temp\krb5cache
2026-05-19 11:15:03,975 [WARNING] SSL verification disabled for HSD API requests; set HSD_CA_CERT to enable.
2026-05-19 11:15:03,975 [WARNING][hsd_access] SSL verification disabled for HSD API requests; set HSD_CA_CERT to enable.
2026-05-19 11:15:03,975 [INFO] HSD authentication mode in use: kerberos
2026-05-19 11:15:03,975 [INFO][hsd_access] HSD authentication mode in use: kerberos
2026-05-19 11:15:03,975 [INFO] Fetching bugs from saved query ID: 15019322642 (limit: 500)
2026-05-19 11:15:03,975 [INFO][hsd_access] Fetching bugs from saved query ID: 15019322642 (limit: 500)
2026-05-19 11:15:03,976 [INFO] Query URL: https://hsdes.intel.com/appstore/generalapps/#/pages/community/1203659509?queryId=15019322642
2026-05-19 11:15:03,976 [INFO][hsd_access] Query URL: https://hsdes.intel.com/appstore/generalapps/#/pages/community/1203659509?queryId=15019322642
2026-05-19 11:15:03,976 [INFO] [Attempt 1/5] Trying endpoint: https://hsdes-api.intel.com/rest/query/15019322642
2026-05-19 11:15:03,976 [INFO][hsd_access] [Attempt 1/5] Trying endpoint: https://hsdes-api.intel.com/rest/query/15019322642
2026-05-19 11:15:03,976 [DEBUG][hsd_access] API request: GET https://hsdes-api.intel.com/rest/query/15019322642
2026-05-19 11:15:05,858 [INFO] Successfully fetched 4 bugs from query 15019322642
2026-05-19 11:15:05,858 [INFO][hsd_access] Successfully fetched 4 bugs from query 15019322642
2026-05-19 11:15:05,860 [INFO] Owner filter reduced HSD list to 4 rows
2026-05-19 11:15:05,860 [INFO][wireless_ips_hsd] Owner filter reduced HSD list to 4 rows
2026-05-19 11:15:05,860 [INFO] Fetched 4 HSD bug(s) via API
2026-05-19 11:15:05,860 [INFO][wireless_ips_hsd] Fetched 4 HSD bug(s) via API
2026-05-19 11:15:05,861 [INFO] HSD fetched ids: 22022266039, 22022335060, 22022480602, 22022505627
2026-05-19 11:15:05,861 [INFO][wireless_ips_hsd] HSD fetched ids: 22022266039, 22022335060, 22022480602, 22022505627
2026-05-19 11:15:05,861 [INFO][CUSTOMER_BUGS] CTOR - DbConnector
2026-05-19 11:15:08,062 [INFO][CUSTOMER_BUGS] DB connection info: host=10-108-27-113.dbaas.intel.com db=wirelesscustomerengineering schema=public search_path="$user", public, dbaas_admin
2026-05-19 11:15:11,470 [INFO][CUSTOMER_BUGS] update table with relevant data (row-by-row; slow) ..
2026-05-19 11:15:12,179 [INFO][CUSTOMER_BUGS] update is complete. 1 rows were inserted
2026-05-19 11:15:12,657 [INFO][CUSTOMER_BUGS] table ips_jira_bugs rowcount after insert: 15586
2026-05-19 11:15:12,658 [INFO][CUSTOMER_BUGS] HSD refresh in ips_jira_bugs: updated 3 row(s); inserted 1 new; skipped 1 unmatched (sample unmatched: NA)
2026-05-19 11:15:12,658 [INFO][CUSTOMER_BUGS] HSD matches: hsd_id=22022266039 promoted=NA via hsd_id=22022266039; hsd_id=22022335060 promoted=NA via hsd_id=22022335060; hsd_id=22022480602 promoted=NA via hsd_id=22022480602
2026-05-19 11:15:12,658 [INFO][CUSTOMER_BUGS] HSD unmatched details: hsd_id=22022505627 promoted=NA (no match)
2026-05-19 11:15:12,658 [INFO] HSD-only: refreshed 4 row(s) in ips_jira_bugs (input rows=4)
2026-05-19 11:15:12,658 [INFO][wireless_ips_hsd] HSD-only: refreshed 4 row(s) in ips_jira_bugs (input rows=4)
2026-05-19 11:15:12,658 [INFO][CUSTOMER_BUGS] DTOR - DbConnector
2026-05-19 11:15:12,660 [INFO] === Stage timing summary (seconds) ===
2026-05-19 11:15:12,660 [INFO][wireless_ips_hsd] === Stage timing summary (seconds) ===
2026-05-19 11:15:12,660 [INFO] HSD_fetch          1.89
2026-05-19 11:15:12,660 [INFO][wireless_ips_hsd] HSD_fetch          1.89
2026-05-19 11:15:12,660 [INFO] Postgres_insert    6.80
2026-05-19 11:15:12,660 [INFO][wireless_ips_hsd] Postgres_insert    6.80
2026-05-19 11:15:12,660 [INFO] TOTAL              8.69
2026-05-19 11:15:12,660 [INFO][wireless_ips_hsd] TOTAL              8.69
[Tue 05/19/2026 11:15:12.89] Finished with exit code 0 
