[Thu 01/29/2026 11:43:55.69] Starting HSD-only job 
2026-01-29 11:43:56,661 [INFO] Run options: RunOptions(enable_jira_tat=True, enable_jira_comment_analysis=True, enable_jira_initial_component=True, enable_jira_duplicate_sw_check=True, log_jira_tat_dict=False, limit_ips=0, limit_jira=0, enable_db_insert=True, db_recreate_table=True, db_use_batch_insert=False, db_batch_page_size=200)
2026-01-29 11:43:56,661 [INFO][wireless_ips_hsd] Run options: RunOptions(enable_jira_tat=True, enable_jira_comment_analysis=True, enable_jira_initial_component=True, enable_jira_duplicate_sw_check=True, log_jira_tat_dict=False, limit_ips=0, limit_jira=0, enable_db_insert=True, db_recreate_table=True, db_use_batch_insert=False, db_batch_page_size=200)
2026-01-29 11:43:56,663 [DEBUG][hsd_access] Using existing KRB5CCNAME=FILE:C:\Temp\krb5cache
2026-01-29 11:43:56,663 [INFO] Kerberos credential cache in use: FILE:C:\Temp\krb5cache
2026-01-29 11:43:56,663 [INFO][hsd_access] Kerberos credential cache in use: FILE:C:\Temp\krb5cache
2026-01-29 11:43:56,664 [INFO] Using Kerberos authentication with cache FILE:C:\Temp\krb5cache
2026-01-29 11:43:56,664 [INFO][hsd_access] Using Kerberos authentication with cache FILE:C:\Temp\krb5cache
2026-01-29 11:43:56,664 [WARNING] SSL verification disabled for HSD API requests; set HSD_CA_CERT to enable.
2026-01-29 11:43:56,664 [WARNING][hsd_access] SSL verification disabled for HSD API requests; set HSD_CA_CERT to enable.
2026-01-29 11:43:56,664 [INFO] HSD authentication mode in use: kerberos
2026-01-29 11:43:56,664 [INFO][hsd_access] HSD authentication mode in use: kerberos
2026-01-29 11:43:56,664 [INFO] Fetching bugs from saved query ID: 16021056445 (limit: 500)
2026-01-29 11:43:56,664 [INFO][hsd_access] Fetching bugs from saved query ID: 16021056445 (limit: 500)
2026-01-29 11:43:56,664 [INFO] Query URL: https://hsdes.intel.com/appstore/generalapps/#/pages/community/1203659509?queryId=16021056445
2026-01-29 11:43:56,664 [INFO][hsd_access] Query URL: https://hsdes.intel.com/appstore/generalapps/#/pages/community/1203659509?queryId=16021056445
2026-01-29 11:43:56,664 [INFO] [Attempt 1/5] Trying endpoint: https://hsdes-api.intel.com/rest/query/16021056445
2026-01-29 11:43:56,664 [INFO][hsd_access] [Attempt 1/5] Trying endpoint: https://hsdes-api.intel.com/rest/query/16021056445
2026-01-29 11:43:56,665 [DEBUG][hsd_access] API request: GET https://hsdes-api.intel.com/rest/query/16021056445
2026-01-29 11:43:58,036 [INFO] Successfully fetched 7 bugs from query 16021056445
2026-01-29 11:43:58,036 [INFO][hsd_access] Successfully fetched 7 bugs from query 16021056445
2026-01-29 11:43:58,037 [INFO] Fetched 7 HSD bug(s) via API
2026-01-29 11:43:58,037 [INFO][wireless_ips_hsd] Fetched 7 HSD bug(s) via API
2026-01-29 11:43:58,038 [INFO][CUSTOMER_BUGS] CTOR - DbConnector
2026-01-29 11:44:00,543 [INFO][CUSTOMER_BUGS] DB connection info: host=postgres5108-lb-ir-in.dbaas.intel.com db=wirelesscustomerengineering schema=public search_path="$user", public
2026-01-29 11:44:02,548 [INFO][CUSTOMER_BUGS] HSD refresh in ips_jira_bugs: updated 2 row(s); skipped 5 unmatched
2026-01-29 11:44:02,548 [INFO] HSD-only: refreshed 2 row(s) in ips_jira_bugs (input rows=7)
2026-01-29 11:44:02,548 [INFO][wireless_ips_hsd] HSD-only: refreshed 2 row(s) in ips_jira_bugs (input rows=7)
2026-01-29 11:44:02,548 [INFO][CUSTOMER_BUGS] DTOR - DbConnector
2026-01-29 11:44:02,548 [INFO] === Stage timing summary (seconds) ===
2026-01-29 11:44:02,548 [INFO][wireless_ips_hsd] === Stage timing summary (seconds) ===
2026-01-29 11:44:02,549 [INFO] HSD_fetch          1.38
2026-01-29 11:44:02,549 [INFO][wireless_ips_hsd] HSD_fetch          1.38
2026-01-29 11:44:02,549 [INFO] Postgres_insert    4.51
2026-01-29 11:44:02,549 [INFO][wireless_ips_hsd] Postgres_insert    4.51
2026-01-29 11:44:02,549 [INFO] TOTAL              5.89
2026-01-29 11:44:02,549 [INFO][wireless_ips_hsd] TOTAL              5.89
[Thu 01/29/2026 11:44:02.67] Finished with exit code 0 
