[Tue 01/27/2026 11:00:03.83] Starting HSD-only job 
2026-01-27 11:00:07,603 [INFO] Run options: RunOptions(enable_jira_tat=True, enable_jira_comment_analysis=True, enable_jira_initial_component=True, enable_jira_duplicate_sw_check=True, log_jira_tat_dict=False, limit_ips=0, limit_jira=0, enable_db_insert=True, db_recreate_table=True, db_use_batch_insert=False, db_batch_page_size=200)
2026-01-27 11:00:07,603 [INFO][wireless_ips_hsd] Run options: RunOptions(enable_jira_tat=True, enable_jira_comment_analysis=True, enable_jira_initial_component=True, enable_jira_duplicate_sw_check=True, log_jira_tat_dict=False, limit_ips=0, limit_jira=0, enable_db_insert=True, db_recreate_table=True, db_use_batch_insert=False, db_batch_page_size=200)
2026-01-27 11:00:07,604 [WARNING] KRB5CCNAME not set; Kerberos will use the system default credential cache.
2026-01-27 11:00:07,604 [WARNING][hsd_access] KRB5CCNAME not set; Kerberos will use the system default credential cache.
2026-01-27 11:00:07,605 [INFO] Kerberos credential cache in use: system default
2026-01-27 11:00:07,605 [INFO][hsd_access] Kerberos credential cache in use: system default
2026-01-27 11:00:07,606 [INFO] Using Kerberos authentication; ensure 'kinit' has been run and KRB5CCNAME is set.
2026-01-27 11:00:07,606 [INFO][hsd_access] Using Kerberos authentication; ensure 'kinit' has been run and KRB5CCNAME is set.
2026-01-27 11:00:07,606 [INFO] HSD authentication mode in use: kerberos
2026-01-27 11:00:07,606 [INFO][hsd_access] HSD authentication mode in use: kerberos
2026-01-27 11:00:07,606 [INFO] Fetching bugs from saved query ID: 16021056445 (limit: 500)
2026-01-27 11:00:07,606 [INFO][hsd_access] Fetching bugs from saved query ID: 16021056445 (limit: 500)
2026-01-27 11:00:07,607 [INFO] Query URL: https://hsdes.intel.com/appstore/generalapps/#/pages/community/1203659509?queryId=16021056445
2026-01-27 11:00:07,607 [INFO][hsd_access] Query URL: https://hsdes.intel.com/appstore/generalapps/#/pages/community/1203659509?queryId=16021056445
2026-01-27 11:00:07,607 [INFO] [Attempt 1/5] Trying endpoint: https://hsdes-api.intel.com/rest/query/16021056445
2026-01-27 11:00:07,607 [INFO][hsd_access] [Attempt 1/5] Trying endpoint: https://hsdes-api.intel.com/rest/query/16021056445
2026-01-27 11:00:07,608 [DEBUG][hsd_access] API request: GET https://hsdes-api.intel.com/rest/query/16021056445
2026-01-27 11:00:11,499 [INFO] Successfully fetched 7 bugs from query 16021056445
2026-01-27 11:00:11,499 [INFO][hsd_access] Successfully fetched 7 bugs from query 16021056445
2026-01-27 11:00:11,501 [INFO] Fetched 7 HSD bug(s) via API
2026-01-27 11:00:11,501 [INFO][wireless_ips_hsd] Fetched 7 HSD bug(s) via API
2026-01-27 11:00:17,942 [INFO] === Stage timing summary (seconds) ===
2026-01-27 11:00:17,942 [INFO][wireless_ips_hsd] === Stage timing summary (seconds) ===
2026-01-27 11:00:17,942 [INFO] HSD_fetch          3.90
2026-01-27 11:00:17,942 [INFO][wireless_ips_hsd] HSD_fetch          3.90
2026-01-27 11:00:17,942 [INFO] Postgres_insert    6.44
2026-01-27 11:00:17,942 [INFO][wireless_ips_hsd] Postgres_insert    6.44
2026-01-27 11:00:17,942 [INFO] TOTAL             10.34
2026-01-27 11:00:17,942 [INFO][wireless_ips_hsd] TOTAL             10.34
[Tue 01/27/2026 11:00:18.95] Finished with exit code 0 
