[Wed 05/20/2026 19:35:21.55] Starting HSD-only job 
[INFO] Python executable: C:\Users\jtsao1\OneDrive - Intel Corporation\Documents\My workspace\jira_ips_tat_HP\jira_tat\jira_customer_tat\.venv\Scripts\python.exe 
did not find executable at 'C:\Program Files\Python314\python.exe': The system cannot find the file specified.

[WARN] Selected Python is not runnable. Falling back to PATH python. 
[INFO] Python executable fallback: python 
Python 3.14.3
[INFO] REQUESTS_CA_BUNDLE=C:\Python314\Lib\site-packages\certifi\cacert.pem 
2026-05-20 19:35:22,611 [WARNING] DDL safeguard active: forcing append mode (no DROP/CREATE). Use --allow-ddl to override.
2026-05-20 19:35:22,611 [WARNING][wireless_ips_hsd] DDL safeguard active: forcing append mode (no DROP/CREATE). Use --allow-ddl to override.
2026-05-20 19:35:22,611 [INFO] Run options: RunOptions(enable_jira_tat=True, enable_jira_comment_analysis=False, enable_jira_initial_component=True, enable_jira_duplicate_sw_check=True, log_jira_tat_dict=False, limit_ips=0, limit_jira=0, enable_db_insert=True, db_recreate_table=False, db_auto_add_missing_columns=False, db_use_batch_insert=False, db_batch_page_size=200)
2026-05-20 19:35:22,611 [INFO][wireless_ips_hsd] Run options: RunOptions(enable_jira_tat=True, enable_jira_comment_analysis=False, enable_jira_initial_component=True, enable_jira_duplicate_sw_check=True, log_jira_tat_dict=False, limit_ips=0, limit_jira=0, enable_db_insert=True, db_recreate_table=False, db_auto_add_missing_columns=False, db_use_batch_insert=False, db_batch_page_size=200)
2026-05-20 19:35:22,611 [DEBUG][hsd_access] Using existing KRB5CCNAME=FILE:C:\Temp\krb5cache
2026-05-20 19:35:22,612 [INFO] Kerberos credential cache in use: FILE:C:\Temp\krb5cache
2026-05-20 19:35:22,612 [INFO][hsd_access] Kerberos credential cache in use: FILE:C:\Temp\krb5cache
2026-05-20 19:35:22,612 [INFO] Using Kerberos authentication with cache FILE:C:\Temp\krb5cache
2026-05-20 19:35:22,612 [INFO][hsd_access] Using Kerberos authentication with cache FILE:C:\Temp\krb5cache
2026-05-20 19:35:22,612 [WARNING] SSL verification disabled for HSD API requests; set HSD_CA_CERT to enable.
2026-05-20 19:35:22,612 [WARNING][hsd_access] SSL verification disabled for HSD API requests; set HSD_CA_CERT to enable.
2026-05-20 19:35:22,612 [INFO] HSD authentication mode in use: kerberos
2026-05-20 19:35:22,612 [INFO][hsd_access] HSD authentication mode in use: kerberos
2026-05-20 19:35:22,612 [INFO] Fetching bugs from saved query ID: 15019322642 (limit: 500)
2026-05-20 19:35:22,612 [INFO][hsd_access] Fetching bugs from saved query ID: 15019322642 (limit: 500)
2026-05-20 19:35:22,613 [INFO] Query URL: https://hsdes.intel.com/appstore/generalapps/#/pages/community/1203659509?queryId=15019322642
2026-05-20 19:35:22,613 [INFO][hsd_access] Query URL: https://hsdes.intel.com/appstore/generalapps/#/pages/community/1203659509?queryId=15019322642
2026-05-20 19:35:22,613 [INFO] [Attempt 1/5] Trying endpoint: https://hsdes-api.intel.com/rest/query/15019322642
2026-05-20 19:35:22,613 [INFO][hsd_access] [Attempt 1/5] Trying endpoint: https://hsdes-api.intel.com/rest/query/15019322642
2026-05-20 19:35:22,613 [DEBUG][hsd_access] API request: GET https://hsdes-api.intel.com/rest/query/15019322642
2026-05-20 19:35:23,508 [INFO] Successfully fetched 5 bugs from query 15019322642
2026-05-20 19:35:23,508 [INFO][hsd_access] Successfully fetched 5 bugs from query 15019322642
2026-05-20 19:35:23,509 [INFO] Owner filter reduced HSD list to 5 rows
2026-05-20 19:35:23,509 [INFO][wireless_ips_hsd] Owner filter reduced HSD list to 5 rows
2026-05-20 19:35:23,509 [INFO] Fetched 5 HSD bug(s) via API
2026-05-20 19:35:23,509 [INFO][wireless_ips_hsd] Fetched 5 HSD bug(s) via API
2026-05-20 19:35:23,510 [INFO] HSD fetched ids: 22022266039, 22022299872, 22022335060, 22022480602, 22022505627
2026-05-20 19:35:23,510 [INFO][wireless_ips_hsd] HSD fetched ids: 22022266039, 22022299872, 22022335060, 22022480602, 22022505627
2026-05-20 19:35:23,510 [INFO][CUSTOMER_BUGS] CTOR - DbConnector
2026-05-20 19:35:25,694 [INFO][CUSTOMER_BUGS] DB connection info: host=10-108-27-113.dbaas.intel.com db=wirelesscustomerengineering schema=public search_path="$user", public, dbaas_admin
2026-05-20 19:35:26,183 [INFO] HSD pre-sync cleanup cleared 0 stale row(s) in ips_jira_bugs for owners=bingyues,brentonw,caizhiqi,chenmatt,chuchar1,flee5,frankfcy,jtsao1,jzou6,szchen,timdaway,wesleyku,yaochien,yuweich1 from 2025-01-01
2026-05-20 19:35:26,183 [INFO][wireless_ips_hsd] HSD pre-sync cleanup cleared 0 stale row(s) in ips_jira_bugs for owners=bingyues,brentonw,caizhiqi,chenmatt,chuchar1,flee5,frankfcy,jtsao1,jzou6,szchen,timdaway,wesleyku,yaochien,yuweich1 from 2025-01-01
2026-05-20 19:35:26,183 [INFO][CUSTOMER_BUGS] DTOR - DbConnector
2026-05-20 19:35:26,184 [INFO][CUSTOMER_BUGS] CTOR - DbConnector
2026-05-20 19:35:28,389 [INFO][CUSTOMER_BUGS] DB connection info: host=10-108-27-113.dbaas.intel.com db=wirelesscustomerengineering schema=public search_path="$user", public, dbaas_admin
2026-05-20 19:35:31,344 [INFO][CUSTOMER_BUGS] HSD refresh in ips_jira_bugs: updated 5 row(s); inserted 0 new; skipped 0 unmatched
2026-05-20 19:35:31,344 [INFO][CUSTOMER_BUGS] HSD matches: hsd_id=22022266039 promoted=NA via hsd_id=22022266039; hsd_id=22022299872 promoted=NA via hsd_id=22022299872; hsd_id=22022335060 promoted=NA via hsd_id=22022335060; hsd_id=22022480602 promoted=NA via hsd_id=22022480602; hsd_id=22022505627 promoted=NA via hsd_id=22022505627
2026-05-20 19:35:31,344 [INFO] HSD-only: refreshed 5 row(s) in ips_jira_bugs (input rows=5)
2026-05-20 19:35:31,344 [INFO][wireless_ips_hsd] HSD-only: refreshed 5 row(s) in ips_jira_bugs (input rows=5)
2026-05-20 19:35:31,344 [INFO][CUSTOMER_BUGS] DTOR - DbConnector
2026-05-20 19:35:31,344 [INFO] === Stage timing summary (seconds) ===
2026-05-20 19:35:31,344 [INFO][wireless_ips_hsd] === Stage timing summary (seconds) ===
2026-05-20 19:35:31,345 [INFO] HSD_fetch          0.90
2026-05-20 19:35:31,345 [INFO][wireless_ips_hsd] HSD_fetch          0.90
2026-05-20 19:35:31,345 [INFO] Postgres_insert    7.83
2026-05-20 19:35:31,345 [INFO][wireless_ips_hsd] Postgres_insert    7.83
2026-05-20 19:35:31,345 [INFO] TOTAL              8.73
2026-05-20 19:35:31,345 [INFO][wireless_ips_hsd] TOTAL              8.73
[Wed 05/20/2026 19:35:31.44] Finished with exit code 0 
