[Mon 03/16/2026 11:15:02.20] Starting HSD-only job 
[INFO] Python executable: C:\Users\jtsao1\OneDrive - Intel Corporation\Documents\My workspace\jira_ips_tat_HP\jira_tat\jira_customer_tat\.venv\Scripts\python.exe 
did not find executable at 'C:\Program Files\Python314\python.exe': The system cannot find the file specified.

[WARN] Selected Python is not runnable. Falling back to PATH python. 
[INFO] Python executable fallback: python 
Python 3.14.3
[INFO] REQUESTS_CA_BUNDLE=C:\Python314\Lib\site-packages\certifi\cacert.pem 
2026-03-16 11:15:06,667 [INFO] Run options: RunOptions(enable_jira_tat=True, enable_jira_comment_analysis=False, enable_jira_initial_component=True, enable_jira_duplicate_sw_check=True, log_jira_tat_dict=False, limit_ips=0, limit_jira=0, enable_db_insert=True, db_recreate_table=True, db_use_batch_insert=False, db_batch_page_size=200)
2026-03-16 11:15:06,667 [INFO][wireless_ips_hsd] Run options: RunOptions(enable_jira_tat=True, enable_jira_comment_analysis=False, enable_jira_initial_component=True, enable_jira_duplicate_sw_check=True, log_jira_tat_dict=False, limit_ips=0, limit_jira=0, enable_db_insert=True, db_recreate_table=True, db_use_batch_insert=False, db_batch_page_size=200)
2026-03-16 11:15:06,668 [DEBUG][hsd_access] Using existing KRB5CCNAME=FILE:C:\Temp\krb5cache
2026-03-16 11:15:06,671 [INFO] Kerberos credential cache in use: FILE:C:\Temp\krb5cache
2026-03-16 11:15:06,671 [INFO][hsd_access] Kerberos credential cache in use: FILE:C:\Temp\krb5cache
2026-03-16 11:15:06,672 [INFO] Using Kerberos authentication with cache FILE:C:\Temp\krb5cache
2026-03-16 11:15:06,672 [INFO][hsd_access] Using Kerberos authentication with cache FILE:C:\Temp\krb5cache
2026-03-16 11:15:06,672 [WARNING] SSL verification disabled for HSD API requests; set HSD_CA_CERT to enable.
2026-03-16 11:15:06,672 [WARNING][hsd_access] SSL verification disabled for HSD API requests; set HSD_CA_CERT to enable.
2026-03-16 11:15:06,673 [INFO] HSD authentication mode in use: kerberos
2026-03-16 11:15:06,673 [INFO][hsd_access] HSD authentication mode in use: kerberos
2026-03-16 11:15:06,673 [INFO] Fetching bugs from saved query ID: 16021056445 (limit: 500)
2026-03-16 11:15:06,673 [INFO][hsd_access] Fetching bugs from saved query ID: 16021056445 (limit: 500)
2026-03-16 11:15:06,674 [INFO] Query URL: https://hsdes.intel.com/appstore/generalapps/#/pages/community/1203659509?queryId=16021056445
2026-03-16 11:15:06,674 [INFO][hsd_access] Query URL: https://hsdes.intel.com/appstore/generalapps/#/pages/community/1203659509?queryId=16021056445
2026-03-16 11:15:06,675 [INFO] [Attempt 1/5] Trying endpoint: https://hsdes-api.intel.com/rest/query/16021056445
2026-03-16 11:15:06,675 [INFO][hsd_access] [Attempt 1/5] Trying endpoint: https://hsdes-api.intel.com/rest/query/16021056445
2026-03-16 11:15:06,675 [DEBUG][hsd_access] API request: GET https://hsdes-api.intel.com/rest/query/16021056445
2026-03-16 11:15:10,250 [INFO] Successfully fetched 6 bugs from query 16021056445
2026-03-16 11:15:10,250 [INFO][hsd_access] Successfully fetched 6 bugs from query 16021056445
2026-03-16 11:15:10,252 [INFO] Owner filter reduced HSD list to 4 rows
2026-03-16 11:15:10,252 [INFO][wireless_ips_hsd] Owner filter reduced HSD list to 4 rows
2026-03-16 11:15:10,253 [INFO] Fetched 4 HSD bug(s) via API
2026-03-16 11:15:10,253 [INFO][wireless_ips_hsd] Fetched 4 HSD bug(s) via API
2026-03-16 11:15:10,255 [INFO] HSD fetched ids: 22021810173, 22022045968, 22022098019, 22022137274
2026-03-16 11:15:10,255 [INFO][wireless_ips_hsd] HSD fetched ids: 22021810173, 22022045968, 22022098019, 22022137274
2026-03-16 11:15:10,256 [INFO][CUSTOMER_BUGS] CTOR - DbConnector
2026-03-16 11:15:13,220 [INFO][CUSTOMER_BUGS] DB connection info: host=postgres5108-lb-ir-in.dbaas.intel.com db=wirelesscustomerengineering schema=public search_path="$user", public
2026-03-16 11:15:15,476 [INFO][CUSTOMER_BUGS] update table with relevant data (row-by-row; slow) ..
2026-03-16 11:15:16,705 [INFO][CUSTOMER_BUGS] update is complete. 3 rows were inserted
2026-03-16 11:15:17,210 [INFO][CUSTOMER_BUGS] table ips_jira_bugs rowcount after insert: 8646
2026-03-16 11:15:17,210 [INFO][CUSTOMER_BUGS] HSD refresh in ips_jira_bugs: updated 1 row(s); inserted 3 new; skipped 3 unmatched (sample unmatched: NA, NA, NA)
2026-03-16 11:15:17,210 [INFO][CUSTOMER_BUGS] HSD matches: hsd_id=22021810173 promoted=WIFI-789469 via jira_id=WIFI-789469
2026-03-16 11:15:17,211 [INFO][CUSTOMER_BUGS] HSD unmatched details: hsd_id=22022045968 promoted=NA (no match); hsd_id=22022098019 promoted=NA (no match); hsd_id=22022137274 promoted=NA (no match)
2026-03-16 11:15:17,211 [INFO] HSD-only: refreshed 4 row(s) in ips_jira_bugs (input rows=4)
2026-03-16 11:15:17,211 [INFO][wireless_ips_hsd] HSD-only: refreshed 4 row(s) in ips_jira_bugs (input rows=4)
2026-03-16 11:15:17,211 [INFO][CUSTOMER_BUGS] DTOR - DbConnector
2026-03-16 11:15:17,212 [INFO] === Stage timing summary (seconds) ===
2026-03-16 11:15:17,212 [INFO][wireless_ips_hsd] === Stage timing summary (seconds) ===
2026-03-16 11:15:17,212 [INFO] HSD_fetch          3.59
2026-03-16 11:15:17,212 [INFO][wireless_ips_hsd] HSD_fetch          3.59
2026-03-16 11:15:17,213 [INFO] Postgres_insert    6.96
2026-03-16 11:15:17,213 [INFO][wireless_ips_hsd] Postgres_insert    6.96
2026-03-16 11:15:17,213 [INFO] TOTAL             10.54
2026-03-16 11:15:17,213 [INFO][wireless_ips_hsd] TOTAL             10.54
[Mon 03/16/2026 11:15:17.44] Finished with exit code 0 
