[Fri 02/06/2026 23:08:17.09] Starting HSD-only job 
Traceback (most recent call last):
  File "C:\Users\jtsao1\OneDrive - Intel Corporation\Documents\My workspace\jira_ips_tat_HP\jira_tat\jira_customer_tat\wireless_bug_dashboard_ips_hsd_jira.py", line 18, in <module>
    import HSD_access as hsd_access  # type: ignore
    ^^^^^^^^^^^^^^^^^^^^^^^^^^^^^^^
  File "C:\Users\jtsao1\OneDrive - Intel Corporation\Documents\My workspace\jira_ips_tat_HP\jira_tat\jira_customer_tat\HSD_access.py", line 253, in <module>
    @dataclass
     ^^^^^^^^^
  File "C:\Program Files\Python314\Lib\dataclasses.py", line 1442, in dataclass
    return wrap(cls)
  File "C:\Program Files\Python314\Lib\dataclasses.py", line 1432, in wrap
    return _process_class(cls, init, repr, eq, order, unsafe_hash,
                          frozen, match_args, kw_only, slots,
                          weakref_slot)
  File "C:\Program Files\Python314\Lib\dataclasses.py", line 1136, in _process_class
    _init_fn(all_init_fields,
    ~~~~~~~~^^^^^^^^^^^^^^^^^
             std_init_fields,
             ^^^^^^^^^^^^^^^^
    ...<9 lines>...
             slots,
             ^^^^^^
             )
             ^
  File "C:\Program Files\Python314\Lib\dataclasses.py", line 687, in _init_fn
    raise TypeError(f'non-default argument {f.name!r} '
                    f'follows default argument {seen_default.name!r}')
TypeError: non-default argument 'severity' follows default argument 'status_reason'
[Fri 02/06/2026 23:08:17.95] Finished with exit code 1 
