[Sat 02/07/2026 11:15:02.21] Starting HSD-only job 
2026-02-07 11:15:03,539 [INFO] Run options: RunOptions(enable_jira_tat=True, enable_jira_comment_analysis=False, enable_jira_initial_component=True, enable_jira_duplicate_sw_check=True, log_jira_tat_dict=False, limit_ips=0, limit_jira=0, enable_db_insert=True, db_recreate_table=True, db_use_batch_insert=False, db_batch_page_size=200)
2026-02-07 11:15:03,539 [INFO][wireless_ips_hsd] Run options: RunOptions(enable_jira_tat=True, enable_jira_comment_analysis=False, enable_jira_initial_component=True, enable_jira_duplicate_sw_check=True, log_jira_tat_dict=False, limit_ips=0, limit_jira=0, enable_db_insert=True, db_recreate_table=True, db_use_batch_insert=False, db_batch_page_size=200)
2026-02-07 11:15:03,540 [DEBUG][hsd_access] Using existing KRB5CCNAME=FILE:C:\Temp\krb5cache
2026-02-07 11:15:03,540 [INFO] Kerberos credential cache in use: FILE:C:\Temp\krb5cache
2026-02-07 11:15:03,540 [INFO][hsd_access] Kerberos credential cache in use: FILE:C:\Temp\krb5cache
2026-02-07 11:15:03,540 [INFO] Using Kerberos authentication with cache FILE:C:\Temp\krb5cache
2026-02-07 11:15:03,540 [INFO][hsd_access] Using Kerberos authentication with cache FILE:C:\Temp\krb5cache
2026-02-07 11:15:03,541 [WARNING] SSL verification disabled for HSD API requests; set HSD_CA_CERT to enable.
2026-02-07 11:15:03,541 [WARNING][hsd_access] SSL verification disabled for HSD API requests; set HSD_CA_CERT to enable.
2026-02-07 11:15:03,541 [INFO] HSD authentication mode in use: kerberos
2026-02-07 11:15:03,541 [INFO][hsd_access] HSD authentication mode in use: kerberos
2026-02-07 11:15:03,541 [INFO] Fetching bugs from saved query ID: 16021056445 (limit: 500)
2026-02-07 11:15:03,541 [INFO][hsd_access] Fetching bugs from saved query ID: 16021056445 (limit: 500)
2026-02-07 11:15:03,541 [INFO] Query URL: https://hsdes.intel.com/appstore/generalapps/#/pages/community/1203659509?queryId=16021056445
2026-02-07 11:15:03,541 [INFO][hsd_access] Query URL: https://hsdes.intel.com/appstore/generalapps/#/pages/community/1203659509?queryId=16021056445
2026-02-07 11:15:03,541 [INFO] [Attempt 1/5] Trying endpoint: https://hsdes-api.intel.com/rest/query/16021056445
2026-02-07 11:15:03,541 [INFO][hsd_access] [Attempt 1/5] Trying endpoint: https://hsdes-api.intel.com/rest/query/16021056445
2026-02-07 11:15:03,541 [DEBUG][hsd_access] API request: GET https://hsdes-api.intel.com/rest/query/16021056445
2026-02-07 11:15:05,128 [INFO] Successfully fetched 7 bugs from query 16021056445
2026-02-07 11:15:05,128 [INFO][hsd_access] Successfully fetched 7 bugs from query 16021056445
2026-02-07 11:15:05,128 [INFO] Owner filter reduced HSD list to 6 rows
2026-02-07 11:15:05,128 [INFO][wireless_ips_hsd] Owner filter reduced HSD list to 6 rows
2026-02-07 11:15:05,129 [INFO] Fetched 6 HSD bug(s) via API
2026-02-07 11:15:05,129 [INFO][wireless_ips_hsd] Fetched 6 HSD bug(s) via API
2026-02-07 11:15:05,129 [INFO] HSD fetched ids: 22021722214, 22021810173, 22021978908, 22022043409, 22022043646, 22022045968
2026-02-07 11:15:05,129 [INFO][wireless_ips_hsd] HSD fetched ids: 22021722214, 22021810173, 22021978908, 22022043409, 22022043646, 22022045968
2026-02-07 11:15:05,130 [INFO][CUSTOMER_BUGS] CTOR - DbConnector
2026-02-07 11:15:07,465 [INFO][CUSTOMER_BUGS] DB connection info: host=postgres5108-lb-ir-in.dbaas.intel.com db=wirelesscustomerengineering schema=public search_path="$user", public
2026-02-07 11:15:10,061 [INFO][CUSTOMER_BUGS] update table with relevant data (row-by-row; slow) ..
2026-02-07 11:15:11,441 [INFO][CUSTOMER_BUGS] update is complete. 4 rows were inserted
2026-02-07 11:15:11,896 [INFO][CUSTOMER_BUGS] table ips_jira_bugs rowcount after insert: 8423
2026-02-07 11:15:11,896 [INFO][CUSTOMER_BUGS] HSD refresh in ips_jira_bugs: updated 2 row(s); inserted 4 new; skipped 4 unmatched (sample unmatched: NA, NA, NA, NA)
2026-02-07 11:15:11,896 [INFO][CUSTOMER_BUGS] HSD matches: hsd_id=22021722214 promoted=WIFI-784973 via jira_id=WIFI-784973; hsd_id=22021810173 promoted=WIFI-789469 via jira_id=WIFI-789469
2026-02-07 11:15:11,896 [INFO][CUSTOMER_BUGS] HSD unmatched details: hsd_id=22021978908 promoted=NA (no match); hsd_id=22022043409 promoted=NA (no match); hsd_id=22022043646 promoted=NA (no match); hsd_id=22022045968 promoted=NA (no match)
2026-02-07 11:15:11,896 [INFO] HSD-only: refreshed 6 row(s) in ips_jira_bugs (input rows=6)
2026-02-07 11:15:11,896 [INFO][wireless_ips_hsd] HSD-only: refreshed 6 row(s) in ips_jira_bugs (input rows=6)
2026-02-07 11:15:11,896 [INFO][CUSTOMER_BUGS] DTOR - DbConnector
2026-02-07 11:15:11,896 [INFO] === Stage timing summary (seconds) ===
2026-02-07 11:15:11,896 [INFO][wireless_ips_hsd] === Stage timing summary (seconds) ===
2026-02-07 11:15:11,897 [INFO] HSD_fetch          1.59
2026-02-07 11:15:11,897 [INFO][wireless_ips_hsd] HSD_fetch          1.59
2026-02-07 11:15:11,897 [INFO] Postgres_insert    6.77
2026-02-07 11:15:11,897 [INFO][wireless_ips_hsd] Postgres_insert    6.77
2026-02-07 11:15:11,897 [INFO] TOTAL              8.36
2026-02-07 11:15:11,897 [INFO][wireless_ips_hsd] TOTAL              8.36
[Sat 02/07/2026 11:15:12.05] Finished with exit code 0 
