[Wed 05/20/2026 19:34:52.34] Starting HSD-only job 
[INFO] Python executable: C:\Users\jtsao1\OneDrive - Intel Corporation\Documents\My workspace\jira_ips_tat_HP\jira_tat\jira_customer_tat\.venv\Scripts\python.exe 
did not find executable at 'C:\Program Files\Python314\python.exe': The system cannot find the file specified.

[WARN] Selected Python is not runnable. Falling back to PATH python. 
[INFO] Python executable fallback: python 
Python 3.14.3
[INFO] REQUESTS_CA_BUNDLE=C:\Python314\Lib\site-packages\certifi\cacert.pem 
2026-05-20 19:34:54,083 [WARNING] DDL safeguard active: forcing append mode (no DROP/CREATE). Use --allow-ddl to override.
2026-05-20 19:34:54,083 [WARNING][wireless_ips_hsd] DDL safeguard active: forcing append mode (no DROP/CREATE). Use --allow-ddl to override.
2026-05-20 19:34:54,083 [INFO] Run options: RunOptions(enable_jira_tat=True, enable_jira_comment_analysis=False, enable_jira_initial_component=True, enable_jira_duplicate_sw_check=True, log_jira_tat_dict=False, limit_ips=0, limit_jira=0, enable_db_insert=True, db_recreate_table=False, db_auto_add_missing_columns=False, db_use_batch_insert=False, db_batch_page_size=200)
2026-05-20 19:34:54,083 [INFO][wireless_ips_hsd] Run options: RunOptions(enable_jira_tat=True, enable_jira_comment_analysis=False, enable_jira_initial_component=True, enable_jira_duplicate_sw_check=True, log_jira_tat_dict=False, limit_ips=0, limit_jira=0, enable_db_insert=True, db_recreate_table=False, db_auto_add_missing_columns=False, db_use_batch_insert=False, db_batch_page_size=200)
2026-05-20 19:34:54,084 [DEBUG][hsd_access] Using existing KRB5CCNAME=FILE:C:\Temp\krb5cache
2026-05-20 19:34:54,084 [INFO] Kerberos credential cache in use: FILE:C:\Temp\krb5cache
2026-05-20 19:34:54,084 [INFO][hsd_access] Kerberos credential cache in use: FILE:C:\Temp\krb5cache
2026-05-20 19:34:54,085 [INFO] Using Kerberos authentication with cache FILE:C:\Temp\krb5cache
2026-05-20 19:34:54,085 [INFO][hsd_access] Using Kerberos authentication with cache FILE:C:\Temp\krb5cache
2026-05-20 19:34:54,085 [WARNING] SSL verification disabled for HSD API requests; set HSD_CA_CERT to enable.
2026-05-20 19:34:54,085 [WARNING][hsd_access] SSL verification disabled for HSD API requests; set HSD_CA_CERT to enable.
2026-05-20 19:34:54,085 [INFO] HSD authentication mode in use: kerberos
2026-05-20 19:34:54,085 [INFO][hsd_access] HSD authentication mode in use: kerberos
2026-05-20 19:34:54,085 [INFO] Fetching bugs from saved query ID: 15019322642 (limit: 500)
2026-05-20 19:34:54,085 [INFO][hsd_access] Fetching bugs from saved query ID: 15019322642 (limit: 500)
2026-05-20 19:34:54,085 [INFO] Query URL: https://hsdes.intel.com/appstore/generalapps/#/pages/community/1203659509?queryId=15019322642
2026-05-20 19:34:54,085 [INFO][hsd_access] Query URL: https://hsdes.intel.com/appstore/generalapps/#/pages/community/1203659509?queryId=15019322642
2026-05-20 19:34:54,085 [INFO] [Attempt 1/5] Trying endpoint: https://hsdes-api.intel.com/rest/query/15019322642
2026-05-20 19:34:54,085 [INFO][hsd_access] [Attempt 1/5] Trying endpoint: https://hsdes-api.intel.com/rest/query/15019322642
2026-05-20 19:34:54,085 [DEBUG][hsd_access] API request: GET https://hsdes-api.intel.com/rest/query/15019322642
2026-05-20 19:34:55,546 [INFO] Successfully fetched 5 bugs from query 15019322642
2026-05-20 19:34:55,546 [INFO][hsd_access] Successfully fetched 5 bugs from query 15019322642
2026-05-20 19:34:55,547 [INFO] Owner filter reduced HSD list to 5 rows
2026-05-20 19:34:55,547 [INFO][wireless_ips_hsd] Owner filter reduced HSD list to 5 rows
2026-05-20 19:34:55,547 [INFO] Fetched 5 HSD bug(s) via API
2026-05-20 19:34:55,547 [INFO][wireless_ips_hsd] Fetched 5 HSD bug(s) via API
2026-05-20 19:34:55,548 [INFO] HSD fetched ids: 22022266039, 22022299872, 22022335060, 22022480602, 22022505627
2026-05-20 19:34:55,548 [INFO][wireless_ips_hsd] HSD fetched ids: 22022266039, 22022299872, 22022335060, 22022480602, 22022505627
2026-05-20 19:34:55,548 [INFO][CUSTOMER_BUGS] CTOR - DbConnector
2026-05-20 19:34:57,574 [INFO][CUSTOMER_BUGS] DB connection info: host=10-108-27-113.dbaas.intel.com db=wirelesscustomerengineering schema=public search_path="$user", public, dbaas_admin
[FATAL] Runtime failure: column "bug_created_date" does not exist
LINE 15: ...hsd_submitted_date::date, ips_created_date::date, bug_create...
                                                              ^
HINT:  Perhaps you meant to reference the column "ips_jira_bugs.ips_created_date".
. See C:\Users\jtsao1\OneDrive - Intel Corporation\Documents\My workspace\jira_ips_tat_HP\jira_tat\jira_customer_tat\wireless_bug_dashboard_fatal.log for traceback.
Traceback (most recent call last):
  File "C:\Users\jtsao1\OneDrive - Intel Corporation\Documents\My workspace\jira_ips_tat_HP\jira_tat\jira_customer_tat\wireless_bug_dashboard_ips_hsd_jira.py", line 618, in <module>
    raise SystemExit(main())
                     ~~~~^^
  File "C:\Users\jtsao1\OneDrive - Intel Corporation\Documents\My workspace\jira_ips_tat_HP\jira_tat\jira_customer_tat\wireless_bug_dashboard_ips_hsd_jira.py", line 555, in main
    _clear_hsd_scope_before_sync(args.hsd_table, args.hsd_owner_filter, years)
    ~~~~~~~~~~~~~~~~~~~~~~~~~~~~^^^^^^^^^^^^^^^^^^^^^^^^^^^^^^^^^^^^^^^^^^^^^^
  File "C:\Users\jtsao1\OneDrive - Intel Corporation\Documents\My workspace\jira_ips_tat_HP\jira_tat\jira_customer_tat\wireless_bug_dashboard_ips_hsd_jira.py", line 346, in _clear_hsd_scope_before_sync
    cleared = db_manager.clear_hsd_snapshot_scope(table_name, owners, start_date)
  File "C:\Users\jtsao1\OneDrive - Intel Corporation\Documents\My workspace\jira_ips_tat_HP\jira_tat\jira_customer_tat\Wireless_bug_dashboard.py", line 1704, in clear_hsd_snapshot_scope
    self.__cursor.execute(
    ~~~~~~~~~~~~~~~~~~~~~^
        f'''
        ^^^^
    ...<31 lines>...
        ),
        ^^
    )
    ^
psycopg2.errors.UndefinedColumn: column "bug_created_date" does not exist
LINE 15: ...hsd_submitted_date::date, ips_created_date::date, bug_create...
                                                              ^
HINT:  Perhaps you meant to reference the column "ips_jira_bugs.ips_created_date".

2026-05-20 19:34:57,856 [INFO][CUSTOMER_BUGS] DTOR - DbConnector
[Wed 05/20/2026 19:34:57.93] Finished with exit code 1 
