[Thu 01/29/2026 11:37:05.67] Starting HSD-only job 
2026-01-29 11:37:06,826 [INFO] Run options: RunOptions(enable_jira_tat=True, enable_jira_comment_analysis=True, enable_jira_initial_component=True, enable_jira_duplicate_sw_check=True, log_jira_tat_dict=False, limit_ips=0, limit_jira=0, enable_db_insert=True, db_recreate_table=True, db_use_batch_insert=False, db_batch_page_size=200)
2026-01-29 11:37:06,826 [INFO][wireless_ips_hsd] Run options: RunOptions(enable_jira_tat=True, enable_jira_comment_analysis=True, enable_jira_initial_component=True, enable_jira_duplicate_sw_check=True, log_jira_tat_dict=False, limit_ips=0, limit_jira=0, enable_db_insert=True, db_recreate_table=True, db_use_batch_insert=False, db_batch_page_size=200)
2026-01-29 11:37:06,828 [DEBUG][hsd_access] Using existing KRB5CCNAME=FILE:C:\Temp\krb5cache
2026-01-29 11:37:06,829 [INFO] Kerberos credential cache in use: FILE:C:\Temp\krb5cache
2026-01-29 11:37:06,829 [INFO][hsd_access] Kerberos credential cache in use: FILE:C:\Temp\krb5cache
2026-01-29 11:37:06,829 [INFO] Using Kerberos authentication with cache FILE:C:\Temp\krb5cache
2026-01-29 11:37:06,829 [INFO][hsd_access] Using Kerberos authentication with cache FILE:C:\Temp\krb5cache
2026-01-29 11:37:06,829 [WARNING] SSL verification disabled for HSD API requests; set HSD_CA_CERT to enable.
2026-01-29 11:37:06,829 [WARNING][hsd_access] SSL verification disabled for HSD API requests; set HSD_CA_CERT to enable.
2026-01-29 11:37:06,830 [INFO] HSD authentication mode in use: kerberos
2026-01-29 11:37:06,830 [INFO][hsd_access] HSD authentication mode in use: kerberos
2026-01-29 11:37:06,830 [INFO] Fetching bugs from saved query ID: 16021056445 (limit: 500)
2026-01-29 11:37:06,830 [INFO][hsd_access] Fetching bugs from saved query ID: 16021056445 (limit: 500)
2026-01-29 11:37:06,830 [INFO] Query URL: https://hsdes.intel.com/appstore/generalapps/#/pages/community/1203659509?queryId=16021056445
2026-01-29 11:37:06,830 [INFO][hsd_access] Query URL: https://hsdes.intel.com/appstore/generalapps/#/pages/community/1203659509?queryId=16021056445
2026-01-29 11:37:06,830 [INFO] [Attempt 1/5] Trying endpoint: https://hsdes-api.intel.com/rest/query/16021056445
2026-01-29 11:37:06,830 [INFO][hsd_access] [Attempt 1/5] Trying endpoint: https://hsdes-api.intel.com/rest/query/16021056445
2026-01-29 11:37:06,830 [DEBUG][hsd_access] API request: GET https://hsdes-api.intel.com/rest/query/16021056445
2026-01-29 11:37:08,884 [INFO] Successfully fetched 7 bugs from query 16021056445
2026-01-29 11:37:08,884 [INFO][hsd_access] Successfully fetched 7 bugs from query 16021056445
2026-01-29 11:37:08,885 [INFO] Fetched 7 HSD bug(s) via API
2026-01-29 11:37:08,885 [INFO][wireless_ips_hsd] Fetched 7 HSD bug(s) via API
2026-01-29 11:37:08,886 [INFO][CUSTOMER_BUGS] CTOR - DbConnector
2026-01-29 11:37:11,480 [INFO][CUSTOMER_BUGS] DB connection info: host=postgres5108-lb-ir-in.dbaas.intel.com db=wirelesscustomerengineering schema=public search_path="$user", public
2026-01-29 11:37:11,480 [INFO][CUSTOMER_BUGS] delete table: hsd_bugs
2026-01-29 11:37:11,981 [INFO][CUSTOMER_BUGS] create a new table using the following query:
2026-01-29 11:37:11,981 [INFO][CUSTOMER_BUGS] CREATE TABLE hsd_bugs (hsd_id TEXT,hsd_promoted_id TEXT,hsd_status_reason TEXT,hsd_customer_detail TEXT,hsd_owner TEXT,hsd_title TEXT,hsd_submitted_date TIMESTAMP,hsd_updated_date TIMESTAMP,hsd_platform TEXT)
2026-01-29 11:37:12,733 [INFO][CUSTOMER_BUGS] Recreated table hsd_bugs before insert
2026-01-29 11:37:12,734 [INFO][CUSTOMER_BUGS] update table with relevant data (row-by-row; slow) ..
2026-01-29 11:37:14,977 [INFO][CUSTOMER_BUGS] update is complete. 7 rows were inserted
2026-01-29 11:37:15,489 [INFO][CUSTOMER_BUGS] table hsd_bugs rowcount after insert: 7
2026-01-29 11:37:15,738 [INFO] HSD table hsd_bugs rowcount after insert: 7
2026-01-29 11:37:15,738 [INFO][wireless_ips_hsd] HSD table hsd_bugs rowcount after insert: 7
2026-01-29 11:37:15,738 [INFO][CUSTOMER_BUGS] DTOR - DbConnector
2026-01-29 11:37:15,738 [INFO] === Stage timing summary (seconds) ===
2026-01-29 11:37:15,738 [INFO][wireless_ips_hsd] === Stage timing summary (seconds) ===
2026-01-29 11:37:15,738 [INFO] HSD_fetch          2.06
2026-01-29 11:37:15,738 [INFO][wireless_ips_hsd] HSD_fetch          2.06
2026-01-29 11:37:15,738 [INFO] Postgres_insert    6.85
2026-01-29 11:37:15,738 [INFO][wireless_ips_hsd] Postgres_insert    6.85
2026-01-29 11:37:15,738 [INFO] TOTAL              8.91
2026-01-29 11:37:15,738 [INFO][wireless_ips_hsd] TOTAL              8.91
[Thu 01/29/2026 11:37:15.86] Finished with exit code 0 
