[Sat 02/07/2026 11:05:09.98] Starting HSD-only job 
2026-02-07 11:05:11,891 [INFO] Run options: RunOptions(enable_jira_tat=True, enable_jira_comment_analysis=False, enable_jira_initial_component=True, enable_jira_duplicate_sw_check=True, log_jira_tat_dict=False, limit_ips=0, limit_jira=0, enable_db_insert=True, db_recreate_table=True, db_use_batch_insert=False, db_batch_page_size=200)
2026-02-07 11:05:11,891 [INFO][wireless_ips_hsd] Run options: RunOptions(enable_jira_tat=True, enable_jira_comment_analysis=False, enable_jira_initial_component=True, enable_jira_duplicate_sw_check=True, log_jira_tat_dict=False, limit_ips=0, limit_jira=0, enable_db_insert=True, db_recreate_table=True, db_use_batch_insert=False, db_batch_page_size=200)
2026-02-07 11:05:11,891 [DEBUG][hsd_access] Using existing KRB5CCNAME=FILE:C:\Temp\krb5cache
2026-02-07 11:05:11,892 [INFO] Kerberos credential cache in use: FILE:C:\Temp\krb5cache
2026-02-07 11:05:11,892 [INFO][hsd_access] Kerberos credential cache in use: FILE:C:\Temp\krb5cache
2026-02-07 11:05:11,892 [INFO] Using Kerberos authentication with cache FILE:C:\Temp\krb5cache
2026-02-07 11:05:11,892 [INFO][hsd_access] Using Kerberos authentication with cache FILE:C:\Temp\krb5cache
2026-02-07 11:05:11,893 [WARNING] SSL verification disabled for HSD API requests; set HSD_CA_CERT to enable.
2026-02-07 11:05:11,893 [WARNING][hsd_access] SSL verification disabled for HSD API requests; set HSD_CA_CERT to enable.
2026-02-07 11:05:11,893 [INFO] HSD authentication mode in use: kerberos
2026-02-07 11:05:11,893 [INFO][hsd_access] HSD authentication mode in use: kerberos
2026-02-07 11:05:11,893 [INFO] Fetching bugs from saved query ID: 15019019900 (limit: 500)
2026-02-07 11:05:11,893 [INFO][hsd_access] Fetching bugs from saved query ID: 15019019900 (limit: 500)
2026-02-07 11:05:11,893 [INFO] Query URL: https://hsdes.intel.com/appstore/generalapps/#/pages/community/1203659509?queryId=15019019900
2026-02-07 11:05:11,893 [INFO][hsd_access] Query URL: https://hsdes.intel.com/appstore/generalapps/#/pages/community/1203659509?queryId=15019019900
2026-02-07 11:05:11,893 [INFO] [Attempt 1/5] Trying endpoint: https://hsdes-api.intel.com/rest/query/15019019900
2026-02-07 11:05:11,893 [INFO][hsd_access] [Attempt 1/5] Trying endpoint: https://hsdes-api.intel.com/rest/query/15019019900
2026-02-07 11:05:11,893 [DEBUG][hsd_access] API request: GET https://hsdes-api.intel.com/rest/query/15019019900
2026-02-07 11:05:14,084 [INFO] Successfully fetched 292 bugs from query 15019019900
2026-02-07 11:05:14,084 [INFO][hsd_access] Successfully fetched 292 bugs from query 15019019900
2026-02-07 11:05:14,085 [INFO] Owner filter reduced HSD list to 292 rows
2026-02-07 11:05:14,085 [INFO][wireless_ips_hsd] Owner filter reduced HSD list to 292 rows
2026-02-07 11:05:14,085 [INFO] Fetched 292 HSD bug(s) via API
2026-02-07 11:05:14,085 [INFO][wireless_ips_hsd] Fetched 292 HSD bug(s) via API
2026-02-07 11:05:14,088 [INFO] HSD fetched ids: 22018695931, 22018916637, 22018916616, 22018931679, 14020426100, 22018916596, 22018722486, 22018900775, 22019198356, 22019294597, 22021810173, 22019598568, 22018729617, 22018760677, 22018831093, 22020454000, 22019297631, 22018955502, 14020747172, 22019027956, 22019612047, 22019380534, 22019449981, 22018951520, 22018987798, 22019044123, 22019090718, 22019114797, 22019459100, 14019633871, 22018563881, 22018563882, 22018585958, 22018586587, 22018512555, 22019586546, 22014016968, 22014610731, 22014911967, 22019674708, 22019677181, 22015591540, 22018901122, 22019373376, 22018587701, 22014296283, 22019730007, 22018512983, 22019017513, 22019017582, 22019018077, 22019018078, 22016433782, 22016983445, 22018300363, 22018300383, 22018300437, 22018300471, 22018410527, 22018417859, 22018428572, 22018428869, 22018361259, 22018390267, 22018481445, 22018488142, 22018508841, 22018773569, 22017956821, 22018296810, 22018297061, 22019550781, 14019977990, 22019284664, 22019453404, 22019424720, 22019395159, 22019304216, 22019050040, 22018793323, 22019583234, 22018409850, 22018360465, 22018840751, 22018967386, 22019201541, 22018530091, 22019577302, 22019583235, 22021402374, 22018817074, 22018749547, 22019021365, 22018701259, 22018764241, 22018719964, 22018804374, 22019102399, 22019139382, 14020249476, 22018970611, 22018637851, 22019197511, 22019515589, 22019532855, 22016175765, 22019794164, 22020240684, 22019727880, 22019557418, 22019561822, 22019557443, 22019821698, 22019630369, 22019612598, 22015581010, 22015138891, 22014700839, 14020303813, 22019841378, 22019810019, 22012463682, 22012880691, 22020003098, 14023458312, 22020352812, 22020751330, 22020443422, 22020784526, 22020787597, 22020843885, 22020862675, 22020895995, 22020223102, 22020172416, 22019951865, 22020969022, 22020981314, 22021058133, 22021058191, 22021058193, 22021742208, 22021460236, 22021177869, 22020465861, 22020739963, 15016666267, 22020160932, 22020172415, 22020246277, 22020299279, 22020307338, 15016666266, 22020431581, 22020433081, 22020745602, 22020546027, 22020578223, 22020532985, 22020114303, 22020285086, 22020352813, 22020442754, 22020496380, 22020649161, 22020697341, 22019509947, 22018829705, 22018829706, 22018829886, 22019728070, 22019764015, 22020106092, 22020199001, 22020209280, 22020216448, 22021049362, 22019618142, 22021108708, 22020862797, 22020843765, 22020448397, 22021308915, 22020784050, 22020724156, 22020799310, 22020312608, 22020329632, 22020302536, 22020716584, 22020718447, 22020803916, 22020731463, 22020751259, 22020498146, 22020576427, 22020794135, 22020353916, 22020378131, 22020432891, 22020222792, 22020261533, 22020282188, 22020118513, 22020133888, 22020160931, 22020069169, 22020099314, 22018822474, 14015691444, 22019736705, 22016553053, 22021719287, 22021541497, 22021720756, 22021721380, 22021722214, 22021409869, 14025288899, 14025696486, 22021060109, 22020795560, 22021056209, 22020938036, 22021951661, 22020262982, 22020506945, 22020320115, 22019399517, 22021907813, 22021907814, 22022043409, 22022045968, 22015589192, 22016450277, 22018196115, 22018931977, 22018429853, 22018460003, 22018554412, 22019674774, 22015192345, 22021165795, 14025271794, 22021530635, 22021494489, 14025330926, 22021330700, 22021438755, 22021470730, 22021110863, 22022043646, 22021951663, 22021978908, 22020849329, 22021246110, 15018214131, 22021918886, 22021651219, 22021713541, 22021717531, 22021793174, 22019173062, 22020037727, 22014732177, 22019173137, 22019173262, 22019174823, 22019509948, 22019509946, 22018785828, 14018870500, 22016917271, 22018117685, 22015488932, 22014883238, 22015161952, 22014588912, 22014019038, 22013628441, 22020535651, 22019676152, 22019625294, 22013710542, 22013739514, 22013940455, 22014704592, 22014704593, 22014640387, 22014669293, 22019303648, 22019173138
2026-02-07 11:05:14,088 [INFO][wireless_ips_hsd] HSD fetched ids: 22018695931, 22018916637, 22018916616, 22018931679, 14020426100, 22018916596, 22018722486, 22018900775, 22019198356, 22019294597, 22021810173, 22019598568, 22018729617, 22018760677, 22018831093, 22020454000, 22019297631, 22018955502, 14020747172, 22019027956, 22019612047, 22019380534, 22019449981, 22018951520, 22018987798, 22019044123, 22019090718, 22019114797, 22019459100, 14019633871, 22018563881, 22018563882, 22018585958, 22018586587, 22018512555, 22019586546, 22014016968, 22014610731, 22014911967, 22019674708, 22019677181, 22015591540, 22018901122, 22019373376, 22018587701, 22014296283, 22019730007, 22018512983, 22019017513, 22019017582, 22019018077, 22019018078, 22016433782, 22016983445, 22018300363, 22018300383, 22018300437, 22018300471, 22018410527, 22018417859, 22018428572, 22018428869, 22018361259, 22018390267, 22018481445, 22018488142, 22018508841, 22018773569, 22017956821, 22018296810, 22018297061, 22019550781, 14019977990, 22019284664, 22019453404, 22019424720, 22019395159, 22019304216, 22019050040, 22018793323, 22019583234, 22018409850, 22018360465, 22018840751, 22018967386, 22019201541, 22018530091, 22019577302, 22019583235, 22021402374, 22018817074, 22018749547, 22019021365, 22018701259, 22018764241, 22018719964, 22018804374, 22019102399, 22019139382, 14020249476, 22018970611, 22018637851, 22019197511, 22019515589, 22019532855, 22016175765, 22019794164, 22020240684, 22019727880, 22019557418, 22019561822, 22019557443, 22019821698, 22019630369, 22019612598, 22015581010, 22015138891, 22014700839, 14020303813, 22019841378, 22019810019, 22012463682, 22012880691, 22020003098, 14023458312, 22020352812, 22020751330, 22020443422, 22020784526, 22020787597, 22020843885, 22020862675, 22020895995, 22020223102, 22020172416, 22019951865, 22020969022, 22020981314, 22021058133, 22021058191, 22021058193, 22021742208, 22021460236, 22021177869, 22020465861, 22020739963, 15016666267, 22020160932, 22020172415, 22020246277, 22020299279, 22020307338, 15016666266, 22020431581, 22020433081, 22020745602, 22020546027, 22020578223, 22020532985, 22020114303, 22020285086, 22020352813, 22020442754, 22020496380, 22020649161, 22020697341, 22019509947, 22018829705, 22018829706, 22018829886, 22019728070, 22019764015, 22020106092, 22020199001, 22020209280, 22020216448, 22021049362, 22019618142, 22021108708, 22020862797, 22020843765, 22020448397, 22021308915, 22020784050, 22020724156, 22020799310, 22020312608, 22020329632, 22020302536, 22020716584, 22020718447, 22020803916, 22020731463, 22020751259, 22020498146, 22020576427, 22020794135, 22020353916, 22020378131, 22020432891, 22020222792, 22020261533, 22020282188, 22020118513, 22020133888, 22020160931, 22020069169, 22020099314, 22018822474, 14015691444, 22019736705, 22016553053, 22021719287, 22021541497, 22021720756, 22021721380, 22021722214, 22021409869, 14025288899, 14025696486, 22021060109, 22020795560, 22021056209, 22020938036, 22021951661, 22020262982, 22020506945, 22020320115, 22019399517, 22021907813, 22021907814, 22022043409, 22022045968, 22015589192, 22016450277, 22018196115, 22018931977, 22018429853, 22018460003, 22018554412, 22019674774, 22015192345, 22021165795, 14025271794, 22021530635, 22021494489, 14025330926, 22021330700, 22021438755, 22021470730, 22021110863, 22022043646, 22021951663, 22021978908, 22020849329, 22021246110, 15018214131, 22021918886, 22021651219, 22021713541, 22021717531, 22021793174, 22019173062, 22020037727, 22014732177, 22019173137, 22019173262, 22019174823, 22019509948, 22019509946, 22018785828, 14018870500, 22016917271, 22018117685, 22015488932, 22014883238, 22015161952, 22014588912, 22014019038, 22013628441, 22020535651, 22019676152, 22019625294, 22013710542, 22013739514, 22013940455, 22014704592, 22014704593, 22014640387, 22014669293, 22019303648, 22019173138
2026-02-07 11:05:14,089 [INFO][CUSTOMER_BUGS] CTOR - DbConnector
2026-02-07 11:05:16,499 [INFO][CUSTOMER_BUGS] DB connection info: host=postgres5108-lb-ir-in.dbaas.intel.com db=wirelesscustomerengineering schema=public search_path="$user", public
2026-02-07 11:06:28,691 [INFO][CUSTOMER_BUGS] update table with relevant data (row-by-row; slow) ..
2026-02-07 11:07:25,844 [INFO][CUSTOMER_BUGS] update is complete. 245 rows were inserted
2026-02-07 11:07:26,301 [INFO][CUSTOMER_BUGS] table ips_jira_bugs rowcount after insert: 8423
2026-02-07 11:07:26,301 [INFO][CUSTOMER_BUGS] HSD refresh in ips_jira_bugs: updated 47 row(s); inserted 245 new; skipped 245 unmatched (sample unmatched: NA, NA, NA, NA, NA)
2026-02-07 11:07:26,301 [INFO][CUSTOMER_BUGS] HSD matches: hsd_id=22018900775 promoted=WOT-37568 via jira_id=WOT-37568; hsd_id=22021810173 promoted=WIFI-789469 via jira_id=WIFI-789469; hsd_id=22018360465 promoted=WOT-31947 via jira_id=WOT-31947; hsd_id=22019102399 promoted=WIFI-355232 via jira_id=WIFI-355232; hsd_id=14023458312 promoted=BT-274316 via jira_id=BT-274316; hsd_id=22020352812 promoted=BT-257509 via jira_id=BT-257509; hsd_id=22020751330 promoted=BT-301248 via jira_id=BT-301248; hsd_id=22020443422 promoted=BT-284694 via jira_id=BT-284694; hsd_id=22020784526 promoted=BT-305900 via jira_id=BT-305900; hsd_id=22020787597 promoted=BT-314307 via jira_id=BT-314307
2026-02-07 11:07:26,301 [INFO][CUSTOMER_BUGS] HSD unmatched details: hsd_id=22018695931 promoted=NA (no match); hsd_id=22018916637 promoted=NA (no match); hsd_id=22018916616 promoted=NA (no match); hsd_id=22018931679 promoted=NA (no match); hsd_id=14020426100 promoted=NA (no match); hsd_id=22018916596 promoted=NA (no match); hsd_id=22018722486 promoted=NA (no match); hsd_id=22019198356 promoted=NA (no match); hsd_id=22019294597 promoted=NA (no match); hsd_id=22019598568 promoted=NA (no match)
2026-02-07 11:07:26,301 [INFO] HSD-only: refreshed 292 row(s) in ips_jira_bugs (input rows=292)
2026-02-07 11:07:26,301 [INFO][wireless_ips_hsd] HSD-only: refreshed 292 row(s) in ips_jira_bugs (input rows=292)
2026-02-07 11:07:26,301 [INFO][CUSTOMER_BUGS] DTOR - DbConnector
2026-02-07 11:07:26,302 [INFO] === Stage timing summary (seconds) ===
2026-02-07 11:07:26,302 [INFO][wireless_ips_hsd] === Stage timing summary (seconds) ===
2026-02-07 11:07:26,302 [INFO] HSD_fetch          2.20
2026-02-07 11:07:26,302 [INFO][wireless_ips_hsd] HSD_fetch          2.20
2026-02-07 11:07:26,302 [INFO] Postgres_insert  132.21
2026-02-07 11:07:26,302 [INFO][wireless_ips_hsd] Postgres_insert  132.21
2026-02-07 11:07:26,302 [INFO] TOTAL            134.41
2026-02-07 11:07:26,302 [INFO][wireless_ips_hsd] TOTAL            134.41
[Sat 02/07/2026 11:07:26.47] Finished with exit code 0 
