[Fri 06/12/2026 11:43:35.88] Starting HSD-only job 
[INFO] Python executable: C:\Users\jtsao1\OneDrive - Intel Corporation\Documents\My workspace\jira_ips_tat_HP\jira_tat\jira_customer_tat\.venv\Scripts\python.exe 
did not find executable at 'C:\Program Files\Python314\python.exe': The system cannot find the file specified.

[WARN] Selected Python is not runnable. Falling back to PATH python. 
[INFO] Python executable fallback: python 
Python 3.14.3
[INFO] REQUESTS_CA_BUNDLE=C:\Python314\Lib\site-packages\certifi\cacert.pem 
2026-06-12 11:44:20,508 [WARNING] DDL safeguard active: forcing append mode (no DROP/CREATE). Use --allow-ddl to override.
2026-06-12 11:44:20,508 [WARNING][wireless_ips_hsd] DDL safeguard active: forcing append mode (no DROP/CREATE). Use --allow-ddl to override.
2026-06-12 11:44:20,509 [INFO] Run options: RunOptions(enable_jira_tat=True, enable_jira_comment_analysis=False, enable_jira_initial_component=True, enable_jira_duplicate_sw_check=True, log_jira_tat_dict=False, limit_ips=0, limit_jira=0, enable_db_insert=True, db_recreate_table=False, db_auto_add_missing_columns=False, db_use_batch_insert=False, db_batch_page_size=200)
2026-06-12 11:44:20,509 [INFO][wireless_ips_hsd] Run options: RunOptions(enable_jira_tat=True, enable_jira_comment_analysis=False, enable_jira_initial_component=True, enable_jira_duplicate_sw_check=True, log_jira_tat_dict=False, limit_ips=0, limit_jira=0, enable_db_insert=True, db_recreate_table=False, db_auto_add_missing_columns=False, db_use_batch_insert=False, db_batch_page_size=200)
2026-06-12 11:44:20,510 [DEBUG][hsd_access] Using existing KRB5CCNAME=FILE:C:\Temp\krb5cache
2026-06-12 11:44:20,520 [INFO] Kerberos credential cache in use: FILE:C:\Temp\krb5cache
2026-06-12 11:44:20,520 [INFO][hsd_access] Kerberos credential cache in use: FILE:C:\Temp\krb5cache
2026-06-12 11:44:20,521 [INFO] Using Kerberos authentication with cache FILE:C:\Temp\krb5cache
2026-06-12 11:44:20,521 [INFO][hsd_access] Using Kerberos authentication with cache FILE:C:\Temp\krb5cache
2026-06-12 11:44:20,522 [WARNING] SSL verification disabled for HSD API requests; set HSD_CA_CERT to enable.
2026-06-12 11:44:20,522 [WARNING][hsd_access] SSL verification disabled for HSD API requests; set HSD_CA_CERT to enable.
2026-06-12 11:44:20,523 [INFO] HSD authentication mode in use: kerberos
2026-06-12 11:44:20,523 [INFO][hsd_access] HSD authentication mode in use: kerberos
2026-06-12 11:44:20,524 [INFO] Fetching bugs from saved query ID: 15019322642 (limit: 500)
2026-06-12 11:44:20,524 [INFO][hsd_access] Fetching bugs from saved query ID: 15019322642 (limit: 500)
2026-06-12 11:44:20,524 [INFO] Query URL: https://hsdes.intel.com/appstore/generalapps/#/pages/community/1203659509?queryId=15019322642
2026-06-12 11:44:20,524 [INFO][hsd_access] Query URL: https://hsdes.intel.com/appstore/generalapps/#/pages/community/1203659509?queryId=15019322642
2026-06-12 11:44:20,525 [INFO] [Attempt 1/5] Trying endpoint: https://hsdes-api.intel.com/rest/query/15019322642
2026-06-12 11:44:20,525 [INFO][hsd_access] [Attempt 1/5] Trying endpoint: https://hsdes-api.intel.com/rest/query/15019322642
2026-06-12 11:44:20,526 [DEBUG][hsd_access] API request: GET https://hsdes-api.intel.com/rest/query/15019322642
2026-06-12 11:44:22,960 [INFO] Successfully fetched 5 bugs from query 15019322642
2026-06-12 11:44:22,960 [INFO][hsd_access] Successfully fetched 5 bugs from query 15019322642
2026-06-12 11:44:22,963 [INFO] Owner filter reduced HSD list to 4 rows
2026-06-12 11:44:22,963 [INFO][wireless_ips_hsd] Owner filter reduced HSD list to 4 rows
2026-06-12 11:44:22,967 [INFO] Fetched 4 HSD bug(s) via API
2026-06-12 11:44:22,967 [INFO][wireless_ips_hsd] Fetched 4 HSD bug(s) via API
2026-06-12 11:44:22,975 [INFO] HSD fetched ids: 22022299872, 22022335060, 22022468912, 22022505627
2026-06-12 11:44:22,975 [INFO][wireless_ips_hsd] HSD fetched ids: 22022299872, 22022335060, 22022468912, 22022505627
2026-06-12 11:44:22,979 [INFO][CUSTOMER_BUGS] CTOR - DbConnector
2026-06-12 11:44:26,681 [INFO][CUSTOMER_BUGS] DB connection info: host=10-108-27-113.dbaas.intel.com db=wirelesscustomerengineering schema=public search_path="$user", public, dbaas_admin
2026-06-12 11:44:27,184 [INFO] HSD pre-sync cleanup cleared 4 stale row(s) in ips_jira_bugs for owners=bingyue sun,bingyues,brenton wu,brentonw,caizhiqi,charles chu,chenmatt,chuchar1,flee5,frank lee,frank yang,frankfcy,jonathan tsao,jtsao1,juan zou,jzou6,leo chiang,matt chen,steven1 chen,szchen,timdaway,timdaway lai,wesley kuo,wesleyku,yaochien,yu-wei chen,yuweich1,zhiqiang cai from 2025-01-01
2026-06-12 11:44:27,184 [INFO][wireless_ips_hsd] HSD pre-sync cleanup cleared 4 stale row(s) in ips_jira_bugs for owners=bingyue sun,bingyues,brenton wu,brentonw,caizhiqi,charles chu,chenmatt,chuchar1,flee5,frank lee,frank yang,frankfcy,jonathan tsao,jtsao1,juan zou,jzou6,leo chiang,matt chen,steven1 chen,szchen,timdaway,timdaway lai,wesley kuo,wesleyku,yaochien,yu-wei chen,yuweich1,zhiqiang cai from 2025-01-01
2026-06-12 11:44:27,184 [INFO][CUSTOMER_BUGS] DTOR - DbConnector
2026-06-12 11:44:27,200 [INFO][CUSTOMER_BUGS] CTOR - DbConnector
2026-06-12 11:44:29,102 [INFO][CUSTOMER_BUGS] DB connection info: host=10-108-27-113.dbaas.intel.com db=wirelesscustomerengineering schema=public search_path="$user", public, dbaas_admin
2026-06-12 11:44:32,738 [INFO][CUSTOMER_BUGS] update table with relevant data (row-by-row; slow) ..
2026-06-12 11:44:34,145 [INFO][CUSTOMER_BUGS] update is complete. 4 rows were inserted
2026-06-12 11:44:34,621 [INFO][CUSTOMER_BUGS] table ips_jira_bugs rowcount after insert: 16228
2026-06-12 11:44:34,623 [INFO][CUSTOMER_BUGS] HSD refresh in ips_jira_bugs: updated 0 row(s); engineer refreshed 0; inserted 4 new; skipped 4 unmatched (sample unmatched: NA, NA, NA, NA)
2026-06-12 11:44:34,624 [INFO][CUSTOMER_BUGS] HSD unmatched details: hsd_id=22022299872 promoted=NA (no match); hsd_id=22022335060 promoted=NA (no match); hsd_id=22022468912 promoted=NA (no match); hsd_id=22022505627 promoted=NA (no match)
2026-06-12 11:44:34,625 [INFO] HSD-only: refreshed 4 row(s) in ips_jira_bugs (input rows=4)
2026-06-12 11:44:34,625 [INFO][wireless_ips_hsd] HSD-only: refreshed 4 row(s) in ips_jira_bugs (input rows=4)
2026-06-12 11:44:34,626 [INFO][CUSTOMER_BUGS] DTOR - DbConnector
2026-06-12 11:44:41,873 [INFO] === Stage timing summary (seconds) ===
2026-06-12 11:44:41,873 [INFO][wireless_ips_hsd] === Stage timing summary (seconds) ===
2026-06-12 11:44:42,384 [INFO] HSD_fetch          2.47
2026-06-12 11:44:42,384 [INFO][wireless_ips_hsd] HSD_fetch          2.47
2026-06-12 11:44:42,432 [INFO] Postgres_insert   18.34
2026-06-12 11:44:42,432 [INFO][wireless_ips_hsd] Postgres_insert   18.34
2026-06-12 11:44:42,432 [INFO] TOTAL             20.85
2026-06-12 11:44:42,432 [INFO][wireless_ips_hsd] TOTAL             20.85
[Fri 06/12/2026 11:44:51.53] Finished with exit code 0 
