[Sun 05/03/2026 17:29:54.58] Starting HSD-only job 
[INFO] Python executable: C:\Users\jtsao1\OneDrive - Intel Corporation\Documents\My workspace\jira_ips_tat_HP\jira_tat\jira_customer_tat\.venv\Scripts\python.exe 
did not find executable at 'C:\Program Files\Python314\python.exe': The system cannot find the file specified.

[WARN] Selected Python is not runnable. Falling back to PATH python. 
[INFO] Python executable fallback: python 
Python 3.14.3
[INFO] REQUESTS_CA_BUNDLE=C:\Python314\Lib\site-packages\certifi\cacert.pem 
2026-05-03 17:30:00,439 [WARNING] DDL safeguard active: forcing append mode (no DROP/CREATE). Use --allow-ddl to override.
2026-05-03 17:30:00,439 [WARNING][wireless_ips_hsd] DDL safeguard active: forcing append mode (no DROP/CREATE). Use --allow-ddl to override.
2026-05-03 17:30:00,440 [INFO] Run options: RunOptions(enable_jira_tat=True, enable_jira_comment_analysis=False, enable_jira_initial_component=True, enable_jira_duplicate_sw_check=True, log_jira_tat_dict=False, limit_ips=0, limit_jira=0, enable_db_insert=True, db_recreate_table=False, db_auto_add_missing_columns=False, db_use_batch_insert=False, db_batch_page_size=200)
2026-05-03 17:30:00,440 [INFO][wireless_ips_hsd] Run options: RunOptions(enable_jira_tat=True, enable_jira_comment_analysis=False, enable_jira_initial_component=True, enable_jira_duplicate_sw_check=True, log_jira_tat_dict=False, limit_ips=0, limit_jira=0, enable_db_insert=True, db_recreate_table=False, db_auto_add_missing_columns=False, db_use_batch_insert=False, db_batch_page_size=200)
2026-05-03 17:30:00,441 [DEBUG][hsd_access] Using existing KRB5CCNAME=FILE:C:\Temp\krb5cache
2026-05-03 17:30:00,442 [INFO] Kerberos credential cache in use: FILE:C:\Temp\krb5cache
2026-05-03 17:30:00,442 [INFO][hsd_access] Kerberos credential cache in use: FILE:C:\Temp\krb5cache
2026-05-03 17:30:00,443 [INFO] Using Kerberos authentication with cache FILE:C:\Temp\krb5cache
2026-05-03 17:30:00,443 [INFO][hsd_access] Using Kerberos authentication with cache FILE:C:\Temp\krb5cache
2026-05-03 17:30:00,443 [WARNING] SSL verification disabled for HSD API requests; set HSD_CA_CERT to enable.
2026-05-03 17:30:00,443 [WARNING][hsd_access] SSL verification disabled for HSD API requests; set HSD_CA_CERT to enable.
2026-05-03 17:30:00,444 [INFO] HSD authentication mode in use: kerberos
2026-05-03 17:30:00,444 [INFO][hsd_access] HSD authentication mode in use: kerberos
2026-05-03 17:30:00,444 [INFO] Fetching bugs from saved query ID: 15019322642 (limit: 500)
2026-05-03 17:30:00,444 [INFO][hsd_access] Fetching bugs from saved query ID: 15019322642 (limit: 500)
2026-05-03 17:30:00,444 [INFO] Query URL: https://hsdes.intel.com/appstore/generalapps/#/pages/community/1203659509?queryId=15019322642
2026-05-03 17:30:00,444 [INFO][hsd_access] Query URL: https://hsdes.intel.com/appstore/generalapps/#/pages/community/1203659509?queryId=15019322642
2026-05-03 17:30:00,445 [INFO] [Attempt 1/5] Trying endpoint: https://hsdes-api.intel.com/rest/query/15019322642
2026-05-03 17:30:00,445 [INFO][hsd_access] [Attempt 1/5] Trying endpoint: https://hsdes-api.intel.com/rest/query/15019322642
2026-05-03 17:30:00,445 [DEBUG][hsd_access] API request: GET https://hsdes-api.intel.com/rest/query/15019322642
2026-05-03 17:30:00,497 [ERROR][requests_kerberos.kerberos_] generate_request_header(): ctx step failed:
Traceback (most recent call last):
  File "C:\Users\jtsao1\AppData\Roaming\Python\Python314\site-packages\spnego\_context.py", line 68, in wrapper
    return func(*args, **kwargs)
  File "C:\Users\jtsao1\AppData\Roaming\Python\Python314\site-packages\spnego\_sspi.py", line 286, in step
    res = sspilib.raw.initialize_security_context(
        credential=self._credential,
    ...<5 lines>...
        output_buffers=out_buffer,
    )
  File "src/sspilib/raw/_security_context.pyx", line 438, in sspilib.raw._security_context.initialize_security_context
OSError: [WinError -2146893039] No authority could be contacted for authentication

The above exception was the direct cause of the following exception:

Traceback (most recent call last):
  File "C:\Users\jtsao1\AppData\Roaming\Python\Python314\site-packages\requests_kerberos\kerberos_.py", line 229, in generate_request_header
    gss_response = ctx.step(in_token=negotiate_resp_value)
  File "C:\Users\jtsao1\AppData\Roaming\Python\Python314\site-packages\spnego\_context.py", line 71, in wrapper
    raise SpnegoError(base_error=native_err, context_msg=context) from native_err
spnego.exceptions.SpnegoError: SpnegoError (4294967295): [WinError -2146893039] No authority could be contacted for authentication, Context: Processing security token
2026-05-03 17:30:00,503 [ERROR][requests_kerberos.kerberos_] SpnegoError (4294967295): [WinError -2146893039] No authority could be contacted for authentication, Context: Processing security token
Traceback (most recent call last):
  File "C:\Users\jtsao1\AppData\Roaming\Python\Python314\site-packages\spnego\_context.py", line 68, in wrapper
    return func(*args, **kwargs)
  File "C:\Users\jtsao1\AppData\Roaming\Python\Python314\site-packages\spnego\_sspi.py", line 286, in step
    res = sspilib.raw.initialize_security_context(
        credential=self._credential,
    ...<5 lines>...
        output_buffers=out_buffer,
    )
  File "src/sspilib/raw/_security_context.pyx", line 438, in sspilib.raw._security_context.initialize_security_context
OSError: [WinError -2146893039] No authority could be contacted for authentication

The above exception was the direct cause of the following exception:

Traceback (most recent call last):
  File "C:\Users\jtsao1\AppData\Roaming\Python\Python314\site-packages\requests_kerberos\kerberos_.py", line 229, in generate_request_header
    gss_response = ctx.step(in_token=negotiate_resp_value)
  File "C:\Users\jtsao1\AppData\Roaming\Python\Python314\site-packages\spnego\_context.py", line 71, in wrapper
    raise SpnegoError(base_error=native_err, context_msg=context) from native_err
spnego.exceptions.SpnegoError: SpnegoError (4294967295): [WinError -2146893039] No authority could be contacted for authentication, Context: Processing security token
2026-05-03 17:30:00,505 [ERROR] API request failed: GET https://hsdes-api.intel.com/rest/query/15019322642 - ctx step failed: SpnegoError (4294967295): [WinError -2146893039] No authority could be contacted for authentication, Context: Processing security token
2026-05-03 17:30:00,505 [ERROR][hsd_access] API request failed: GET https://hsdes-api.intel.com/rest/query/15019322642 - ctx step failed: SpnegoError (4294967295): [WinError -2146893039] No authority could be contacted for authentication, Context: Processing security token
2026-05-03 17:30:00,506 [DEBUG][hsd_access] Endpoint {'path': 'query/15019322642', 'params': {'include_text_fields': 'Y', 'start_at': 1, 'max_results': 500}} error: ctx step failed: SpnegoError (4294967295): [WinError -2146893039] No authority could be contacted for authentication, Context: Processing security token
2026-05-03 17:30:00,506 [INFO] [Attempt 2/5] Trying endpoint: https://hsdes-api.intel.com/rest/query/execute/15019322642
2026-05-03 17:30:00,506 [INFO][hsd_access] [Attempt 2/5] Trying endpoint: https://hsdes-api.intel.com/rest/query/execute/15019322642
2026-05-03 17:30:00,507 [DEBUG][hsd_access] API request: GET https://hsdes-api.intel.com/rest/query/execute/15019322642
2026-05-03 17:30:00,514 [ERROR][requests_kerberos.kerberos_] generate_request_header(): ctx step failed:
Traceback (most recent call last):
  File "C:\Users\jtsao1\AppData\Roaming\Python\Python314\site-packages\spnego\_context.py", line 68, in wrapper
    return func(*args, **kwargs)
  File "C:\Users\jtsao1\AppData\Roaming\Python\Python314\site-packages\spnego\_sspi.py", line 286, in step
    res = sspilib.raw.initialize_security_context(
        credential=self._credential,
    ...<5 lines>...
        output_buffers=out_buffer,
    )
  File "src/sspilib/raw/_security_context.pyx", line 438, in sspilib.raw._security_context.initialize_security_context
OSError: [WinError -2146893039] No authority could be contacted for authentication

The above exception was the direct cause of the following exception:

Traceback (most recent call last):
  File "C:\Users\jtsao1\AppData\Roaming\Python\Python314\site-packages\requests_kerberos\kerberos_.py", line 229, in generate_request_header
    gss_response = ctx.step(in_token=negotiate_resp_value)
  File "C:\Users\jtsao1\AppData\Roaming\Python\Python314\site-packages\spnego\_context.py", line 71, in wrapper
    raise SpnegoError(base_error=native_err, context_msg=context) from native_err
spnego.exceptions.SpnegoError: SpnegoError (4294967295): [WinError -2146893039] No authority could be contacted for authentication, Context: Processing security token
2026-05-03 17:30:00,516 [ERROR][requests_kerberos.kerberos_] SpnegoError (4294967295): [WinError -2146893039] No authority could be contacted for authentication, Context: Processing security token
Traceback (most recent call last):
  File "C:\Users\jtsao1\AppData\Roaming\Python\Python314\site-packages\spnego\_context.py", line 68, in wrapper
    return func(*args, **kwargs)
  File "C:\Users\jtsao1\AppData\Roaming\Python\Python314\site-packages\spnego\_sspi.py", line 286, in step
    res = sspilib.raw.initialize_security_context(
        credential=self._credential,
    ...<5 lines>...
        output_buffers=out_buffer,
    )
  File "src/sspilib/raw/_security_context.pyx", line 438, in sspilib.raw._security_context.initialize_security_context
OSError: [WinError -2146893039] No authority could be contacted for authentication

The above exception was the direct cause of the following exception:

Traceback (most recent call last):
  File "C:\Users\jtsao1\AppData\Roaming\Python\Python314\site-packages\requests_kerberos\kerberos_.py", line 229, in generate_request_header
    gss_response = ctx.step(in_token=negotiate_resp_value)
  File "C:\Users\jtsao1\AppData\Roaming\Python\Python314\site-packages\spnego\_context.py", line 71, in wrapper
    raise SpnegoError(base_error=native_err, context_msg=context) from native_err
spnego.exceptions.SpnegoError: SpnegoError (4294967295): [WinError -2146893039] No authority could be contacted for authentication, Context: Processing security token
2026-05-03 17:30:00,517 [ERROR] API request failed: GET https://hsdes-api.intel.com/rest/query/execute/15019322642 - ctx step failed: SpnegoError (4294967295): [WinError -2146893039] No authority could be contacted for authentication, Context: Processing security token
2026-05-03 17:30:00,517 [ERROR][hsd_access] API request failed: GET https://hsdes-api.intel.com/rest/query/execute/15019322642 - ctx step failed: SpnegoError (4294967295): [WinError -2146893039] No authority could be contacted for authentication, Context: Processing security token
2026-05-03 17:30:00,518 [DEBUG][hsd_access] Endpoint {'path': 'query/execute/15019322642', 'params': {'limit': 500}} error: ctx step failed: SpnegoError (4294967295): [WinError -2146893039] No authority could be contacted for authentication, Context: Processing security token
2026-05-03 17:30:00,519 [INFO] [Attempt 3/5] Trying endpoint: https://hsdes-api.intel.com/rest/query/15019322642/execute
2026-05-03 17:30:00,519 [INFO][hsd_access] [Attempt 3/5] Trying endpoint: https://hsdes-api.intel.com/rest/query/15019322642/execute
2026-05-03 17:30:00,519 [DEBUG][hsd_access] API request: GET https://hsdes-api.intel.com/rest/query/15019322642/execute
2026-05-03 17:30:00,525 [ERROR][requests_kerberos.kerberos_] generate_request_header(): ctx step failed:
Traceback (most recent call last):
  File "C:\Users\jtsao1\AppData\Roaming\Python\Python314\site-packages\spnego\_context.py", line 68, in wrapper
    return func(*args, **kwargs)
  File "C:\Users\jtsao1\AppData\Roaming\Python\Python314\site-packages\spnego\_sspi.py", line 286, in step
    res = sspilib.raw.initialize_security_context(
        credential=self._credential,
    ...<5 lines>...
        output_buffers=out_buffer,
    )
  File "src/sspilib/raw/_security_context.pyx", line 438, in sspilib.raw._security_context.initialize_security_context
OSError: [WinError -2146893039] No authority could be contacted for authentication

The above exception was the direct cause of the following exception:

Traceback (most recent call last):
  File "C:\Users\jtsao1\AppData\Roaming\Python\Python314\site-packages\requests_kerberos\kerberos_.py", line 229, in generate_request_header
    gss_response = ctx.step(in_token=negotiate_resp_value)
  File "C:\Users\jtsao1\AppData\Roaming\Python\Python314\site-packages\spnego\_context.py", line 71, in wrapper
    raise SpnegoError(base_error=native_err, context_msg=context) from native_err
spnego.exceptions.SpnegoError: SpnegoError (4294967295): [WinError -2146893039] No authority could be contacted for authentication, Context: Processing security token
2026-05-03 17:30:00,527 [ERROR][requests_kerberos.kerberos_] SpnegoError (4294967295): [WinError -2146893039] No authority could be contacted for authentication, Context: Processing security token
Traceback (most recent call last):
  File "C:\Users\jtsao1\AppData\Roaming\Python\Python314\site-packages\spnego\_context.py", line 68, in wrapper
    return func(*args, **kwargs)
  File "C:\Users\jtsao1\AppData\Roaming\Python\Python314\site-packages\spnego\_sspi.py", line 286, in step
    res = sspilib.raw.initialize_security_context(
        credential=self._credential,
    ...<5 lines>...
        output_buffers=out_buffer,
    )
  File "src/sspilib/raw/_security_context.pyx", line 438, in sspilib.raw._security_context.initialize_security_context
OSError: [WinError -2146893039] No authority could be contacted for authentication

The above exception was the direct cause of the following exception:

Traceback (most recent call last):
  File "C:\Users\jtsao1\AppData\Roaming\Python\Python314\site-packages\requests_kerberos\kerberos_.py", line 229, in generate_request_header
    gss_response = ctx.step(in_token=negotiate_resp_value)
  File "C:\Users\jtsao1\AppData\Roaming\Python\Python314\site-packages\spnego\_context.py", line 71, in wrapper
    raise SpnegoError(base_error=native_err, context_msg=context) from native_err
spnego.exceptions.SpnegoError: SpnegoError (4294967295): [WinError -2146893039] No authority could be contacted for authentication, Context: Processing security token
2026-05-03 17:30:00,528 [ERROR] API request failed: GET https://hsdes-api.intel.com/rest/query/15019322642/execute - ctx step failed: SpnegoError (4294967295): [WinError -2146893039] No authority could be contacted for authentication, Context: Processing security token
2026-05-03 17:30:00,528 [ERROR][hsd_access] API request failed: GET https://hsdes-api.intel.com/rest/query/15019322642/execute - ctx step failed: SpnegoError (4294967295): [WinError -2146893039] No authority could be contacted for authentication, Context: Processing security token
2026-05-03 17:30:00,528 [DEBUG][hsd_access] Endpoint {'path': 'query/15019322642/execute', 'params': {'limit': 500}} error: ctx step failed: SpnegoError (4294967295): [WinError -2146893039] No authority could be contacted for authentication, Context: Processing security token
2026-05-03 17:30:00,528 [INFO] [Attempt 4/5] Trying endpoint: https://hsdes-api.intel.com/rest/savedquery/15019322642
2026-05-03 17:30:00,528 [INFO][hsd_access] [Attempt 4/5] Trying endpoint: https://hsdes-api.intel.com/rest/savedquery/15019322642
2026-05-03 17:30:00,528 [DEBUG][hsd_access] API request: GET https://hsdes-api.intel.com/rest/savedquery/15019322642
2026-05-03 17:30:00,532 [ERROR][requests_kerberos.kerberos_] generate_request_header(): ctx step failed:
Traceback (most recent call last):
  File "C:\Users\jtsao1\AppData\Roaming\Python\Python314\site-packages\spnego\_context.py", line 68, in wrapper
    return func(*args, **kwargs)
  File "C:\Users\jtsao1\AppData\Roaming\Python\Python314\site-packages\spnego\_sspi.py", line 286, in step
    res = sspilib.raw.initialize_security_context(
        credential=self._credential,
    ...<5 lines>...
        output_buffers=out_buffer,
    )
  File "src/sspilib/raw/_security_context.pyx", line 438, in sspilib.raw._security_context.initialize_security_context
OSError: [WinError -2146893039] No authority could be contacted for authentication

The above exception was the direct cause of the following exception:

Traceback (most recent call last):
  File "C:\Users\jtsao1\AppData\Roaming\Python\Python314\site-packages\requests_kerberos\kerberos_.py", line 229, in generate_request_header
    gss_response = ctx.step(in_token=negotiate_resp_value)
  File "C:\Users\jtsao1\AppData\Roaming\Python\Python314\site-packages\spnego\_context.py", line 71, in wrapper
    raise SpnegoError(base_error=native_err, context_msg=context) from native_err
spnego.exceptions.SpnegoError: SpnegoError (4294967295): [WinError -2146893039] No authority could be contacted for authentication, Context: Processing security token
2026-05-03 17:30:00,533 [ERROR][requests_kerberos.kerberos_] SpnegoError (4294967295): [WinError -2146893039] No authority could be contacted for authentication, Context: Processing security token
Traceback (most recent call last):
  File "C:\Users\jtsao1\AppData\Roaming\Python\Python314\site-packages\spnego\_context.py", line 68, in wrapper
    return func(*args, **kwargs)
  File "C:\Users\jtsao1\AppData\Roaming\Python\Python314\site-packages\spnego\_sspi.py", line 286, in step
    res = sspilib.raw.initialize_security_context(
        credential=self._credential,
    ...<5 lines>...
        output_buffers=out_buffer,
    )
  File "src/sspilib/raw/_security_context.pyx", line 438, in sspilib.raw._security_context.initialize_security_context
OSError: [WinError -2146893039] No authority could be contacted for authentication

The above exception was the direct cause of the following exception:

Traceback (most recent call last):
  File "C:\Users\jtsao1\AppData\Roaming\Python\Python314\site-packages\requests_kerberos\kerberos_.py", line 229, in generate_request_header
    gss_response = ctx.step(in_token=negotiate_resp_value)
  File "C:\Users\jtsao1\AppData\Roaming\Python\Python314\site-packages\spnego\_context.py", line 71, in wrapper
    raise SpnegoError(base_error=native_err, context_msg=context) from native_err
spnego.exceptions.SpnegoError: SpnegoError (4294967295): [WinError -2146893039] No authority could be contacted for authentication, Context: Processing security token
2026-05-03 17:30:00,535 [ERROR] API request failed: GET https://hsdes-api.intel.com/rest/savedquery/15019322642 - ctx step failed: SpnegoError (4294967295): [WinError -2146893039] No authority could be contacted for authentication, Context: Processing security token
2026-05-03 17:30:00,535 [ERROR][hsd_access] API request failed: GET https://hsdes-api.intel.com/rest/savedquery/15019322642 - ctx step failed: SpnegoError (4294967295): [WinError -2146893039] No authority could be contacted for authentication, Context: Processing security token
2026-05-03 17:30:00,535 [DEBUG][hsd_access] Endpoint {'path': 'savedquery/15019322642', 'params': {'limit': 500}} error: ctx step failed: SpnegoError (4294967295): [WinError -2146893039] No authority could be contacted for authentication, Context: Processing security token
2026-05-03 17:30:00,535 [INFO] [Attempt 5/5] Trying endpoint: https://hsdes-api.intel.com/rest/article/query/15019322642
2026-05-03 17:30:00,535 [INFO][hsd_access] [Attempt 5/5] Trying endpoint: https://hsdes-api.intel.com/rest/article/query/15019322642
2026-05-03 17:30:00,535 [DEBUG][hsd_access] API request: GET https://hsdes-api.intel.com/rest/article/query/15019322642
2026-05-03 17:30:00,539 [ERROR][requests_kerberos.kerberos_] generate_request_header(): ctx step failed:
Traceback (most recent call last):
  File "C:\Users\jtsao1\AppData\Roaming\Python\Python314\site-packages\spnego\_context.py", line 68, in wrapper
    return func(*args, **kwargs)
  File "C:\Users\jtsao1\AppData\Roaming\Python\Python314\site-packages\spnego\_sspi.py", line 286, in step
    res = sspilib.raw.initialize_security_context(
        credential=self._credential,
    ...<5 lines>...
        output_buffers=out_buffer,
    )
  File "src/sspilib/raw/_security_context.pyx", line 438, in sspilib.raw._security_context.initialize_security_context
OSError: [WinError -2146893039] No authority could be contacted for authentication

The above exception was the direct cause of the following exception:

Traceback (most recent call last):
  File "C:\Users\jtsao1\AppData\Roaming\Python\Python314\site-packages\requests_kerberos\kerberos_.py", line 229, in generate_request_header
    gss_response = ctx.step(in_token=negotiate_resp_value)
  File "C:\Users\jtsao1\AppData\Roaming\Python\Python314\site-packages\spnego\_context.py", line 71, in wrapper
    raise SpnegoError(base_error=native_err, context_msg=context) from native_err
spnego.exceptions.SpnegoError: SpnegoError (4294967295): [WinError -2146893039] No authority could be contacted for authentication, Context: Processing security token
2026-05-03 17:30:00,541 [ERROR][requests_kerberos.kerberos_] SpnegoError (4294967295): [WinError -2146893039] No authority could be contacted for authentication, Context: Processing security token
Traceback (most recent call last):
  File "C:\Users\jtsao1\AppData\Roaming\Python\Python314\site-packages\spnego\_context.py", line 68, in wrapper
    return func(*args, **kwargs)
  File "C:\Users\jtsao1\AppData\Roaming\Python\Python314\site-packages\spnego\_sspi.py", line 286, in step
    res = sspilib.raw.initialize_security_context(
        credential=self._credential,
    ...<5 lines>...
        output_buffers=out_buffer,
    )
  File "src/sspilib/raw/_security_context.pyx", line 438, in sspilib.raw._security_context.initialize_security_context
OSError: [WinError -2146893039] No authority could be contacted for authentication

The above exception was the direct cause of the following exception:

Traceback (most recent call last):
  File "C:\Users\jtsao1\AppData\Roaming\Python\Python314\site-packages\requests_kerberos\kerberos_.py", line 229, in generate_request_header
    gss_response = ctx.step(in_token=negotiate_resp_value)
  File "C:\Users\jtsao1\AppData\Roaming\Python\Python314\site-packages\spnego\_context.py", line 71, in wrapper
    raise SpnegoError(base_error=native_err, context_msg=context) from native_err
spnego.exceptions.SpnegoError: SpnegoError (4294967295): [WinError -2146893039] No authority could be contacted for authentication, Context: Processing security token
2026-05-03 17:30:00,542 [ERROR] API request failed: GET https://hsdes-api.intel.com/rest/article/query/15019322642 - ctx step failed: SpnegoError (4294967295): [WinError -2146893039] No authority could be contacted for authentication, Context: Processing security token
2026-05-03 17:30:00,542 [ERROR][hsd_access] API request failed: GET https://hsdes-api.intel.com/rest/article/query/15019322642 - ctx step failed: SpnegoError (4294967295): [WinError -2146893039] No authority could be contacted for authentication, Context: Processing security token
2026-05-03 17:30:00,542 [DEBUG][hsd_access] Endpoint {'path': 'article/query/15019322642', 'params': {'limit': 500}} error: ctx step failed: SpnegoError (4294967295): [WinError -2146893039] No authority could be contacted for authentication, Context: Processing security token
2026-05-03 17:30:00,542 [WARNING] Could not fetch bugs from query ID 15019322642 via API endpoints
2026-05-03 17:30:00,542 [WARNING][hsd_access] Could not fetch bugs from query ID 15019322642 via API endpoints
2026-05-03 17:30:00,542 [INFO] You may need to access the query directly via web interface or use alternate authentication
2026-05-03 17:30:00,542 [INFO][hsd_access] You may need to access the query directly via web interface or use alternate authentication
2026-05-03 17:30:00,543 [INFO] ======================================================================
2026-05-03 17:30:00,543 [INFO][hsd_access] ======================================================================
2026-05-03 17:30:00,543 [INFO] HSD API Authentication Failed - Alternative Options:
2026-05-03 17:30:00,543 [INFO][hsd_access] HSD API Authentication Failed - Alternative Options:
2026-05-03 17:30:00,543 [INFO] ======================================================================
2026-05-03 17:30:00,543 [INFO][hsd_access] ======================================================================
2026-05-03 17:30:00,543 [INFO] 1. Validate Kerberos ticket:
2026-05-03 17:30:00,543 [INFO][hsd_access] 1. Validate Kerberos ticket:
2026-05-03 17:30:00,543 [INFO]    - Run 'klist' to verify a valid ticket exists
2026-05-03 17:30:00,543 [INFO][hsd_access]    - Run 'klist' to verify a valid ticket exists
2026-05-03 17:30:00,543 [INFO]    - If expired or missing, run 'kinit your_upi@INTEL.COM'
2026-05-03 17:30:00,543 [INFO][hsd_access]    - If expired or missing, run 'kinit your_upi@INTEL.COM'
2026-05-03 17:30:00,543 [INFO] 
2026-05-03 17:30:00,543 [INFO][hsd_access] 
2026-05-03 17:30:00,543 [INFO] 2. Manual Export (recommended for now):
2026-05-03 17:30:00,543 [INFO][hsd_access] 2. Manual Export (recommended for now):
2026-05-03 17:30:00,544 [INFO]    - Visit: https://hsdes.intel.com/appstore/generalapps/#/pages/community/1203659509?queryId=15019322642
2026-05-03 17:30:00,544 [INFO][hsd_access]    - Visit: https://hsdes.intel.com/appstore/generalapps/#/pages/community/1203659509?queryId=15019322642
2026-05-03 17:30:00,544 [INFO]    - Click 'Export' button
2026-05-03 17:30:00,544 [INFO][hsd_access]    - Click 'Export' button
2026-05-03 17:30:00,544 [INFO]    - Save as CSV/Excel
2026-05-03 17:30:00,544 [INFO][hsd_access]    - Save as CSV/Excel
2026-05-03 17:30:00,544 [INFO] 
2026-05-03 17:30:00,544 [INFO][hsd_access] 
2026-05-03 17:30:00,544 [INFO] 3. Request Faceless Account:
2026-05-03 17:30:00,544 [INFO][hsd_access] 3. Request Faceless Account:
2026-05-03 17:30:00,544 [INFO]    - Email: ags@intel.com
2026-05-03 17:30:00,544 [INFO][hsd_access]    - Email: ags@intel.com
2026-05-03 17:30:00,545 [INFO]    - Subject: 'Faceless Account for HSD API Access'
2026-05-03 17:30:00,545 [INFO][hsd_access]    - Subject: 'Faceless Account for HSD API Access'
2026-05-03 17:30:00,545 [INFO]    - Get dedicated service account credentials
2026-05-03 17:30:00,545 [INFO][hsd_access]    - Get dedicated service account credentials
2026-05-03 17:30:00,545 [INFO] ======================================================================
2026-05-03 17:30:00,545 [INFO][hsd_access] ======================================================================
2026-05-03 17:30:00,545 [INFO] Owner filter reduced HSD list to 0 rows
2026-05-03 17:30:00,545 [INFO][wireless_ips_hsd] Owner filter reduced HSD list to 0 rows
2026-05-03 17:30:00,546 [INFO] Fetched 0 HSD bug(s) via API
2026-05-03 17:30:00,546 [INFO][wireless_ips_hsd] Fetched 0 HSD bug(s) via API
2026-05-03 17:30:00,546 [INFO] No HSD rows to insert; skipping Postgres stage.
2026-05-03 17:30:00,546 [INFO][wireless_ips_hsd] No HSD rows to insert; skipping Postgres stage.
2026-05-03 17:30:00,546 [INFO] === Stage timing summary (seconds) ===
2026-05-03 17:30:00,546 [INFO][wireless_ips_hsd] === Stage timing summary (seconds) ===
2026-05-03 17:30:00,546 [INFO] HSD_fetch          0.11
2026-05-03 17:30:00,546 [INFO][wireless_ips_hsd] HSD_fetch          0.11
2026-05-03 17:30:00,546 [INFO] Postgres_insert    0.00
2026-05-03 17:30:00,546 [INFO][wireless_ips_hsd] Postgres_insert    0.00
2026-05-03 17:30:00,546 [INFO] TOTAL              0.11
2026-05-03 17:30:00,546 [INFO][wireless_ips_hsd] TOTAL              0.11
[Sun 05/03/2026 17:30:00.77] Finished with exit code 0 
