[Mon 06/15/2026 11:15:02.61] Starting HSD-only job 
[INFO] Python executable: C:\Users\jtsao1\OneDrive - Intel Corporation\Documents\My workspace\jira_ips_tat_HP\jira_tat\jira_customer_tat\.venv\Scripts\python.exe 
did not find executable at 'C:\Program Files\Python314\python.exe': The system cannot find the file specified.

[WARN] Selected Python is not runnable. Falling back to PATH python. 
[INFO] Python executable fallback: python 
Python 3.14.3
[INFO] REQUESTS_CA_BUNDLE=C:\Python314\Lib\site-packages\certifi\cacert.pem 
2026-06-15 11:15:04,941 [WARNING] DDL safeguard active: forcing append mode (no DROP/CREATE). Use --allow-ddl to override.
2026-06-15 11:15:04,941 [WARNING][wireless_ips_hsd] DDL safeguard active: forcing append mode (no DROP/CREATE). Use --allow-ddl to override.
2026-06-15 11:15:04,942 [INFO] Run options: RunOptions(enable_jira_tat=True, enable_jira_comment_analysis=False, enable_jira_initial_component=True, enable_jira_duplicate_sw_check=True, log_jira_tat_dict=False, limit_ips=0, limit_jira=0, enable_db_insert=True, db_recreate_table=False, db_auto_add_missing_columns=False, db_use_batch_insert=False, db_batch_page_size=200)
2026-06-15 11:15:04,942 [INFO][wireless_ips_hsd] Run options: RunOptions(enable_jira_tat=True, enable_jira_comment_analysis=False, enable_jira_initial_component=True, enable_jira_duplicate_sw_check=True, log_jira_tat_dict=False, limit_ips=0, limit_jira=0, enable_db_insert=True, db_recreate_table=False, db_auto_add_missing_columns=False, db_use_batch_insert=False, db_batch_page_size=200)
2026-06-15 11:15:04,942 [DEBUG][hsd_access] Using existing KRB5CCNAME=FILE:C:\Temp\krb5cache
2026-06-15 11:15:04,943 [INFO] Kerberos credential cache in use: FILE:C:\Temp\krb5cache
2026-06-15 11:15:04,943 [INFO][hsd_access] Kerberos credential cache in use: FILE:C:\Temp\krb5cache
2026-06-15 11:15:04,943 [INFO] Using Kerberos authentication with cache FILE:C:\Temp\krb5cache
2026-06-15 11:15:04,943 [INFO][hsd_access] Using Kerberos authentication with cache FILE:C:\Temp\krb5cache
2026-06-15 11:15:04,944 [WARNING] SSL verification disabled for HSD API requests; set HSD_CA_CERT to enable.
2026-06-15 11:15:04,944 [WARNING][hsd_access] SSL verification disabled for HSD API requests; set HSD_CA_CERT to enable.
2026-06-15 11:15:04,944 [INFO] HSD authentication mode in use: kerberos
2026-06-15 11:15:04,944 [INFO][hsd_access] HSD authentication mode in use: kerberos
2026-06-15 11:15:04,944 [INFO] Fetching bugs from saved query ID: 15019322642 (limit: 500)
2026-06-15 11:15:04,944 [INFO][hsd_access] Fetching bugs from saved query ID: 15019322642 (limit: 500)
2026-06-15 11:15:04,944 [INFO] Query URL: https://hsdes.intel.com/appstore/generalapps/#/pages/community/1203659509?queryId=15019322642
2026-06-15 11:15:04,944 [INFO][hsd_access] Query URL: https://hsdes.intel.com/appstore/generalapps/#/pages/community/1203659509?queryId=15019322642
2026-06-15 11:15:04,945 [INFO] [Attempt 1/5] Trying endpoint: https://hsdes-api.intel.com/rest/query/15019322642
2026-06-15 11:15:04,945 [INFO][hsd_access] [Attempt 1/5] Trying endpoint: https://hsdes-api.intel.com/rest/query/15019322642
2026-06-15 11:15:04,945 [DEBUG][hsd_access] API request: GET https://hsdes-api.intel.com/rest/query/15019322642
2026-06-15 11:15:08,286 [INFO] Successfully fetched 4 bugs from query 15019322642
2026-06-15 11:15:08,286 [INFO][hsd_access] Successfully fetched 4 bugs from query 15019322642
2026-06-15 11:15:08,288 [INFO] Owner filter reduced HSD list to 3 rows
2026-06-15 11:15:08,288 [INFO][wireless_ips_hsd] Owner filter reduced HSD list to 3 rows
2026-06-15 11:15:08,289 [INFO] Fetched 3 HSD bug(s) via API
2026-06-15 11:15:08,289 [INFO][wireless_ips_hsd] Fetched 3 HSD bug(s) via API
2026-06-15 11:15:08,292 [INFO] HSD fetched ids: 22022299872, 22022468912, 22022505627
2026-06-15 11:15:08,292 [INFO][wireless_ips_hsd] HSD fetched ids: 22022299872, 22022468912, 22022505627
2026-06-15 11:15:08,292 [INFO][CUSTOMER_BUGS] CTOR - DbConnector
2026-06-15 11:15:10,496 [INFO][CUSTOMER_BUGS] DB connection info: host=10-108-27-113.dbaas.intel.com db=wirelesscustomerengineering schema=public search_path="$user", public, dbaas_admin
2026-06-15 11:15:11,020 [INFO] HSD pre-sync cleanup cleared 3 stale row(s) in ips_jira_bugs for owners=bingyue sun,bingyues,brenton wu,brentonw,caizhiqi,charles chu,chenmatt,chuchar1,flee5,frank lee,frank yang,frankfcy,jonathan tsao,jtsao1,juan zou,jzou6,leo chiang,matt chen,steven1 chen,szchen,timdaway,timdaway lai,wesley kuo,wesleyku,yaochien,yu-wei chen,yuweich1,zhiqiang cai from 2025-01-01
2026-06-15 11:15:11,020 [INFO][wireless_ips_hsd] HSD pre-sync cleanup cleared 3 stale row(s) in ips_jira_bugs for owners=bingyue sun,bingyues,brenton wu,brentonw,caizhiqi,charles chu,chenmatt,chuchar1,flee5,frank lee,frank yang,frankfcy,jonathan tsao,jtsao1,juan zou,jzou6,leo chiang,matt chen,steven1 chen,szchen,timdaway,timdaway lai,wesley kuo,wesleyku,yaochien,yu-wei chen,yuweich1,zhiqiang cai from 2025-01-01
2026-06-15 11:15:11,021 [INFO][CUSTOMER_BUGS] DTOR - DbConnector
2026-06-15 11:15:11,025 [INFO][CUSTOMER_BUGS] CTOR - DbConnector
2026-06-15 11:15:13,111 [INFO][CUSTOMER_BUGS] DB connection info: host=10-108-27-113.dbaas.intel.com db=wirelesscustomerengineering schema=public search_path="$user", public, dbaas_admin
2026-06-15 11:15:16,508 [INFO][CUSTOMER_BUGS] update table with relevant data (row-by-row; slow) ..
2026-06-15 11:15:17,772 [INFO][CUSTOMER_BUGS] update is complete. 3 rows were inserted
2026-06-15 11:15:18,285 [INFO][CUSTOMER_BUGS] table ips_jira_bugs rowcount after insert: 16246
2026-06-15 11:15:18,286 [INFO][CUSTOMER_BUGS] HSD refresh in ips_jira_bugs: updated 0 row(s); engineer refreshed 0; inserted 3 new; skipped 3 unmatched (sample unmatched: NA, NA, NA)
2026-06-15 11:15:18,286 [INFO][CUSTOMER_BUGS] HSD unmatched details: hsd_id=22022299872 promoted=NA (no match); hsd_id=22022468912 promoted=NA (no match); hsd_id=22022505627 promoted=NA (no match)
2026-06-15 11:15:18,286 [INFO] HSD-only: refreshed 3 row(s) in ips_jira_bugs (input rows=3)
2026-06-15 11:15:18,286 [INFO][wireless_ips_hsd] HSD-only: refreshed 3 row(s) in ips_jira_bugs (input rows=3)
2026-06-15 11:15:18,286 [INFO][CUSTOMER_BUGS] DTOR - DbConnector
2026-06-15 11:15:18,287 [INFO] === Stage timing summary (seconds) ===
2026-06-15 11:15:18,287 [INFO][wireless_ips_hsd] === Stage timing summary (seconds) ===
2026-06-15 11:15:18,287 [INFO] HSD_fetch          3.35
2026-06-15 11:15:18,287 [INFO][wireless_ips_hsd] HSD_fetch          3.35
2026-06-15 11:15:18,287 [INFO] Postgres_insert    9.99
2026-06-15 11:15:18,287 [INFO][wireless_ips_hsd] Postgres_insert    9.99
2026-06-15 11:15:18,288 [INFO] TOTAL             13.35
2026-06-15 11:15:18,288 [INFO][wireless_ips_hsd] TOTAL             13.35
[Mon 06/15/2026 11:15:18.52] Finished with exit code 0 
