[Mon 05/25/2026 11:15:01.83] Starting HSD-only job 
[INFO] Python executable: C:\Users\jtsao1\OneDrive - Intel Corporation\Documents\My workspace\jira_ips_tat_HP\jira_tat\jira_customer_tat\.venv\Scripts\python.exe 
did not find executable at 'C:\Program Files\Python314\python.exe': The system cannot find the file specified.

[WARN] Selected Python is not runnable. Falling back to PATH python. 
[INFO] Python executable fallback: python 
Python 3.14.3
[INFO] REQUESTS_CA_BUNDLE=C:\Python314\Lib\site-packages\certifi\cacert.pem 
2026-05-25 11:15:03,959 [WARNING] DDL safeguard active: forcing append mode (no DROP/CREATE). Use --allow-ddl to override.
2026-05-25 11:15:03,959 [WARNING][wireless_ips_hsd] DDL safeguard active: forcing append mode (no DROP/CREATE). Use --allow-ddl to override.
2026-05-25 11:15:03,960 [INFO] Run options: RunOptions(enable_jira_tat=True, enable_jira_comment_analysis=False, enable_jira_initial_component=True, enable_jira_duplicate_sw_check=True, log_jira_tat_dict=False, limit_ips=0, limit_jira=0, enable_db_insert=True, db_recreate_table=False, db_auto_add_missing_columns=False, db_use_batch_insert=False, db_batch_page_size=200)
2026-05-25 11:15:03,960 [INFO][wireless_ips_hsd] Run options: RunOptions(enable_jira_tat=True, enable_jira_comment_analysis=False, enable_jira_initial_component=True, enable_jira_duplicate_sw_check=True, log_jira_tat_dict=False, limit_ips=0, limit_jira=0, enable_db_insert=True, db_recreate_table=False, db_auto_add_missing_columns=False, db_use_batch_insert=False, db_batch_page_size=200)
2026-05-25 11:15:03,960 [DEBUG][hsd_access] Using existing KRB5CCNAME=FILE:C:\Temp\krb5cache
2026-05-25 11:15:03,961 [INFO] Kerberos credential cache in use: FILE:C:\Temp\krb5cache
2026-05-25 11:15:03,961 [INFO][hsd_access] Kerberos credential cache in use: FILE:C:\Temp\krb5cache
2026-05-25 11:15:03,961 [INFO] Using Kerberos authentication with cache FILE:C:\Temp\krb5cache
2026-05-25 11:15:03,961 [INFO][hsd_access] Using Kerberos authentication with cache FILE:C:\Temp\krb5cache
2026-05-25 11:15:03,961 [WARNING] SSL verification disabled for HSD API requests; set HSD_CA_CERT to enable.
2026-05-25 11:15:03,961 [WARNING][hsd_access] SSL verification disabled for HSD API requests; set HSD_CA_CERT to enable.
2026-05-25 11:15:03,961 [INFO] HSD authentication mode in use: kerberos
2026-05-25 11:15:03,961 [INFO][hsd_access] HSD authentication mode in use: kerberos
2026-05-25 11:15:03,961 [INFO] Fetching bugs from saved query ID: 15019322642 (limit: 500)
2026-05-25 11:15:03,961 [INFO][hsd_access] Fetching bugs from saved query ID: 15019322642 (limit: 500)
2026-05-25 11:15:03,962 [INFO] Query URL: https://hsdes.intel.com/appstore/generalapps/#/pages/community/1203659509?queryId=15019322642
2026-05-25 11:15:03,962 [INFO][hsd_access] Query URL: https://hsdes.intel.com/appstore/generalapps/#/pages/community/1203659509?queryId=15019322642
2026-05-25 11:15:03,962 [INFO] [Attempt 1/5] Trying endpoint: https://hsdes-api.intel.com/rest/query/15019322642
2026-05-25 11:15:03,962 [INFO][hsd_access] [Attempt 1/5] Trying endpoint: https://hsdes-api.intel.com/rest/query/15019322642
2026-05-25 11:15:03,962 [DEBUG][hsd_access] API request: GET https://hsdes-api.intel.com/rest/query/15019322642
2026-05-25 11:15:07,978 [INFO] Successfully fetched 6 bugs from query 15019322642
2026-05-25 11:15:07,978 [INFO][hsd_access] Successfully fetched 6 bugs from query 15019322642
2026-05-25 11:15:07,979 [INFO] Owner filter reduced HSD list to 6 rows
2026-05-25 11:15:07,979 [INFO][wireless_ips_hsd] Owner filter reduced HSD list to 6 rows
2026-05-25 11:15:07,979 [INFO] Fetched 6 HSD bug(s) via API
2026-05-25 11:15:07,979 [INFO][wireless_ips_hsd] Fetched 6 HSD bug(s) via API
2026-05-25 11:15:07,980 [INFO] HSD fetched ids: 22022266039, 22022299872, 22022335060, 22022480602, 22022505627, 22022513571
2026-05-25 11:15:07,980 [INFO][wireless_ips_hsd] HSD fetched ids: 22022266039, 22022299872, 22022335060, 22022480602, 22022505627, 22022513571
2026-05-25 11:15:07,981 [INFO][CUSTOMER_BUGS] CTOR - DbConnector
2026-05-25 11:15:10,115 [INFO][CUSTOMER_BUGS] DB connection info: host=10-108-27-113.dbaas.intel.com db=wirelesscustomerengineering schema=public search_path="$user", public, dbaas_admin
2026-05-25 11:15:10,589 [INFO] HSD pre-sync cleanup cleared 6 stale row(s) in ips_jira_bugs for owners=bingyue sun,bingyues,brenton wu,brentonw,caizhiqi,charles chu,chenmatt,chuchar1,flee5,frank lee,frank yang,frankfcy,jonathan tsao,jtsao1,juan zou,jzou6,leo chiang,matt chen,steven1 chen,szchen,timdaway,timdaway lai,wesley kuo,wesleyku,yaochien,yu-wei chen,yuweich1,zhiqiang cai from 2025-01-01
2026-05-25 11:15:10,589 [INFO][wireless_ips_hsd] HSD pre-sync cleanup cleared 6 stale row(s) in ips_jira_bugs for owners=bingyue sun,bingyues,brenton wu,brentonw,caizhiqi,charles chu,chenmatt,chuchar1,flee5,frank lee,frank yang,frankfcy,jonathan tsao,jtsao1,juan zou,jzou6,leo chiang,matt chen,steven1 chen,szchen,timdaway,timdaway lai,wesley kuo,wesleyku,yaochien,yu-wei chen,yuweich1,zhiqiang cai from 2025-01-01
2026-05-25 11:15:10,590 [INFO][CUSTOMER_BUGS] DTOR - DbConnector
2026-05-25 11:15:10,591 [INFO][CUSTOMER_BUGS] CTOR - DbConnector
2026-05-25 11:15:12,673 [INFO][CUSTOMER_BUGS] DB connection info: host=10-108-27-113.dbaas.intel.com db=wirelesscustomerengineering schema=public search_path="$user", public, dbaas_admin
2026-05-25 11:15:16,899 [INFO][CUSTOMER_BUGS] update table with relevant data (row-by-row; slow) ..
2026-05-25 11:15:18,727 [INFO][CUSTOMER_BUGS] update is complete. 6 rows were inserted
2026-05-25 11:15:19,184 [INFO][CUSTOMER_BUGS] table ips_jira_bugs rowcount after insert: 15844
2026-05-25 11:15:19,184 [INFO][CUSTOMER_BUGS] HSD refresh in ips_jira_bugs: updated 0 row(s); inserted 6 new; skipped 6 unmatched (sample unmatched: NA, NA, NA, NA, NA)
2026-05-25 11:15:19,184 [INFO][CUSTOMER_BUGS] HSD unmatched details: hsd_id=22022266039 promoted=NA (no match); hsd_id=22022299872 promoted=NA (no match); hsd_id=22022335060 promoted=NA (no match); hsd_id=22022480602 promoted=NA (no match); hsd_id=22022505627 promoted=NA (no match); hsd_id=22022513571 promoted=NA (no match)
2026-05-25 11:15:19,184 [INFO] HSD-only: refreshed 6 row(s) in ips_jira_bugs (input rows=6)
2026-05-25 11:15:19,184 [INFO][wireless_ips_hsd] HSD-only: refreshed 6 row(s) in ips_jira_bugs (input rows=6)
2026-05-25 11:15:19,184 [INFO][CUSTOMER_BUGS] DTOR - DbConnector
2026-05-25 11:15:19,185 [INFO] === Stage timing summary (seconds) ===
2026-05-25 11:15:19,185 [INFO][wireless_ips_hsd] === Stage timing summary (seconds) ===
2026-05-25 11:15:19,185 [INFO] HSD_fetch          4.02
2026-05-25 11:15:19,185 [INFO][wireless_ips_hsd] HSD_fetch          4.02
2026-05-25 11:15:19,185 [INFO] Postgres_insert   11.20
2026-05-25 11:15:19,185 [INFO][wireless_ips_hsd] Postgres_insert   11.20
2026-05-25 11:15:19,185 [INFO] TOTAL             15.22
2026-05-25 11:15:19,185 [INFO][wireless_ips_hsd] TOTAL             15.22
[Mon 05/25/2026 11:15:19.29] Finished with exit code 0 
