[Fri 04/10/2026 11:15:02.34] Starting HSD-only job 
[INFO] Python executable: C:\Users\jtsao1\OneDrive - Intel Corporation\Documents\My workspace\jira_ips_tat_HP\jira_tat\jira_customer_tat\.venv\Scripts\python.exe 
did not find executable at 'C:\Program Files\Python314\python.exe': The system cannot find the file specified.

[WARN] Selected Python is not runnable. Falling back to PATH python. 
[INFO] Python executable fallback: python 
Python 3.14.3
[INFO] REQUESTS_CA_BUNDLE=C:\Python314\Lib\site-packages\certifi\cacert.pem 
2026-04-10 11:15:03,456 [WARNING] DDL safeguard active: forcing append mode (no DROP/CREATE). Use --allow-ddl to override.
2026-04-10 11:15:03,456 [WARNING][wireless_ips_hsd] DDL safeguard active: forcing append mode (no DROP/CREATE). Use --allow-ddl to override.
2026-04-10 11:15:03,456 [INFO] Run options: RunOptions(enable_jira_tat=True, enable_jira_comment_analysis=False, enable_jira_initial_component=True, enable_jira_duplicate_sw_check=True, log_jira_tat_dict=False, limit_ips=0, limit_jira=0, enable_db_insert=True, db_recreate_table=False, db_use_batch_insert=False, db_batch_page_size=200)
2026-04-10 11:15:03,456 [INFO][wireless_ips_hsd] Run options: RunOptions(enable_jira_tat=True, enable_jira_comment_analysis=False, enable_jira_initial_component=True, enable_jira_duplicate_sw_check=True, log_jira_tat_dict=False, limit_ips=0, limit_jira=0, enable_db_insert=True, db_recreate_table=False, db_use_batch_insert=False, db_batch_page_size=200)
2026-04-10 11:15:03,456 [DEBUG][hsd_access] Using existing KRB5CCNAME=FILE:C:\Temp\krb5cache
2026-04-10 11:15:03,459 [INFO] Kerberos credential cache in use: FILE:C:\Temp\krb5cache
2026-04-10 11:15:03,459 [INFO][hsd_access] Kerberos credential cache in use: FILE:C:\Temp\krb5cache
2026-04-10 11:15:03,460 [INFO] Using Kerberos authentication with cache FILE:C:\Temp\krb5cache
2026-04-10 11:15:03,460 [INFO][hsd_access] Using Kerberos authentication with cache FILE:C:\Temp\krb5cache
2026-04-10 11:15:03,460 [WARNING] SSL verification disabled for HSD API requests; set HSD_CA_CERT to enable.
2026-04-10 11:15:03,460 [WARNING][hsd_access] SSL verification disabled for HSD API requests; set HSD_CA_CERT to enable.
2026-04-10 11:15:03,460 [INFO] HSD authentication mode in use: kerberos
2026-04-10 11:15:03,460 [INFO][hsd_access] HSD authentication mode in use: kerberos
2026-04-10 11:15:03,460 [INFO] Fetching bugs from saved query ID: 16021056445 (limit: 500)
2026-04-10 11:15:03,460 [INFO][hsd_access] Fetching bugs from saved query ID: 16021056445 (limit: 500)
2026-04-10 11:15:03,460 [INFO] Query URL: https://hsdes.intel.com/appstore/generalapps/#/pages/community/1203659509?queryId=16021056445
2026-04-10 11:15:03,460 [INFO][hsd_access] Query URL: https://hsdes.intel.com/appstore/generalapps/#/pages/community/1203659509?queryId=16021056445
2026-04-10 11:15:03,461 [INFO] [Attempt 1/5] Trying endpoint: https://hsdes-api.intel.com/rest/query/16021056445
2026-04-10 11:15:03,461 [INFO][hsd_access] [Attempt 1/5] Trying endpoint: https://hsdes-api.intel.com/rest/query/16021056445
2026-04-10 11:15:03,461 [DEBUG][hsd_access] API request: GET https://hsdes-api.intel.com/rest/query/16021056445
2026-04-10 11:15:06,561 [INFO] Successfully fetched 9 bugs from query 16021056445
2026-04-10 11:15:06,561 [INFO][hsd_access] Successfully fetched 9 bugs from query 16021056445
2026-04-10 11:15:06,563 [INFO] Owner filter reduced HSD list to 6 rows
2026-04-10 11:15:06,563 [INFO][wireless_ips_hsd] Owner filter reduced HSD list to 6 rows
2026-04-10 11:15:06,563 [INFO] Fetched 6 HSD bug(s) via API
2026-04-10 11:15:06,563 [INFO][wireless_ips_hsd] Fetched 6 HSD bug(s) via API
2026-04-10 11:15:06,563 [INFO] HSD fetched ids: 16030160389, 22022045968, 22022266039, 22022269786, 22022269787, 22022280341
2026-04-10 11:15:06,563 [INFO][wireless_ips_hsd] HSD fetched ids: 16030160389, 22022045968, 22022266039, 22022269786, 22022269787, 22022280341
2026-04-10 11:15:06,564 [INFO][CUSTOMER_BUGS] CTOR - DbConnector
[FATAL] Runtime failure: connection to server at "10-108-27-113.dbaas.intel.com" (10.108.27.113), port 5433 failed: Connection timed out (0x0000274C/10060)
	Is the server running on that host and accepting TCP/IP connections?
. See C:\Users\jtsao1\OneDrive - Intel Corporation\Documents\My workspace\jira_ips_tat_HP\jira_tat\jira_customer_tat\wireless_bug_dashboard_fatal.log for traceback.
Traceback (most recent call last):
  File "C:\Users\jtsao1\OneDrive - Intel Corporation\Documents\My workspace\jira_ips_tat_HP\jira_tat\jira_customer_tat\wireless_bug_dashboard_ips_hsd_jira.py", line 566, in <module>
    raise SystemExit(main())
                     ~~~~^^
  File "C:\Users\jtsao1\OneDrive - Intel Corporation\Documents\My workspace\jira_ips_tat_HP\jira_tat\jira_customer_tat\wireless_bug_dashboard_ips_hsd_jira.py", line 504, in main
    _insert_hsd_into_db(opt, hsd_data, args.hsd_table)
    ~~~~~~~~~~~~~~~~~~~^^^^^^^^^^^^^^^^^^^^^^^^^^^^^^^
  File "C:\Users\jtsao1\OneDrive - Intel Corporation\Documents\My workspace\jira_ips_tat_HP\jira_tat\jira_customer_tat\wireless_bug_dashboard_ips_hsd_jira.py", line 335, in _insert_hsd_into_db
    db_manager = DbConnector()
  File "C:\Users\jtsao1\OneDrive - Intel Corporation\Documents\My workspace\jira_ips_tat_HP\jira_tat\jira_customer_tat\Wireless_bug_dashboard.py", line 1585, in __init__
    self.__open_db_connection()
    ~~~~~~~~~~~~~~~~~~~~~~~~~^^
  File "C:\Users\jtsao1\OneDrive - Intel Corporation\Documents\My workspace\jira_ips_tat_HP\jira_tat\jira_customer_tat\Wireless_bug_dashboard.py", line 1864, in __open_db_connection
    connection = psycopg2.connect(**connect_kwargs)
  File "C:\Users\jtsao1\AppData\Roaming\Python\Python314\site-packages\psycopg2\__init__.py", line 135, in connect
    conn = _connect(dsn, connection_factory=connection_factory, **kwasync)
psycopg2.OperationalError: connection to server at "10-108-27-113.dbaas.intel.com" (10.108.27.113), port 5433 failed: Connection timed out (0x0000274C/10060)
	Is the server running on that host and accepting TCP/IP connections?

2026-04-10 11:15:27,669 [INFO][CUSTOMER_BUGS] DTOR - DbConnector
[Fri 04/10/2026 11:15:27.73] Finished with exit code 1 
