[Sat 05/02/2026 11:15:02.06] Starting HSD-only job 
[INFO] Python executable: C:\Users\jtsao1\OneDrive - Intel Corporation\Documents\My workspace\jira_ips_tat_HP\jira_tat\jira_customer_tat\.venv\Scripts\python.exe 
did not find executable at 'C:\Program Files\Python314\python.exe': The system cannot find the file specified.

[WARN] Selected Python is not runnable. Falling back to PATH python. 
[INFO] Python executable fallback: python 
Python 3.14.3
[INFO] REQUESTS_CA_BUNDLE=C:\Python314\Lib\site-packages\certifi\cacert.pem 
2026-05-02 11:15:03,625 [WARNING] DDL safeguard active: forcing append mode (no DROP/CREATE). Use --allow-ddl to override.
2026-05-02 11:15:03,625 [WARNING][wireless_ips_hsd] DDL safeguard active: forcing append mode (no DROP/CREATE). Use --allow-ddl to override.
2026-05-02 11:15:03,625 [INFO] Run options: RunOptions(enable_jira_tat=True, enable_jira_comment_analysis=False, enable_jira_initial_component=True, enable_jira_duplicate_sw_check=True, log_jira_tat_dict=False, limit_ips=0, limit_jira=0, enable_db_insert=True, db_recreate_table=False, db_auto_add_missing_columns=False, db_use_batch_insert=False, db_batch_page_size=200)
2026-05-02 11:15:03,625 [INFO][wireless_ips_hsd] Run options: RunOptions(enable_jira_tat=True, enable_jira_comment_analysis=False, enable_jira_initial_component=True, enable_jira_duplicate_sw_check=True, log_jira_tat_dict=False, limit_ips=0, limit_jira=0, enable_db_insert=True, db_recreate_table=False, db_auto_add_missing_columns=False, db_use_batch_insert=False, db_batch_page_size=200)
2026-05-02 11:15:03,625 [DEBUG][hsd_access] Using existing KRB5CCNAME=FILE:C:\Temp\krb5cache
2026-05-02 11:15:03,626 [INFO] Kerberos credential cache in use: FILE:C:\Temp\krb5cache
2026-05-02 11:15:03,626 [INFO][hsd_access] Kerberos credential cache in use: FILE:C:\Temp\krb5cache
2026-05-02 11:15:03,627 [INFO] Using Kerberos authentication with cache FILE:C:\Temp\krb5cache
2026-05-02 11:15:03,627 [INFO][hsd_access] Using Kerberos authentication with cache FILE:C:\Temp\krb5cache
2026-05-02 11:15:03,627 [WARNING] SSL verification disabled for HSD API requests; set HSD_CA_CERT to enable.
2026-05-02 11:15:03,627 [WARNING][hsd_access] SSL verification disabled for HSD API requests; set HSD_CA_CERT to enable.
2026-05-02 11:15:03,627 [INFO] HSD authentication mode in use: kerberos
2026-05-02 11:15:03,627 [INFO][hsd_access] HSD authentication mode in use: kerberos
2026-05-02 11:15:03,628 [INFO] Fetching bugs from saved query ID: 15019322642 (limit: 500)
2026-05-02 11:15:03,628 [INFO][hsd_access] Fetching bugs from saved query ID: 15019322642 (limit: 500)
2026-05-02 11:15:03,628 [INFO] Query URL: https://hsdes.intel.com/appstore/generalapps/#/pages/community/1203659509?queryId=15019322642
2026-05-02 11:15:03,628 [INFO][hsd_access] Query URL: https://hsdes.intel.com/appstore/generalapps/#/pages/community/1203659509?queryId=15019322642
2026-05-02 11:15:03,628 [INFO] [Attempt 1/5] Trying endpoint: https://hsdes-api.intel.com/rest/query/15019322642
2026-05-02 11:15:03,628 [INFO][hsd_access] [Attempt 1/5] Trying endpoint: https://hsdes-api.intel.com/rest/query/15019322642
2026-05-02 11:15:03,629 [DEBUG][hsd_access] API request: GET https://hsdes-api.intel.com/rest/query/15019322642
2026-05-02 11:15:05,732 [INFO] Successfully fetched 10 bugs from query 15019322642
2026-05-02 11:15:05,732 [INFO][hsd_access] Successfully fetched 10 bugs from query 15019322642
2026-05-02 11:15:05,735 [INFO] Owner filter reduced HSD list to 7 rows
2026-05-02 11:15:05,735 [INFO][wireless_ips_hsd] Owner filter reduced HSD list to 7 rows
2026-05-02 11:15:05,736 [INFO] Fetched 7 HSD bug(s) via API
2026-05-02 11:15:05,736 [INFO][wireless_ips_hsd] Fetched 7 HSD bug(s) via API
2026-05-02 11:15:05,740 [INFO] HSD fetched ids: 22022045968, 22022266039, 22022307898, 22022308344, 22022308421, 22022335060, 22022335496
2026-05-02 11:15:05,740 [INFO][wireless_ips_hsd] HSD fetched ids: 22022045968, 22022266039, 22022307898, 22022308344, 22022308421, 22022335060, 22022335496
2026-05-02 11:15:05,740 [INFO][CUSTOMER_BUGS] CTOR - DbConnector
2026-05-02 11:15:08,477 [INFO][CUSTOMER_BUGS] DB connection info: host=10-108-27-113.dbaas.intel.com db=wirelesscustomerengineering schema=public search_path="$user", public, dbaas_admin
2026-05-02 11:15:13,416 [INFO][CUSTOMER_BUGS] HSD refresh in ips_jira_bugs: updated 7 row(s); inserted 0 new; skipped 0 unmatched
2026-05-02 11:15:13,416 [INFO][CUSTOMER_BUGS] HSD matches: hsd_id=22022045968 promoted=NA via hsd_id=22022045968; hsd_id=22022266039 promoted=NA via hsd_id=22022266039; hsd_id=22022307898 promoted=NA via hsd_id=22022307898; hsd_id=22022308344 promoted=NA via hsd_id=22022308344; hsd_id=22022308421 promoted=NA via hsd_id=22022308421; hsd_id=22022335060 promoted=NA via hsd_id=22022335060; hsd_id=22022335496 promoted=NA via hsd_id=22022335496
2026-05-02 11:15:13,416 [INFO] HSD-only: refreshed 7 row(s) in ips_jira_bugs (input rows=7)
2026-05-02 11:15:13,416 [INFO][wireless_ips_hsd] HSD-only: refreshed 7 row(s) in ips_jira_bugs (input rows=7)
2026-05-02 11:15:13,417 [INFO][CUSTOMER_BUGS] DTOR - DbConnector
2026-05-02 11:15:13,417 [INFO] === Stage timing summary (seconds) ===
2026-05-02 11:15:13,417 [INFO][wireless_ips_hsd] === Stage timing summary (seconds) ===
2026-05-02 11:15:13,417 [INFO] HSD_fetch          2.12
2026-05-02 11:15:13,417 [INFO][wireless_ips_hsd] HSD_fetch          2.12
2026-05-02 11:15:13,417 [INFO] Postgres_insert    7.68
2026-05-02 11:15:13,417 [INFO][wireless_ips_hsd] Postgres_insert    7.68
2026-05-02 11:15:13,418 [INFO] TOTAL              9.79
2026-05-02 11:15:13,418 [INFO][wireless_ips_hsd] TOTAL              9.79
[Sat 05/02/2026 11:15:13.66] Finished with exit code 0 
