[Thu 03/26/2026 11:15:01.99] Starting HSD-only job 
[INFO] Python executable: C:\Users\jtsao1\OneDrive - Intel Corporation\Documents\My workspace\jira_ips_tat_HP\jira_tat\jira_customer_tat\.venv\Scripts\python.exe 
did not find executable at 'C:\Program Files\Python314\python.exe': The system cannot find the file specified.

[WARN] Selected Python is not runnable. Falling back to PATH python. 
[INFO] Python executable fallback: python 
Python 3.14.3
[INFO] REQUESTS_CA_BUNDLE=C:\Python314\Lib\site-packages\certifi\cacert.pem 
2026-03-26 11:15:04,417 [INFO] Run options: RunOptions(enable_jira_tat=True, enable_jira_comment_analysis=False, enable_jira_initial_component=True, enable_jira_duplicate_sw_check=True, log_jira_tat_dict=False, limit_ips=0, limit_jira=0, enable_db_insert=True, db_recreate_table=True, db_use_batch_insert=False, db_batch_page_size=200)
2026-03-26 11:15:04,417 [INFO][wireless_ips_hsd] Run options: RunOptions(enable_jira_tat=True, enable_jira_comment_analysis=False, enable_jira_initial_component=True, enable_jira_duplicate_sw_check=True, log_jira_tat_dict=False, limit_ips=0, limit_jira=0, enable_db_insert=True, db_recreate_table=True, db_use_batch_insert=False, db_batch_page_size=200)
2026-03-26 11:15:04,417 [DEBUG][hsd_access] Using existing KRB5CCNAME=FILE:C:\Temp\krb5cache
2026-03-26 11:15:04,418 [INFO] Kerberos credential cache in use: FILE:C:\Temp\krb5cache
2026-03-26 11:15:04,418 [INFO][hsd_access] Kerberos credential cache in use: FILE:C:\Temp\krb5cache
2026-03-26 11:15:04,418 [INFO] Using Kerberos authentication with cache FILE:C:\Temp\krb5cache
2026-03-26 11:15:04,418 [INFO][hsd_access] Using Kerberos authentication with cache FILE:C:\Temp\krb5cache
2026-03-26 11:15:04,419 [WARNING] SSL verification disabled for HSD API requests; set HSD_CA_CERT to enable.
2026-03-26 11:15:04,419 [WARNING][hsd_access] SSL verification disabled for HSD API requests; set HSD_CA_CERT to enable.
2026-03-26 11:15:04,419 [INFO] HSD authentication mode in use: kerberos
2026-03-26 11:15:04,419 [INFO][hsd_access] HSD authentication mode in use: kerberos
2026-03-26 11:15:04,419 [INFO] Fetching bugs from saved query ID: 16021056445 (limit: 500)
2026-03-26 11:15:04,419 [INFO][hsd_access] Fetching bugs from saved query ID: 16021056445 (limit: 500)
2026-03-26 11:15:04,419 [INFO] Query URL: https://hsdes.intel.com/appstore/generalapps/#/pages/community/1203659509?queryId=16021056445
2026-03-26 11:15:04,419 [INFO][hsd_access] Query URL: https://hsdes.intel.com/appstore/generalapps/#/pages/community/1203659509?queryId=16021056445
2026-03-26 11:15:04,419 [INFO] [Attempt 1/5] Trying endpoint: https://hsdes-api.intel.com/rest/query/16021056445
2026-03-26 11:15:04,419 [INFO][hsd_access] [Attempt 1/5] Trying endpoint: https://hsdes-api.intel.com/rest/query/16021056445
2026-03-26 11:15:04,419 [DEBUG][hsd_access] API request: GET https://hsdes-api.intel.com/rest/query/16021056445
2026-03-26 11:15:06,525 [INFO] Successfully fetched 7 bugs from query 16021056445
2026-03-26 11:15:06,525 [INFO][hsd_access] Successfully fetched 7 bugs from query 16021056445
2026-03-26 11:15:06,527 [INFO] Owner filter reduced HSD list to 3 rows
2026-03-26 11:15:06,527 [INFO][wireless_ips_hsd] Owner filter reduced HSD list to 3 rows
2026-03-26 11:15:06,528 [INFO] Fetched 3 HSD bug(s) via API
2026-03-26 11:15:06,528 [INFO][wireless_ips_hsd] Fetched 3 HSD bug(s) via API
2026-03-26 11:15:06,530 [INFO] HSD fetched ids: 22021810173, 22022045968, 22022202972
2026-03-26 11:15:06,530 [INFO][wireless_ips_hsd] HSD fetched ids: 22021810173, 22022045968, 22022202972
2026-03-26 11:15:06,532 [INFO][CUSTOMER_BUGS] CTOR - DbConnector
2026-03-26 11:15:09,244 [INFO][CUSTOMER_BUGS] DB connection info: host=postgres5108-lb-ir-in.dbaas.intel.com db=wirelesscustomerengineering schema=public search_path="$user", public
2026-03-26 11:15:11,335 [INFO][CUSTOMER_BUGS] update table with relevant data (row-by-row; slow) ..
2026-03-26 11:15:12,343 [INFO][CUSTOMER_BUGS] update is complete. 2 rows were inserted
2026-03-26 11:15:12,849 [INFO][CUSTOMER_BUGS] table ips_jira_bugs rowcount after insert: 5866
2026-03-26 11:15:12,849 [INFO][CUSTOMER_BUGS] HSD refresh in ips_jira_bugs: updated 1 row(s); inserted 2 new; skipped 2 unmatched (sample unmatched: NA, NA)
2026-03-26 11:15:12,849 [INFO][CUSTOMER_BUGS] HSD matches: hsd_id=22021810173 promoted=WIFI-789469 via jira_id=WIFI-789469
2026-03-26 11:15:12,850 [INFO][CUSTOMER_BUGS] HSD unmatched details: hsd_id=22022045968 promoted=NA (no match); hsd_id=22022202972 promoted=NA (no match)
2026-03-26 11:15:12,850 [INFO] HSD-only: refreshed 3 row(s) in ips_jira_bugs (input rows=3)
2026-03-26 11:15:12,850 [INFO][wireless_ips_hsd] HSD-only: refreshed 3 row(s) in ips_jira_bugs (input rows=3)
2026-03-26 11:15:12,850 [INFO][CUSTOMER_BUGS] DTOR - DbConnector
2026-03-26 11:15:12,853 [INFO] === Stage timing summary (seconds) ===
2026-03-26 11:15:12,853 [INFO][wireless_ips_hsd] === Stage timing summary (seconds) ===
2026-03-26 11:15:12,854 [INFO] HSD_fetch          2.12
2026-03-26 11:15:12,854 [INFO][wireless_ips_hsd] HSD_fetch          2.12
2026-03-26 11:15:12,854 [INFO] Postgres_insert    6.32
2026-03-26 11:15:12,854 [INFO][wireless_ips_hsd] Postgres_insert    6.32
2026-03-26 11:15:12,854 [INFO] TOTAL              8.44
2026-03-26 11:15:12,854 [INFO][wireless_ips_hsd] TOTAL              8.44
[Thu 03/26/2026 11:15:13.07] Finished with exit code 0 
