[Thu 06/18/2026 11:15:03.28] Starting HSD-only job 
[INFO] Python executable: C:\Users\jtsao1\OneDrive - Intel Corporation\Documents\My workspace\jira_ips_tat_HP\jira_tat\jira_customer_tat\.venv\Scripts\python.exe 
did not find executable at 'C:\Program Files\Python314\python.exe': The system cannot find the file specified.

[WARN] Selected Python is not runnable. Falling back to PATH python. 
[INFO] Python executable fallback: python 
Python 3.14.3
[INFO] REQUESTS_CA_BUNDLE=C:\Python314\Lib\site-packages\certifi\cacert.pem 
2026-06-18 11:15:05,995 [WARNING] DDL safeguard active: forcing append mode (no DROP/CREATE). Use --allow-ddl to override.
2026-06-18 11:15:05,995 [WARNING][wireless_ips_hsd] DDL safeguard active: forcing append mode (no DROP/CREATE). Use --allow-ddl to override.
2026-06-18 11:15:05,996 [INFO] Run options: RunOptions(enable_jira_tat=True, enable_jira_comment_analysis=False, enable_jira_initial_component=True, enable_jira_duplicate_sw_check=True, log_jira_tat_dict=False, limit_ips=0, limit_jira=0, enable_db_insert=True, db_recreate_table=False, db_auto_add_missing_columns=False, db_use_batch_insert=False, db_batch_page_size=200)
2026-06-18 11:15:05,996 [INFO][wireless_ips_hsd] Run options: RunOptions(enable_jira_tat=True, enable_jira_comment_analysis=False, enable_jira_initial_component=True, enable_jira_duplicate_sw_check=True, log_jira_tat_dict=False, limit_ips=0, limit_jira=0, enable_db_insert=True, db_recreate_table=False, db_auto_add_missing_columns=False, db_use_batch_insert=False, db_batch_page_size=200)
2026-06-18 11:15:05,996 [DEBUG][hsd_access] Using existing KRB5CCNAME=FILE:C:\Temp\krb5cache
2026-06-18 11:15:05,997 [INFO] Kerberos credential cache in use: FILE:C:\Temp\krb5cache
2026-06-18 11:15:05,997 [INFO][hsd_access] Kerberos credential cache in use: FILE:C:\Temp\krb5cache
2026-06-18 11:15:05,998 [INFO] Using Kerberos authentication with cache FILE:C:\Temp\krb5cache
2026-06-18 11:15:05,998 [INFO][hsd_access] Using Kerberos authentication with cache FILE:C:\Temp\krb5cache
2026-06-18 11:15:05,998 [WARNING] SSL verification disabled for HSD API requests; set HSD_CA_CERT to enable.
2026-06-18 11:15:05,998 [WARNING][hsd_access] SSL verification disabled for HSD API requests; set HSD_CA_CERT to enable.
2026-06-18 11:15:05,998 [INFO] HSD authentication mode in use: kerberos
2026-06-18 11:15:05,998 [INFO][hsd_access] HSD authentication mode in use: kerberos
2026-06-18 11:15:05,998 [INFO] Fetching bugs from saved query ID: 15019322642 (limit: 500)
2026-06-18 11:15:05,998 [INFO][hsd_access] Fetching bugs from saved query ID: 15019322642 (limit: 500)
2026-06-18 11:15:05,999 [INFO] Query URL: https://hsdes.intel.com/appstore/generalapps/#/pages/community/1203659509?queryId=15019322642
2026-06-18 11:15:05,999 [INFO][hsd_access] Query URL: https://hsdes.intel.com/appstore/generalapps/#/pages/community/1203659509?queryId=15019322642
2026-06-18 11:15:05,999 [INFO] [Attempt 1/5] Trying endpoint: https://hsdes-api.intel.com/rest/query/15019322642
2026-06-18 11:15:05,999 [INFO][hsd_access] [Attempt 1/5] Trying endpoint: https://hsdes-api.intel.com/rest/query/15019322642
2026-06-18 11:15:05,999 [DEBUG][hsd_access] API request: GET https://hsdes-api.intel.com/rest/query/15019322642
2026-06-18 11:15:08,739 [INFO] Successfully fetched 2 bugs from query 15019322642
2026-06-18 11:15:08,739 [INFO][hsd_access] Successfully fetched 2 bugs from query 15019322642
2026-06-18 11:15:08,740 [INFO] Owner filter reduced HSD list to 1 rows
2026-06-18 11:15:08,740 [INFO][wireless_ips_hsd] Owner filter reduced HSD list to 1 rows
2026-06-18 11:15:08,741 [INFO] Fetched 1 HSD bug(s) via API
2026-06-18 11:15:08,741 [INFO][wireless_ips_hsd] Fetched 1 HSD bug(s) via API
2026-06-18 11:15:08,743 [INFO] HSD fetched ids: 22022505627
2026-06-18 11:15:08,743 [INFO][wireless_ips_hsd] HSD fetched ids: 22022505627
2026-06-18 11:15:08,743 [INFO][CUSTOMER_BUGS] CTOR - DbConnector
2026-06-18 11:15:10,594 [INFO][CUSTOMER_BUGS] DB connection info: host=10-108-27-113.dbaas.intel.com db=wirelesscustomerengineering schema=public search_path="$user", public, dbaas_admin
2026-06-18 11:15:11,076 [INFO] HSD pre-sync cleanup cleared 1 stale row(s) in ips_jira_bugs for owners=bingyue sun,bingyues,brenton wu,brentonw,caizhiqi,charles chu,chenmatt,chuchar1,flee5,frank lee,frank yang,frankfcy,jonathan tsao,jtsao1,juan zou,jzou6,leo chiang,matt chen,steven1 chen,szchen,timdaway,timdaway lai,wesley kuo,wesleyku,yaochien,yu-wei chen,yuweich1,zhiqiang cai from 2025-01-01
2026-06-18 11:15:11,076 [INFO][wireless_ips_hsd] HSD pre-sync cleanup cleared 1 stale row(s) in ips_jira_bugs for owners=bingyue sun,bingyues,brenton wu,brentonw,caizhiqi,charles chu,chenmatt,chuchar1,flee5,frank lee,frank yang,frankfcy,jonathan tsao,jtsao1,juan zou,jzou6,leo chiang,matt chen,steven1 chen,szchen,timdaway,timdaway lai,wesley kuo,wesleyku,yaochien,yu-wei chen,yuweich1,zhiqiang cai from 2025-01-01
2026-06-18 11:15:11,076 [INFO][CUSTOMER_BUGS] DTOR - DbConnector
2026-06-18 11:15:11,077 [INFO][CUSTOMER_BUGS] CTOR - DbConnector
2026-06-18 11:15:12,994 [INFO][CUSTOMER_BUGS] DB connection info: host=10-108-27-113.dbaas.intel.com db=wirelesscustomerengineering schema=public search_path="$user", public, dbaas_admin
2026-06-18 11:15:15,164 [INFO][CUSTOMER_BUGS] update table with relevant data (row-by-row; slow) ..
2026-06-18 11:15:15,853 [INFO][CUSTOMER_BUGS] update is complete. 1 rows were inserted
2026-06-18 11:15:16,318 [INFO][CUSTOMER_BUGS] table ips_jira_bugs rowcount after insert: 16270
2026-06-18 11:15:16,319 [INFO][CUSTOMER_BUGS] HSD refresh in ips_jira_bugs: updated 0 row(s); engineer refreshed 0; inserted 1 new; skipped 1 unmatched (sample unmatched: NA)
2026-06-18 11:15:16,319 [INFO][CUSTOMER_BUGS] HSD unmatched details: hsd_id=22022505627 promoted=NA (no match)
2026-06-18 11:15:16,319 [INFO] HSD-only: refreshed 1 row(s) in ips_jira_bugs (input rows=1)
2026-06-18 11:15:16,319 [INFO][wireless_ips_hsd] HSD-only: refreshed 1 row(s) in ips_jira_bugs (input rows=1)
2026-06-18 11:15:16,319 [INFO][CUSTOMER_BUGS] DTOR - DbConnector
2026-06-18 11:15:16,319 [INFO] === Stage timing summary (seconds) ===
2026-06-18 11:15:16,319 [INFO][wireless_ips_hsd] === Stage timing summary (seconds) ===
2026-06-18 11:15:16,320 [INFO] HSD_fetch          2.75
2026-06-18 11:15:16,320 [INFO][wireless_ips_hsd] HSD_fetch          2.75
2026-06-18 11:15:16,320 [INFO] Postgres_insert    7.58
2026-06-18 11:15:16,320 [INFO][wireless_ips_hsd] Postgres_insert    7.58
2026-06-18 11:15:16,320 [INFO] TOTAL             10.32
2026-06-18 11:15:16,320 [INFO][wireless_ips_hsd] TOTAL             10.32
[Thu 06/18/2026 11:15:16.69] Finished with exit code 0 
