[Tue 03/24/2026 11:15:02.86] Starting HSD-only job 
[INFO] Python executable: C:\Users\jtsao1\OneDrive - Intel Corporation\Documents\My workspace\jira_ips_tat_HP\jira_tat\jira_customer_tat\.venv\Scripts\python.exe 
did not find executable at 'C:\Program Files\Python314\python.exe': The system cannot find the file specified.

[WARN] Selected Python is not runnable. Falling back to PATH python. 
[INFO] Python executable fallback: python 
Python 3.14.3
[INFO] REQUESTS_CA_BUNDLE=C:\Python314\Lib\site-packages\certifi\cacert.pem 
2026-03-24 11:15:05,242 [INFO] Run options: RunOptions(enable_jira_tat=True, enable_jira_comment_analysis=False, enable_jira_initial_component=True, enable_jira_duplicate_sw_check=True, log_jira_tat_dict=False, limit_ips=0, limit_jira=0, enable_db_insert=True, db_recreate_table=True, db_use_batch_insert=False, db_batch_page_size=200)
2026-03-24 11:15:05,242 [INFO][wireless_ips_hsd] Run options: RunOptions(enable_jira_tat=True, enable_jira_comment_analysis=False, enable_jira_initial_component=True, enable_jira_duplicate_sw_check=True, log_jira_tat_dict=False, limit_ips=0, limit_jira=0, enable_db_insert=True, db_recreate_table=True, db_use_batch_insert=False, db_batch_page_size=200)
2026-03-24 11:15:05,243 [DEBUG][hsd_access] Using existing KRB5CCNAME=FILE:C:\Temp\krb5cache
2026-03-24 11:15:05,244 [INFO] Kerberos credential cache in use: FILE:C:\Temp\krb5cache
2026-03-24 11:15:05,244 [INFO][hsd_access] Kerberos credential cache in use: FILE:C:\Temp\krb5cache
2026-03-24 11:15:05,244 [INFO] Using Kerberos authentication with cache FILE:C:\Temp\krb5cache
2026-03-24 11:15:05,244 [INFO][hsd_access] Using Kerberos authentication with cache FILE:C:\Temp\krb5cache
2026-03-24 11:15:05,245 [WARNING] SSL verification disabled for HSD API requests; set HSD_CA_CERT to enable.
2026-03-24 11:15:05,245 [WARNING][hsd_access] SSL verification disabled for HSD API requests; set HSD_CA_CERT to enable.
2026-03-24 11:15:05,245 [INFO] HSD authentication mode in use: kerberos
2026-03-24 11:15:05,245 [INFO][hsd_access] HSD authentication mode in use: kerberos
2026-03-24 11:15:05,245 [INFO] Fetching bugs from saved query ID: 16021056445 (limit: 500)
2026-03-24 11:15:05,245 [INFO][hsd_access] Fetching bugs from saved query ID: 16021056445 (limit: 500)
2026-03-24 11:15:05,245 [INFO] Query URL: https://hsdes.intel.com/appstore/generalapps/#/pages/community/1203659509?queryId=16021056445
2026-03-24 11:15:05,245 [INFO][hsd_access] Query URL: https://hsdes.intel.com/appstore/generalapps/#/pages/community/1203659509?queryId=16021056445
2026-03-24 11:15:05,245 [INFO] [Attempt 1/5] Trying endpoint: https://hsdes-api.intel.com/rest/query/16021056445
2026-03-24 11:15:05,245 [INFO][hsd_access] [Attempt 1/5] Trying endpoint: https://hsdes-api.intel.com/rest/query/16021056445
2026-03-24 11:15:05,245 [DEBUG][hsd_access] API request: GET https://hsdes-api.intel.com/rest/query/16021056445
2026-03-24 11:15:07,598 [INFO] Successfully fetched 6 bugs from query 16021056445
2026-03-24 11:15:07,598 [INFO][hsd_access] Successfully fetched 6 bugs from query 16021056445
2026-03-24 11:15:07,600 [INFO] Owner filter reduced HSD list to 3 rows
2026-03-24 11:15:07,600 [INFO][wireless_ips_hsd] Owner filter reduced HSD list to 3 rows
2026-03-24 11:15:07,600 [INFO] Fetched 3 HSD bug(s) via API
2026-03-24 11:15:07,600 [INFO][wireless_ips_hsd] Fetched 3 HSD bug(s) via API
2026-03-24 11:15:07,601 [INFO] HSD fetched ids: 22021810173, 22022045968, 22022202972
2026-03-24 11:15:07,601 [INFO][wireless_ips_hsd] HSD fetched ids: 22021810173, 22022045968, 22022202972
2026-03-24 11:15:07,602 [INFO][CUSTOMER_BUGS] CTOR - DbConnector
2026-03-24 11:15:10,266 [INFO][CUSTOMER_BUGS] DB connection info: host=postgres5108-lb-ir-in.dbaas.intel.com db=wirelesscustomerengineering schema=public search_path="$user", public
Traceback (most recent call last):
  File "C:\Users\jtsao1\OneDrive - Intel Corporation\Documents\My workspace\jira_ips_tat_HP\jira_tat\jira_customer_tat\wireless_bug_dashboard_ips_hsd_jira.py", line 522, in <module>
    raise SystemExit(main())
                     ~~~~^^
  File "C:\Users\jtsao1\OneDrive - Intel Corporation\Documents\My workspace\jira_ips_tat_HP\jira_tat\jira_customer_tat\wireless_bug_dashboard_ips_hsd_jira.py", line 461, in main
    _insert_hsd_into_db(opt, hsd_data, args.hsd_table)
    ~~~~~~~~~~~~~~~~~~~^^^^^^^^^^^^^^^^^^^^^^^^^^^^^^^
  File "C:\Users\jtsao1\OneDrive - Intel Corporation\Documents\My workspace\jira_ips_tat_HP\jira_tat\jira_customer_tat\wireless_bug_dashboard_ips_hsd_jira.py", line 309, in _insert_hsd_into_db
    updated = db_manager.update_hsd_columns(
        table_name,
    ...<2 lines>...
        update_customer_from_hsd=True,
    )
  File "C:\Users\jtsao1\OneDrive - Intel Corporation\Documents\My workspace\jira_ips_tat_HP\jira_tat\jira_customer_tat\Wireless_bug_dashboard.py", line 1729, in update_hsd_columns
    self.__cursor.execute(
    ~~~~~~~~~~~~~~~~~~~~~^
        f'''
        ^^^^
    ...<25 lines>...
        ),
        ^^
    )
    ^
psycopg2.errors.ObjectNotInPrerequisiteState: cannot update table "ips_jira_bugs" because it does not have a replica identity and publishes updates
HINT:  To enable updating the table, set REPLICA IDENTITY using ALTER TABLE.

2026-03-24 11:15:10,912 [INFO][CUSTOMER_BUGS] DTOR - DbConnector
[Tue 03/24/2026 11:15:11.04] Finished with exit code 1 
