[Thu 01/29/2026  8:29:38.63] Starting HSD-only job 
2026-01-29 08:29:41,151 [INFO] Run options: RunOptions(enable_jira_tat=True, enable_jira_comment_analysis=True, enable_jira_initial_component=True, enable_jira_duplicate_sw_check=True, log_jira_tat_dict=False, limit_ips=0, limit_jira=0, enable_db_insert=True, db_recreate_table=True, db_use_batch_insert=False, db_batch_page_size=200)
2026-01-29 08:29:41,151 [INFO][wireless_ips_hsd] Run options: RunOptions(enable_jira_tat=True, enable_jira_comment_analysis=True, enable_jira_initial_component=True, enable_jira_duplicate_sw_check=True, log_jira_tat_dict=False, limit_ips=0, limit_jira=0, enable_db_insert=True, db_recreate_table=True, db_use_batch_insert=False, db_batch_page_size=200)
2026-01-29 08:29:41,152 [DEBUG][hsd_access] Using existing KRB5CCNAME=FILE:C:\Temp\krb5cache
2026-01-29 08:29:41,153 [INFO] Kerberos credential cache in use: FILE:C:\Temp\krb5cache
2026-01-29 08:29:41,153 [INFO][hsd_access] Kerberos credential cache in use: FILE:C:\Temp\krb5cache
2026-01-29 08:29:41,153 [INFO] Using Kerberos authentication with cache FILE:C:\Temp\krb5cache
2026-01-29 08:29:41,153 [INFO][hsd_access] Using Kerberos authentication with cache FILE:C:\Temp\krb5cache
2026-01-29 08:29:41,153 [WARNING] SSL verification disabled for HSD API requests; set HSD_CA_CERT to enable.
2026-01-29 08:29:41,153 [WARNING][hsd_access] SSL verification disabled for HSD API requests; set HSD_CA_CERT to enable.
2026-01-29 08:29:41,153 [INFO] HSD authentication mode in use: kerberos
2026-01-29 08:29:41,153 [INFO][hsd_access] HSD authentication mode in use: kerberos
2026-01-29 08:29:41,153 [INFO] Fetching bugs from saved query ID: 16021056445 (limit: 500)
2026-01-29 08:29:41,153 [INFO][hsd_access] Fetching bugs from saved query ID: 16021056445 (limit: 500)
2026-01-29 08:29:41,153 [INFO] Query URL: https://hsdes.intel.com/appstore/generalapps/#/pages/community/1203659509?queryId=16021056445
2026-01-29 08:29:41,153 [INFO][hsd_access] Query URL: https://hsdes.intel.com/appstore/generalapps/#/pages/community/1203659509?queryId=16021056445
2026-01-29 08:29:41,153 [INFO] [Attempt 1/5] Trying endpoint: https://hsdes-api.intel.com/rest/query/16021056445
2026-01-29 08:29:41,153 [INFO][hsd_access] [Attempt 1/5] Trying endpoint: https://hsdes-api.intel.com/rest/query/16021056445
2026-01-29 08:29:41,153 [DEBUG][hsd_access] API request: GET https://hsdes-api.intel.com/rest/query/16021056445
2026-01-29 08:29:43,847 [INFO] Successfully fetched 7 bugs from query 16021056445
2026-01-29 08:29:43,847 [INFO][hsd_access] Successfully fetched 7 bugs from query 16021056445
2026-01-29 08:29:43,848 [INFO] Fetched 7 HSD bug(s) via API
2026-01-29 08:29:43,848 [INFO][wireless_ips_hsd] Fetched 7 HSD bug(s) via API
2026-01-29 08:29:50,481 [INFO] === Stage timing summary (seconds) ===
2026-01-29 08:29:50,481 [INFO][wireless_ips_hsd] === Stage timing summary (seconds) ===
2026-01-29 08:29:50,481 [INFO] HSD_fetch          2.70
2026-01-29 08:29:50,481 [INFO][wireless_ips_hsd] HSD_fetch          2.70
2026-01-29 08:29:50,481 [INFO] Postgres_insert    6.63
2026-01-29 08:29:50,481 [INFO][wireless_ips_hsd] Postgres_insert    6.63
2026-01-29 08:29:50,481 [INFO] TOTAL              9.33
2026-01-29 08:29:50,481 [INFO][wireless_ips_hsd] TOTAL              9.33
[Thu 01/29/2026  8:29:50.60] Finished with exit code 0 
