[Wed 03/11/2026 11:15:02.54] Starting HSD-only job 
[INFO] Python executable: C:\Users\jtsao1\OneDrive - Intel Corporation\Documents\My workspace\jira_ips_tat_HP\jira_tat\jira_customer_tat\.venv\Scripts\python.exe 
did not find executable at 'C:\Program Files\Python314\python.exe': The system cannot find the file specified.

[WARN] Selected Python is not runnable. Falling back to PATH python. 
[INFO] Python executable fallback: python 
Python 3.14.3
[INFO] REQUESTS_CA_BUNDLE=C:\Python314\Lib\site-packages\certifi\cacert.pem 
2026-03-11 11:15:04,747 [INFO] Run options: RunOptions(enable_jira_tat=True, enable_jira_comment_analysis=False, enable_jira_initial_component=True, enable_jira_duplicate_sw_check=True, log_jira_tat_dict=False, limit_ips=0, limit_jira=0, enable_db_insert=True, db_recreate_table=True, db_use_batch_insert=False, db_batch_page_size=200)
2026-03-11 11:15:04,747 [INFO][wireless_ips_hsd] Run options: RunOptions(enable_jira_tat=True, enable_jira_comment_analysis=False, enable_jira_initial_component=True, enable_jira_duplicate_sw_check=True, log_jira_tat_dict=False, limit_ips=0, limit_jira=0, enable_db_insert=True, db_recreate_table=True, db_use_batch_insert=False, db_batch_page_size=200)
2026-03-11 11:15:04,748 [DEBUG][hsd_access] Using existing KRB5CCNAME=FILE:C:\Temp\krb5cache
2026-03-11 11:15:04,748 [INFO] Kerberos credential cache in use: FILE:C:\Temp\krb5cache
2026-03-11 11:15:04,748 [INFO][hsd_access] Kerberos credential cache in use: FILE:C:\Temp\krb5cache
2026-03-11 11:15:04,749 [INFO] Using Kerberos authentication with cache FILE:C:\Temp\krb5cache
2026-03-11 11:15:04,749 [INFO][hsd_access] Using Kerberos authentication with cache FILE:C:\Temp\krb5cache
2026-03-11 11:15:04,749 [WARNING] SSL verification disabled for HSD API requests; set HSD_CA_CERT to enable.
2026-03-11 11:15:04,749 [WARNING][hsd_access] SSL verification disabled for HSD API requests; set HSD_CA_CERT to enable.
2026-03-11 11:15:04,749 [INFO] HSD authentication mode in use: kerberos
2026-03-11 11:15:04,749 [INFO][hsd_access] HSD authentication mode in use: kerberos
2026-03-11 11:15:04,749 [INFO] Fetching bugs from saved query ID: 16021056445 (limit: 500)
2026-03-11 11:15:04,749 [INFO][hsd_access] Fetching bugs from saved query ID: 16021056445 (limit: 500)
2026-03-11 11:15:04,749 [INFO] Query URL: https://hsdes.intel.com/appstore/generalapps/#/pages/community/1203659509?queryId=16021056445
2026-03-11 11:15:04,749 [INFO][hsd_access] Query URL: https://hsdes.intel.com/appstore/generalapps/#/pages/community/1203659509?queryId=16021056445
2026-03-11 11:15:04,750 [INFO] [Attempt 1/5] Trying endpoint: https://hsdes-api.intel.com/rest/query/16021056445
2026-03-11 11:15:04,750 [INFO][hsd_access] [Attempt 1/5] Trying endpoint: https://hsdes-api.intel.com/rest/query/16021056445
2026-03-11 11:15:04,750 [DEBUG][hsd_access] API request: GET https://hsdes-api.intel.com/rest/query/16021056445
2026-03-11 11:15:08,231 [INFO] Successfully fetched 13 bugs from query 16021056445
2026-03-11 11:15:08,231 [INFO][hsd_access] Successfully fetched 13 bugs from query 16021056445
2026-03-11 11:15:08,234 [INFO] Owner filter reduced HSD list to 9 rows
2026-03-11 11:15:08,234 [INFO][wireless_ips_hsd] Owner filter reduced HSD list to 9 rows
2026-03-11 11:15:08,235 [INFO] Fetched 9 HSD bug(s) via API
2026-03-11 11:15:08,235 [INFO][wireless_ips_hsd] Fetched 9 HSD bug(s) via API
2026-03-11 11:15:08,238 [INFO] HSD fetched ids: 22021722214, 22021810173, 22022045968, 22022089842, 22022098019, 22022104133, 22022104134, 22022104135, 22022106120
2026-03-11 11:15:08,238 [INFO][wireless_ips_hsd] HSD fetched ids: 22021722214, 22021810173, 22022045968, 22022089842, 22022098019, 22022104133, 22022104134, 22022104135, 22022106120
2026-03-11 11:15:08,240 [INFO][CUSTOMER_BUGS] CTOR - DbConnector
2026-03-11 11:15:11,644 [INFO][CUSTOMER_BUGS] DB connection info: host=postgres5108-lb-ir-in.dbaas.intel.com db=wirelesscustomerengineering schema=public search_path="$user", public
2026-03-11 11:15:15,702 [INFO][CUSTOMER_BUGS] update table with relevant data (row-by-row; slow) ..
2026-03-11 11:15:17,933 [INFO][CUSTOMER_BUGS] update is complete. 6 rows were inserted
2026-03-11 11:15:18,494 [INFO][CUSTOMER_BUGS] table ips_jira_bugs rowcount after insert: 8614
2026-03-11 11:15:18,495 [INFO][CUSTOMER_BUGS] HSD refresh in ips_jira_bugs: updated 3 row(s); inserted 6 new; skipped 6 unmatched (sample unmatched: NA, NA, NA, NA, NA)
2026-03-11 11:15:18,495 [INFO][CUSTOMER_BUGS] HSD matches: hsd_id=22021722214 promoted=WIFI-784973 via jira_id=WIFI-784973; hsd_id=22021810173 promoted=WIFI-789469 via jira_id=WIFI-789469; hsd_id=22022104134 promoted=BT-457776 via jira_id=BT-457776
2026-03-11 11:15:18,495 [INFO][CUSTOMER_BUGS] HSD unmatched details: hsd_id=22022045968 promoted=NA (no match); hsd_id=22022089842 promoted=NA (no match); hsd_id=22022098019 promoted=NA (no match); hsd_id=22022104133 promoted=NA (no match); hsd_id=22022104135 promoted=NA (no match); hsd_id=22022106120 promoted=NA (no match)
2026-03-11 11:15:18,495 [INFO] HSD-only: refreshed 9 row(s) in ips_jira_bugs (input rows=9)
2026-03-11 11:15:18,495 [INFO][wireless_ips_hsd] HSD-only: refreshed 9 row(s) in ips_jira_bugs (input rows=9)
2026-03-11 11:15:18,496 [INFO][CUSTOMER_BUGS] DTOR - DbConnector
2026-03-11 11:15:18,497 [INFO] === Stage timing summary (seconds) ===
2026-03-11 11:15:18,497 [INFO][wireless_ips_hsd] === Stage timing summary (seconds) ===
2026-03-11 11:15:18,497 [INFO] HSD_fetch          3.49
2026-03-11 11:15:18,497 [INFO][wireless_ips_hsd] HSD_fetch          3.49
2026-03-11 11:15:18,497 [INFO] Postgres_insert   10.26
2026-03-11 11:15:18,497 [INFO][wireless_ips_hsd] Postgres_insert   10.26
2026-03-11 11:15:18,498 [INFO] TOTAL             13.75
2026-03-11 11:15:18,498 [INFO][wireless_ips_hsd] TOTAL             13.75
[Wed 03/11/2026 11:15:18.75] Finished with exit code 0 
