[INFO] ===== Labeling reminder daily start =====
[INFO] Timestamp: Mon 05/18/2026 11:01:17.88
[INFO] Script dir: C:\Users\jtsao1\OneDrive - Intel Corporation\Documents\My workspace\jira_ips_tat_HP\jira_tat\jira_customer_tat\
[INFO] Current dir: C:\Users\jtsao1\OneDrive - Intel Corporation\Documents\My workspace\jira_ips_tat_HP\jira_tat\jira_customer_tat
C:\Python314\python.exe
C:\Users\jtsao1\AppData\Local\Microsoft\WindowsApps\python.exe
C:\Users\jtsao1\AppData\Local\Python\bin\python.exe
[INFO] Latest weekly dir: C:\Users\jtsao1\OneDrive - Intel Corporation\Documents\My workspace\jira_ips_tat_HP\jira_tat\jira_customer_tat\tuning_outputs\weekly_20260518
[INFO] Target CSV: C:\Users\jtsao1\OneDrive - Intel Corporation\Documents\My workspace\jira_ips_tat_HP\jira_tat\jira_customer_tat\tuning_outputs\weekly_20260518\weekly_labeling_template.csv
[INFO] Command: python send_labeling_reminders.py --send-email --graph-auth-mode delegated --weekly-dir "C:\Users\jtsao1\OneDrive - Intel Corporation\Documents\My workspace\jira_ips_tat_HP\jira_tat\jira_customer_tat\tuning_outputs\weekly_20260518" 
2026-05-18 11:01:19,289 [INFO] Pending source path: C:\Users\jtsao1\OneDrive - Intel Corporation\Documents\My workspace\jira_ips_tat_HP\jira_tat\jira_customer_tat\tuning_outputs\weekly_20260518\weekly_labeling_template.csv
2026-05-18 11:01:21,517 [WARNING] Could not download cloud-fresh source; fallback to local file: HTTP Error 404: Not Found
2026-05-18 11:01:21,518 [INFO] Loaded pending rows from CSV C:\Users\jtsao1\OneDrive - Intel Corporation\Documents\My workspace\jira_ips_tat_HP\jira_tat\jira_customer_tat\tuning_outputs\weekly_20260518\weekly_labeling_template.csv: assignees=14
2026-05-18 11:01:21,518 [INFO] Pending assignees: 14, pending rows: 38
2026-05-18 11:01:21,518 [INFO] Graph auth mode: delegated
2026-05-18 11:01:24,591 [INFO] Added dropdown validation for 23 categories on column J
2026-05-18 11:01:30,370 [INFO] Reminder sent to bingyue.sun@intel.com (pending=2)
2026-05-18 11:01:30,844 [INFO] Reminder sent to brenton.wu@intel.com (pending=4)
2026-05-18 11:01:31,242 [INFO] Reminder sent to charles.p.chu@intel.com (pending=3)
2026-05-18 11:01:31,634 [INFO] Reminder sent to frank.fc.yang@intel.com (pending=2)
2026-05-18 11:01:32,027 [INFO] Reminder sent to frank.lee@intel.com (pending=4)
2026-05-18 11:01:32,454 [INFO] Reminder sent to jackx.lee@intel.com (pending=2)
2026-05-18 11:01:32,873 [INFO] Reminder sent to juan.zou@intel.com (pending=2)
2026-05-18 11:01:33,276 [INFO] Reminder sent to kj.fang@intel.com (pending=3)
2026-05-18 11:01:33,827 [INFO] Reminder sent to matt.chen@intel.com (pending=3)
2026-05-18 11:01:34,221 [INFO] Reminder sent to steven1.chen@intel.com (pending=3)
2026-05-18 11:01:35,174 [INFO] Reminder sent to timdaway.lai@intel.com (pending=2)
2026-05-18 11:01:35,598 [INFO] Reminder sent to wesley.kuo@intel.com (pending=2)
2026-05-18 11:01:36,046 [INFO] Reminder sent to yu-wei.chen@intel.com (pending=2)
2026-05-18 11:01:36,457 [INFO] Reminder sent to zhiqiang.cai@intel.com (pending=4)
2026-05-18 11:01:36,457 [INFO] Reminder email sent to 14 assignee(s).
[Config] Using GRAPH_CLIENT_SECRET from environment/.env.
[Auth] Using cached Graph delegated token.
[Config] Using GRAPH_CLIENT_SECRET from environment/.env.
[Auth] Using cached Graph delegated token.
[INFO] Exit code: 0
[INFO] ===== Labeling reminder daily end =====
