[INFO] ===== Labeling reminder daily start =====
[INFO] Timestamp: Mon 06/08/2026 10:31:06.20
[INFO] Script dir: C:\Users\jtsao1\OneDrive - Intel Corporation\Documents\My workspace\jira_ips_tat_HP\jira_tat\jira_customer_tat\
[INFO] Current dir: C:\Users\jtsao1\OneDrive - Intel Corporation\Documents\My workspace\jira_ips_tat_HP\jira_tat\jira_customer_tat
C:\Python314\python.exe
C:\Users\jtsao1\AppData\Local\Microsoft\WindowsApps\python.exe
C:\Users\jtsao1\AppData\Local\Python\bin\python.exe
[INFO] Latest weekly dir: C:\Users\jtsao1\OneDrive - Intel Corporation\Documents\My workspace\jira_ips_tat_HP\jira_tat\jira_customer_tat\tuning_outputs\weekly_20260601
[INFO] Target CSV: C:\Users\jtsao1\OneDrive - Intel Corporation\Documents\My workspace\jira_ips_tat_HP\jira_tat\jira_customer_tat\tuning_outputs\weekly_20260601\weekly_labeling_template.csv
[INFO] Command: python send_labeling_reminders.py --send-email --graph-auth-mode delegated --weekly-dir "C:\Users\jtsao1\OneDrive - Intel Corporation\Documents\My workspace\jira_ips_tat_HP\jira_tat\jira_customer_tat\tuning_outputs\weekly_20260601" 
2026-06-08 10:31:10,278 [INFO] Pending source path: C:\Users\jtsao1\OneDrive - Intel Corporation\Documents\My workspace\jira_ips_tat_HP\jira_tat\jira_customer_tat\tuning_outputs\weekly_20260601\weekly_labeling_template.xlsx
2026-06-08 10:31:13,743 [INFO] Using cloud-fresh source copy for pending check: C:\Users\jtsao1\AppData\Local\Temp\labeling_cloud_39sjgi9u.xlsx
2026-06-08 10:31:15,742 [INFO] Loaded pending rows from XLSX C:\Users\jtsao1\AppData\Local\Temp\labeling_cloud_39sjgi9u.xlsx: assignees=3
2026-06-08 10:31:15,750 [INFO] Pending assignees: 3, pending rows: 17
2026-06-08 10:31:15,750 [INFO] Graph auth mode: delegated
2026-06-08 10:31:18,403 [INFO] Reminder sent to kj.fang@intel.com (pending=6)
2026-06-08 10:31:18,825 [INFO] Reminder sent to yu-wei.chen@intel.com (pending=2)
2026-06-08 10:31:19,240 [INFO] Reminder sent to zhiqiang.cai@intel.com (pending=9)
2026-06-08 10:31:19,240 [INFO] Reminder email sent to 3 assignee(s).
[Config] Using GRAPH_CLIENT_SECRET from environment/.env.
[Auth] Using cached Graph delegated token.
[Config] Using GRAPH_CLIENT_SECRET from environment/.env.
[Auth] Using cached Graph delegated token.
[INFO] Exit code: 0
[INFO] ===== Labeling reminder daily end =====
