[INFO] ===== Labeling reminder daily start =====
[INFO] Timestamp: Sat 06/13/2026 11:07:37.05
[INFO] Script dir: C:\Users\jtsao1\OneDrive - Intel Corporation\Documents\My workspace\jira_ips_tat_HP\jira_tat\jira_customer_tat\
[INFO] Current dir: C:\Users\jtsao1\OneDrive - Intel Corporation\Documents\My workspace\jira_ips_tat_HP\jira_tat\jira_customer_tat
C:\Python314\python.exe
C:\Users\jtsao1\AppData\Local\Microsoft\WindowsApps\python.exe
C:\Users\jtsao1\AppData\Local\Python\bin\python.exe
[INFO] Latest weekly dir: C:\Users\jtsao1\OneDrive - Intel Corporation\Documents\My workspace\jira_ips_tat_HP\jira_tat\jira_customer_tat\tuning_outputs\weekly_20260608
[INFO] Target CSV: C:\Users\jtsao1\OneDrive - Intel Corporation\Documents\My workspace\jira_ips_tat_HP\jira_tat\jira_customer_tat\tuning_outputs\weekly_20260608\weekly_labeling_template.csv
[INFO] Command: python send_labeling_reminders.py --send-email --graph-auth-mode delegated --weekly-dir "C:\Users\jtsao1\OneDrive - Intel Corporation\Documents\My workspace\jira_ips_tat_HP\jira_tat\jira_customer_tat\tuning_outputs\weekly_20260608" 
2026-06-13 11:07:37,997 [INFO] Pending source path: C:\Users\jtsao1\OneDrive - Intel Corporation\Documents\My workspace\jira_ips_tat_HP\jira_tat\jira_customer_tat\tuning_outputs\weekly_20260608\weekly_labeling_template.xlsx
2026-06-13 11:07:41,639 [INFO] Using cloud-fresh source copy for pending check: C:\Users\jtsao1\AppData\Local\Temp\labeling_cloud_t693_4j4.xlsx
2026-06-13 11:07:42,450 [INFO] Loaded pending rows from XLSX C:\Users\jtsao1\AppData\Local\Temp\labeling_cloud_t693_4j4.xlsx: assignees=4
2026-06-13 11:07:42,455 [INFO] Pending assignees: 4, pending rows: 27
2026-06-13 11:07:42,456 [INFO] Graph auth mode: delegated
2026-06-13 11:07:45,966 [INFO] Reminder sent to frank.lee@intel.com (pending=8)
2026-06-13 11:07:46,553 [INFO] Reminder sent to kj.fang@intel.com (pending=8)
2026-06-13 11:07:47,041 [INFO] Reminder sent to yu-wei.chen@intel.com (pending=3)
2026-06-13 11:07:47,541 [INFO] Reminder sent to zhiqiang.cai@intel.com (pending=8)
2026-06-13 11:07:47,541 [INFO] Reminder email sent to 4 assignee(s).
[Config] Using GRAPH_CLIENT_SECRET from environment/.env.
[Auth] Using cached Graph delegated token.
[Config] Using GRAPH_CLIENT_SECRET from environment/.env.
[Auth] Using cached Graph delegated token.
[INFO] Exit code: 0
[INFO] ===== Labeling reminder daily end =====
