[INFO] ===== Labeling reminder daily start =====
[INFO] Timestamp: Sun 05/17/2026 11:07:36.98
[INFO] Script dir: C:\Users\jtsao1\OneDrive - Intel Corporation\Documents\My workspace\jira_ips_tat_HP\jira_tat\jira_customer_tat\
[INFO] Current dir: C:\Users\jtsao1\OneDrive - Intel Corporation\Documents\My workspace\jira_ips_tat_HP\jira_tat\jira_customer_tat
C:\Python314\python.exe
C:\Users\jtsao1\AppData\Local\Microsoft\WindowsApps\python.exe
C:\Users\jtsao1\AppData\Local\Python\bin\python.exe
[INFO] Latest weekly dir: C:\Users\jtsao1\OneDrive - Intel Corporation\Documents\My workspace\jira_ips_tat_HP\jira_tat\jira_customer_tat\tuning_outputs\weekly_20260511
[INFO] Target CSV: C:\Users\jtsao1\OneDrive - Intel Corporation\Documents\My workspace\jira_ips_tat_HP\jira_tat\jira_customer_tat\tuning_outputs\weekly_20260511\weekly_labeling_template.csv
[INFO] Command: python send_labeling_reminders.py --send-email --graph-auth-mode delegated --weekly-dir "C:\Users\jtsao1\OneDrive - Intel Corporation\Documents\My workspace\jira_ips_tat_HP\jira_tat\jira_customer_tat\tuning_outputs\weekly_20260511" 
2026-05-17 11:07:37,783 [INFO] Pending source path: C:\Users\jtsao1\OneDrive - Intel Corporation\Documents\My workspace\jira_ips_tat_HP\jira_tat\jira_customer_tat\tuning_outputs\weekly_20260511\weekly_labeling_template.xlsx
2026-05-17 11:07:40,261 [INFO] Using cloud-fresh source copy for pending check: C:\Users\jtsao1\AppData\Local\Temp\labeling_cloud_kr4u4a_3.xlsx
2026-05-17 11:07:40,655 [INFO] Loaded pending rows from XLSX C:\Users\jtsao1\AppData\Local\Temp\labeling_cloud_kr4u4a_3.xlsx: assignees=1
2026-05-17 11:07:40,656 [INFO] Pending assignees: 1, pending rows: 2
2026-05-17 11:07:40,656 [INFO] Graph auth mode: delegated
2026-05-17 11:07:43,557 [INFO] Reminder sent to frank.lee@intel.com (pending=2)
2026-05-17 11:07:43,557 [INFO] Reminder email sent to 1 assignee(s).
[Config] Using GRAPH_CLIENT_SECRET from environment/.env.
[Auth] Using cached Graph delegated token.
[Config] Using GRAPH_CLIENT_SECRET from environment/.env.
[Auth] Using cached Graph delegated token.
[INFO] Exit code: 0
[INFO] ===== Labeling reminder daily end =====
