[INFO] ===== Labeling reminder daily start =====
[INFO] Timestamp: Mon 06/15/2026 11:07:37.65
[INFO] Script dir: C:\Users\jtsao1\OneDrive - Intel Corporation\Documents\My workspace\jira_ips_tat_HP\jira_tat\jira_customer_tat\
[INFO] Current dir: C:\Users\jtsao1\OneDrive - Intel Corporation\Documents\My workspace\jira_ips_tat_HP\jira_tat\jira_customer_tat
C:\Python314\python.exe
C:\Users\jtsao1\AppData\Local\Microsoft\WindowsApps\python.exe
C:\Users\jtsao1\AppData\Local\Python\bin\python.exe
[INFO] Latest weekly dir: C:\Users\jtsao1\OneDrive - Intel Corporation\Documents\My workspace\jira_ips_tat_HP\jira_tat\jira_customer_tat\tuning_outputs\weekly_20260615
[INFO] Target CSV: C:\Users\jtsao1\OneDrive - Intel Corporation\Documents\My workspace\jira_ips_tat_HP\jira_tat\jira_customer_tat\tuning_outputs\weekly_20260615\weekly_labeling_template.csv
[INFO] Command: python send_labeling_reminders.py --send-email --graph-auth-mode delegated --weekly-dir "C:\Users\jtsao1\OneDrive - Intel Corporation\Documents\My workspace\jira_ips_tat_HP\jira_tat\jira_customer_tat\tuning_outputs\weekly_20260615" 
2026-06-15 11:07:38,981 [INFO] Pending source path: C:\Users\jtsao1\OneDrive - Intel Corporation\Documents\My workspace\jira_ips_tat_HP\jira_tat\jira_customer_tat\tuning_outputs\weekly_20260615\weekly_labeling_template.xlsx
2026-06-15 11:07:41,292 [INFO] Using cloud-fresh source copy for pending check: C:\Users\jtsao1\AppData\Local\Temp\labeling_cloud_2x317ypv.xlsx
2026-06-15 11:07:42,094 [INFO] Loaded pending rows from XLSX C:\Users\jtsao1\AppData\Local\Temp\labeling_cloud_2x317ypv.xlsx: assignees=14
2026-06-15 11:07:42,096 [INFO] Pending assignees: 14, pending rows: 75
2026-06-15 11:07:42,097 [INFO] Graph auth mode: delegated
2026-06-15 11:07:45,157 [INFO] Reminder sent to bingyue.sun@intel.com (pending=2)
2026-06-15 11:07:45,570 [INFO] Reminder sent to brenton.wu@intel.com (pending=5)
2026-06-15 11:07:45,988 [INFO] Reminder sent to charles.p.chu@intel.com (pending=9)
2026-06-15 11:07:46,398 [INFO] Reminder sent to frank.fc.yang@intel.com (pending=7)
2026-06-15 11:07:46,842 [INFO] Reminder sent to frank.lee@intel.com (pending=9)
2026-06-15 11:07:47,248 [INFO] Reminder sent to jackx.lee@intel.com (pending=7)
2026-06-15 11:07:47,675 [INFO] Reminder sent to juan.zou@intel.com (pending=1)
2026-06-15 11:07:48,097 [INFO] Reminder sent to kj.fang@intel.com (pending=9)
2026-06-15 11:07:48,506 [INFO] Reminder sent to matt.chen@intel.com (pending=2)
2026-06-15 11:07:48,951 [INFO] Reminder sent to steven1.chen@intel.com (pending=2)
2026-06-15 11:07:49,346 [INFO] Reminder sent to timdaway.lai@intel.com (pending=9)
2026-06-15 11:07:49,784 [INFO] Reminder sent to wesley.kuo@intel.com (pending=2)
2026-06-15 11:07:50,213 [INFO] Reminder sent to yu-wei.chen@intel.com (pending=2)
2026-06-15 11:07:50,626 [INFO] Reminder sent to zhiqiang.cai@intel.com (pending=9)
2026-06-15 11:07:50,627 [INFO] Reminder email sent to 14 assignee(s).
[Config] Using GRAPH_CLIENT_SECRET from environment/.env.
[Auth] Using cached Graph delegated token.
[Config] Using GRAPH_CLIENT_SECRET from environment/.env.
[Auth] Using cached Graph delegated token.
[INFO] Exit code: 0
[INFO] ===== Labeling reminder daily end =====
