[INFO] ===== Labeling reminder daily start =====
[INFO] Timestamp: Tue 04/21/2026 19:00:01.85
[INFO] Script dir: C:\Users\jtsao1\OneDrive - Intel Corporation\Documents\My workspace\jira_ips_tat_HP\jira_tat\jira_customer_tat\
[INFO] Current dir: C:\Users\jtsao1\OneDrive - Intel Corporation\Documents\My workspace\jira_ips_tat_HP\jira_tat\jira_customer_tat
C:\Python314\python.exe
C:\Users\jtsao1\AppData\Local\Microsoft\WindowsApps\python.exe
C:\Users\jtsao1\AppData\Local\Python\bin\python.exe
[INFO] Latest weekly dir: C:\Users\jtsao1\OneDrive - Intel Corporation\Documents\My workspace\jira_ips_tat_HP\jira_tat\jira_customer_tat\tuning_outputs\weekly_20260421
[INFO] Target CSV: C:\Users\jtsao1\OneDrive - Intel Corporation\Documents\My workspace\jira_ips_tat_HP\jira_tat\jira_customer_tat\tuning_outputs\weekly_20260421\weekly_labeling_template.csv
[INFO] Command: python send_labeling_reminders.py --send-email --graph-auth-mode delegated --weekly-dir "C:\Users\jtsao1\OneDrive - Intel Corporation\Documents\My workspace\jira_ips_tat_HP\jira_tat\jira_customer_tat\tuning_outputs\weekly_20260421" --no-email --dry-run-email
2026-04-21 19:00:02,920 [INFO] Pending assignees: 15, pending rows: 41
2026-04-21 19:00:02,920 [INFO] Dry-run mode enabled; emails will not be sent.
2026-04-21 19:00:03,195 [INFO] [DRY RUN] To=bingyue.sun@intel.com Cc=jonathan.tsao@intel.com Subject=[Action Required][\u8acb\u8655\u7406] Fill HUMAN_CATEGORY / \u8acb\u586b\u5beb HUMAN_CATEGORY (3 pending) - Deadline Friday 5PM / \u622a\u6b62\u9031\u4e94 5PM
2026-04-21 19:00:03,196 [INFO] [DRY RUN] To=brenton.wu@intel.com Cc=jonathan.tsao@intel.com Subject=[Action Required][\u8acb\u8655\u7406] Fill HUMAN_CATEGORY / \u8acb\u586b\u5beb HUMAN_CATEGORY (4 pending) - Deadline Friday 5PM / \u622a\u6b62\u9031\u4e94 5PM
2026-04-21 19:00:03,196 [INFO] [DRY RUN] To=charles.p.chu@intel.com Cc=jonathan.tsao@intel.com Subject=[Action Required][\u8acb\u8655\u7406] Fill HUMAN_CATEGORY / \u8acb\u586b\u5beb HUMAN_CATEGORY (3 pending) - Deadline Friday 5PM / \u622a\u6b62\u9031\u4e94 5PM
2026-04-21 19:00:03,196 [INFO] [DRY RUN] To=frank.fc.yang@intel.com Cc=jonathan.tsao@intel.com Subject=[Action Required][\u8acb\u8655\u7406] Fill HUMAN_CATEGORY / \u8acb\u586b\u5beb HUMAN_CATEGORY (2 pending) - Deadline Friday 5PM / \u622a\u6b62\u9031\u4e94 5PM
2026-04-21 19:00:03,196 [INFO] [DRY RUN] To=frank.lee@intel.com Cc=jonathan.tsao@intel.com Subject=[Action Required][\u8acb\u8655\u7406] Fill HUMAN_CATEGORY / \u8acb\u586b\u5beb HUMAN_CATEGORY (3 pending) - Deadline Friday 5PM / \u622a\u6b62\u9031\u4e94 5PM
2026-04-21 19:00:03,196 [INFO] [DRY RUN] To=jackx.lee@intel.com Cc=jonathan.tsao@intel.com Subject=[Action Required][\u8acb\u8655\u7406] Fill HUMAN_CATEGORY / \u8acb\u586b\u5beb HUMAN_CATEGORY (2 pending) - Deadline Friday 5PM / \u622a\u6b62\u9031\u4e94 5PM
2026-04-21 19:00:03,196 [INFO] [DRY RUN] To=juan.zou@intel.com Cc=jonathan.tsao@intel.com Subject=[Action Required][\u8acb\u8655\u7406] Fill HUMAN_CATEGORY / \u8acb\u586b\u5beb HUMAN_CATEGORY (3 pending) - Deadline Friday 5PM / \u622a\u6b62\u9031\u4e94 5PM
2026-04-21 19:00:03,196 [INFO] [DRY RUN] To=kj.fang@intel.com Cc=jonathan.tsao@intel.com Subject=[Action Required][\u8acb\u8655\u7406] Fill HUMAN_CATEGORY / \u8acb\u586b\u5beb HUMAN_CATEGORY (3 pending) - Deadline Friday 5PM / \u622a\u6b62\u9031\u4e94 5PM
2026-04-21 19:00:03,196 [INFO] [DRY RUN] To=leo.chiang@intel.com Cc=jonathan.tsao@intel.com Subject=[Action Required][\u8acb\u8655\u7406] Fill HUMAN_CATEGORY / \u8acb\u586b\u5beb HUMAN_CATEGORY (1 pending) - Deadline Friday 5PM / \u622a\u6b62\u9031\u4e94 5PM
2026-04-21 19:00:03,196 [INFO] [DRY RUN] To=matt.chen@intel.com Cc=jonathan.tsao@intel.com Subject=[Action Required][\u8acb\u8655\u7406] Fill HUMAN_CATEGORY / \u8acb\u586b\u5beb HUMAN_CATEGORY (3 pending) - Deadline Friday 5PM / \u622a\u6b62\u9031\u4e94 5PM
2026-04-21 19:00:03,196 [INFO] [DRY RUN] To=steven1.chen@intel.com Cc=jonathan.tsao@intel.com Subject=[Action Required][\u8acb\u8655\u7406] Fill HUMAN_CATEGORY / \u8acb\u586b\u5beb HUMAN_CATEGORY (3 pending) - Deadline Friday 5PM / \u622a\u6b62\u9031\u4e94 5PM
2026-04-21 19:00:03,197 [INFO] [DRY RUN] To=timdaway.lai@intel.com Cc=jonathan.tsao@intel.com Subject=[Action Required][\u8acb\u8655\u7406] Fill HUMAN_CATEGORY / \u8acb\u586b\u5beb HUMAN_CATEGORY (2 pending) - Deadline Friday 5PM / \u622a\u6b62\u9031\u4e94 5PM
2026-04-21 19:00:03,197 [INFO] [DRY RUN] To=wesley.kuo@intel.com Cc=jonathan.tsao@intel.com Subject=[Action Required][\u8acb\u8655\u7406] Fill HUMAN_CATEGORY / \u8acb\u586b\u5beb HUMAN_CATEGORY (3 pending) - Deadline Friday 5PM / \u622a\u6b62\u9031\u4e94 5PM
2026-04-21 19:00:03,197 [INFO] [DRY RUN] To=yu-wei.chen@intel.com Cc=jonathan.tsao@intel.com Subject=[Action Required][\u8acb\u8655\u7406] Fill HUMAN_CATEGORY / \u8acb\u586b\u5beb HUMAN_CATEGORY (3 pending) - Deadline Friday 5PM / \u622a\u6b62\u9031\u4e94 5PM
2026-04-21 19:00:03,197 [INFO] [DRY RUN] To=zhiqiang.cai@intel.com Cc=jonathan.tsao@intel.com Subject=[Action Required][\u8acb\u8655\u7406] Fill HUMAN_CATEGORY / \u8acb\u586b\u5beb HUMAN_CATEGORY (3 pending) - Deadline Friday 5PM / \u622a\u6b62\u9031\u4e94 5PM
2026-04-21 19:00:03,197 [INFO] Reminder dry-run completed.

--- Email preview ---
To: bingyue.sun@intel.com
Cc: jonathan.tsao@intel.com
Subject: [Action Required][???] Fill HUMAN_CATEGORY / ??? HUMAN_CATEGORY (3 pending) - Deadline Friday 5PM / ???? 5PM
Hi Bingyue Sun,

This is an automatic reminder for weekly labeling.
You still have 3 assigned row(s) with empty human_category.

ACTION REQUIRED:
[????]
1. Open the source file below.
1. ?????????
2. Fill the HUMAN_CATEGORY column for your assigned rows.
2. ????????? HUMAN_CATEGORY ???
3. Save after update.
3. ???????
4. Deadline: Friday 5:00 PM.
4. ?????????? 5:00?

Source file: C:\Users\jtsao1\OneDrive - Intel Corporation\Documents\My workspace\jira_ips_tat_HP\jira_tat\jira_customer_tat\tuning_outputs\weekly_20260421\weekly_labeling_template.xlsx
????: C:\Users\jtsao1\OneDrive - Intel Corporation\Documents\My workspace\jira_ips_tat_HP\jira_tat\jira_customer_tat\tuning_outputs\weekly_20260421\weekly_labeling_template.xlsx
Check time: 2026-04-21 19:00
????: 2026-04-21 19:00

Pending rows (
... (truncated)

--- Email preview ---
To: brenton.wu@intel.com
Cc: jonathan.tsao@intel.com
Subject: [Action Required][???] Fill HUMAN_CATEGORY / ??? HUMAN_CATEGORY (4 pending) - Deadline Friday 5PM / ???? 5PM
Hi Brenton Wu,

This is an automatic reminder for weekly labeling.
You still have 4 assigned row(s) with empty human_category.

ACTION REQUIRED:
[????]
1. Open the source file below.
1. ?????????
2. Fill the HUMAN_CATEGORY column for your assigned rows.
2. ????????? HUMAN_CATEGORY ???
3. Save after update.
3. ???????
4. Deadline: Friday 5:00 PM.
4. ?????????? 5:00?

Source file: C:\Users\jtsao1\OneDrive - Intel Corporation\Documents\My workspace\jira_ips_tat_HP\jira_tat\jira_customer_tat\tuning_outputs\weekly_20260421\weekly_labeling_template.xlsx
????: C:\Users\jtsao1\OneDrive - Intel Corporation\Documents\My workspace\jira_ips_tat_HP\jira_tat\jira_customer_tat\tuning_outputs\weekly_20260421\weekly_labeling_template.xlsx
Check time: 2026-04-21 19:00
????: 2026-04-21 19:00

Pending rows (s
... (truncated)

--- Email preview ---
To: charles.p.chu@intel.com
Cc: jonathan.tsao@intel.com
Subject: [Action Required][???] Fill HUMAN_CATEGORY / ??? HUMAN_CATEGORY (3 pending) - Deadline Friday 5PM / ???? 5PM
Hi Charles P Chu,

This is an automatic reminder for weekly labeling.
You still have 3 assigned row(s) with empty human_category.

ACTION REQUIRED:
[????]
1. Open the source file below.
1. ?????????
2. Fill the HUMAN_CATEGORY column for your assigned rows.
2. ????????? HUMAN_CATEGORY ???
3. Save after update.
3. ???????
4. Deadline: Friday 5:00 PM.
4. ?????????? 5:00?

Source file: C:\Users\jtsao1\OneDrive - Intel Corporation\Documents\My workspace\jira_ips_tat_HP\jira_tat\jira_customer_tat\tuning_outputs\weekly_20260421\weekly_labeling_template.xlsx
????: C:\Users\jtsao1\OneDrive - Intel Corporation\Documents\My workspace\jira_ips_tat_HP\jira_tat\jira_customer_tat\tuning_outputs\weekly_20260421\weekly_labeling_template.xlsx
Check time: 2026-04-21 19:00
????: 2026-04-21 19:00

Pending rows
... (truncated)

--- Email preview ---
To: frank.fc.yang@intel.com
Cc: jonathan.tsao@intel.com
Subject: [Action Required][???] Fill HUMAN_CATEGORY / ??? HUMAN_CATEGORY (2 pending) - Deadline Friday 5PM / ???? 5PM
Hi Frank Fc Yang,

This is an automatic reminder for weekly labeling.
You still have 2 assigned row(s) with empty human_category.

ACTION REQUIRED:
[????]
1. Open the source file below.
1. ?????????
2. Fill the HUMAN_CATEGORY column for your assigned rows.
2. ????????? HUMAN_CATEGORY ???
3. Save after update.
3. ???????
4. Deadline: Friday 5:00 PM.
4. ?????????? 5:00?

Source file: C:\Users\jtsao1\OneDrive - Intel Corporation\Documents\My workspace\jira_ips_tat_HP\jira_tat\jira_customer_tat\tuning_outputs\weekly_20260421\weekly_labeling_template.xlsx
????: C:\Users\jtsao1\OneDrive - Intel Corporation\Documents\My workspace\jira_ips_tat_HP\jira_tat\jira_customer_tat\tuning_outputs\weekly_20260421\weekly_labeling_template.xlsx
Check time: 2026-04-21 19:00
????: 2026-04-21 19:00

Pending rows
... (truncated)

--- Email preview ---
To: frank.lee@intel.com
Cc: jonathan.tsao@intel.com
Subject: [Action Required][???] Fill HUMAN_CATEGORY / ??? HUMAN_CATEGORY (3 pending) - Deadline Friday 5PM / ???? 5PM
Hi Frank Lee,

This is an automatic reminder for weekly labeling.
You still have 3 assigned row(s) with empty human_category.

ACTION REQUIRED:
[????]
1. Open the source file below.
1. ?????????
2. Fill the HUMAN_CATEGORY column for your assigned rows.
2. ????????? HUMAN_CATEGORY ???
3. Save after update.
3. ???????
4. Deadline: Friday 5:00 PM.
4. ?????????? 5:00?

Source file: C:\Users\jtsao1\OneDrive - Intel Corporation\Documents\My workspace\jira_ips_tat_HP\jira_tat\jira_customer_tat\tuning_outputs\weekly_20260421\weekly_labeling_template.xlsx
????: C:\Users\jtsao1\OneDrive - Intel Corporation\Documents\My workspace\jira_ips_tat_HP\jira_tat\jira_customer_tat\tuning_outputs\weekly_20260421\weekly_labeling_template.xlsx
Check time: 2026-04-21 19:00
????: 2026-04-21 19:00

Pending rows (sa
... (truncated)

--- Email preview ---
To: jackx.lee@intel.com
Cc: jonathan.tsao@intel.com
Subject: [Action Required][???] Fill HUMAN_CATEGORY / ??? HUMAN_CATEGORY (2 pending) - Deadline Friday 5PM / ???? 5PM
Hi Jackx Lee,

This is an automatic reminder for weekly labeling.
You still have 2 assigned row(s) with empty human_category.

ACTION REQUIRED:
[????]
1. Open the source file below.
1. ?????????
2. Fill the HUMAN_CATEGORY column for your assigned rows.
2. ????????? HUMAN_CATEGORY ???
3. Save after update.
3. ???????
4. Deadline: Friday 5:00 PM.
4. ?????????? 5:00?

Source file: C:\Users\jtsao1\OneDrive - Intel Corporation\Documents\My workspace\jira_ips_tat_HP\jira_tat\jira_customer_tat\tuning_outputs\weekly_20260421\weekly_labeling_template.xlsx
????: C:\Users\jtsao1\OneDrive - Intel Corporation\Documents\My workspace\jira_ips_tat_HP\jira_tat\jira_customer_tat\tuning_outputs\weekly_20260421\weekly_labeling_template.xlsx
Check time: 2026-04-21 19:00
????: 2026-04-21 19:00

Pending rows (sa
... (truncated)

--- Email preview ---
To: juan.zou@intel.com
Cc: jonathan.tsao@intel.com
Subject: [Action Required][???] Fill HUMAN_CATEGORY / ??? HUMAN_CATEGORY (3 pending) - Deadline Friday 5PM / ???? 5PM
Hi Juan Zou,

This is an automatic reminder for weekly labeling.
You still have 3 assigned row(s) with empty human_category.

ACTION REQUIRED:
[????]
1. Open the source file below.
1. ?????????
2. Fill the HUMAN_CATEGORY column for your assigned rows.
2. ????????? HUMAN_CATEGORY ???
3. Save after update.
3. ???????
4. Deadline: Friday 5:00 PM.
4. ?????????? 5:00?

Source file: C:\Users\jtsao1\OneDrive - Intel Corporation\Documents\My workspace\jira_ips_tat_HP\jira_tat\jira_customer_tat\tuning_outputs\weekly_20260421\weekly_labeling_template.xlsx
????: C:\Users\jtsao1\OneDrive - Intel Corporation\Documents\My workspace\jira_ips_tat_HP\jira_tat\jira_customer_tat\tuning_outputs\weekly_20260421\weekly_labeling_template.xlsx
Check time: 2026-04-21 19:00
????: 2026-04-21 19:00

Pending rows (sam
... (truncated)

--- Email preview ---
To: kj.fang@intel.com
Cc: jonathan.tsao@intel.com
Subject: [Action Required][???] Fill HUMAN_CATEGORY / ??? HUMAN_CATEGORY (3 pending) - Deadline Friday 5PM / ???? 5PM
Hi Kj Fang,

This is an automatic reminder for weekly labeling.
You still have 3 assigned row(s) with empty human_category.

ACTION REQUIRED:
[????]
1. Open the source file below.
1. ?????????
2. Fill the HUMAN_CATEGORY column for your assigned rows.
2. ????????? HUMAN_CATEGORY ???
3. Save after update.
3. ???????
4. Deadline: Friday 5:00 PM.
4. ?????????? 5:00?

Source file: C:\Users\jtsao1\OneDrive - Intel Corporation\Documents\My workspace\jira_ips_tat_HP\jira_tat\jira_customer_tat\tuning_outputs\weekly_20260421\weekly_labeling_template.xlsx
????: C:\Users\jtsao1\OneDrive - Intel Corporation\Documents\My workspace\jira_ips_tat_HP\jira_tat\jira_customer_tat\tuning_outputs\weekly_20260421\weekly_labeling_template.xlsx
Check time: 2026-04-21 19:00
????: 2026-04-21 19:00

Pending rows (samp
... (truncated)

--- Email preview ---
To: leo.chiang@intel.com
Cc: jonathan.tsao@intel.com
Subject: [Action Required][???] Fill HUMAN_CATEGORY / ??? HUMAN_CATEGORY (1 pending) - Deadline Friday 5PM / ???? 5PM
Hi Leo Chiang,

This is an automatic reminder for weekly labeling.
You still have 1 assigned row(s) with empty human_category.

ACTION REQUIRED:
[????]
1. Open the source file below.
1. ?????????
2. Fill the HUMAN_CATEGORY column for your assigned rows.
2. ????????? HUMAN_CATEGORY ???
3. Save after update.
3. ???????
4. Deadline: Friday 5:00 PM.
4. ?????????? 5:00?

Source file: C:\Users\jtsao1\OneDrive - Intel Corporation\Documents\My workspace\jira_ips_tat_HP\jira_tat\jira_customer_tat\tuning_outputs\weekly_20260421\weekly_labeling_template.xlsx
????: C:\Users\jtsao1\OneDrive - Intel Corporation\Documents\My workspace\jira_ips_tat_HP\jira_tat\jira_customer_tat\tuning_outputs\weekly_20260421\weekly_labeling_template.xlsx
Check time: 2026-04-21 19:00
????: 2026-04-21 19:00

Pending rows (s
... (truncated)

--- Email preview ---
To: matt.chen@intel.com
Cc: jonathan.tsao@intel.com
Subject: [Action Required][???] Fill HUMAN_CATEGORY / ??? HUMAN_CATEGORY (3 pending) - Deadline Friday 5PM / ???? 5PM
Hi Matt Chen,

This is an automatic reminder for weekly labeling.
You still have 3 assigned row(s) with empty human_category.

ACTION REQUIRED:
[????]
1. Open the source file below.
1. ?????????
2. Fill the HUMAN_CATEGORY column for your assigned rows.
2. ????????? HUMAN_CATEGORY ???
3. Save after update.
3. ???????
4. Deadline: Friday 5:00 PM.
4. ?????????? 5:00?

Source file: C:\Users\jtsao1\OneDrive - Intel Corporation\Documents\My workspace\jira_ips_tat_HP\jira_tat\jira_customer_tat\tuning_outputs\weekly_20260421\weekly_labeling_template.xlsx
????: C:\Users\jtsao1\OneDrive - Intel Corporation\Documents\My workspace\jira_ips_tat_HP\jira_tat\jira_customer_tat\tuning_outputs\weekly_20260421\weekly_labeling_template.xlsx
Check time: 2026-04-21 19:00
????: 2026-04-21 19:00

Pending rows (sa
... (truncated)

--- Email preview ---
To: steven1.chen@intel.com
Cc: jonathan.tsao@intel.com
Subject: [Action Required][???] Fill HUMAN_CATEGORY / ??? HUMAN_CATEGORY (3 pending) - Deadline Friday 5PM / ???? 5PM
Hi Steven1 Chen,

This is an automatic reminder for weekly labeling.
You still have 3 assigned row(s) with empty human_category.

ACTION REQUIRED:
[????]
1. Open the source file below.
1. ?????????
2. Fill the HUMAN_CATEGORY column for your assigned rows.
2. ????????? HUMAN_CATEGORY ???
3. Save after update.
3. ???????
4. Deadline: Friday 5:00 PM.
4. ?????????? 5:00?

Source file: C:\Users\jtsao1\OneDrive - Intel Corporation\Documents\My workspace\jira_ips_tat_HP\jira_tat\jira_customer_tat\tuning_outputs\weekly_20260421\weekly_labeling_template.xlsx
????: C:\Users\jtsao1\OneDrive - Intel Corporation\Documents\My workspace\jira_ips_tat_HP\jira_tat\jira_customer_tat\tuning_outputs\weekly_20260421\weekly_labeling_template.xlsx
Check time: 2026-04-21 19:00
????: 2026-04-21 19:00

Pending rows 
... (truncated)

--- Email preview ---
To: timdaway.lai@intel.com
Cc: jonathan.tsao@intel.com
Subject: [Action Required][???] Fill HUMAN_CATEGORY / ??? HUMAN_CATEGORY (2 pending) - Deadline Friday 5PM / ???? 5PM
Hi Timdaway Lai,

This is an automatic reminder for weekly labeling.
You still have 2 assigned row(s) with empty human_category.

ACTION REQUIRED:
[????]
1. Open the source file below.
1. ?????????
2. Fill the HUMAN_CATEGORY column for your assigned rows.
2. ????????? HUMAN_CATEGORY ???
3. Save after update.
3. ???????
4. Deadline: Friday 5:00 PM.
4. ?????????? 5:00?

Source file: C:\Users\jtsao1\OneDrive - Intel Corporation\Documents\My workspace\jira_ips_tat_HP\jira_tat\jira_customer_tat\tuning_outputs\weekly_20260421\weekly_labeling_template.xlsx
????: C:\Users\jtsao1\OneDrive - Intel Corporation\Documents\My workspace\jira_ips_tat_HP\jira_tat\jira_customer_tat\tuning_outputs\weekly_20260421\weekly_labeling_template.xlsx
Check time: 2026-04-21 19:00
????: 2026-04-21 19:00

Pending rows 
... (truncated)

--- Email preview ---
To: wesley.kuo@intel.com
Cc: jonathan.tsao@intel.com
Subject: [Action Required][???] Fill HUMAN_CATEGORY / ??? HUMAN_CATEGORY (3 pending) - Deadline Friday 5PM / ???? 5PM
Hi Wesley Kuo,

This is an automatic reminder for weekly labeling.
You still have 3 assigned row(s) with empty human_category.

ACTION REQUIRED:
[????]
1. Open the source file below.
1. ?????????
2. Fill the HUMAN_CATEGORY column for your assigned rows.
2. ????????? HUMAN_CATEGORY ???
3. Save after update.
3. ???????
4. Deadline: Friday 5:00 PM.
4. ?????????? 5:00?

Source file: C:\Users\jtsao1\OneDrive - Intel Corporation\Documents\My workspace\jira_ips_tat_HP\jira_tat\jira_customer_tat\tuning_outputs\weekly_20260421\weekly_labeling_template.xlsx
????: C:\Users\jtsao1\OneDrive - Intel Corporation\Documents\My workspace\jira_ips_tat_HP\jira_tat\jira_customer_tat\tuning_outputs\weekly_20260421\weekly_labeling_template.xlsx
Check time: 2026-04-21 19:00
????: 2026-04-21 19:00

Pending rows (s
... (truncated)

--- Email preview ---
To: yu-wei.chen@intel.com
Cc: jonathan.tsao@intel.com
Subject: [Action Required][???] Fill HUMAN_CATEGORY / ??? HUMAN_CATEGORY (3 pending) - Deadline Friday 5PM / ???? 5PM
Hi Yu Wei Chen,

This is an automatic reminder for weekly labeling.
You still have 3 assigned row(s) with empty human_category.

ACTION REQUIRED:
[????]
1. Open the source file below.
1. ?????????
2. Fill the HUMAN_CATEGORY column for your assigned rows.
2. ????????? HUMAN_CATEGORY ???
3. Save after update.
3. ???????
4. Deadline: Friday 5:00 PM.
4. ?????????? 5:00?

Source file: C:\Users\jtsao1\OneDrive - Intel Corporation\Documents\My workspace\jira_ips_tat_HP\jira_tat\jira_customer_tat\tuning_outputs\weekly_20260421\weekly_labeling_template.xlsx
????: C:\Users\jtsao1\OneDrive - Intel Corporation\Documents\My workspace\jira_ips_tat_HP\jira_tat\jira_customer_tat\tuning_outputs\weekly_20260421\weekly_labeling_template.xlsx
Check time: 2026-04-21 19:00
????: 2026-04-21 19:00

Pending rows (
... (truncated)

--- Email preview ---
To: zhiqiang.cai@intel.com
Cc: jonathan.tsao@intel.com
Subject: [Action Required][???] Fill HUMAN_CATEGORY / ??? HUMAN_CATEGORY (3 pending) - Deadline Friday 5PM / ???? 5PM
Hi Zhiqiang Cai,

This is an automatic reminder for weekly labeling.
You still have 3 assigned row(s) with empty human_category.

ACTION REQUIRED:
[????]
1. Open the source file below.
1. ?????????
2. Fill the HUMAN_CATEGORY column for your assigned rows.
2. ????????? HUMAN_CATEGORY ???
3. Save after update.
3. ???????
4. Deadline: Friday 5:00 PM.
4. ?????????? 5:00?

Source file: C:\Users\jtsao1\OneDrive - Intel Corporation\Documents\My workspace\jira_ips_tat_HP\jira_tat\jira_customer_tat\tuning_outputs\weekly_20260421\weekly_labeling_template.xlsx
????: C:\Users\jtsao1\OneDrive - Intel Corporation\Documents\My workspace\jira_ips_tat_HP\jira_tat\jira_customer_tat\tuning_outputs\weekly_20260421\weekly_labeling_template.xlsx
Check time: 2026-04-21 19:00
????: 2026-04-21 19:00

Pending rows 
... (truncated)
[INFO] Exit code: 0
[INFO] ===== Labeling reminder daily end =====
