[INFO] ===== Labeling reminder daily start =====
[INFO] Timestamp: Tue 05/12/2026  4:12:58.21
[INFO] Script dir: C:\Users\jtsao1\OneDrive - Intel Corporation\Documents\My workspace\jira_ips_tat_HP\jira_tat\jira_customer_tat\
[INFO] Current dir: C:\Users\jtsao1\OneDrive - Intel Corporation\Documents\My workspace\jira_ips_tat_HP\jira_tat\jira_customer_tat
C:\Python314\python.exe
C:\Users\jtsao1\AppData\Local\Microsoft\WindowsApps\python.exe
C:\Users\jtsao1\AppData\Local\Python\bin\python.exe
[INFO] Latest weekly dir: C:\Users\jtsao1\OneDrive - Intel Corporation\Documents\My workspace\jira_ips_tat_HP\jira_tat\jira_customer_tat\tuning_outputs\weekly_20260511
[INFO] Target CSV: C:\Users\jtsao1\OneDrive - Intel Corporation\Documents\My workspace\jira_ips_tat_HP\jira_tat\jira_customer_tat\tuning_outputs\weekly_20260511\weekly_labeling_template.csv
[INFO] Command: python send_labeling_reminders.py --send-email --graph-auth-mode delegated --weekly-dir "C:\Users\jtsao1\OneDrive - Intel Corporation\Documents\My workspace\jira_ips_tat_HP\jira_tat\jira_customer_tat\tuning_outputs\weekly_20260511" 
2026-05-12 09:05:04,426 [INFO] Pending source path: C:\Users\jtsao1\OneDrive - Intel Corporation\Documents\My workspace\jira_ips_tat_HP\jira_tat\jira_customer_tat\tuning_outputs\weekly_20260511\weekly_labeling_template.xlsx
2026-05-12 09:05:14,231 [INFO] Using cloud-fresh source copy for pending check: C:\Users\jtsao1\AppData\Local\Temp\labeling_cloud_i2b69ks2.xlsx
2026-05-12 09:05:17,961 [INFO] Loaded pending rows from XLSX C:\Users\jtsao1\AppData\Local\Temp\labeling_cloud_i2b69ks2.xlsx: assignees=8
2026-05-12 09:05:17,962 [INFO] Pending assignees: 8, pending rows: 11
2026-05-12 09:05:17,962 [INFO] Graph auth mode: delegated
2026-05-12 09:05:23,201 [INFO] Reminder sent to brenton.wu@intel.com (pending=1)
2026-05-12 09:05:23,793 [INFO] Reminder sent to charles.p.chu@intel.com (pending=1)
2026-05-12 09:05:24,508 [INFO] Reminder sent to frank.fc.yang@intel.com (pending=1)
2026-05-12 09:05:24,989 [INFO] Reminder sent to frank.lee@intel.com (pending=2)
2026-05-12 09:05:25,494 [INFO] Reminder sent to jackx.lee@intel.com (pending=1)
2026-05-12 09:05:25,986 [INFO] Reminder sent to kj.fang@intel.com (pending=2)
2026-05-12 09:05:26,461 [INFO] Reminder sent to steven1.chen@intel.com (pending=1)
2026-05-12 09:05:26,929 [INFO] Reminder sent to zhiqiang.cai@intel.com (pending=2)
2026-05-12 09:05:26,929 [INFO] Reminder email sent to 8 assignee(s).
[Config] Using GRAPH_CLIENT_SECRET from environment/.env.
[Auth] Using cached Graph delegated token.
[Config] Using GRAPH_CLIENT_SECRET from environment/.env.
[Auth] Using cached Graph delegated token.
[INFO] Exit code: 0
[INFO] ===== Labeling reminder daily end =====
