[INFO] ===== Labeling reminder daily start =====
[INFO] Timestamp: Mon 06/08/2026 11:01:08.56
[INFO] Script dir: C:\Users\jtsao1\OneDrive - Intel Corporation\Documents\My workspace\jira_ips_tat_HP\jira_tat\jira_customer_tat\
[INFO] Current dir: C:\Users\jtsao1\OneDrive - Intel Corporation\Documents\My workspace\jira_ips_tat_HP\jira_tat\jira_customer_tat
C:\Python314\python.exe
C:\Users\jtsao1\AppData\Local\Microsoft\WindowsApps\python.exe
C:\Users\jtsao1\AppData\Local\Python\bin\python.exe
[INFO] Latest weekly dir: C:\Users\jtsao1\OneDrive - Intel Corporation\Documents\My workspace\jira_ips_tat_HP\jira_tat\jira_customer_tat\tuning_outputs\weekly_20260608
[INFO] Target CSV: C:\Users\jtsao1\OneDrive - Intel Corporation\Documents\My workspace\jira_ips_tat_HP\jira_tat\jira_customer_tat\tuning_outputs\weekly_20260608\weekly_labeling_template.csv
[INFO] Command: python send_labeling_reminders.py --send-email --graph-auth-mode delegated --weekly-dir "C:\Users\jtsao1\OneDrive - Intel Corporation\Documents\My workspace\jira_ips_tat_HP\jira_tat\jira_customer_tat\tuning_outputs\weekly_20260608" 
2026-06-08 11:01:09,429 [INFO] Pending source path: C:\Users\jtsao1\OneDrive - Intel Corporation\Documents\My workspace\jira_ips_tat_HP\jira_tat\jira_customer_tat\tuning_outputs\weekly_20260608\weekly_labeling_template.csv
2026-06-08 11:01:11,546 [WARNING] Could not download cloud-fresh source; fallback to local file: HTTP Error 404: Not Found
2026-06-08 11:01:11,548 [INFO] Loaded pending rows from CSV C:\Users\jtsao1\OneDrive - Intel Corporation\Documents\My workspace\jira_ips_tat_HP\jira_tat\jira_customer_tat\tuning_outputs\weekly_20260608\weekly_labeling_template.csv: assignees=14
2026-06-08 11:01:11,548 [INFO] Pending assignees: 14, pending rows: 82
2026-06-08 11:01:11,548 [INFO] Graph auth mode: delegated
2026-06-08 11:01:12,825 [INFO] Added dropdown validation for 23 categories on column J
2026-06-08 11:01:17,224 [INFO] Reminder sent to bingyue.sun@intel.com (pending=3)
2026-06-08 11:01:17,716 [INFO] Reminder sent to brenton.wu@intel.com (pending=9)
2026-06-08 11:01:18,170 [INFO] Reminder sent to charles.p.chu@intel.com (pending=8)
2026-06-08 11:01:18,627 [INFO] Reminder sent to frank.fc.yang@intel.com (pending=7)
2026-06-08 11:01:19,136 [INFO] Reminder sent to frank.lee@intel.com (pending=8)
2026-06-08 11:01:19,599 [INFO] Reminder sent to jackx.lee@intel.com (pending=7)
2026-06-08 11:01:20,045 [INFO] Reminder sent to juan.zou@intel.com (pending=3)
2026-06-08 11:01:20,480 [INFO] Reminder sent to kj.fang@intel.com (pending=8)
2026-06-08 11:01:20,957 [INFO] Reminder sent to matt.chen@intel.com (pending=4)
2026-06-08 11:01:21,405 [INFO] Reminder sent to steven1.chen@intel.com (pending=3)
2026-06-08 11:01:21,866 [INFO] Reminder sent to timdaway.lai@intel.com (pending=7)
2026-06-08 11:01:22,331 [INFO] Reminder sent to wesley.kuo@intel.com (pending=4)
2026-06-08 11:01:22,784 [INFO] Reminder sent to yu-wei.chen@intel.com (pending=3)
2026-06-08 11:01:23,252 [INFO] Reminder sent to zhiqiang.cai@intel.com (pending=8)
2026-06-08 11:01:23,252 [INFO] Reminder email sent to 14 assignee(s).
[Config] Using GRAPH_CLIENT_SECRET from environment/.env.
[Auth] Using cached Graph delegated token.
[Config] Using GRAPH_CLIENT_SECRET from environment/.env.
[Auth] Using cached Graph delegated token.
[INFO] Exit code: 0
[INFO] ===== Labeling reminder daily end =====
