[INFO] ===== Labeling reminder daily start =====
[INFO] Timestamp: Sat 05/02/2026 11:07:37.06
[INFO] Script dir: C:\Users\jtsao1\OneDrive - Intel Corporation\Documents\My workspace\jira_ips_tat_HP\jira_tat\jira_customer_tat\
[INFO] Current dir: C:\Users\jtsao1\OneDrive - Intel Corporation\Documents\My workspace\jira_ips_tat_HP\jira_tat\jira_customer_tat
C:\Python314\python.exe
C:\Users\jtsao1\AppData\Local\Microsoft\WindowsApps\python.exe
C:\Users\jtsao1\AppData\Local\Python\bin\python.exe
[INFO] Latest weekly dir: C:\Users\jtsao1\OneDrive - Intel Corporation\Documents\My workspace\jira_ips_tat_HP\jira_tat\jira_customer_tat\tuning_outputs\weekly_20260427
[INFO] Target CSV: C:\Users\jtsao1\OneDrive - Intel Corporation\Documents\My workspace\jira_ips_tat_HP\jira_tat\jira_customer_tat\tuning_outputs\weekly_20260427\weekly_labeling_template.csv
[INFO] Command: python send_labeling_reminders.py --send-email --graph-auth-mode delegated --weekly-dir "C:\Users\jtsao1\OneDrive - Intel Corporation\Documents\My workspace\jira_ips_tat_HP\jira_tat\jira_customer_tat\tuning_outputs\weekly_20260427" 
2026-05-02 11:07:38,161 [INFO] Pending source path: C:\Users\jtsao1\OneDrive - Intel Corporation\Documents\My workspace\jira_ips_tat_HP\jira_tat\jira_customer_tat\tuning_outputs\weekly_20260427\weekly_labeling_template.xlsx
2026-05-02 11:07:42,767 [INFO] Using cloud-fresh source copy for pending check: C:\Users\jtsao1\AppData\Local\Temp\labeling_cloud_adwnnz1q.xlsx
2026-05-02 11:07:44,793 [INFO] Loaded pending rows from XLSX C:\Users\jtsao1\AppData\Local\Temp\labeling_cloud_adwnnz1q.xlsx: assignees=5
2026-05-02 11:07:44,797 [INFO] Pending assignees: 5, pending rows: 8
2026-05-02 11:07:44,797 [INFO] Graph auth mode: delegated
2026-05-02 11:07:53,448 [INFO] Reminder sent to frank.fc.yang@intel.com (pending=4)
2026-05-02 11:07:53,975 [INFO] Reminder sent to kj.fang@intel.com (pending=1)
2026-05-02 11:07:54,435 [INFO] Reminder sent to leo.chiang@intel.com (pending=1)
2026-05-02 11:07:54,901 [INFO] Reminder sent to timdaway.lai@intel.com (pending=1)
2026-05-02 11:07:55,364 [INFO] Reminder sent to yu-wei.chen@intel.com (pending=1)
2026-05-02 11:07:55,364 [INFO] Reminder email sent to 5 assignee(s).
[Config] Using GRAPH_CLIENT_SECRET from environment/.env.
[Auth] Using cached Graph delegated token.
[Config] Using GRAPH_CLIENT_SECRET from environment/.env.
[Auth] Using cached Graph delegated token.
[INFO] Exit code: 0
[INFO] ===== Labeling reminder daily end =====
