[INFO] ===== Labeling reminder daily start =====
[INFO] Timestamp: Tue 04/21/2026 19:04:17.74
[INFO] Script dir: C:\Users\jtsao1\OneDrive - Intel Corporation\Documents\My workspace\jira_ips_tat_HP\jira_tat\jira_customer_tat\
[INFO] Current dir: C:\Users\jtsao1\OneDrive - Intel Corporation\Documents\My workspace\jira_ips_tat_HP\jira_tat\jira_customer_tat
C:\Python314\python.exe
C:\Users\jtsao1\AppData\Local\Microsoft\WindowsApps\python.exe
C:\Users\jtsao1\AppData\Local\Python\bin\python.exe
[INFO] Latest weekly dir: C:\Users\jtsao1\OneDrive - Intel Corporation\Documents\My workspace\jira_ips_tat_HP\jira_tat\jira_customer_tat\tuning_outputs\weekly_20260421
[INFO] Target CSV: C:\Users\jtsao1\OneDrive - Intel Corporation\Documents\My workspace\jira_ips_tat_HP\jira_tat\jira_customer_tat\tuning_outputs\weekly_20260421\weekly_labeling_template.csv
[INFO] Command: python send_labeling_reminders.py --send-email --graph-auth-mode delegated --weekly-dir "C:\Users\jtsao1\OneDrive - Intel Corporation\Documents\My workspace\jira_ips_tat_HP\jira_tat\jira_customer_tat\tuning_outputs\weekly_20260421" 
2026-04-21 19:04:18,644 [INFO] Pending assignees: 15, pending rows: 41
2026-04-21 19:04:18,644 [INFO] Graph auth mode: delegated
2026-04-21 19:04:22,838 [INFO] Reminder sent to bingyue.sun@intel.com (pending=3)
2026-04-21 19:04:23,317 [INFO] Reminder sent to brenton.wu@intel.com (pending=4)
2026-04-21 19:04:24,073 [INFO] Reminder sent to charles.p.chu@intel.com (pending=3)
2026-04-21 19:04:24,541 [INFO] Reminder sent to frank.fc.yang@intel.com (pending=2)
2026-04-21 19:04:25,017 [INFO] Reminder sent to frank.lee@intel.com (pending=3)
2026-04-21 19:04:25,506 [INFO] Reminder sent to jackx.lee@intel.com (pending=2)
2026-04-21 19:04:26,030 [INFO] Reminder sent to juan.zou@intel.com (pending=3)
2026-04-21 19:04:26,493 [INFO] Reminder sent to kj.fang@intel.com (pending=3)
2026-04-21 19:04:26,923 [INFO] Reminder sent to leo.chiang@intel.com (pending=1)
2026-04-21 19:04:27,357 [INFO] Reminder sent to matt.chen@intel.com (pending=3)
2026-04-21 19:04:27,797 [INFO] Reminder sent to steven1.chen@intel.com (pending=3)
2026-04-21 19:04:28,239 [INFO] Reminder sent to timdaway.lai@intel.com (pending=2)
2026-04-21 19:04:28,674 [INFO] Reminder sent to wesley.kuo@intel.com (pending=3)
2026-04-21 19:04:29,119 [INFO] Reminder sent to yu-wei.chen@intel.com (pending=3)
2026-04-21 19:04:29,535 [INFO] Reminder sent to zhiqiang.cai@intel.com (pending=3)
2026-04-21 19:04:29,535 [INFO] Reminder email sent to 15 assignee(s).
[Config] Using GRAPH_CLIENT_SECRET from environment/.env.
[Auth] Using cached Graph delegated token.
[INFO] Exit code: 0
[INFO] ===== Labeling reminder daily end =====
