[INFO] ===== Labeling reminder daily start =====
[INFO] Timestamp: Mon 05/18/2026 11:07:37.92
[INFO] Script dir: C:\Users\jtsao1\OneDrive - Intel Corporation\Documents\My workspace\jira_ips_tat_HP\jira_tat\jira_customer_tat\
[INFO] Current dir: C:\Users\jtsao1\OneDrive - Intel Corporation\Documents\My workspace\jira_ips_tat_HP\jira_tat\jira_customer_tat
C:\Python314\python.exe
C:\Users\jtsao1\AppData\Local\Microsoft\WindowsApps\python.exe
C:\Users\jtsao1\AppData\Local\Python\bin\python.exe
[INFO] Latest weekly dir: C:\Users\jtsao1\OneDrive - Intel Corporation\Documents\My workspace\jira_ips_tat_HP\jira_tat\jira_customer_tat\tuning_outputs\weekly_20260518
[INFO] Target CSV: C:\Users\jtsao1\OneDrive - Intel Corporation\Documents\My workspace\jira_ips_tat_HP\jira_tat\jira_customer_tat\tuning_outputs\weekly_20260518\weekly_labeling_template.csv
[INFO] Command: python send_labeling_reminders.py --send-email --graph-auth-mode delegated --weekly-dir "C:\Users\jtsao1\OneDrive - Intel Corporation\Documents\My workspace\jira_ips_tat_HP\jira_tat\jira_customer_tat\tuning_outputs\weekly_20260518" 
2026-05-18 11:07:39,681 [INFO] Pending source path: C:\Users\jtsao1\OneDrive - Intel Corporation\Documents\My workspace\jira_ips_tat_HP\jira_tat\jira_customer_tat\tuning_outputs\weekly_20260518\weekly_labeling_template.xlsx
2026-05-18 11:07:42,207 [INFO] Using cloud-fresh source copy for pending check: C:\Users\jtsao1\AppData\Local\Temp\labeling_cloud_odj4ubb1.xlsx
2026-05-18 11:07:42,809 [INFO] Loaded pending rows from XLSX C:\Users\jtsao1\AppData\Local\Temp\labeling_cloud_odj4ubb1.xlsx: assignees=12
2026-05-18 11:07:42,812 [INFO] Pending assignees: 12, pending rows: 30
2026-05-18 11:07:42,812 [INFO] Graph auth mode: delegated
2026-05-18 11:07:46,562 [INFO] Reminder sent to bingyue.sun@intel.com (pending=2)
2026-05-18 11:07:46,972 [INFO] Reminder sent to brenton.wu@intel.com (pending=1)
2026-05-18 11:07:47,357 [INFO] Reminder sent to charles.p.chu@intel.com (pending=3)
2026-05-18 11:07:47,791 [INFO] Reminder sent to frank.lee@intel.com (pending=4)
2026-05-18 11:07:48,163 [INFO] Reminder sent to jackx.lee@intel.com (pending=2)
2026-05-18 11:07:48,609 [INFO] Reminder sent to juan.zou@intel.com (pending=2)
2026-05-18 11:07:49,029 [INFO] Reminder sent to kj.fang@intel.com (pending=3)
2026-05-18 11:07:49,432 [INFO] Reminder sent to steven1.chen@intel.com (pending=3)
2026-05-18 11:07:49,834 [INFO] Reminder sent to timdaway.lai@intel.com (pending=2)
2026-05-18 11:07:50,230 [INFO] Reminder sent to wesley.kuo@intel.com (pending=2)
2026-05-18 11:07:50,664 [INFO] Reminder sent to yu-wei.chen@intel.com (pending=2)
2026-05-18 11:07:51,048 [INFO] Reminder sent to zhiqiang.cai@intel.com (pending=4)
2026-05-18 11:07:51,048 [INFO] Reminder email sent to 12 assignee(s).
[Config] Using GRAPH_CLIENT_SECRET from environment/.env.
[Auth] Using cached Graph delegated token.
[Config] Using GRAPH_CLIENT_SECRET from environment/.env.
[Auth] Using cached Graph delegated token.
[INFO] Exit code: 0
[INFO] ===== Labeling reminder daily end =====
