[INFO] ===== Labeling reminder daily start =====
[INFO] Timestamp: Wed 05/13/2026  2:07:37.22
[INFO] Script dir: C:\Users\jtsao1\OneDrive - Intel Corporation\Documents\My workspace\jira_ips_tat_HP\jira_tat\jira_customer_tat\
[INFO] Current dir: C:\Users\jtsao1\OneDrive - Intel Corporation\Documents\My workspace\jira_ips_tat_HP\jira_tat\jira_customer_tat
C:\Python314\python.exe
C:\Users\jtsao1\AppData\Local\Microsoft\WindowsApps\python.exe
C:\Users\jtsao1\AppData\Local\Python\bin\python.exe
[INFO] Latest weekly dir: C:\Users\jtsao1\OneDrive - Intel Corporation\Documents\My workspace\jira_ips_tat_HP\jira_tat\jira_customer_tat\tuning_outputs\weekly_20260511
[INFO] Target CSV: C:\Users\jtsao1\OneDrive - Intel Corporation\Documents\My workspace\jira_ips_tat_HP\jira_tat\jira_customer_tat\tuning_outputs\weekly_20260511\weekly_labeling_template.csv
[INFO] Command: python send_labeling_reminders.py --send-email --graph-auth-mode delegated --weekly-dir "C:\Users\jtsao1\OneDrive - Intel Corporation\Documents\My workspace\jira_ips_tat_HP\jira_tat\jira_customer_tat\tuning_outputs\weekly_20260511" 
2026-05-13 02:07:38,041 [INFO] Pending source path: C:\Users\jtsao1\OneDrive - Intel Corporation\Documents\My workspace\jira_ips_tat_HP\jira_tat\jira_customer_tat\tuning_outputs\weekly_20260511\weekly_labeling_template.xlsx
2026-05-13 02:07:41,249 [INFO] Using cloud-fresh source copy for pending check: C:\Users\jtsao1\AppData\Local\Temp\labeling_cloud_h67cgjx2.xlsx
2026-05-13 02:07:41,647 [INFO] Loaded pending rows from XLSX C:\Users\jtsao1\AppData\Local\Temp\labeling_cloud_h67cgjx2.xlsx: assignees=4
2026-05-13 02:07:41,647 [INFO] Pending assignees: 4, pending rows: 7
2026-05-13 02:07:41,648 [INFO] Graph auth mode: delegated
2026-05-13 02:07:45,937 [INFO] Reminder sent to frank.lee@intel.com (pending=2)
2026-05-13 02:07:46,526 [INFO] Reminder sent to jackx.lee@intel.com (pending=1)
2026-05-13 02:07:47,049 [INFO] Reminder sent to kj.fang@intel.com (pending=2)
2026-05-13 02:07:47,622 [INFO] Reminder sent to zhiqiang.cai@intel.com (pending=2)
2026-05-13 02:07:47,622 [INFO] Reminder email sent to 4 assignee(s).
[Config] Using GRAPH_CLIENT_SECRET from environment/.env.
[Auth] Using cached Graph delegated token.
[Config] Using GRAPH_CLIENT_SECRET from environment/.env.
[Auth] Using cached Graph delegated token.
[INFO] Exit code: 0
[INFO] ===== Labeling reminder daily end =====
