[INFO] ===== Labeling reminder daily start =====
[INFO] Timestamp: Wed 05/27/2026 11:07:37.11
[INFO] Script dir: C:\Users\jtsao1\OneDrive - Intel Corporation\Documents\My workspace\jira_ips_tat_HP\jira_tat\jira_customer_tat\
[INFO] Current dir: C:\Users\jtsao1\OneDrive - Intel Corporation\Documents\My workspace\jira_ips_tat_HP\jira_tat\jira_customer_tat
C:\Python314\python.exe
C:\Users\jtsao1\AppData\Local\Microsoft\WindowsApps\python.exe
C:\Users\jtsao1\AppData\Local\Python\bin\python.exe
[INFO] Latest weekly dir: C:\Users\jtsao1\OneDrive - Intel Corporation\Documents\My workspace\jira_ips_tat_HP\jira_tat\jira_customer_tat\tuning_outputs\weekly_20260525
[INFO] Target CSV: C:\Users\jtsao1\OneDrive - Intel Corporation\Documents\My workspace\jira_ips_tat_HP\jira_tat\jira_customer_tat\tuning_outputs\weekly_20260525\weekly_labeling_template.csv
[INFO] Command: python send_labeling_reminders.py --send-email --graph-auth-mode delegated --weekly-dir "C:\Users\jtsao1\OneDrive - Intel Corporation\Documents\My workspace\jira_ips_tat_HP\jira_tat\jira_customer_tat\tuning_outputs\weekly_20260525" 
2026-05-27 11:07:38,135 [INFO] Pending source path: C:\Users\jtsao1\OneDrive - Intel Corporation\Documents\My workspace\jira_ips_tat_HP\jira_tat\jira_customer_tat\tuning_outputs\weekly_20260525\weekly_labeling_template.xlsx
2026-05-27 11:07:40,957 [INFO] Using cloud-fresh source copy for pending check: C:\Users\jtsao1\AppData\Local\Temp\labeling_cloud_s4swtv4k.xlsx
2026-05-27 11:07:41,397 [INFO] Loaded pending rows from XLSX C:\Users\jtsao1\AppData\Local\Temp\labeling_cloud_s4swtv4k.xlsx: assignees=7
2026-05-27 11:07:41,398 [INFO] Pending assignees: 7, pending rows: 34
2026-05-27 11:07:41,398 [INFO] Graph auth mode: delegated
2026-05-27 11:07:44,944 [INFO] Reminder sent to bingyue.sun@intel.com (pending=2)
2026-05-27 11:07:46,108 [INFO] Reminder sent to charles.p.chu@intel.com (pending=9)
2026-05-27 11:07:46,553 [INFO] Reminder sent to frank.lee@intel.com (pending=10)
2026-05-27 11:07:47,082 [INFO] Reminder sent to jackx.lee@intel.com (pending=1)
2026-05-27 11:07:47,544 [INFO] Reminder sent to kj.fang@intel.com (pending=1)
2026-05-27 11:07:47,996 [INFO] Reminder sent to yu-wei.chen@intel.com (pending=2)
2026-05-27 11:07:48,496 [INFO] Reminder sent to zhiqiang.cai@intel.com (pending=9)
2026-05-27 11:07:48,496 [INFO] Reminder email sent to 7 assignee(s).
[Config] Using GRAPH_CLIENT_SECRET from environment/.env.
[Auth] Using cached Graph delegated token.
[Config] Using GRAPH_CLIENT_SECRET from environment/.env.
[Auth] Using cached Graph delegated token.
[INFO] Exit code: 0
[INFO] ===== Labeling reminder daily end =====
