[INFO] ===== Labeling reminder daily start =====
[INFO] Timestamp: Wed 04/29/2026 11:07:38.21
[INFO] Script dir: C:\Users\jtsao1\OneDrive - Intel Corporation\Documents\My workspace\jira_ips_tat_HP\jira_tat\jira_customer_tat\
[INFO] Current dir: C:\Users\jtsao1\OneDrive - Intel Corporation\Documents\My workspace\jira_ips_tat_HP\jira_tat\jira_customer_tat
C:\Python314\python.exe
C:\Users\jtsao1\AppData\Local\Microsoft\WindowsApps\python.exe
C:\Users\jtsao1\AppData\Local\Python\bin\python.exe
[INFO] Latest weekly dir: C:\Users\jtsao1\OneDrive - Intel Corporation\Documents\My workspace\jira_ips_tat_HP\jira_tat\jira_customer_tat\tuning_outputs\weekly_20260427
[INFO] Target CSV: C:\Users\jtsao1\OneDrive - Intel Corporation\Documents\My workspace\jira_ips_tat_HP\jira_tat\jira_customer_tat\tuning_outputs\weekly_20260427\weekly_labeling_template.csv
[INFO] Command: python send_labeling_reminders.py --send-email --graph-auth-mode delegated --weekly-dir "C:\Users\jtsao1\OneDrive - Intel Corporation\Documents\My workspace\jira_ips_tat_HP\jira_tat\jira_customer_tat\tuning_outputs\weekly_20260427" 
2026-04-29 11:07:39,631 [INFO] Pending source path: C:\Users\jtsao1\OneDrive - Intel Corporation\Documents\My workspace\jira_ips_tat_HP\jira_tat\jira_customer_tat\tuning_outputs\weekly_20260427\weekly_labeling_template.xlsx
2026-04-29 11:07:43,343 [INFO] Using cloud-fresh source copy for pending check: C:\Users\jtsao1\AppData\Local\Temp\labeling_cloud_b94tbgqy.xlsx
2026-04-29 11:07:44,407 [INFO] Loaded pending rows from XLSX C:\Users\jtsao1\AppData\Local\Temp\labeling_cloud_b94tbgqy.xlsx: assignees=10
2026-04-29 11:07:44,408 [INFO] Pending assignees: 10, pending rows: 16
2026-04-29 11:07:44,408 [INFO] Graph auth mode: delegated
2026-04-29 11:07:49,040 [INFO] Reminder sent to bingyue.sun@intel.com (pending=1)
2026-04-29 11:07:49,604 [INFO] Reminder sent to charles.p.chu@intel.com (pending=4)
2026-04-29 11:07:50,033 [INFO] Reminder sent to frank.fc.yang@intel.com (pending=4)
2026-04-29 11:07:50,474 [INFO] Reminder sent to juan.zou@intel.com (pending=1)
2026-04-29 11:07:50,916 [INFO] Reminder sent to kj.fang@intel.com (pending=1)
2026-04-29 11:07:51,366 [INFO] Reminder sent to leo.chiang@intel.com (pending=1)
2026-04-29 11:07:51,807 [INFO] Reminder sent to steven1.chen@intel.com (pending=1)
2026-04-29 11:07:52,277 [INFO] Reminder sent to timdaway.lai@intel.com (pending=1)
2026-04-29 11:07:52,724 [INFO] Reminder sent to yu-wei.chen@intel.com (pending=1)
2026-04-29 11:07:53,197 [INFO] Reminder sent to zhiqiang.cai@intel.com (pending=1)
2026-04-29 11:07:53,197 [INFO] Reminder email sent to 10 assignee(s).
[Config] Using GRAPH_CLIENT_SECRET from environment/.env.
[Auth] Using cached Graph delegated token.
[Config] Using GRAPH_CLIENT_SECRET from environment/.env.
[Auth] Using cached Graph delegated token.
[INFO] Exit code: 0
[INFO] ===== Labeling reminder daily end =====
