[INFO] ===== Labeling reminder daily start =====
[INFO] Timestamp: Mon 04/27/2026 11:01:07.61
[INFO] Script dir: C:\Users\jtsao1\OneDrive - Intel Corporation\Documents\My workspace\jira_ips_tat_HP\jira_tat\jira_customer_tat\
[INFO] Current dir: C:\Users\jtsao1\OneDrive - Intel Corporation\Documents\My workspace\jira_ips_tat_HP\jira_tat\jira_customer_tat
C:\Python314\python.exe
C:\Users\jtsao1\AppData\Local\Microsoft\WindowsApps\python.exe
C:\Users\jtsao1\AppData\Local\Python\bin\python.exe
[INFO] Latest weekly dir: C:\Users\jtsao1\OneDrive - Intel Corporation\Documents\My workspace\jira_ips_tat_HP\jira_tat\jira_customer_tat\tuning_outputs\weekly_20260427
[INFO] Target CSV: C:\Users\jtsao1\OneDrive - Intel Corporation\Documents\My workspace\jira_ips_tat_HP\jira_tat\jira_customer_tat\tuning_outputs\weekly_20260427\weekly_labeling_template.csv
[INFO] Command: python send_labeling_reminders.py --send-email --graph-auth-mode delegated --weekly-dir "C:\Users\jtsao1\OneDrive - Intel Corporation\Documents\My workspace\jira_ips_tat_HP\jira_tat\jira_customer_tat\tuning_outputs\weekly_20260427" 
2026-04-27 11:01:08,469 [INFO] Pending source path: C:\Users\jtsao1\OneDrive - Intel Corporation\Documents\My workspace\jira_ips_tat_HP\jira_tat\jira_customer_tat\tuning_outputs\weekly_20260427\weekly_labeling_template.csv
2026-04-27 11:01:10,756 [WARNING] Could not download cloud-fresh source; fallback to local file: HTTP Error 404: Not Found
2026-04-27 11:01:10,757 [INFO] Loaded pending rows from CSV C:\Users\jtsao1\OneDrive - Intel Corporation\Documents\My workspace\jira_ips_tat_HP\jira_tat\jira_customer_tat\tuning_outputs\weekly_20260427\weekly_labeling_template.csv: assignees=15
2026-04-27 11:01:10,757 [INFO] Pending assignees: 15, pending rows: 38
2026-04-27 11:01:10,757 [INFO] Graph auth mode: delegated
2026-04-27 11:01:11,880 [INFO] Added dropdown validation for 23 categories on column I
2026-04-27 11:01:16,515 [INFO] Reminder sent to bingyue.sun@intel.com (pending=1)
2026-04-27 11:01:17,019 [INFO] Reminder sent to brenton.wu@intel.com (pending=3)
2026-04-27 11:01:17,612 [INFO] Reminder sent to charles.p.chu@intel.com (pending=4)
2026-04-27 11:01:18,129 [INFO] Reminder sent to frank.fc.yang@intel.com (pending=4)
2026-04-27 11:01:18,634 [INFO] Reminder sent to frank.lee@intel.com (pending=4)
2026-04-27 11:01:19,172 [INFO] Reminder sent to jackx.lee@intel.com (pending=4)
2026-04-27 11:01:19,680 [INFO] Reminder sent to juan.zou@intel.com (pending=1)
2026-04-27 11:01:20,227 [INFO] Reminder sent to kj.fang@intel.com (pending=4)
2026-04-27 11:01:20,726 [INFO] Reminder sent to leo.chiang@intel.com (pending=1)
2026-04-27 11:01:21,244 [INFO] Reminder sent to matt.chen@intel.com (pending=1)
2026-04-27 11:01:21,802 [INFO] Reminder sent to steven1.chen@intel.com (pending=1)
2026-04-27 11:01:22,341 [INFO] Reminder sent to timdaway.lai@intel.com (pending=4)
2026-04-27 11:01:22,819 [INFO] Reminder sent to wesley.kuo@intel.com (pending=1)
2026-04-27 11:01:23,323 [INFO] Reminder sent to yu-wei.chen@intel.com (pending=1)
2026-04-27 11:01:23,906 [INFO] Reminder sent to zhiqiang.cai@intel.com (pending=4)
2026-04-27 11:01:23,906 [INFO] Reminder email sent to 15 assignee(s).
[Config] Using GRAPH_CLIENT_SECRET from environment/.env.
[Auth] Using cached Graph delegated token.
[Config] Using GRAPH_CLIENT_SECRET from environment/.env.
[Auth] Using cached Graph delegated token.
[INFO] Exit code: 0
[INFO] ===== Labeling reminder daily end =====
