[INFO] ===== Labeling reminder daily start =====
[INFO] Timestamp: Mon 06/01/2026 11:01:09.47
[INFO] Script dir: C:\Users\jtsao1\OneDrive - Intel Corporation\Documents\My workspace\jira_ips_tat_HP\jira_tat\jira_customer_tat\
[INFO] Current dir: C:\Users\jtsao1\OneDrive - Intel Corporation\Documents\My workspace\jira_ips_tat_HP\jira_tat\jira_customer_tat
C:\Python314\python.exe
C:\Users\jtsao1\AppData\Local\Microsoft\WindowsApps\python.exe
C:\Users\jtsao1\AppData\Local\Python\bin\python.exe
[INFO] Latest weekly dir: C:\Users\jtsao1\OneDrive - Intel Corporation\Documents\My workspace\jira_ips_tat_HP\jira_tat\jira_customer_tat\tuning_outputs\weekly_20260601
[INFO] Target CSV: C:\Users\jtsao1\OneDrive - Intel Corporation\Documents\My workspace\jira_ips_tat_HP\jira_tat\jira_customer_tat\tuning_outputs\weekly_20260601\weekly_labeling_template.csv
[INFO] Command: python send_labeling_reminders.py --send-email --graph-auth-mode delegated --weekly-dir "C:\Users\jtsao1\OneDrive - Intel Corporation\Documents\My workspace\jira_ips_tat_HP\jira_tat\jira_customer_tat\tuning_outputs\weekly_20260601" 
2026-06-01 11:01:10,482 [INFO] Pending source path: C:\Users\jtsao1\OneDrive - Intel Corporation\Documents\My workspace\jira_ips_tat_HP\jira_tat\jira_customer_tat\tuning_outputs\weekly_20260601\weekly_labeling_template.csv
2026-06-01 11:01:12,510 [WARNING] Could not download cloud-fresh source; fallback to local file: HTTP Error 404: Not Found
2026-06-01 11:01:12,511 [INFO] Loaded pending rows from CSV C:\Users\jtsao1\OneDrive - Intel Corporation\Documents\My workspace\jira_ips_tat_HP\jira_tat\jira_customer_tat\tuning_outputs\weekly_20260601\weekly_labeling_template.csv: assignees=14
2026-06-01 11:01:12,511 [INFO] Pending assignees: 14, pending rows: 80
2026-06-01 11:01:12,511 [INFO] Graph auth mode: delegated
2026-06-01 11:01:13,703 [INFO] Added dropdown validation for 23 categories on column J
2026-06-01 11:01:18,835 [INFO] Reminder sent to bingyue.sun@intel.com (pending=3)
2026-06-01 11:01:19,357 [INFO] Reminder sent to brenton.wu@intel.com (pending=10)
2026-06-01 11:01:19,812 [INFO] Reminder sent to charles.p.chu@intel.com (pending=7)
2026-06-01 11:01:20,350 [INFO] Reminder sent to frank.fc.yang@intel.com (pending=7)
2026-06-01 11:01:20,857 [INFO] Reminder sent to frank.lee@intel.com (pending=9)
2026-06-01 11:01:21,337 [INFO] Reminder sent to jackx.lee@intel.com (pending=7)
2026-06-01 11:01:21,820 [INFO] Reminder sent to juan.zou@intel.com (pending=3)
2026-06-01 11:01:22,380 [INFO] Reminder sent to kj.fang@intel.com (pending=7)
2026-06-01 11:01:22,914 [INFO] Reminder sent to matt.chen@intel.com (pending=4)
2026-06-01 11:01:23,377 [INFO] Reminder sent to steven1.chen@intel.com (pending=3)
2026-06-01 11:01:23,887 [INFO] Reminder sent to timdaway.lai@intel.com (pending=7)
2026-06-01 11:01:24,394 [INFO] Reminder sent to wesley.kuo@intel.com (pending=2)
2026-06-01 11:01:24,895 [INFO] Reminder sent to yu-wei.chen@intel.com (pending=2)
2026-06-01 11:01:25,385 [INFO] Reminder sent to zhiqiang.cai@intel.com (pending=9)
2026-06-01 11:01:25,385 [INFO] Reminder email sent to 14 assignee(s).
[Config] Using GRAPH_CLIENT_SECRET from environment/.env.
[Auth] Using cached Graph delegated token.
[Config] Using GRAPH_CLIENT_SECRET from environment/.env.
[Auth] Using cached Graph delegated token.
[INFO] Exit code: 0
[INFO] ===== Labeling reminder daily end =====
