[INFO] ===== Labeling reminder daily start =====
[INFO] Timestamp: Tue 04/21/2026 18:33:06.71
[INFO] Script dir: C:\Users\jtsao1\OneDrive - Intel Corporation\Documents\My workspace\jira_ips_tat_HP\jira_tat\jira_customer_tat\
[INFO] Current dir: C:\Users\jtsao1\OneDrive - Intel Corporation\Documents\My workspace\jira_ips_tat_HP\jira_tat\jira_customer_tat
C:\Python314\python.exe
C:\Users\jtsao1\AppData\Local\Microsoft\WindowsApps\python.exe
C:\Users\jtsao1\AppData\Local\Python\bin\python.exe
[INFO] Latest weekly dir: C:\Users\jtsao1\OneDrive - Intel Corporation\Documents\My workspace\jira_ips_tat_HP\jira_tat\jira_customer_tat\tuning_outputs\weekly_20260421
[INFO] Target CSV: C:\Users\jtsao1\OneDrive - Intel Corporation\Documents\My workspace\jira_ips_tat_HP\jira_tat\jira_customer_tat\tuning_outputs\weekly_20260421\weekly_labeling_template.csv
[INFO] Command: python send_labeling_reminders.py --send-email --graph-auth-mode delegated --weekly-dir "C:\Users\jtsao1\OneDrive - Intel Corporation\Documents\My workspace\jira_ips_tat_HP\jira_tat\jira_customer_tat\tuning_outputs\weekly_20260421" --no-email --dry-run-email
2026-04-21 18:33:07,612 [INFO] Pending assignees: 15, pending rows: 41
2026-04-21 18:33:07,612 [INFO] Dry-run mode enabled; emails will not be sent.
2026-04-21 18:33:07,613 [INFO] [DRY RUN] To=bingyue.sun@intel.com Cc=jonathan.tsao@intel.com Subject=[Reminder] Please fill human_category (3 pending)
2026-04-21 18:33:07,613 [INFO] [DRY RUN] To=brenton.wu@intel.com Cc=jonathan.tsao@intel.com Subject=[Reminder] Please fill human_category (4 pending)
2026-04-21 18:33:07,613 [INFO] [DRY RUN] To=charles.p.chu@intel.com Cc=jonathan.tsao@intel.com Subject=[Reminder] Please fill human_category (3 pending)
2026-04-21 18:33:07,613 [INFO] [DRY RUN] To=frank.fc.yang@intel.com Cc=jonathan.tsao@intel.com Subject=[Reminder] Please fill human_category (2 pending)
2026-04-21 18:33:07,613 [INFO] [DRY RUN] To=frank.lee@intel.com Cc=jonathan.tsao@intel.com Subject=[Reminder] Please fill human_category (3 pending)
2026-04-21 18:33:07,613 [INFO] [DRY RUN] To=jackx.lee@intel.com Cc=jonathan.tsao@intel.com Subject=[Reminder] Please fill human_category (2 pending)
2026-04-21 18:33:07,613 [INFO] [DRY RUN] To=juan.zou@intel.com Cc=jonathan.tsao@intel.com Subject=[Reminder] Please fill human_category (3 pending)
2026-04-21 18:33:07,613 [INFO] [DRY RUN] To=kj.fang@intel.com Cc=jonathan.tsao@intel.com Subject=[Reminder] Please fill human_category (3 pending)
2026-04-21 18:33:07,613 [INFO] [DRY RUN] To=leo.chiang@intel.com Cc=jonathan.tsao@intel.com Subject=[Reminder] Please fill human_category (1 pending)
2026-04-21 18:33:07,613 [INFO] [DRY RUN] To=matt.chen@intel.com Cc=jonathan.tsao@intel.com Subject=[Reminder] Please fill human_category (3 pending)
2026-04-21 18:33:07,613 [INFO] [DRY RUN] To=steven1.chen@intel.com Cc=jonathan.tsao@intel.com Subject=[Reminder] Please fill human_category (3 pending)
2026-04-21 18:33:07,613 [INFO] [DRY RUN] To=timdaway.lai@intel.com Cc=jonathan.tsao@intel.com Subject=[Reminder] Please fill human_category (2 pending)
2026-04-21 18:33:07,613 [INFO] [DRY RUN] To=wesley.kuo@intel.com Cc=jonathan.tsao@intel.com Subject=[Reminder] Please fill human_category (3 pending)
2026-04-21 18:33:07,613 [INFO] [DRY RUN] To=yu-wei.chen@intel.com Cc=jonathan.tsao@intel.com Subject=[Reminder] Please fill human_category (3 pending)
2026-04-21 18:33:07,613 [INFO] [DRY RUN] To=zhiqiang.cai@intel.com Cc=jonathan.tsao@intel.com Subject=[Reminder] Please fill human_category (3 pending)
2026-04-21 18:33:07,613 [INFO] Reminder dry-run completed.

--- Email preview ---
To: bingyue.sun@intel.com
Cc: jonathan.tsao@intel.com
Subject: [Reminder] Please fill human_category (3 pending)
Hi Bingyue Sun,

This is an automatic reminder for weekly labeling.
You still have 3 assigned row(s) with empty human_category.

Source file: C:\Users\jtsao1\OneDrive - Intel Corporation\Documents\My workspace\jira_ips_tat_HP\jira_tat\jira_customer_tat\tuning_outputs\weekly_20260421\weekly_labeling_template.csv
Check time: 2026-04-21 18:33

Pending rows (sample):
1. [2026-04-16] [BT] [Lenovo Thinkbook/Consumer][Wistron][WCL][AX211][IdeaPad Slim 5 13IWC11]The AX211 network card uses Bluetooth to record audio with current and noise.(10/10 u...
2. [2026-04-13] [BT] [Lenovo][Wistron][PTL-H][BE211][Curie3] BT headphone cant hear "Lenovo Vantage" notification sound
3. [2026-04-17] [Software] [Dell][ICPS5.0] ICPS driver files are left in C:\Windows\System32\DriverStore\FileRepository after using 
... (truncated)

--- Email preview ---
To: brenton.wu@intel.com
Cc: jonathan.tsao@intel.com
Subject: [Reminder] Please fill human_category (4 pending)
Hi Brenton Wu,

This is an automatic reminder for weekly labeling.
You still have 4 assigned row(s) with empty human_category.

Source file: C:\Users\jtsao1\OneDrive - Intel Corporation\Documents\My workspace\jira_ips_tat_HP\jira_tat\jira_customer_tat\tuning_outputs\weekly_20260421\weekly_labeling_template.csv
Check time: 2026-04-21 18:33

Pending rows (sample):
1. [2026-04-15] [WiFi] [Lenovo][Huaqin][PTL-H][BE213][S511_14_16]The Wi-Fi/BT icon disappears for about	one second after clicking the Wi-Fi icon at the bottom right corner of the	s...
2. [2026-04-13] [BT] [Dell][Luxshare][Roma][WCL][Win11] [DVT] SUT occur BSOD(0x133) during Warm Boot stress(FR:636 DPPM).(Fail rate:2 out of 14units2 out of 3143 cycles)
3. [2026-04-13] [Software] [Windows] Smart Connect Incorrect Network List Address
... (truncated)

--- Email preview ---
To: charles.p.chu@intel.com
Cc: jonathan.tsao@intel.com
Subject: [Reminder] Please fill human_category (3 pending)
Hi Charles P Chu,

This is an automatic reminder for weekly labeling.
You still have 3 assigned row(s) with empty human_category.

Source file: C:\Users\jtsao1\OneDrive - Intel Corporation\Documents\My workspace\jira_ips_tat_HP\jira_tat\jira_customer_tat\tuning_outputs\weekly_20260421\weekly_labeling_template.csv
Check time: 2026-04-21 18:33

Pending rows (sample):
1. [2026-04-15] [WiFi] [Lenovo][Kailash][PTL/BE211@1216/320Mhz][25H2]wifi lost when doing MS stress tes
2. [2026-04-15] [WiFi] [Lenovo][Huaqin][PTL][BE213][S511_14_16][0x21100501]Assert 0x20100501 and WLAN/BT reset during wifi function test based on 24.30.2.2 HF
3. [2026-04-13] [Software] [KPI][IHS] Long scan time for HS - sometimes

Please fill human_category when available. If already updated, please ignore this message.
Thank
... (truncated)

--- Email preview ---
To: frank.fc.yang@intel.com
Cc: jonathan.tsao@intel.com
Subject: [Reminder] Please fill human_category (2 pending)
Hi Frank Fc Yang,

This is an automatic reminder for weekly labeling.
You still have 2 assigned row(s) with empty human_category.

Source file: C:\Users\jtsao1\OneDrive - Intel Corporation\Documents\My workspace\jira_ips_tat_HP\jira_tat\jira_customer_tat\tuning_outputs\weekly_20260421\weekly_labeling_template.csv
Check time: 2026-04-21 18:33

Pending rows (sample):
1. [2026-04-16] [WiFi] [HP][IEC][Bobcats][MTL][Intel Wi-Fi 7 BE200] Randomly unable to connect to EAP-TLS network with 11r enabled/Wi-Fi signals keep fluctuating on the laptop resu...
2. [2026-04-18] [Software] [PSIRT] [Connectivity Performance Suite] Potential Use After Free may impact availability

Please fill human_category when available. If already updated, please ignore this message.
Thanks.

--- Email preview ---
To: frank.lee@intel.com
Cc: jonathan.tsao@intel.com
Subject: [Reminder] Please fill human_category (3 pending)
Hi Frank Lee,

This is an automatic reminder for weekly labeling.
You still have 3 assigned row(s) with empty human_category.

Source file: C:\Users\jtsao1\OneDrive - Intel Corporation\Documents\My workspace\jira_ips_tat_HP\jira_tat\jira_customer_tat\tuning_outputs\weekly_20260421\weekly_labeling_template.csv
Check time: 2026-04-21 18:33

Pending rows (sample):
1. [2026-04-17] [WiFi] [lenovo/DT BU][In-house][ARL][BE200][P3 tiny  Gen2  ]  ANT Tool ParaguayVietnamTunisiaIndonesia6G
2. [2026-04-17] [WiFi] LNL Ultra 7 258V with BE201 WLAN device miss
3. [2026-04-13] [Software] [Windows] Disable feature in Smart Connect Configurations Doesnt work

Please fill human_category when available. If already updated, please ignore this message.
Thanks.

--- Email preview ---
To: jackx.lee@intel.com
Cc: jonathan.tsao@intel.com
Subject: [Reminder] Please fill human_category (2 pending)
Hi Jackx Lee,

This is an automatic reminder for weekly labeling.
You still have 2 assigned row(s) with empty human_category.

Source file: C:\Users\jtsao1\OneDrive - Intel Corporation\Documents\My workspace\jira_ips_tat_HP\jira_tat\jira_customer_tat\tuning_outputs\weekly_20260421\weekly_labeling_template.csv
Check time: 2026-04-21 18:33

Pending rows (sample):
1. [2026-04-15] [WiFi] [LG][HQ][14U40V][WCL]The units mobile hotspot does not have a Security type option on the Edit Network Info screen.(FR: 2/2 units, 4/4 times)
2. [2026-04-13] [Software] [Windows] Smart Connect Cannot Connect to Secured Unknown Network When Password Prompt Is Missing

Please fill human_category when available. If already updated, please ignore this message.
Thanks.

--- Email preview ---
To: juan.zou@intel.com
Cc: jonathan.tsao@intel.com
Subject: [Reminder] Please fill human_category (3 pending)
Hi Juan Zou,

This is an automatic reminder for weekly labeling.
You still have 3 assigned row(s) with empty human_category.

Source file: C:\Users\jtsao1\OneDrive - Intel Corporation\Documents\My workspace\jira_ips_tat_HP\jira_tat\jira_customer_tat\tuning_outputs\weekly_20260421\weekly_labeling_template.csv
Check time: 2026-04-21 18:33

Pending rows (sample):
1. [2026-04-13] [BT] [NEC][LCFC][WCL][Yukimura-WCL VP][25H2][SIT][BE211]The BT driver shows Dual BT in the Device Manager details, and the language used for the Device Manager na...
2. [2026-04-15] [BT] [Honor][LUX][NvwaC][ARL-HX][AX211][BT] The BSOD 0x133 releated to BthHFEnum
3. [2026-04-18] [Software] [PSIRT] [Killer]CWE-427 on cmd.exe may impact CIA

Please fill human_category when available. If already updated, please ignore thi
... (truncated)

--- Email preview ---
To: kj.fang@intel.com
Cc: jonathan.tsao@intel.com
Subject: [Reminder] Please fill human_category (3 pending)
Hi Kj Fang,

This is an automatic reminder for weekly labeling.
You still have 3 assigned row(s) with empty human_category.

Source file: C:\Users\jtsao1\OneDrive - Intel Corporation\Documents\My workspace\jira_ips_tat_HP\jira_tat\jira_customer_tat\tuning_outputs\weekly_20260421\weekly_labeling_template.csv
Check time: 2026-04-21 18:33

Pending rows (sample):
1. [2026-04-16] [WiFi] WPA2/WPA3 Enterprise connection
2. [2026-04-19] [Software] [KPI][IHS] Long scan time for HS - c23
3. [2026-04-16] [WiFi] [Lenovo_LNL_Abby2]SIT2.2:Wi-Fi cannot be connected automatically when reenter Wi-Fi Configuration by press F12

Please fill human_category when available. If already updated, please ignore this message.
Thanks.

--- Email preview ---
To: leo.chiang@intel.com
Cc: jonathan.tsao@intel.com
Subject: [Reminder] Please fill human_category (1 pending)
Hi Leo Chiang,

This is an automatic reminder for weekly labeling.
You still have 1 assigned row(s) with empty human_category.

Source file: C:\Users\jtsao1\OneDrive - Intel Corporation\Documents\My workspace\jira_ips_tat_HP\jira_tat\jira_customer_tat\tuning_outputs\weekly_20260421\weekly_labeling_template.csv
Check time: 2026-04-21 18:33

Pending rows (sample):
1. [2026-04-13] [BT] [Dell][Roma][PTL][25H2]Conection status show "Connected" after disconnect the BT headset  (F/R:100%

Please fill human_category when available. If already updated, please ignore this message.
Thanks.

--- Email preview ---
To: matt.chen@intel.com
Cc: jonathan.tsao@intel.com
Subject: [Reminder] Please fill human_category (3 pending)
Hi Matt Chen,

This is an automatic reminder for weekly labeling.
You still have 3 assigned row(s) with empty human_category.

Source file: C:\Users\jtsao1\OneDrive - Intel Corporation\Documents\My workspace\jira_ips_tat_HP\jira_tat\jira_customer_tat\tuning_outputs\weekly_20260421\weekly_labeling_template.csv
Check time: 2026-04-21 18:33

Pending rows (sample):
1. [2026-04-17] [BT] [WIKO][Longcheer][MarseilleJ][Win11][Intel-PTL][AX211][BT]BR bluetooth mouse will be deleted automatically after upgrade to 24.40.0.3 bluetooth driver.
2. [2026-04-13] [BT] [Dell-Roma PTL][WhP2] Athena BT audiooffload test
3. [2026-04-14] [Software] [ICPS5, NM] Network not selected as authorized, only after delay - Sometimes

Please fill human_category when available. If already updated, please ignore this messa
... (truncated)

--- Email preview ---
To: steven1.chen@intel.com
Cc: jonathan.tsao@intel.com
Subject: [Reminder] Please fill human_category (3 pending)
Hi Steven1 Chen,

This is an automatic reminder for weekly labeling.
You still have 3 assigned row(s) with empty human_category.

Source file: C:\Users\jtsao1\OneDrive - Intel Corporation\Documents\My workspace\jira_ips_tat_HP\jira_tat\jira_customer_tat\tuning_outputs\weekly_20260421\weekly_labeling_template.csv
Check time: 2026-04-21 18:33

Pending rows (sample):
1. [2026-04-17] [BT] [Microsoft][PTL/WHP/OOB 26581][PAS] Bluetooth crash and LE earbuds disconnect when enabling Audio Sharing (PAS) on Panther Lake
2. [2026-04-17] [BT] [MADIGI][BV55B-ML03][MTL-H][DVT]BT headphone take about 25 seconds to output audio after connection. (FR: 9/9 cycles; 3/3 units)
3. [2026-04-16] [Tools] [DELL][Compal]NVL WS incorrect display and typo in WRT BIOS Tool

Please fill human_category when available. I
... (truncated)

--- Email preview ---
To: timdaway.lai@intel.com
Cc: jonathan.tsao@intel.com
Subject: [Reminder] Please fill human_category (2 pending)
Hi Timdaway Lai,

This is an automatic reminder for weekly labeling.
You still have 2 assigned row(s) with empty human_category.

Source file: C:\Users\jtsao1\OneDrive - Intel Corporation\Documents\My workspace\jira_ips_tat_HP\jira_tat\jira_customer_tat\tuning_outputs\weekly_20260421\weekly_labeling_template.csv
Check time: 2026-04-21 18:33

Pending rows (sample):
1. [2026-04-13] [WiFi] [Samsung][MTL][AX211] Can not find 6Ghz Mobile Hotspot.
2. [2026-04-16] [Software] All available networks are displayed under "My Networks"

Please fill human_category when available. If already updated, please ignore this message.
Thanks.

--- Email preview ---
To: wesley.kuo@intel.com
Cc: jonathan.tsao@intel.com
Subject: [Reminder] Please fill human_category (3 pending)
Hi Wesley Kuo,

This is an automatic reminder for weekly labeling.
You still have 3 assigned row(s) with empty human_category.

Source file: C:\Users\jtsao1\OneDrive - Intel Corporation\Documents\My workspace\jira_ips_tat_HP\jira_tat\jira_customer_tat\tuning_outputs\weekly_20260421\weekly_labeling_template.csv
Check time: 2026-04-21 18:33

Pending rows (sample):
1. [2026-04-14] [BT] [HP/Cashmere/RVP][PTL/OOB 26581/WHP] Three BT headsets BT PAS enable successful with issue symptom (3rd classic sometime show disconnected state)
2. [2026-04-17] [BT] [MADIGI][BV55B-ML03][MTL-H][DVT]Microphone of BT headphone can not be detected after connection.(FR: 9/9 cycles; 3/3 units)
3. [2026-04-18] [Software] [PSIRT] [Connectivity Performance Suite] [ICPS][CWE-426 on Get-ScheduledTask.ps1 may impact CIA

... (truncated)

--- Email preview ---
To: yu-wei.chen@intel.com
Cc: jonathan.tsao@intel.com
Subject: [Reminder] Please fill human_category (3 pending)
Hi Yu Wei Chen,

This is an automatic reminder for weekly labeling.
You still have 3 assigned row(s) with empty human_category.

Source file: C:\Users\jtsao1\OneDrive - Intel Corporation\Documents\My workspace\jira_ips_tat_HP\jira_tat\jira_customer_tat\tuning_outputs\weekly_20260421\weekly_labeling_template.csv
Check time: 2026-04-21 18:33

Pending rows (sample):
1. [2026-04-14] [BT] [Honor][Huaqin][LvzhouD][WCL][Intel AX211][WiFi][25H2]Bluetooth device disconnection With a high probability
2. [2026-04-16] [BT] [LG][HQ][14U40V][WCL]The units volume is no sound when turn up the volume by the Bluetooth speaker. (FR:1/2 units,3/20 cycles)
3. [2026-04-16] [Software] ICS crashes 2 minutes after restart

Please fill human_category when available. If already updated, please ignore this message.
T
... (truncated)

--- Email preview ---
To: zhiqiang.cai@intel.com
Cc: jonathan.tsao@intel.com
Subject: [Reminder] Please fill human_category (3 pending)
Hi Zhiqiang Cai,

This is an automatic reminder for weekly labeling.
You still have 3 assigned row(s) with empty human_category.

Source file: C:\Users\jtsao1\OneDrive - Intel Corporation\Documents\My workspace\jira_ips_tat_HP\jira_tat\jira_customer_tat\tuning_outputs\weekly_20260421\weekly_labeling_template.csv
Check time: 2026-04-21 18:33

Pending rows (sample):
1. [2026-04-17] [WiFi] [Honor][LUX][NvwaC][ARL-HX][AX211][WiFi]Is it possible to create a 5GHz SoftAP on the 2.4GHz and DFS channels in Belarus
2. [2026-04-16] [WiFi] [Samsung][ADL][AX211] PC didnt start connect after PD request/response.
3. [2026-04-15] [Software] [Windows] iHS Onboarding with IOS device fails on the last step

Please fill human_category when available. If already updated, please ignore this message.
Thanks.
[INFO] Exit code: 0
[INFO] ===== Labeling reminder daily end =====
