[INFO] ===== Labeling reminder daily start =====
[INFO] Timestamp: Tue 06/16/2026 11:07:37.59
[INFO] Script dir: C:\Users\jtsao1\OneDrive - Intel Corporation\Documents\My workspace\jira_ips_tat_HP\jira_tat\jira_customer_tat\
[INFO] Current dir: C:\Users\jtsao1\OneDrive - Intel Corporation\Documents\My workspace\jira_ips_tat_HP\jira_tat\jira_customer_tat
C:\Python314\python.exe
C:\Users\jtsao1\AppData\Local\Microsoft\WindowsApps\python.exe
C:\Users\jtsao1\AppData\Local\Python\bin\python.exe
[INFO] Latest weekly dir: C:\Users\jtsao1\OneDrive - Intel Corporation\Documents\My workspace\jira_ips_tat_HP\jira_tat\jira_customer_tat\tuning_outputs\weekly_20260615
[INFO] Target CSV: C:\Users\jtsao1\OneDrive - Intel Corporation\Documents\My workspace\jira_ips_tat_HP\jira_tat\jira_customer_tat\tuning_outputs\weekly_20260615\weekly_labeling_template.csv
[INFO] Command: python send_labeling_reminders.py --send-email --graph-auth-mode delegated --weekly-dir "C:\Users\jtsao1\OneDrive - Intel Corporation\Documents\My workspace\jira_ips_tat_HP\jira_tat\jira_customer_tat\tuning_outputs\weekly_20260615" 
2026-06-16 11:07:38,588 [INFO] Pending source path: C:\Users\jtsao1\OneDrive - Intel Corporation\Documents\My workspace\jira_ips_tat_HP\jira_tat\jira_customer_tat\tuning_outputs\weekly_20260615\weekly_labeling_template.xlsx
2026-06-16 11:07:40,702 [INFO] Using cloud-fresh source copy for pending check: C:\Users\jtsao1\AppData\Local\Temp\labeling_cloud_ekgtko05.xlsx
2026-06-16 11:07:41,098 [INFO] Loaded pending rows from XLSX C:\Users\jtsao1\AppData\Local\Temp\labeling_cloud_ekgtko05.xlsx: assignees=8
2026-06-16 11:07:41,099 [INFO] Pending assignees: 8, pending rows: 51
2026-06-16 11:07:41,099 [INFO] Graph auth mode: delegated
2026-06-16 11:07:44,203 [INFO] Reminder sent to bingyue.sun@intel.com (pending=2)
2026-06-16 11:07:44,659 [INFO] Reminder sent to charles.p.chu@intel.com (pending=9)
2026-06-16 11:07:45,079 [INFO] Reminder sent to frank.lee@intel.com (pending=9)
2026-06-16 11:07:48,311 [INFO] Reminder sent to kj.fang@intel.com (pending=9)
2026-06-16 11:07:48,740 [INFO] Reminder sent to steven1.chen@intel.com (pending=2)
2026-06-16 11:07:49,182 [INFO] Reminder sent to timdaway.lai@intel.com (pending=9)
2026-06-16 11:07:49,633 [INFO] Reminder sent to yu-wei.chen@intel.com (pending=2)
2026-06-16 11:07:50,178 [INFO] Reminder sent to zhiqiang.cai@intel.com (pending=9)
2026-06-16 11:07:50,178 [INFO] Reminder email sent to 8 assignee(s).
[Config] Using GRAPH_CLIENT_SECRET from environment/.env.
[Auth] Using cached Graph delegated token.
[Config] Using GRAPH_CLIENT_SECRET from environment/.env.
[Auth] Using cached Graph delegated token.
[INFO] Exit code: 0
[INFO] ===== Labeling reminder daily end =====
