[INFO] ===== Labeling reminder daily start =====
[INFO] Timestamp: Tue 04/21/2026 17:57:12.22
[INFO] Script dir: C:\Users\jtsao1\OneDrive - Intel Corporation\Documents\My workspace\jira_ips_tat_HP\jira_tat\jira_customer_tat\
[INFO] Current dir: C:\Users\jtsao1\OneDrive - Intel Corporation\Documents\My workspace\jira_ips_tat_HP\jira_tat\jira_customer_tat
C:\Python314\python.exe
C:\Users\jtsao1\AppData\Local\Microsoft\WindowsApps\python.exe
C:\Users\jtsao1\AppData\Local\Python\bin\python.exe
[INFO] Latest weekly dir: C:\Users\jtsao1\OneDrive - Intel Corporation\Documents\My workspace\jira_ips_tat_HP\jira_tat\jira_customer_tat\tuning_outputs\weekly_20260421
[INFO] Target CSV: C:\Users\jtsao1\OneDrive - Intel Corporation\Documents\My workspace\jira_ips_tat_HP\jira_tat\jira_customer_tat\tuning_outputs\weekly_20260421\weekly_labeling_template.csv
[INFO] Command: python send_labeling_reminders.py --send-email --graph-auth-mode delegated --weekly-dir "C:\Users\jtsao1\OneDrive - Intel Corporation\Documents\My workspace\jira_ips_tat_HP\jira_tat\jira_customer_tat\tuning_outputs\weekly_20260421" 
2026-04-21 17:57:13,128 [INFO] Pending assignees: 15, pending rows: 41
2026-04-21 17:57:13,128 [INFO] Graph auth mode: delegated
2026-04-21 17:57:15,553 [INFO] Reminder sent to bingyue.sun@intel.com (pending=3)
2026-04-21 17:57:15,962 [INFO] Reminder sent to brenton.wu@intel.com (pending=4)
2026-04-21 17:57:16,368 [INFO] Reminder sent to charles.p.chu@intel.com (pending=3)
2026-04-21 17:57:16,804 [INFO] Reminder sent to frank.fc.yang@intel.com (pending=2)
2026-04-21 17:57:17,445 [INFO] Reminder sent to frank.lee@intel.com (pending=3)
2026-04-21 17:57:17,955 [INFO] Reminder sent to jackx.lee@intel.com (pending=2)
2026-04-21 17:57:18,499 [INFO] Reminder sent to juan.zou@intel.com (pending=3)
2026-04-21 17:57:18,932 [INFO] Reminder sent to kj.fang@intel.com (pending=3)
2026-04-21 17:57:19,372 [INFO] Reminder sent to leo.chiang@intel.com (pending=1)
2026-04-21 17:57:19,899 [INFO] Reminder sent to matt.chen@intel.com (pending=3)
2026-04-21 17:57:20,336 [INFO] Reminder sent to steven1.chen@intel.com (pending=3)
2026-04-21 17:57:20,822 [INFO] Reminder sent to timdaway.lai@intel.com (pending=2)
2026-04-21 17:57:21,280 [INFO] Reminder sent to wesley.kuo@intel.com (pending=3)
2026-04-21 17:57:21,763 [INFO] Reminder sent to yu-wei.chen@intel.com (pending=3)
2026-04-21 17:57:22,265 [INFO] Reminder sent to zhiqiang.cai@intel.com (pending=3)
2026-04-21 17:57:22,265 [INFO] Reminder email sent to 15 assignee(s).
[Config] Using GRAPH_CLIENT_SECRET from environment/.env.
[Auth] Using cached Graph delegated token.
[INFO] Exit code: 0
[INFO] ===== Labeling reminder daily end =====
