[INFO] ===== Labeling reminder daily start =====
[INFO] Timestamp: Wed 06/10/2026 11:07:37.19
[INFO] Script dir: C:\Users\jtsao1\OneDrive - Intel Corporation\Documents\My workspace\jira_ips_tat_HP\jira_tat\jira_customer_tat\
[INFO] Current dir: C:\Users\jtsao1\OneDrive - Intel Corporation\Documents\My workspace\jira_ips_tat_HP\jira_tat\jira_customer_tat
C:\Python314\python.exe
C:\Users\jtsao1\AppData\Local\Microsoft\WindowsApps\python.exe
C:\Users\jtsao1\AppData\Local\Python\bin\python.exe
[INFO] Latest weekly dir: C:\Users\jtsao1\OneDrive - Intel Corporation\Documents\My workspace\jira_ips_tat_HP\jira_tat\jira_customer_tat\tuning_outputs\weekly_20260608
[INFO] Target CSV: C:\Users\jtsao1\OneDrive - Intel Corporation\Documents\My workspace\jira_ips_tat_HP\jira_tat\jira_customer_tat\tuning_outputs\weekly_20260608\weekly_labeling_template.csv
[INFO] Command: python send_labeling_reminders.py --send-email --graph-auth-mode delegated --weekly-dir "C:\Users\jtsao1\OneDrive - Intel Corporation\Documents\My workspace\jira_ips_tat_HP\jira_tat\jira_customer_tat\tuning_outputs\weekly_20260608" 
2026-06-10 11:07:38,600 [INFO] Pending source path: C:\Users\jtsao1\OneDrive - Intel Corporation\Documents\My workspace\jira_ips_tat_HP\jira_tat\jira_customer_tat\tuning_outputs\weekly_20260608\weekly_labeling_template.xlsx
2026-06-10 11:07:44,187 [INFO] Using cloud-fresh source copy for pending check: C:\Users\jtsao1\AppData\Local\Temp\labeling_cloud_zcluqrad.xlsx
2026-06-10 11:07:45,006 [INFO] Loaded pending rows from XLSX C:\Users\jtsao1\AppData\Local\Temp\labeling_cloud_zcluqrad.xlsx: assignees=6
2026-06-10 11:07:45,011 [INFO] Pending assignees: 6, pending rows: 33
2026-06-10 11:07:45,011 [INFO] Graph auth mode: delegated
2026-06-10 11:07:48,425 [INFO] Reminder sent to bingyue.sun@intel.com (pending=3)
2026-06-10 11:07:49,059 [INFO] Reminder sent to frank.lee@intel.com (pending=8)
2026-06-10 11:07:49,643 [INFO] Reminder sent to kj.fang@intel.com (pending=8)
2026-06-10 11:07:50,187 [INFO] Reminder sent to steven1.chen@intel.com (pending=3)
2026-06-10 11:07:50,947 [INFO] Reminder sent to yu-wei.chen@intel.com (pending=3)
2026-06-10 11:07:51,457 [INFO] Reminder sent to zhiqiang.cai@intel.com (pending=8)
2026-06-10 11:07:51,457 [INFO] Reminder email sent to 6 assignee(s).
[Config] Using GRAPH_CLIENT_SECRET from environment/.env.
[Auth] Using cached Graph delegated token.
[Config] Using GRAPH_CLIENT_SECRET from environment/.env.
[Auth] Using cached Graph delegated token.
[INFO] Exit code: 0
[INFO] ===== Labeling reminder daily end =====
