[INFO] ===== Labeling reminder daily start =====
[INFO] Timestamp: Sat 04/25/2026  9:32:56.24
[INFO] Script dir: C:\Users\jtsao1\OneDrive - Intel Corporation\Documents\My workspace\jira_ips_tat_HP\jira_tat\jira_customer_tat\
[INFO] Current dir: C:\Users\jtsao1\OneDrive - Intel Corporation\Documents\My workspace\jira_ips_tat_HP\jira_tat\jira_customer_tat
C:\Python314\python.exe
C:\Users\jtsao1\AppData\Local\Microsoft\WindowsApps\python.exe
C:\Users\jtsao1\AppData\Local\Python\bin\python.exe
[INFO] Latest weekly dir: C:\Users\jtsao1\OneDrive - Intel Corporation\Documents\My workspace\jira_ips_tat_HP\jira_tat\jira_customer_tat\tuning_outputs\weekly_20260425
[INFO] Target CSV: C:\Users\jtsao1\OneDrive - Intel Corporation\Documents\My workspace\jira_ips_tat_HP\jira_tat\jira_customer_tat\tuning_outputs\weekly_20260425\weekly_labeling_template.csv
[INFO] Command: python send_labeling_reminders.py --send-email --graph-auth-mode delegated --weekly-dir "C:\Users\jtsao1\OneDrive - Intel Corporation\Documents\My workspace\jira_ips_tat_HP\jira_tat\jira_customer_tat\tuning_outputs\weekly_20260425" 
2026-04-25 09:32:59,938 [INFO] Pending source path: C:\Users\jtsao1\OneDrive - Intel Corporation\Documents\My workspace\jira_ips_tat_HP\jira_tat\jira_customer_tat\tuning_outputs\weekly_20260425\weekly_labeling_template.csv
2026-04-25 09:33:03,489 [WARNING] Could not download cloud-fresh source; fallback to local file: HTTP Error 404: Not Found
2026-04-25 09:33:03,490 [INFO] Loaded pending rows from CSV C:\Users\jtsao1\OneDrive - Intel Corporation\Documents\My workspace\jira_ips_tat_HP\jira_tat\jira_customer_tat\tuning_outputs\weekly_20260425\weekly_labeling_template.csv: assignees=15
2026-04-25 09:33:03,491 [INFO] Pending assignees: 15, pending rows: 41
2026-04-25 09:33:03,491 [INFO] Graph auth mode: delegated
2026-04-25 09:33:17,382 [INFO] Reminder sent to bingyue.sun@intel.com (pending=3)
2026-04-25 09:33:17,983 [INFO] Reminder sent to brenton.wu@intel.com (pending=4)
2026-04-25 09:33:18,501 [INFO] Reminder sent to charles.p.chu@intel.com (pending=3)
2026-04-25 09:33:19,070 [INFO] Reminder sent to frank.fc.yang@intel.com (pending=2)
2026-04-25 09:33:19,641 [INFO] Reminder sent to frank.lee@intel.com (pending=3)
2026-04-25 09:33:20,164 [INFO] Reminder sent to jackx.lee@intel.com (pending=2)
2026-04-25 09:33:20,804 [INFO] Reminder sent to juan.zou@intel.com (pending=3)
2026-04-25 09:33:21,375 [INFO] Reminder sent to kj.fang@intel.com (pending=3)
2026-04-25 09:33:21,934 [INFO] Reminder sent to leo.chiang@intel.com (pending=1)
2026-04-25 09:33:22,459 [INFO] Reminder sent to matt.chen@intel.com (pending=3)
2026-04-25 09:33:22,975 [INFO] Reminder sent to steven1.chen@intel.com (pending=3)
2026-04-25 09:33:23,552 [INFO] Reminder sent to timdaway.lai@intel.com (pending=2)
2026-04-25 09:33:24,099 [INFO] Reminder sent to wesley.kuo@intel.com (pending=3)
2026-04-25 09:33:25,192 [INFO] Reminder sent to yu-wei.chen@intel.com (pending=3)
2026-04-25 09:33:25,728 [INFO] Reminder sent to zhiqiang.cai@intel.com (pending=3)
2026-04-25 09:33:25,729 [INFO] Reminder email sent to 15 assignee(s).
[Config] Using GRAPH_CLIENT_SECRET from environment/.env.
[Auth] Using cached Graph delegated token.
[Config] Using GRAPH_CLIENT_SECRET from environment/.env.
[Auth] Using cached Graph delegated token.
[INFO] Exit code: 0
[INFO] ===== Labeling reminder daily end =====
