[INFO] ===== Labeling reminder daily start =====
[INFO] Timestamp: Mon 05/25/2026 11:07:36.79
[INFO] Script dir: C:\Users\jtsao1\OneDrive - Intel Corporation\Documents\My workspace\jira_ips_tat_HP\jira_tat\jira_customer_tat\
[INFO] Current dir: C:\Users\jtsao1\OneDrive - Intel Corporation\Documents\My workspace\jira_ips_tat_HP\jira_tat\jira_customer_tat
C:\Python314\python.exe
C:\Users\jtsao1\AppData\Local\Microsoft\WindowsApps\python.exe
C:\Users\jtsao1\AppData\Local\Python\bin\python.exe
[INFO] Latest weekly dir: C:\Users\jtsao1\OneDrive - Intel Corporation\Documents\My workspace\jira_ips_tat_HP\jira_tat\jira_customer_tat\tuning_outputs\weekly_20260525
[INFO] Target CSV: C:\Users\jtsao1\OneDrive - Intel Corporation\Documents\My workspace\jira_ips_tat_HP\jira_tat\jira_customer_tat\tuning_outputs\weekly_20260525\weekly_labeling_template.csv
[INFO] Command: python send_labeling_reminders.py --send-email --graph-auth-mode delegated --weekly-dir "C:\Users\jtsao1\OneDrive - Intel Corporation\Documents\My workspace\jira_ips_tat_HP\jira_tat\jira_customer_tat\tuning_outputs\weekly_20260525" 
2026-05-25 11:07:37,844 [INFO] Pending source path: C:\Users\jtsao1\OneDrive - Intel Corporation\Documents\My workspace\jira_ips_tat_HP\jira_tat\jira_customer_tat\tuning_outputs\weekly_20260525\weekly_labeling_template.xlsx
2026-05-25 11:07:40,042 [INFO] Using cloud-fresh source copy for pending check: C:\Users\jtsao1\AppData\Local\Temp\labeling_cloud_ilh80e9j.xlsx
2026-05-25 11:07:40,457 [INFO] Loaded pending rows from XLSX C:\Users\jtsao1\AppData\Local\Temp\labeling_cloud_ilh80e9j.xlsx: assignees=14
2026-05-25 11:07:40,458 [INFO] Pending assignees: 14, pending rows: 81
2026-05-25 11:07:40,458 [INFO] Graph auth mode: delegated
2026-05-25 11:07:42,861 [INFO] Reminder sent to bingyue.sun@intel.com (pending=2)
2026-05-25 11:07:43,280 [INFO] Reminder sent to brenton.wu@intel.com (pending=9)
2026-05-25 11:07:43,733 [INFO] Reminder sent to charles.p.chu@intel.com (pending=9)
2026-05-25 11:07:44,121 [INFO] Reminder sent to frank.fc.yang@intel.com (pending=8)
2026-05-25 11:07:44,533 [INFO] Reminder sent to frank.lee@intel.com (pending=10)
2026-05-25 11:07:44,943 [INFO] Reminder sent to jackx.lee@intel.com (pending=8)
2026-05-25 11:07:45,350 [INFO] Reminder sent to juan.zou@intel.com (pending=2)
2026-05-25 11:07:45,746 [INFO] Reminder sent to kj.fang@intel.com (pending=8)
2026-05-25 11:07:46,191 [INFO] Reminder sent to matt.chen@intel.com (pending=2)
2026-05-25 11:07:46,626 [INFO] Reminder sent to steven1.chen@intel.com (pending=2)
2026-05-25 11:07:47,244 [INFO] Reminder sent to timdaway.lai@intel.com (pending=8)
2026-05-25 11:07:47,673 [INFO] Reminder sent to wesley.kuo@intel.com (pending=2)
2026-05-25 11:07:48,080 [INFO] Reminder sent to yu-wei.chen@intel.com (pending=2)
2026-05-25 11:07:48,491 [INFO] Reminder sent to zhiqiang.cai@intel.com (pending=9)
2026-05-25 11:07:48,492 [INFO] Reminder email sent to 14 assignee(s).
[Config] Using GRAPH_CLIENT_SECRET from environment/.env.
[Auth] Using cached Graph delegated token.
[Config] Using GRAPH_CLIENT_SECRET from environment/.env.
[Auth] Using cached Graph delegated token.
[INFO] Exit code: 0
[INFO] ===== Labeling reminder daily end =====
