[INFO] ===== Labeling reminder daily start =====
[INFO] Timestamp: Tue 04/21/2026 18:06:28.92
[INFO] Script dir: C:\Users\jtsao1\OneDrive - Intel Corporation\Documents\My workspace\jira_ips_tat_HP\jira_tat\jira_customer_tat\
[INFO] Current dir: C:\Users\jtsao1\OneDrive - Intel Corporation\Documents\My workspace\jira_ips_tat_HP\jira_tat\jira_customer_tat
C:\Python314\python.exe
C:\Users\jtsao1\AppData\Local\Microsoft\WindowsApps\python.exe
C:\Users\jtsao1\AppData\Local\Python\bin\python.exe
[INFO] Latest weekly dir: C:\Users\jtsao1\OneDrive - Intel Corporation\Documents\My workspace\jira_ips_tat_HP\jira_tat\jira_customer_tat\tuning_outputs\weekly_20260413
[INFO] Target CSV: C:\Users\jtsao1\OneDrive - Intel Corporation\Documents\My workspace\jira_ips_tat_HP\jira_tat\jira_customer_tat\tuning_outputs\weekly_20260413\weekly_labeling_template.csv
[INFO] Command: python send_labeling_reminders.py --send-email --graph-auth-mode delegated --weekly-dir "C:\Users\jtsao1\OneDrive - Intel Corporation\Documents\My workspace\jira_ips_tat_HP\jira_tat\jira_customer_tat\tuning_outputs\weekly_20260413" 
2026-04-21 18:06:29,851 [INFO] Pending assignees: 12, pending rows: 32
2026-04-21 18:06:29,851 [INFO] Graph auth mode: delegated
2026-04-21 18:06:33,012 [WARNING] Failed to create shared link for CSV; fallback to local path: HTTP Error 403: Forbidden
2026-04-21 18:06:34,692 [INFO] Reminder sent to brenton.wu@intel.com (pending=4)
2026-04-21 18:06:35,134 [INFO] Reminder sent to charles.p.chu@intel.com (pending=3)
2026-04-21 18:06:35,605 [INFO] Reminder sent to frank.fc.yang@intel.com (pending=3)
2026-04-21 18:06:36,095 [INFO] Reminder sent to frank.lee@intel.com (pending=4)
2026-04-21 18:06:36,555 [INFO] Reminder sent to jackx.lee@intel.com (pending=3)
2026-04-21 18:06:37,016 [INFO] Reminder sent to juan.zou@intel.com (pending=1)
2026-04-21 18:06:37,435 [INFO] Reminder sent to kj.fang@intel.com (pending=3)
2026-04-21 18:06:37,875 [INFO] Reminder sent to matt.chen@intel.com (pending=2)
2026-04-21 18:06:38,326 [INFO] Reminder sent to timdaway.lai@intel.com (pending=3)
2026-04-21 18:06:38,743 [INFO] Reminder sent to wesley.kuo@intel.com (pending=1)
2026-04-21 18:06:39,356 [INFO] Reminder sent to yu-wei.chen@intel.com (pending=1)
2026-04-21 18:06:39,870 [INFO] Reminder sent to zhiqiang.cai@intel.com (pending=4)
2026-04-21 18:06:39,870 [INFO] Reminder email sent to 12 assignee(s).
[Config] Using GRAPH_CLIENT_SECRET from environment/.env.
[Auth] Using cached Graph delegated token.
[INFO] Exit code: 0
[INFO] ===== Labeling reminder daily end =====
