[INFO] ===== Labeling reminder daily start =====
[INFO] Timestamp: Mon 06/15/2026 11:01:44.33
[INFO] Script dir: C:\Users\jtsao1\OneDrive - Intel Corporation\Documents\My workspace\jira_ips_tat_HP\jira_tat\jira_customer_tat\
[INFO] Current dir: C:\Users\jtsao1\OneDrive - Intel Corporation\Documents\My workspace\jira_ips_tat_HP\jira_tat\jira_customer_tat
C:\Python314\python.exe
C:\Users\jtsao1\AppData\Local\Microsoft\WindowsApps\python.exe
C:\Users\jtsao1\AppData\Local\Python\bin\python.exe
[INFO] Latest weekly dir: C:\Users\jtsao1\OneDrive - Intel Corporation\Documents\My workspace\jira_ips_tat_HP\jira_tat\jira_customer_tat\tuning_outputs\weekly_20260615
[INFO] Target CSV: C:\Users\jtsao1\OneDrive - Intel Corporation\Documents\My workspace\jira_ips_tat_HP\jira_tat\jira_customer_tat\tuning_outputs\weekly_20260615\weekly_labeling_template.csv
[INFO] Command: python send_labeling_reminders.py --send-email --graph-auth-mode delegated --weekly-dir "C:\Users\jtsao1\OneDrive - Intel Corporation\Documents\My workspace\jira_ips_tat_HP\jira_tat\jira_customer_tat\tuning_outputs\weekly_20260615" 
2026-06-15 11:01:45,141 [INFO] Pending source path: C:\Users\jtsao1\OneDrive - Intel Corporation\Documents\My workspace\jira_ips_tat_HP\jira_tat\jira_customer_tat\tuning_outputs\weekly_20260615\weekly_labeling_template.csv
2026-06-15 11:01:46,800 [WARNING] Could not download cloud-fresh source; fallback to local file: HTTP Error 404: Not Found
2026-06-15 11:01:46,801 [INFO] Loaded pending rows from CSV C:\Users\jtsao1\OneDrive - Intel Corporation\Documents\My workspace\jira_ips_tat_HP\jira_tat\jira_customer_tat\tuning_outputs\weekly_20260615\weekly_labeling_template.csv: assignees=14
2026-06-15 11:01:46,801 [INFO] Pending assignees: 14, pending rows: 77
2026-06-15 11:01:46,802 [INFO] Graph auth mode: delegated
2026-06-15 11:01:48,842 [INFO] Added dropdown validation for 20 categories on column J
2026-06-15 11:01:53,753 [INFO] Reminder sent to bingyue.sun@intel.com (pending=2)
2026-06-15 11:01:54,210 [INFO] Reminder sent to brenton.wu@intel.com (pending=7)
2026-06-15 11:01:54,660 [INFO] Reminder sent to charles.p.chu@intel.com (pending=9)
2026-06-15 11:01:55,091 [INFO] Reminder sent to frank.fc.yang@intel.com (pending=7)
2026-06-15 11:01:55,535 [INFO] Reminder sent to frank.lee@intel.com (pending=9)
2026-06-15 11:01:55,982 [INFO] Reminder sent to jackx.lee@intel.com (pending=7)
2026-06-15 11:01:56,483 [INFO] Reminder sent to juan.zou@intel.com (pending=1)
2026-06-15 11:01:56,961 [INFO] Reminder sent to kj.fang@intel.com (pending=9)
2026-06-15 11:01:57,525 [INFO] Reminder sent to matt.chen@intel.com (pending=2)
2026-06-15 11:01:58,011 [INFO] Reminder sent to steven1.chen@intel.com (pending=2)
2026-06-15 11:01:58,537 [INFO] Reminder sent to timdaway.lai@intel.com (pending=9)
2026-06-15 11:01:59,002 [INFO] Reminder sent to wesley.kuo@intel.com (pending=2)
2026-06-15 11:01:59,448 [INFO] Reminder sent to yu-wei.chen@intel.com (pending=2)
2026-06-15 11:01:59,920 [INFO] Reminder sent to zhiqiang.cai@intel.com (pending=9)
2026-06-15 11:01:59,920 [INFO] Reminder email sent to 14 assignee(s).
[Config] Using GRAPH_CLIENT_SECRET from environment/.env.
[Auth] Using cached Graph delegated token.
[Config] Using GRAPH_CLIENT_SECRET from environment/.env.
[Auth] Using cached Graph delegated token.
[INFO] Exit code: 0
[INFO] ===== Labeling reminder daily end =====
