[INFO] ===== Labeling reminder daily start =====
[INFO] Timestamp: Tue 04/21/2026 17:35:30.59
[INFO] Script dir: C:\Users\jtsao1\OneDrive - Intel Corporation\Documents\My workspace\jira_ips_tat_HP\jira_tat\jira_customer_tat\
[INFO] Current dir: C:\Users\jtsao1\OneDrive - Intel Corporation\Documents\My workspace\jira_ips_tat_HP\jira_tat\jira_customer_tat
C:\Python314\python.exe
C:\Users\jtsao1\AppData\Local\Microsoft\WindowsApps\python.exe
C:\Users\jtsao1\AppData\Local\Python\bin\python.exe
[INFO] Latest weekly dir: C:\Users\jtsao1\OneDrive - Intel Corporation\Documents\My workspace\jira_ips_tat_HP\jira_tat\jira_customer_tat\tuning_outputs\weekly_20260421
[INFO] Target CSV: C:\Users\jtsao1\OneDrive - Intel Corporation\Documents\My workspace\jira_ips_tat_HP\jira_tat\jira_customer_tat\tuning_outputs\weekly_20260421\weekly_labeling_template.csv
[INFO] Command: python send_labeling_reminders.py --send-email --weekly-dir "C:\Users\jtsao1\OneDrive - Intel Corporation\Documents\My workspace\jira_ips_tat_HP\jira_tat\jira_customer_tat\tuning_outputs\weekly_20260421" 
2026-04-21 17:35:31,575 [INFO] Pending assignees: 15, pending rows: 41
2026-04-21 17:35:31,576 [INFO] Graph auth mode: app (sender=frank.lee@intel.com)
[Config] Using GRAPH_CLIENT_SECRET from environment/.env.
Traceback (most recent call last):
  File "C:\Users\jtsao1\OneDrive - Intel Corporation\Documents\My workspace\jira_ips_tat_HP\jira_tat\jira_customer_tat\send_labeling_reminders.py", line 243, in <module>
    raise SystemExit(main())
                     ~~~~^^
  File "C:\Users\jtsao1\OneDrive - Intel Corporation\Documents\My workspace\jira_ips_tat_HP\jira_tat\jira_customer_tat\send_labeling_reminders.py", line 231, in main
    return _send_reminders(
        pending_by_assignee=pending_by_assignee,
    ...<5 lines>...
        graph_auth_mode=str(args.graph_auth_mode or "app"),
    )
  File "C:\Users\jtsao1\OneDrive - Intel Corporation\Documents\My workspace\jira_ips_tat_HP\jira_tat\jira_customer_tat\send_labeling_reminders.py", line 180, in _send_reminders
    send_mail_via_graph(
    ~~~~~~~~~~~~~~~~~~~^
        token=token,
        ^^^^^^^^^^^^
    ...<6 lines>...
        sender_upn=sender_upn or None,
        ^^^^^^^^^^^^^^^^^^^^^^^^^^^^^^
    )
    ^
  File "C:\Users\jtsao1\OneDrive - Intel Corporation\Documents\My workspace\jira_ips_tat_HP\jira_tat\jira_customer_tat\Meeting_agenda_OneNote.py", line 642, in send_mail_via_graph
    raise RuntimeError(f"Graph sendMail failed: {r.status_code} {r.text}")
RuntimeError: Graph sendMail failed: 403 {"error":{"code":"ErrorAccessDenied","message":"Access is denied. Check credentials and try again."}}
[INFO] Exit code: 1
[INFO] ===== Labeling reminder daily end =====
