[INFO] ===== Labeling reminder daily start =====
[INFO] Timestamp: Mon 06/01/2026 11:07:37.47
[INFO] Script dir: C:\Users\jtsao1\OneDrive - Intel Corporation\Documents\My workspace\jira_ips_tat_HP\jira_tat\jira_customer_tat\
[INFO] Current dir: C:\Users\jtsao1\OneDrive - Intel Corporation\Documents\My workspace\jira_ips_tat_HP\jira_tat\jira_customer_tat
C:\Python314\python.exe
C:\Users\jtsao1\AppData\Local\Microsoft\WindowsApps\python.exe
C:\Users\jtsao1\AppData\Local\Python\bin\python.exe
[INFO] Latest weekly dir: C:\Users\jtsao1\OneDrive - Intel Corporation\Documents\My workspace\jira_ips_tat_HP\jira_tat\jira_customer_tat\tuning_outputs\weekly_20260601
[INFO] Target CSV: C:\Users\jtsao1\OneDrive - Intel Corporation\Documents\My workspace\jira_ips_tat_HP\jira_tat\jira_customer_tat\tuning_outputs\weekly_20260601\weekly_labeling_template.csv
[INFO] Command: python send_labeling_reminders.py --send-email --graph-auth-mode delegated --weekly-dir "C:\Users\jtsao1\OneDrive - Intel Corporation\Documents\My workspace\jira_ips_tat_HP\jira_tat\jira_customer_tat\tuning_outputs\weekly_20260601" 
2026-06-01 11:07:38,449 [INFO] Pending source path: C:\Users\jtsao1\OneDrive - Intel Corporation\Documents\My workspace\jira_ips_tat_HP\jira_tat\jira_customer_tat\tuning_outputs\weekly_20260601\weekly_labeling_template.xlsx
2026-06-01 11:07:41,764 [INFO] Using cloud-fresh source copy for pending check: C:\Users\jtsao1\AppData\Local\Temp\labeling_cloud_x_m9cxzw.xlsx
2026-06-01 11:07:42,126 [INFO] Loaded pending rows from XLSX C:\Users\jtsao1\AppData\Local\Temp\labeling_cloud_x_m9cxzw.xlsx: assignees=14
2026-06-01 11:07:42,127 [INFO] Pending assignees: 14, pending rows: 77
2026-06-01 11:07:42,127 [INFO] Graph auth mode: delegated
2026-06-01 11:07:48,522 [INFO] Reminder sent to bingyue.sun@intel.com (pending=3)
2026-06-01 11:07:48,977 [INFO] Reminder sent to brenton.wu@intel.com (pending=10)
2026-06-01 11:07:49,382 [INFO] Reminder sent to charles.p.chu@intel.com (pending=7)
2026-06-01 11:07:49,830 [INFO] Reminder sent to frank.fc.yang@intel.com (pending=7)
2026-06-01 11:07:50,272 [INFO] Reminder sent to frank.lee@intel.com (pending=9)
2026-06-01 11:07:50,704 [INFO] Reminder sent to jackx.lee@intel.com (pending=7)
2026-06-01 11:07:51,100 [INFO] Reminder sent to juan.zou@intel.com (pending=3)
2026-06-01 11:07:51,552 [INFO] Reminder sent to kj.fang@intel.com (pending=6)
2026-06-01 11:07:52,000 [INFO] Reminder sent to matt.chen@intel.com (pending=3)
2026-06-01 11:07:52,440 [INFO] Reminder sent to steven1.chen@intel.com (pending=3)
2026-06-01 11:07:52,893 [INFO] Reminder sent to timdaway.lai@intel.com (pending=7)
2026-06-01 11:07:53,448 [INFO] Reminder sent to wesley.kuo@intel.com (pending=1)
2026-06-01 11:07:53,871 [INFO] Reminder sent to yu-wei.chen@intel.com (pending=2)
2026-06-01 11:07:54,362 [INFO] Reminder sent to zhiqiang.cai@intel.com (pending=9)
2026-06-01 11:07:54,363 [INFO] Reminder email sent to 14 assignee(s).
[Config] Using GRAPH_CLIENT_SECRET from environment/.env.
[Auth] Using cached Graph delegated token.
[Config] Using GRAPH_CLIENT_SECRET from environment/.env.
[Auth] Using cached Graph delegated token.
[INFO] Exit code: 0
[INFO] ===== Labeling reminder daily end =====
