[INFO] ===== Labeling reminder daily start =====
[INFO] Timestamp: Tue 05/05/2026 15:23:10.31
[INFO] Script dir: C:\Users\jtsao1\OneDrive - Intel Corporation\Documents\My workspace\jira_ips_tat_HP\jira_tat\jira_customer_tat\
[INFO] Current dir: C:\Users\jtsao1\OneDrive - Intel Corporation\Documents\My workspace\jira_ips_tat_HP\jira_tat\jira_customer_tat
C:\Python314\python.exe
C:\Users\jtsao1\AppData\Local\Microsoft\WindowsApps\python.exe
C:\Users\jtsao1\AppData\Local\Python\bin\python.exe
[INFO] Latest weekly dir: C:\Users\jtsao1\OneDrive - Intel Corporation\Documents\My workspace\jira_ips_tat_HP\jira_tat\jira_customer_tat\tuning_outputs\weekly_20260505
[INFO] Target CSV: C:\Users\jtsao1\OneDrive - Intel Corporation\Documents\My workspace\jira_ips_tat_HP\jira_tat\jira_customer_tat\tuning_outputs\weekly_20260505\weekly_labeling_template.csv
[INFO] Command: python send_labeling_reminders.py --send-email --graph-auth-mode delegated --weekly-dir "C:\Users\jtsao1\OneDrive - Intel Corporation\Documents\My workspace\jira_ips_tat_HP\jira_tat\jira_customer_tat\tuning_outputs\weekly_20260505" 
2026-05-05 15:23:12,249 [INFO] Pending source path: C:\Users\jtsao1\OneDrive - Intel Corporation\Documents\My workspace\jira_ips_tat_HP\jira_tat\jira_customer_tat\tuning_outputs\weekly_20260505\weekly_labeling_template.csv
2026-05-05 15:23:13,257 [WARNING] Could not download cloud-fresh source; fallback to local file: HTTP Error 404: Not Found
2026-05-05 15:23:13,258 [INFO] Loaded pending rows from CSV C:\Users\jtsao1\OneDrive - Intel Corporation\Documents\My workspace\jira_ips_tat_HP\jira_tat\jira_customer_tat\tuning_outputs\weekly_20260505\weekly_labeling_template.csv: assignees=14
2026-05-05 15:23:13,259 [INFO] Pending assignees: 14, pending rows: 37
2026-05-05 15:23:13,259 [INFO] Graph auth mode: delegated
2026-05-05 15:23:15,829 [INFO] Added dropdown validation for 23 categories on column J
2026-05-05 15:23:18,562 [INFO] Reminder sent to bingyue.sun@intel.com (pending=1)
2026-05-05 15:23:18,846 [INFO] Reminder sent to brenton.wu@intel.com (pending=4)
2026-05-05 15:23:19,101 [INFO] Reminder sent to charles.p.chu@intel.com (pending=3)
2026-05-05 15:23:19,331 [INFO] Reminder sent to frank.fc.yang@intel.com (pending=3)
2026-05-05 15:23:19,742 [INFO] Reminder sent to frank.lee@intel.com (pending=5)
2026-05-05 15:23:19,946 [INFO] Reminder sent to jackx.lee@intel.com (pending=3)
2026-05-05 15:23:20,312 [INFO] Reminder sent to juan.zou@intel.com (pending=1)
2026-05-05 15:23:20,620 [INFO] Reminder sent to kj.fang@intel.com (pending=3)
2026-05-05 15:23:20,919 [INFO] Reminder sent to matt.chen@intel.com (pending=2)
2026-05-05 15:23:21,215 [INFO] Reminder sent to steven1.chen@intel.com (pending=2)
2026-05-05 15:23:21,543 [INFO] Reminder sent to timdaway.lai@intel.com (pending=3)
2026-05-05 15:23:21,853 [INFO] Reminder sent to wesley.kuo@intel.com (pending=1)
2026-05-05 15:23:22,146 [INFO] Reminder sent to yu-wei.chen@intel.com (pending=2)
2026-05-05 15:23:22,371 [INFO] Reminder sent to zhiqiang.cai@intel.com (pending=4)
2026-05-05 15:23:22,371 [INFO] Reminder email sent to 14 assignee(s).
[Config] Using GRAPH_CLIENT_SECRET from environment/.env.
[Auth] Using cached Graph delegated token.
[Config] Using GRAPH_CLIENT_SECRET from environment/.env.
[Auth] Using cached Graph delegated token.
[INFO] Exit code: 0
[INFO] ===== Labeling reminder daily end =====
