[INFO] ===== Labeling reminder daily start =====
[INFO] Timestamp: Tue 04/28/2026 11:07:38.40
[INFO] Script dir: C:\Users\jtsao1\OneDrive - Intel Corporation\Documents\My workspace\jira_ips_tat_HP\jira_tat\jira_customer_tat\
[INFO] Current dir: C:\Users\jtsao1\OneDrive - Intel Corporation\Documents\My workspace\jira_ips_tat_HP\jira_tat\jira_customer_tat
C:\Python314\python.exe
C:\Users\jtsao1\AppData\Local\Microsoft\WindowsApps\python.exe
C:\Users\jtsao1\AppData\Local\Python\bin\python.exe
[INFO] Latest weekly dir: C:\Users\jtsao1\OneDrive - Intel Corporation\Documents\My workspace\jira_ips_tat_HP\jira_tat\jira_customer_tat\tuning_outputs\weekly_20260427
[INFO] Target CSV: C:\Users\jtsao1\OneDrive - Intel Corporation\Documents\My workspace\jira_ips_tat_HP\jira_tat\jira_customer_tat\tuning_outputs\weekly_20260427\weekly_labeling_template.csv
[INFO] Command: python send_labeling_reminders.py --send-email --graph-auth-mode delegated --weekly-dir "C:\Users\jtsao1\OneDrive - Intel Corporation\Documents\My workspace\jira_ips_tat_HP\jira_tat\jira_customer_tat\tuning_outputs\weekly_20260427" 
2026-04-28 11:07:44,491 [INFO] Pending source path: C:\Users\jtsao1\OneDrive - Intel Corporation\Documents\My workspace\jira_ips_tat_HP\jira_tat\jira_customer_tat\tuning_outputs\weekly_20260427\weekly_labeling_template.xlsx
2026-04-28 11:07:48,864 [INFO] Using cloud-fresh source copy for pending check: C:\Users\jtsao1\AppData\Local\Temp\labeling_cloud_cix5jfrt.xlsx
2026-04-28 11:07:51,050 [INFO] Loaded pending rows from XLSX C:\Users\jtsao1\AppData\Local\Temp\labeling_cloud_cix5jfrt.xlsx: assignees=12
2026-04-28 11:07:51,051 [INFO] Pending assignees: 12, pending rows: 30
2026-04-28 11:07:51,052 [INFO] Graph auth mode: delegated
2026-04-28 11:07:54,985 [INFO] Reminder sent to bingyue.sun@intel.com (pending=1)
2026-04-28 11:07:55,459 [INFO] Reminder sent to charles.p.chu@intel.com (pending=4)
2026-04-28 11:07:55,921 [INFO] Reminder sent to frank.fc.yang@intel.com (pending=4)
2026-04-28 11:07:56,402 [INFO] Reminder sent to frank.lee@intel.com (pending=4)
2026-04-28 11:07:56,868 [INFO] Reminder sent to jackx.lee@intel.com (pending=4)
2026-04-28 11:07:57,320 [INFO] Reminder sent to juan.zou@intel.com (pending=1)
2026-04-28 11:07:58,217 [INFO] Reminder sent to kj.fang@intel.com (pending=4)
2026-04-28 11:07:58,637 [INFO] Reminder sent to leo.chiang@intel.com (pending=1)
2026-04-28 11:07:59,086 [INFO] Reminder sent to steven1.chen@intel.com (pending=1)
2026-04-28 11:07:59,521 [INFO] Reminder sent to timdaway.lai@intel.com (pending=4)
2026-04-28 11:08:00,166 [INFO] Reminder sent to yu-wei.chen@intel.com (pending=1)
2026-04-28 11:08:00,866 [INFO] Reminder sent to zhiqiang.cai@intel.com (pending=1)
2026-04-28 11:08:00,866 [INFO] Reminder email sent to 12 assignee(s).
[Config] Using GRAPH_CLIENT_SECRET from environment/.env.
[Auth] Using cached Graph delegated token.
[Config] Using GRAPH_CLIENT_SECRET from environment/.env.
[Auth] Using cached Graph delegated token.
[INFO] Exit code: 0
[INFO] ===== Labeling reminder daily end =====
