[INFO] ===== Labeling reminder daily start =====
[INFO] Timestamp: Sun 04/26/2026 11:07:36.98
[INFO] Script dir: C:\Users\jtsao1\OneDrive - Intel Corporation\Documents\My workspace\jira_ips_tat_HP\jira_tat\jira_customer_tat\
[INFO] Current dir: C:\Users\jtsao1\OneDrive - Intel Corporation\Documents\My workspace\jira_ips_tat_HP\jira_tat\jira_customer_tat
C:\Python314\python.exe
C:\Users\jtsao1\AppData\Local\Microsoft\WindowsApps\python.exe
C:\Users\jtsao1\AppData\Local\Python\bin\python.exe
[INFO] Latest weekly dir: C:\Users\jtsao1\OneDrive - Intel Corporation\Documents\My workspace\jira_ips_tat_HP\jira_tat\jira_customer_tat\tuning_outputs\weekly_20260425
[INFO] Target CSV: C:\Users\jtsao1\OneDrive - Intel Corporation\Documents\My workspace\jira_ips_tat_HP\jira_tat\jira_customer_tat\tuning_outputs\weekly_20260425\weekly_labeling_template.csv
[INFO] Command: python send_labeling_reminders.py --send-email --graph-auth-mode delegated --weekly-dir "C:\Users\jtsao1\OneDrive - Intel Corporation\Documents\My workspace\jira_ips_tat_HP\jira_tat\jira_customer_tat\tuning_outputs\weekly_20260425" 
2026-04-26 11:07:37,947 [INFO] Pending source path: C:\Users\jtsao1\OneDrive - Intel Corporation\Documents\My workspace\jira_ips_tat_HP\jira_tat\jira_customer_tat\tuning_outputs\weekly_20260425\weekly_labeling_template.xlsx
2026-04-26 11:07:40,293 [INFO] Using cloud-fresh source copy for pending check: C:\Users\jtsao1\AppData\Local\Temp\labeling_cloud_ggyslzdi.xlsx
2026-04-26 11:07:40,747 [INFO] Loaded pending rows from XLSX C:\Users\jtsao1\AppData\Local\Temp\labeling_cloud_ggyslzdi.xlsx: assignees=14
2026-04-26 11:07:40,748 [INFO] Pending assignees: 14, pending rows: 38
2026-04-26 11:07:40,748 [INFO] Graph auth mode: delegated
2026-04-26 11:07:44,753 [INFO] Reminder sent to bingyue.sun@intel.com (pending=3)
2026-04-26 11:07:45,300 [INFO] Reminder sent to brenton.wu@intel.com (pending=4)
2026-04-26 11:07:45,802 [INFO] Reminder sent to charles.p.chu@intel.com (pending=3)
2026-04-26 11:07:46,305 [INFO] Reminder sent to frank.fc.yang@intel.com (pending=2)
2026-04-26 11:07:46,828 [INFO] Reminder sent to frank.lee@intel.com (pending=3)
2026-04-26 11:07:47,389 [INFO] Reminder sent to jackx.lee@intel.com (pending=2)
2026-04-26 11:07:47,890 [INFO] Reminder sent to juan.zou@intel.com (pending=3)
2026-04-26 11:07:48,393 [INFO] Reminder sent to kj.fang@intel.com (pending=3)
2026-04-26 11:07:48,912 [INFO] Reminder sent to leo.chiang@intel.com (pending=1)
2026-04-26 11:07:49,397 [INFO] Reminder sent to matt.chen@intel.com (pending=3)
2026-04-26 11:07:49,890 [INFO] Reminder sent to steven1.chen@intel.com (pending=3)
2026-04-26 11:07:50,397 [INFO] Reminder sent to timdaway.lai@intel.com (pending=2)
2026-04-26 11:07:50,922 [INFO] Reminder sent to yu-wei.chen@intel.com (pending=3)
2026-04-26 11:07:51,427 [INFO] Reminder sent to zhiqiang.cai@intel.com (pending=3)
2026-04-26 11:07:51,427 [INFO] Reminder email sent to 14 assignee(s).
[Config] Using GRAPH_CLIENT_SECRET from environment/.env.
[Auth] Using cached Graph delegated token.
[Config] Using GRAPH_CLIENT_SECRET from environment/.env.
[Auth] Using cached Graph delegated token.
[INFO] Exit code: 0
[INFO] ===== Labeling reminder daily end =====
