[INFO] ===== Labeling reminder daily start =====
[INFO] Timestamp: Mon 04/27/2026 11:07:37.05
[INFO] Script dir: C:\Users\jtsao1\OneDrive - Intel Corporation\Documents\My workspace\jira_ips_tat_HP\jira_tat\jira_customer_tat\
[INFO] Current dir: C:\Users\jtsao1\OneDrive - Intel Corporation\Documents\My workspace\jira_ips_tat_HP\jira_tat\jira_customer_tat
C:\Python314\python.exe
C:\Users\jtsao1\AppData\Local\Microsoft\WindowsApps\python.exe
C:\Users\jtsao1\AppData\Local\Python\bin\python.exe
[INFO] Latest weekly dir: C:\Users\jtsao1\OneDrive - Intel Corporation\Documents\My workspace\jira_ips_tat_HP\jira_tat\jira_customer_tat\tuning_outputs\weekly_20260427
[INFO] Target CSV: C:\Users\jtsao1\OneDrive - Intel Corporation\Documents\My workspace\jira_ips_tat_HP\jira_tat\jira_customer_tat\tuning_outputs\weekly_20260427\weekly_labeling_template.csv
[INFO] Command: python send_labeling_reminders.py --send-email --graph-auth-mode delegated --weekly-dir "C:\Users\jtsao1\OneDrive - Intel Corporation\Documents\My workspace\jira_ips_tat_HP\jira_tat\jira_customer_tat\tuning_outputs\weekly_20260427" 
2026-04-27 11:07:37,890 [INFO] Pending source path: C:\Users\jtsao1\OneDrive - Intel Corporation\Documents\My workspace\jira_ips_tat_HP\jira_tat\jira_customer_tat\tuning_outputs\weekly_20260427\weekly_labeling_template.xlsx
2026-04-27 11:07:41,525 [INFO] Using cloud-fresh source copy for pending check: C:\Users\jtsao1\AppData\Local\Temp\labeling_cloud_xdvlxxh0.xlsx
2026-04-27 11:07:41,763 [INFO] Loaded pending rows from XLSX C:\Users\jtsao1\AppData\Local\Temp\labeling_cloud_xdvlxxh0.xlsx: assignees=15
2026-04-27 11:07:41,764 [INFO] Pending assignees: 15, pending rows: 38
2026-04-27 11:07:41,764 [INFO] Graph auth mode: delegated
2026-04-27 11:07:46,473 [INFO] Reminder sent to bingyue.sun@intel.com (pending=1)
2026-04-27 11:07:47,033 [INFO] Reminder sent to brenton.wu@intel.com (pending=3)
2026-04-27 11:07:47,525 [INFO] Reminder sent to charles.p.chu@intel.com (pending=4)
2026-04-27 11:07:48,005 [INFO] Reminder sent to frank.fc.yang@intel.com (pending=4)
2026-04-27 11:07:48,542 [INFO] Reminder sent to frank.lee@intel.com (pending=4)
2026-04-27 11:07:49,009 [INFO] Reminder sent to jackx.lee@intel.com (pending=4)
2026-04-27 11:07:49,497 [INFO] Reminder sent to juan.zou@intel.com (pending=1)
2026-04-27 11:07:49,975 [INFO] Reminder sent to kj.fang@intel.com (pending=4)
2026-04-27 11:07:50,409 [INFO] Reminder sent to leo.chiang@intel.com (pending=1)
2026-04-27 11:07:50,917 [INFO] Reminder sent to matt.chen@intel.com (pending=1)
2026-04-27 11:07:51,403 [INFO] Reminder sent to steven1.chen@intel.com (pending=1)
2026-04-27 11:07:52,007 [INFO] Reminder sent to timdaway.lai@intel.com (pending=4)
2026-04-27 11:07:52,504 [INFO] Reminder sent to wesley.kuo@intel.com (pending=1)
2026-04-27 11:07:52,992 [INFO] Reminder sent to yu-wei.chen@intel.com (pending=1)
2026-04-27 11:07:53,501 [INFO] Reminder sent to zhiqiang.cai@intel.com (pending=4)
2026-04-27 11:07:53,501 [INFO] Reminder email sent to 15 assignee(s).
[Config] Using GRAPH_CLIENT_SECRET from environment/.env.
[Auth] Using cached Graph delegated token.
[Config] Using GRAPH_CLIENT_SECRET from environment/.env.
[Auth] Using cached Graph delegated token.
[INFO] Exit code: 0
[INFO] ===== Labeling reminder daily end =====
