[INFO] ===== Labeling reminder daily start =====
[INFO] Timestamp: Mon 05/11/2026  5:58:47.24
[INFO] Script dir: C:\Users\jtsao1\OneDrive - Intel Corporation\Documents\My workspace\jira_ips_tat_HP\jira_tat\jira_customer_tat\
[INFO] Current dir: C:\Users\jtsao1\OneDrive - Intel Corporation\Documents\My workspace\jira_ips_tat_HP\jira_tat\jira_customer_tat
C:\Python314\python.exe
C:\Users\jtsao1\AppData\Local\Microsoft\WindowsApps\python.exe
C:\Users\jtsao1\AppData\Local\Python\bin\python.exe
[INFO] Latest weekly dir: C:\Users\jtsao1\OneDrive - Intel Corporation\Documents\My workspace\jira_ips_tat_HP\jira_tat\jira_customer_tat\tuning_outputs\weekly_20260504
[INFO] Target CSV: C:\Users\jtsao1\OneDrive - Intel Corporation\Documents\My workspace\jira_ips_tat_HP\jira_tat\jira_customer_tat\tuning_outputs\weekly_20260504\weekly_labeling_template.csv
[INFO] Command: python send_labeling_reminders.py --send-email --graph-auth-mode delegated --weekly-dir "C:\Users\jtsao1\OneDrive - Intel Corporation\Documents\My workspace\jira_ips_tat_HP\jira_tat\jira_customer_tat\tuning_outputs\weekly_20260504" 
2026-05-11 05:58:58,790 [INFO] Pending source path: C:\Users\jtsao1\OneDrive - Intel Corporation\Documents\My workspace\jira_ips_tat_HP\jira_tat\jira_customer_tat\tuning_outputs\weekly_20260504\weekly_labeling_template.xlsx
2026-05-11 05:59:02,921 [INFO] Using cloud-fresh source copy for pending check: C:\Users\jtsao1\AppData\Local\Temp\labeling_cloud_7vhgidqg.xlsx
2026-05-11 15:10:18,364 [INFO] Loaded pending rows from XLSX C:\Users\jtsao1\AppData\Local\Temp\labeling_cloud_7vhgidqg.xlsx: assignees=5
2026-05-11 15:10:18,366 [INFO] Pending assignees: 5, pending rows: 21
2026-05-11 15:10:18,366 [INFO] Graph auth mode: delegated
2026-05-11 15:10:27,631 [INFO] Reminder sent to frank.lee@intel.com (pending=6)
2026-05-11 15:10:28,101 [INFO] Reminder sent to kj.fang@intel.com (pending=5)
2026-05-11 15:10:28,586 [INFO] Reminder sent to leo.chiang@intel.com (pending=1)
2026-05-11 15:10:29,093 [INFO] Reminder sent to yu-wei.chen@intel.com (pending=3)
2026-05-11 15:10:29,708 [INFO] Reminder sent to zhiqiang.cai@intel.com (pending=6)
2026-05-11 15:10:29,708 [INFO] Reminder email sent to 5 assignee(s).
[Config] Using GRAPH_CLIENT_SECRET from environment/.env.
[Auth] Using cached Graph delegated token.
[Config] Using GRAPH_CLIENT_SECRET from environment/.env.
[Auth] Using cached Graph delegated token.
[INFO] Exit code: 0
[INFO] ===== Labeling reminder daily end =====
