[INFO] ===== Labeling reminder daily start =====
[INFO] Timestamp: Mon 06/08/2026 11:07:37.15
[INFO] Script dir: C:\Users\jtsao1\OneDrive - Intel Corporation\Documents\My workspace\jira_ips_tat_HP\jira_tat\jira_customer_tat\
[INFO] Current dir: C:\Users\jtsao1\OneDrive - Intel Corporation\Documents\My workspace\jira_ips_tat_HP\jira_tat\jira_customer_tat
C:\Python314\python.exe
C:\Users\jtsao1\AppData\Local\Microsoft\WindowsApps\python.exe
C:\Users\jtsao1\AppData\Local\Python\bin\python.exe
[INFO] Latest weekly dir: C:\Users\jtsao1\OneDrive - Intel Corporation\Documents\My workspace\jira_ips_tat_HP\jira_tat\jira_customer_tat\tuning_outputs\weekly_20260608
[INFO] Target CSV: C:\Users\jtsao1\OneDrive - Intel Corporation\Documents\My workspace\jira_ips_tat_HP\jira_tat\jira_customer_tat\tuning_outputs\weekly_20260608\weekly_labeling_template.csv
[INFO] Command: python send_labeling_reminders.py --send-email --graph-auth-mode delegated --weekly-dir "C:\Users\jtsao1\OneDrive - Intel Corporation\Documents\My workspace\jira_ips_tat_HP\jira_tat\jira_customer_tat\tuning_outputs\weekly_20260608" 
2026-06-08 11:07:38,356 [INFO] Pending source path: C:\Users\jtsao1\OneDrive - Intel Corporation\Documents\My workspace\jira_ips_tat_HP\jira_tat\jira_customer_tat\tuning_outputs\weekly_20260608\weekly_labeling_template.xlsx
2026-06-08 11:07:42,135 [INFO] Using cloud-fresh source copy for pending check: C:\Users\jtsao1\AppData\Local\Temp\labeling_cloud_hibps_in.xlsx
2026-06-08 11:07:42,560 [INFO] Loaded pending rows from XLSX C:\Users\jtsao1\AppData\Local\Temp\labeling_cloud_hibps_in.xlsx: assignees=13
2026-06-08 11:07:42,561 [INFO] Pending assignees: 13, pending rows: 76
2026-06-08 11:07:42,561 [INFO] Graph auth mode: delegated
2026-06-08 11:07:46,546 [INFO] Reminder sent to bingyue.sun@intel.com (pending=3)
2026-06-08 11:07:47,009 [INFO] Reminder sent to brenton.wu@intel.com (pending=6)
2026-06-08 11:07:47,479 [INFO] Reminder sent to charles.p.chu@intel.com (pending=8)
2026-06-08 11:07:48,045 [INFO] Reminder sent to frank.fc.yang@intel.com (pending=7)
2026-06-08 11:07:48,896 [INFO] Reminder sent to frank.lee@intel.com (pending=8)
2026-06-08 11:07:49,378 [INFO] Reminder sent to jackx.lee@intel.com (pending=7)
2026-06-08 11:07:49,823 [INFO] Reminder sent to kj.fang@intel.com (pending=8)
2026-06-08 11:07:50,266 [INFO] Reminder sent to matt.chen@intel.com (pending=4)
2026-06-08 11:07:50,819 [INFO] Reminder sent to steven1.chen@intel.com (pending=3)
2026-06-08 11:07:51,282 [INFO] Reminder sent to timdaway.lai@intel.com (pending=7)
2026-06-08 11:07:51,740 [INFO] Reminder sent to wesley.kuo@intel.com (pending=4)
2026-06-08 11:07:52,259 [INFO] Reminder sent to yu-wei.chen@intel.com (pending=3)
2026-06-08 11:07:52,719 [INFO] Reminder sent to zhiqiang.cai@intel.com (pending=8)
2026-06-08 11:07:52,719 [INFO] Reminder email sent to 13 assignee(s).
[Config] Using GRAPH_CLIENT_SECRET from environment/.env.
[Auth] Using cached Graph delegated token.
[Config] Using GRAPH_CLIENT_SECRET from environment/.env.
[Auth] Using cached Graph delegated token.
[INFO] Exit code: 0
[INFO] ===== Labeling reminder daily end =====
