[INFO] ===== Labeling reminder daily start =====
[INFO] Timestamp: Sun 05/31/2026 11:07:37.43
[INFO] Script dir: C:\Users\jtsao1\OneDrive - Intel Corporation\Documents\My workspace\jira_ips_tat_HP\jira_tat\jira_customer_tat\
[INFO] Current dir: C:\Users\jtsao1\OneDrive - Intel Corporation\Documents\My workspace\jira_ips_tat_HP\jira_tat\jira_customer_tat
C:\Python314\python.exe
C:\Users\jtsao1\AppData\Local\Microsoft\WindowsApps\python.exe
C:\Users\jtsao1\AppData\Local\Python\bin\python.exe
[INFO] Latest weekly dir: C:\Users\jtsao1\OneDrive - Intel Corporation\Documents\My workspace\jira_ips_tat_HP\jira_tat\jira_customer_tat\tuning_outputs\weekly_20260525
[INFO] Target CSV: C:\Users\jtsao1\OneDrive - Intel Corporation\Documents\My workspace\jira_ips_tat_HP\jira_tat\jira_customer_tat\tuning_outputs\weekly_20260525\weekly_labeling_template.csv
[INFO] Command: python send_labeling_reminders.py --send-email --graph-auth-mode delegated --weekly-dir "C:\Users\jtsao1\OneDrive - Intel Corporation\Documents\My workspace\jira_ips_tat_HP\jira_tat\jira_customer_tat\tuning_outputs\weekly_20260525" 
2026-05-31 11:07:38,331 [INFO] Pending source path: C:\Users\jtsao1\OneDrive - Intel Corporation\Documents\My workspace\jira_ips_tat_HP\jira_tat\jira_customer_tat\tuning_outputs\weekly_20260525\weekly_labeling_template.xlsx
2026-05-31 11:07:41,152 [INFO] Using cloud-fresh source copy for pending check: C:\Users\jtsao1\AppData\Local\Temp\labeling_cloud_qtvxiak2.xlsx
2026-05-31 11:07:41,580 [INFO] Loaded pending rows from XLSX C:\Users\jtsao1\AppData\Local\Temp\labeling_cloud_qtvxiak2.xlsx: assignees=5
2026-05-31 11:07:41,581 [INFO] Pending assignees: 5, pending rows: 15
2026-05-31 11:07:41,581 [INFO] Graph auth mode: delegated
2026-05-31 11:07:44,911 [INFO] Reminder sent to frank.lee@intel.com (pending=10)
2026-05-31 11:07:45,276 [INFO] Reminder sent to jackx.lee@intel.com (pending=1)
2026-05-31 11:07:45,617 [INFO] Reminder sent to kj.fang@intel.com (pending=1)
2026-05-31 11:07:45,959 [INFO] Reminder sent to yu-wei.chen@intel.com (pending=2)
2026-05-31 11:07:46,322 [INFO] Reminder sent to zhiqiang.cai@intel.com (pending=1)
2026-05-31 11:07:46,322 [INFO] Reminder email sent to 5 assignee(s).
[Config] Using GRAPH_CLIENT_SECRET from environment/.env.
[Auth] Using cached Graph delegated token.
[Config] Using GRAPH_CLIENT_SECRET from environment/.env.
[Auth] Using cached Graph delegated token.
[INFO] Exit code: 0
[INFO] ===== Labeling reminder daily end =====
