[INFO] ===== Labeling reminder daily start =====
[INFO] Timestamp: Tue 05/26/2026 11:07:37.49
[INFO] Script dir: C:\Users\jtsao1\OneDrive - Intel Corporation\Documents\My workspace\jira_ips_tat_HP\jira_tat\jira_customer_tat\
[INFO] Current dir: C:\Users\jtsao1\OneDrive - Intel Corporation\Documents\My workspace\jira_ips_tat_HP\jira_tat\jira_customer_tat
C:\Python314\python.exe
C:\Users\jtsao1\AppData\Local\Microsoft\WindowsApps\python.exe
C:\Users\jtsao1\AppData\Local\Python\bin\python.exe
[INFO] Latest weekly dir: C:\Users\jtsao1\OneDrive - Intel Corporation\Documents\My workspace\jira_ips_tat_HP\jira_tat\jira_customer_tat\tuning_outputs\weekly_20260525
[INFO] Target CSV: C:\Users\jtsao1\OneDrive - Intel Corporation\Documents\My workspace\jira_ips_tat_HP\jira_tat\jira_customer_tat\tuning_outputs\weekly_20260525\weekly_labeling_template.csv
[INFO] Command: python send_labeling_reminders.py --send-email --graph-auth-mode delegated --weekly-dir "C:\Users\jtsao1\OneDrive - Intel Corporation\Documents\My workspace\jira_ips_tat_HP\jira_tat\jira_customer_tat\tuning_outputs\weekly_20260525" 
2026-05-26 11:07:40,049 [INFO] Pending source path: C:\Users\jtsao1\OneDrive - Intel Corporation\Documents\My workspace\jira_ips_tat_HP\jira_tat\jira_customer_tat\tuning_outputs\weekly_20260525\weekly_labeling_template.xlsx
2026-05-26 11:07:43,351 [INFO] Using cloud-fresh source copy for pending check: C:\Users\jtsao1\AppData\Local\Temp\labeling_cloud_cd_ac2yd.xlsx
2026-05-26 11:07:45,380 [INFO] Loaded pending rows from XLSX C:\Users\jtsao1\AppData\Local\Temp\labeling_cloud_cd_ac2yd.xlsx: assignees=7
2026-05-26 11:07:45,381 [INFO] Pending assignees: 7, pending rows: 41
2026-05-26 11:07:45,381 [INFO] Graph auth mode: delegated
2026-05-26 11:07:49,641 [INFO] Reminder sent to bingyue.sun@intel.com (pending=2)
2026-05-26 11:07:50,057 [INFO] Reminder sent to charles.p.chu@intel.com (pending=9)
2026-05-26 11:07:50,471 [INFO] Reminder sent to frank.lee@intel.com (pending=10)
2026-05-26 11:07:50,885 [INFO] Reminder sent to jackx.lee@intel.com (pending=1)
2026-05-26 11:07:51,321 [INFO] Reminder sent to kj.fang@intel.com (pending=8)
2026-05-26 11:07:51,790 [INFO] Reminder sent to yu-wei.chen@intel.com (pending=2)
2026-05-26 11:07:55,241 [INFO] Reminder sent to zhiqiang.cai@intel.com (pending=9)
2026-05-26 11:07:55,241 [INFO] Reminder email sent to 7 assignee(s).
[Config] Using GRAPH_CLIENT_SECRET from environment/.env.
[Auth] Using cached Graph delegated token.
[Config] Using GRAPH_CLIENT_SECRET from environment/.env.
[Auth] Using cached Graph delegated token.
[INFO] Exit code: 0
[INFO] ===== Labeling reminder daily end =====
