[INFO] ===== Labeling reminder daily start =====
[INFO] Timestamp: Tue 05/19/2026 11:07:37.60
[INFO] Script dir: C:\Users\jtsao1\OneDrive - Intel Corporation\Documents\My workspace\jira_ips_tat_HP\jira_tat\jira_customer_tat\
[INFO] Current dir: C:\Users\jtsao1\OneDrive - Intel Corporation\Documents\My workspace\jira_ips_tat_HP\jira_tat\jira_customer_tat
C:\Python314\python.exe
C:\Users\jtsao1\AppData\Local\Microsoft\WindowsApps\python.exe
C:\Users\jtsao1\AppData\Local\Python\bin\python.exe
[INFO] Latest weekly dir: C:\Users\jtsao1\OneDrive - Intel Corporation\Documents\My workspace\jira_ips_tat_HP\jira_tat\jira_customer_tat\tuning_outputs\weekly_20260518
[INFO] Target CSV: C:\Users\jtsao1\OneDrive - Intel Corporation\Documents\My workspace\jira_ips_tat_HP\jira_tat\jira_customer_tat\tuning_outputs\weekly_20260518\weekly_labeling_template.csv
[INFO] Command: python send_labeling_reminders.py --send-email --graph-auth-mode delegated --weekly-dir "C:\Users\jtsao1\OneDrive - Intel Corporation\Documents\My workspace\jira_ips_tat_HP\jira_tat\jira_customer_tat\tuning_outputs\weekly_20260518" 
2026-05-19 11:07:38,560 [INFO] Pending source path: C:\Users\jtsao1\OneDrive - Intel Corporation\Documents\My workspace\jira_ips_tat_HP\jira_tat\jira_customer_tat\tuning_outputs\weekly_20260518\weekly_labeling_template.xlsx
2026-05-19 11:07:40,645 [INFO] Using cloud-fresh source copy for pending check: C:\Users\jtsao1\AppData\Local\Temp\labeling_cloud_yczh6yd7.xlsx
2026-05-19 11:07:41,070 [INFO] Loaded pending rows from XLSX C:\Users\jtsao1\AppData\Local\Temp\labeling_cloud_yczh6yd7.xlsx: assignees=7
2026-05-19 11:07:41,071 [INFO] Pending assignees: 7, pending rows: 19
2026-05-19 11:07:41,071 [INFO] Graph auth mode: delegated
2026-05-19 11:07:44,478 [INFO] Reminder sent to bingyue.sun@intel.com (pending=1)
2026-05-19 11:07:44,923 [INFO] Reminder sent to charles.p.chu@intel.com (pending=3)
2026-05-19 11:07:45,335 [INFO] Reminder sent to frank.lee@intel.com (pending=4)
2026-05-19 11:07:45,765 [INFO] Reminder sent to kj.fang@intel.com (pending=3)
2026-05-19 11:07:46,241 [INFO] Reminder sent to steven1.chen@intel.com (pending=3)
2026-05-19 11:07:46,653 [INFO] Reminder sent to yu-wei.chen@intel.com (pending=2)
2026-05-19 11:07:47,208 [INFO] Reminder sent to zhiqiang.cai@intel.com (pending=3)
2026-05-19 11:07:47,208 [INFO] Reminder email sent to 7 assignee(s).
[Config] Using GRAPH_CLIENT_SECRET from environment/.env.
[Auth] Using cached Graph delegated token.
[Config] Using GRAPH_CLIENT_SECRET from environment/.env.
[Auth] Using cached Graph delegated token.
[INFO] Exit code: 0
[INFO] ===== Labeling reminder daily end =====
