[INFO] ===== Labeling reminder daily start =====
[INFO] Timestamp: Mon 05/11/2026 15:15:41.88
[INFO] Script dir: C:\Users\jtsao1\OneDrive - Intel Corporation\Documents\My workspace\jira_ips_tat_HP\jira_tat\jira_customer_tat\
[INFO] Current dir: C:\Users\jtsao1\OneDrive - Intel Corporation\Documents\My workspace\jira_ips_tat_HP\jira_tat\jira_customer_tat
C:\Python314\python.exe
C:\Users\jtsao1\AppData\Local\Microsoft\WindowsApps\python.exe
C:\Users\jtsao1\AppData\Local\Python\bin\python.exe
[INFO] Latest weekly dir: C:\Users\jtsao1\OneDrive - Intel Corporation\Documents\My workspace\jira_ips_tat_HP\jira_tat\jira_customer_tat\tuning_outputs\weekly_20260511
[INFO] Target CSV: C:\Users\jtsao1\OneDrive - Intel Corporation\Documents\My workspace\jira_ips_tat_HP\jira_tat\jira_customer_tat\tuning_outputs\weekly_20260511\weekly_labeling_template.csv
[INFO] Command: python send_labeling_reminders.py --send-email --graph-auth-mode delegated --weekly-dir "C:\Users\jtsao1\OneDrive - Intel Corporation\Documents\My workspace\jira_ips_tat_HP\jira_tat\jira_customer_tat\tuning_outputs\weekly_20260511" 
2026-05-11 15:15:44,261 [INFO] Pending source path: C:\Users\jtsao1\OneDrive - Intel Corporation\Documents\My workspace\jira_ips_tat_HP\jira_tat\jira_customer_tat\tuning_outputs\weekly_20260511\weekly_labeling_template.csv
2026-05-11 15:15:46,923 [WARNING] Could not download cloud-fresh source; fallback to local file: HTTP Error 404: Not Found
2026-05-11 15:15:46,926 [INFO] Loaded pending rows from CSV C:\Users\jtsao1\OneDrive - Intel Corporation\Documents\My workspace\jira_ips_tat_HP\jira_tat\jira_customer_tat\tuning_outputs\weekly_20260511\weekly_labeling_template.csv: assignees=10
2026-05-11 15:15:46,926 [INFO] Pending assignees: 10, pending rows: 16
2026-05-11 15:15:46,926 [INFO] Graph auth mode: delegated
2026-05-11 15:15:50,334 [INFO] Added dropdown validation for 23 categories on column J
2026-05-11 15:15:57,733 [INFO] Reminder sent to brenton.wu@intel.com (pending=1)
2026-05-11 15:15:58,217 [INFO] Reminder sent to charles.p.chu@intel.com (pending=2)
2026-05-11 15:15:58,707 [INFO] Reminder sent to frank.fc.yang@intel.com (pending=2)
2026-05-11 15:15:59,172 [INFO] Reminder sent to frank.lee@intel.com (pending=2)
2026-05-11 15:15:59,651 [INFO] Reminder sent to jackx.lee@intel.com (pending=1)
2026-05-11 15:16:00,167 [INFO] Reminder sent to kj.fang@intel.com (pending=2)
2026-05-11 15:16:00,647 [INFO] Reminder sent to matt.chen@intel.com (pending=1)
2026-05-11 15:16:01,147 [INFO] Reminder sent to steven1.chen@intel.com (pending=1)
2026-05-11 15:16:01,694 [INFO] Reminder sent to timdaway.lai@intel.com (pending=2)
2026-05-11 15:16:02,185 [INFO] Reminder sent to zhiqiang.cai@intel.com (pending=2)
2026-05-11 15:16:02,185 [INFO] Reminder email sent to 10 assignee(s).
[Config] Using GRAPH_CLIENT_SECRET from environment/.env.
[Auth] Using cached Graph delegated token.
[Config] Using GRAPH_CLIENT_SECRET from environment/.env.
[Auth] Using cached Graph delegated token.
[INFO] Exit code: 0
[INFO] ===== Labeling reminder daily end =====
