[INFO] ===== Labeling reminder daily start =====
[INFO] Timestamp: Wed 06/17/2026 11:07:37.63
[INFO] Script dir: C:\Users\jtsao1\OneDrive - Intel Corporation\Documents\My workspace\jira_ips_tat_HP\jira_tat\jira_customer_tat\
[INFO] Current dir: C:\Users\jtsao1\OneDrive - Intel Corporation\Documents\My workspace\jira_ips_tat_HP\jira_tat\jira_customer_tat
C:\Python314\python.exe
C:\Users\jtsao1\AppData\Local\Microsoft\WindowsApps\python.exe
C:\Users\jtsao1\AppData\Local\Python\bin\python.exe
[INFO] Latest weekly dir: C:\Users\jtsao1\OneDrive - Intel Corporation\Documents\My workspace\jira_ips_tat_HP\jira_tat\jira_customer_tat\tuning_outputs\weekly_20260615
[INFO] Target CSV: C:\Users\jtsao1\OneDrive - Intel Corporation\Documents\My workspace\jira_ips_tat_HP\jira_tat\jira_customer_tat\tuning_outputs\weekly_20260615\weekly_labeling_template.csv
[INFO] Command: python send_labeling_reminders.py --send-email --graph-auth-mode delegated --weekly-dir "C:\Users\jtsao1\OneDrive - Intel Corporation\Documents\My workspace\jira_ips_tat_HP\jira_tat\jira_customer_tat\tuning_outputs\weekly_20260615" 
2026-06-17 11:07:40,174 [INFO] Pending source path: C:\Users\jtsao1\OneDrive - Intel Corporation\Documents\My workspace\jira_ips_tat_HP\jira_tat\jira_customer_tat\tuning_outputs\weekly_20260615\weekly_labeling_template.xlsx
2026-06-17 11:07:43,714 [INFO] Using cloud-fresh source copy for pending check: C:\Users\jtsao1\AppData\Local\Temp\labeling_cloud_i93op01z.xlsx
2026-06-17 11:07:44,616 [INFO] Loaded pending rows from XLSX C:\Users\jtsao1\AppData\Local\Temp\labeling_cloud_i93op01z.xlsx: assignees=6
2026-06-17 11:07:44,617 [INFO] Pending assignees: 6, pending rows: 33
2026-06-17 11:07:44,617 [INFO] Graph auth mode: delegated
2026-06-17 11:07:48,936 [INFO] Reminder sent to bingyue.sun@intel.com (pending=2)
2026-06-17 11:07:49,379 [INFO] Reminder sent to frank.lee@intel.com (pending=9)
2026-06-17 11:07:49,842 [INFO] Reminder sent to kj.fang@intel.com (pending=9)
2026-06-17 11:07:50,462 [INFO] Reminder sent to steven1.chen@intel.com (pending=2)
2026-06-17 11:07:51,050 [INFO] Reminder sent to yu-wei.chen@intel.com (pending=2)
2026-06-17 11:07:51,500 [INFO] Reminder sent to zhiqiang.cai@intel.com (pending=9)
2026-06-17 11:07:51,500 [INFO] Reminder email sent to 6 assignee(s).
[Config] Using GRAPH_CLIENT_SECRET from environment/.env.
[Auth] Using cached Graph delegated token.
[Config] Using GRAPH_CLIENT_SECRET from environment/.env.
[Auth] Using cached Graph delegated token.
[INFO] Exit code: 0
[INFO] ===== Labeling reminder daily end =====
