[INFO] ===== Labeling reminder daily start =====
[INFO] Timestamp: Thu 05/07/2026  9:16:53.75
[INFO] Script dir: C:\Users\jtsao1\OneDrive - Intel Corporation\Documents\My workspace\jira_ips_tat_HP\jira_tat\jira_customer_tat\
[INFO] Current dir: C:\Users\jtsao1\OneDrive - Intel Corporation\Documents\My workspace\jira_ips_tat_HP\jira_tat\jira_customer_tat
C:\Python314\python.exe
C:\Users\jtsao1\AppData\Local\Microsoft\WindowsApps\python.exe
C:\Users\jtsao1\AppData\Local\Python\bin\python.exe
[INFO] Latest weekly dir: C:\Users\jtsao1\OneDrive - Intel Corporation\Documents\My workspace\jira_ips_tat_HP\jira_tat\jira_customer_tat\tuning_outputs\weekly_20260504
[INFO] Target CSV: C:\Users\jtsao1\OneDrive - Intel Corporation\Documents\My workspace\jira_ips_tat_HP\jira_tat\jira_customer_tat\tuning_outputs\weekly_20260504\weekly_labeling_template.csv
[INFO] Command: python send_labeling_reminders.py --send-email --graph-auth-mode delegated --weekly-dir "C:\Users\jtsao1\OneDrive - Intel Corporation\Documents\My workspace\jira_ips_tat_HP\jira_tat\jira_customer_tat\tuning_outputs\weekly_20260504" 
2026-05-07 09:16:54,856 [INFO] Pending source path: C:\Users\jtsao1\OneDrive - Intel Corporation\Documents\My workspace\jira_ips_tat_HP\jira_tat\jira_customer_tat\tuning_outputs\weekly_20260504\weekly_labeling_template.xlsx
2026-05-07 09:16:55,885 [INFO] Using cloud-fresh source copy for pending check: C:\Users\jtsao1\AppData\Local\Temp\labeling_cloud_dcl_zsch.xlsx
2026-05-07 09:16:56,368 [INFO] Loaded pending rows from XLSX C:\Users\jtsao1\AppData\Local\Temp\labeling_cloud_dcl_zsch.xlsx: assignees=7
2026-05-07 09:16:56,369 [INFO] Pending assignees: 7, pending rows: 27
2026-05-07 09:16:56,369 [INFO] Graph auth mode: delegated
2026-05-07 09:16:58,086 [INFO] Reminder sent to bingyue.sun@intel.com (pending=1)
2026-05-07 09:16:58,473 [INFO] Reminder sent to frank.fc.yang@intel.com (pending=5)
2026-05-07 09:16:58,739 [INFO] Reminder sent to frank.lee@intel.com (pending=6)
2026-05-07 09:16:58,987 [INFO] Reminder sent to kj.fang@intel.com (pending=5)
2026-05-07 09:16:59,481 [INFO] Reminder sent to leo.chiang@intel.com (pending=1)
2026-05-07 09:17:00,255 [INFO] Reminder sent to yu-wei.chen@intel.com (pending=3)
2026-05-07 09:17:00,538 [INFO] Reminder sent to zhiqiang.cai@intel.com (pending=6)
2026-05-07 09:17:00,538 [INFO] Reminder email sent to 7 assignee(s).
[Config] Using GRAPH_CLIENT_SECRET from environment/.env.
[Auth] Using cached Graph delegated token.
[Config] Using GRAPH_CLIENT_SECRET from environment/.env.
[Auth] Using cached Graph delegated token.
[INFO] Exit code: 0
[INFO] ===== Labeling reminder daily end =====
