[INFO] ===== Labeling reminder daily start =====
[INFO] Timestamp: Sat 06/06/2026 14:31:53.49
[INFO] Script dir: C:\Users\jtsao1\OneDrive - Intel Corporation\Documents\My workspace\jira_ips_tat_HP\jira_tat\jira_customer_tat\
[INFO] Current dir: C:\Users\jtsao1\OneDrive - Intel Corporation\Documents\My workspace\jira_ips_tat_HP\jira_tat\jira_customer_tat
C:\Python314\python.exe
C:\Users\jtsao1\AppData\Local\Microsoft\WindowsApps\python.exe
C:\Users\jtsao1\AppData\Local\Python\bin\python.exe
[INFO] Latest weekly dir: C:\Users\jtsao1\OneDrive - Intel Corporation\Documents\My workspace\jira_ips_tat_HP\jira_tat\jira_customer_tat\tuning_outputs\weekly_20260601
[INFO] Target CSV: C:\Users\jtsao1\OneDrive - Intel Corporation\Documents\My workspace\jira_ips_tat_HP\jira_tat\jira_customer_tat\tuning_outputs\weekly_20260601\weekly_labeling_template.csv
[INFO] Command: python send_labeling_reminders.py --send-email --graph-auth-mode delegated --weekly-dir "C:\Users\jtsao1\OneDrive - Intel Corporation\Documents\My workspace\jira_ips_tat_HP\jira_tat\jira_customer_tat\tuning_outputs\weekly_20260601" 
2026-06-06 14:32:56,133 [INFO] Pending source path: C:\Users\jtsao1\OneDrive - Intel Corporation\Documents\My workspace\jira_ips_tat_HP\jira_tat\jira_customer_tat\tuning_outputs\weekly_20260601\weekly_labeling_template.xlsx
2026-06-06 14:33:08,251 [INFO] Using cloud-fresh source copy for pending check: C:\Users\jtsao1\AppData\Local\Temp\labeling_cloud_8dyso6kz.xlsx
2026-06-06 14:33:17,674 [INFO] Loaded pending rows from XLSX C:\Users\jtsao1\AppData\Local\Temp\labeling_cloud_8dyso6kz.xlsx: assignees=3
2026-06-06 14:33:17,692 [INFO] Pending assignees: 3, pending rows: 17
2026-06-06 14:33:17,692 [INFO] Graph auth mode: delegated
2026-06-06 14:33:25,405 [INFO] Reminder sent to kj.fang@intel.com (pending=6)
2026-06-06 14:33:25,918 [INFO] Reminder sent to yu-wei.chen@intel.com (pending=2)
2026-06-06 14:33:26,450 [INFO] Reminder sent to zhiqiang.cai@intel.com (pending=9)
2026-06-06 14:33:26,451 [INFO] Reminder email sent to 3 assignee(s).
[Config] Using GRAPH_CLIENT_SECRET from environment/.env.
[Auth] Using cached Graph delegated token.
[Config] Using GRAPH_CLIENT_SECRET from environment/.env.
[Auth] Using cached Graph delegated token.
[INFO] Exit code: 0
[INFO] ===== Labeling reminder daily end =====
