[INFO] ===== Management monthly customer issue report start =====
[INFO] Timestamp: Sat 05/30/2026 16:06:51.71
[INFO] Script dir: C:\Users\jtsao1\OneDrive - Intel Corporation\Documents\My workspace\jira_ips_tat_HP\jira_tat\jira_customer_tat\
[INFO] Year: 2026
[INFO] Python: customer issue analysis\.venv\Scripts\python.exe
[INFO] Recipients: customer issue analysis\recipients_management_monthly.json
[INFO] Scope: all customers, 2026 only, simplified monthly management HTML
[OK] Customer issue analysis completed.
[OK] Range: 2026-2026
[OK] 2026: total_issues=517 wifi=255 bt=239
[OK] JSON: customer issue analysis\outputs\all_customers_issue_analysis_2026_2026.json
[OK] Detail CSV: customer issue analysis\outputs\all_customers_issue_analysis_2026_2026_detail.csv
[OK] YoY CSV: customer issue analysis\outputs\all_customers_issue_analysis_2026_2026_yoy.csv
[OK] Pie Chart Report (HTML): customer issue analysis\outputs\all_customers_issue_analysis_2026_2026_report.html
[INFO] Running base customer analysis for management monthly report...
[INFO] Command: C:\Users\jtsao1\OneDrive - Intel Corporation\Documents\My workspace\jira_ips_tat_HP\jira_tat\jira_customer_tat\customer issue analysis\.venv\Scripts\python.exe C:\Users\jtsao1\OneDrive - Intel Corporation\Documents\My workspace\jira_ips_tat_HP\jira_tat\jira_customer_tat\customer issue analysis\customer_issue_analysis.py --start-year 2026 --end-year 2026 --table ips_jira_bugs --model models\issue_category_model.joblib --output-dir customer issue analysis\outputs --customer all
[OK] Management monthly report generated: customer issue analysis\outputs\all_customers_issue_analysis_management_monthly_2026_report.html
[Config] Using GRAPH_CLIENT_SECRET from environment/.env.
[Auth] Using cached Graph delegated token.
[OK] Management monthly HTML report email sent to: sachin.shukla@intel.com, milena.chechik@intel.com, ingrid.shih@intel.com, walter.chan@intel.com, gisele.tseng@intel.com, cce.wireless.ce.cfe.wifi@intel.com, cce.wireless.ce.cfe.bt@intel.com, cce.wireless.ce.tam@intel.com
[OK] CC: jonathan.tsao@intel.com
[OK] Management monthly customer issue report completed.
[INFO] ===== Management monthly customer issue report end =====
