[INFO] ===== Offload scheduler start =====
[INFO] Timestamp: Tue 03/10/2026 21:48:50.28
[INFO] Script dir: C:\Users\jtsao1\OneDrive - Intel Corporation\Documents\My workspace\jira_ips_tat_HP\jira_tat\jira_customer_tat\
[INFO] Current dir: C:\Users\jtsao1\OneDrive - Intel Corporation\Documents\My workspace\jira_ips_tat_HP\jira_tat\jira_customer_tat
C:\Python314\python.exe
C:\Users\jtsao1\AppData\Local\Microsoft\WindowsApps\python.exe
C:\Users\jtsao1\AppData\Local\Python\bin\python.exe
[INFO] GRAPH_AUTH_MODE=delegated
[INFO] GRAPH_SENDER_UPN=
[INFO] OFFLOAD_RECEIVER_MAX_ISSUES=10
[INFO] Running offload_reporter_issues.py --send-email
2026-03-10 21:49:08,757 [INFO][ips_offload] Applying 3 pending offload(s) from history to avoid duplicate recommendations.
2026-03-10 21:49:09,377 [INFO][ips_offload] Current issue calculation breakdown per reporter:
2026-03-10 21:49:09,377 [INFO][ips_offload] +---------------+------+------+------+------+-------+-------+------+
2026-03-10 21:49:09,377 [INFO][ips_offload] | Reporter      | uHSD | uIPS | pIPS | Jira | Stale | cPend | Curr |
2026-03-10 21:49:09,377 [INFO][ips_offload] +---------------+------+------+------+------+-------+-------+------+
2026-03-10 21:49:09,377 [INFO][ips_offload] | Timdaway Lai  |    5 |   10 |    1 |    7 |     3 |     2 |   17 |
2026-03-10 21:49:09,378 [INFO][ips_offload] | Frank Lee     |    0 |   15 |    1 |   10 |     9 |     1 |   15 |
2026-03-10 21:49:09,378 [INFO][ips_offload] | Zhiqiang Cai  |    0 |   11 |    4 |    7 |     1 |     5 |   12 |
2026-03-10 21:49:09,378 [INFO][ips_offload] | Frank Yang    |    0 |   10 |    2 |    5 |     4 |     0 |   11 |
2026-03-10 21:49:09,378 [INFO][ips_offload] | Charles Chu   |    0 |   14 |    3 |    5 |     8 |     2 |    9 |
2026-03-10 21:49:09,378 [INFO][ips_offload] | Bingyue Sun   |    0 |   12 |    0 |    1 |     0 |     5 |    8 |
2026-03-10 21:49:09,378 [INFO][ips_offload] | Tonyx Yeh     |    0 |    0 |    0 |    7 |     0 |     0 |    7 |
2026-03-10 21:49:09,378 [INFO][ips_offload] | Juan Zou      |    0 |    7 |    0 |    1 |     0 |     2 |    6 |
2026-03-10 21:49:09,378 [INFO][ips_offload] | Matt Chen     |    0 |    6 |    0 |    6 |     6 |     0 |    6 |
2026-03-10 21:49:09,378 [INFO][ips_offload] | Jackx Lee     |    0 |    2 |    3 |    3 |     0 |     0 |    5 |
2026-03-10 21:49:09,378 [INFO][ips_offload] | Wesley Kuo    |    0 |    8 |    0 |    2 |     5 |     0 |    5 |
2026-03-10 21:49:09,378 [INFO][ips_offload] | Leo Chiang    |    2 |    9 |    0 |    0 |     7 |     0 |    4 |
2026-03-10 21:49:09,378 [INFO][ips_offload] | Brenton Wu    |    0 |    3 |    0 |    0 |     0 |     0 |    3 |
2026-03-10 21:49:09,378 [INFO][ips_offload] | Kj Fang       |    0 |   26 |    1 |    1 |    24 |     0 |    3 |
2026-03-10 21:49:09,378 [INFO][ips_offload] | Steven1 Chen  |    0 |   19 |    0 |    0 |    16 |     0 |    3 |
2026-03-10 21:49:09,378 [INFO][ips_offload] | Jonathan Tsao |    0 |    1 |    0 |    2 |     1 |     0 |    2 |
2026-03-10 21:49:09,378 [INFO][ips_offload] | Henryx Su     |    0 |    1 |    0 |    0 |     0 |     0 |    1 |
2026-03-10 21:49:09,378 [INFO][ips_offload] | Yu-wei Chen   |    0 |    6 |    0 |    0 |     0 |     6 |    0 |
2026-03-10 21:49:09,378 [INFO][ips_offload] +---------------+------+------+------+------+-------+-------+------+
2026-03-10 21:49:09,378 [INFO][ips_offload] No reporters exceed threshold (15).
2026-03-10 21:49:09,380 [INFO][ips_offload] Pending offload reminders: 3 pending entrie(s), 5 recipient(s).
2026-03-10 21:49:09,380 [INFO][ips_offload] Sending informational notification: no reporters exceed threshold (15).
2026-03-10 21:49:09,380 [INFO][ips_offload] Current load:
- Timdaway Lai: 17 current issues
- Frank Lee: 15 current issues
- Zhiqiang Cai: 12 current issues
- Frank Yang: 11 current issues
- Charles Chu: 9 current issues
- Bingyue Sun: 8 current issues
- Tonyx Yeh: 7 current issues
- Juan Zou: 6 current issues
- Matt Chen: 6 current issues
- Jackx Lee: 5 current issues
- Wesley Kuo: 5 current issues
- Leo Chiang: 4 current issues
- Brenton Wu: 3 current issues
- Kj Fang: 3 current issues
- Steven1 Chen: 3 current issues
- Jonathan Tsao: 2 current issues
- Henryx Su: 1 current issues
- Yu-wei Chen: 0 current issues
2026-03-10 21:49:09,380 [INFO][ips_offload] Graph auth mode: delegated
2026-03-10 21:49:15,188 [INFO][ips_offload] Pending reminder email sent to 5 recipient(s).
[Config] Using GRAPH_CLIENT_SECRET from environment/.env.
[Auth] Opening browser for sign-in...
[Auth] If it doesn't open, paste this URL into a browser:
https://login.microsoftonline.com/46c98d88-e344-4ed4-8496-4ed7712e255d/oauth2/v2.0/authorize?client_id=72643139-b5d0-4166-8872-4a00d4f31d11&response_type=code&redirect_uri=http%3A%2F%2Flocalhost%3A8400%2FgetToken&scope=Mail.Send+Notes.Read+offline_access+openid+profile&state=NTQSmYvKdFruXMza&code_challenge=TPBHXfD3c4xSvFcxSckcH-VJkN-VX7maEhRIrCzmabY&code_challenge_method=S256&nonce=681f7086122f400cd8286cdc575dc7640e5e9c8cd483581ec515a19587bd2aea&client_info=1

[INFO] Finished with exit code 0
[INFO] Exit code: 0
[INFO] ===== Offload scheduler end =====
