[INFO] ===== Offload loading-summary daily start =====
[INFO] Timestamp: Tue 05/19/2026 10:30:48.61
[INFO] Script dir: C:\Users\jtsao1\OneDrive - Intel Corporation\Documents\My workspace\jira_ips_tat_HP\jira_tat\jira_customer_tat\
[INFO] Current dir: C:\Users\jtsao1\OneDrive - Intel Corporation\Documents\My workspace\jira_ips_tat_HP\jira_tat\jira_customer_tat
C:\Python314\python.exe
C:\Users\jtsao1\AppData\Local\Microsoft\WindowsApps\python.exe
C:\Users\jtsao1\AppData\Local\Python\bin\python.exe
[INFO] GRAPH_AUTH_MODE=delegated
[INFO] GRAPH_SENDER_UPN=frank.lee@intel.com
[INFO] OFFLOAD_ALWAYS_EXCLUDED_REPORTERS=Jonathan Tsao
[INFO] Command: run_offload_reporter_issues.bat --send-email --summary-only-email 
[INFO] Running offload_reporter_issues.py --send-email --summary-only-email
[INFO] OFFLOAD_ALWAYS_EXCLUDED_REPORTERS=Jonathan Tsao
2026-05-19 10:30:52,225 [INFO][ips_offload] Included 7 allowed reporter(s) with zero current issues for receiver rotation.
2026-05-19 10:30:52,888 [INFO][ips_offload] Current issue calculation breakdown per reporter:
2026-05-19 10:30:56,003 [INFO][ips_offload] Weighted loading trial enabled for visibility; offload decision remains based on Curr.
2026-05-19 10:30:56,006 [INFO][ips_offload] Combined trial table (single table with category columns, decision still uses Curr):
2026-05-19 10:30:56,007 [INFO][ips_offload] +---------------+------+------+------+-----------+-----------+-------+------------------+-------+------+------+--------------+-----+------+-----+--------+------+----------+-----------+-------------+-------------------+-------------------+---------+---------+-------------+------+------+--------+---------+-----+----+--------------+
2026-05-19 10:30:56,007 [INFO][ips_offload] | Name          | uIPS | uHSD | Jira | Stale IPS | Stale HSD | Total | Weighted Loading | Audio | BIOS | BSOD | Connectivity | HLK | ICPS | IOP | Killer | MSFT | Miracast | OEM Tools | Performance | Power Consumption | Power on sequence | Roaming | Sensing | System Hang | UEFI | WAPI | WowLAN | YB/Lost | P2P | RF | Needs-Triage |
2026-05-19 10:30:56,007 [INFO][ips_offload] +---------------+------+------+------+-----------+-----------+-------+------------------+-------+------+------+--------------+-----+------+-----+--------+------+----------+-----------+-------------+-------------------+-------------------+---------+---------+-------------+------+------+--------+---------+-----+----+--------------+
2026-05-19 10:30:56,007 [INFO][ips_offload] | Bingyue Sun   |    7 |    0 |    3 |         2 |         0 |     8 |            14.45 |     0 |    0 |    2 |            5 |   1 |    0 |   0 |      0 |    0 |        0 |         0 |           0 |                 0 |                 0 |       0 |       0 |           0 |    0 |    0 |      0 |       0 |   0 |  0 |            0 |
2026-05-19 10:30:56,007 [INFO][ips_offload] | Frank Yang    |    9 |    0 |    2 |         3 |         0 |     8 |            34.56 |     0 |    3 |    2 |            0 |   0 |    2 |   0 |      0 |    0 |        0 |         2 |           5 |                 0 |                 0 |       0 |       1 |           0 |    0 |    0 |      0 |       1 |   1 |  1 |            0 |
2026-05-19 10:30:56,007 [INFO][ips_offload] | Zhiqiang Cai  |    4 |    0 |    5 |         1 |         0 |     8 |            18.26 |     0 |    0 |    2 |            1 |   0 |    0 |   0 |      0 |    0 |        0 |         0 |           2 |                 0 |                 0 |       0 |       0 |           0 |    1 |    0 |      0 |       0 |   4 |  0 |            0 |
2026-05-19 10:30:56,007 [INFO][ips_offload] | Frank Lee     |    9 |    0 |    3 |         5 |         0 |     7 |            20.57 |     0 |    0 |    0 |            2 |   0 |    1 |   0 |      0 |    0 |        0 |         0 |           1 |                 1 |                 0 |       0 |       2 |           0 |    0 |    0 |      0 |       0 |   3 |  0 |            0 |
2026-05-19 10:30:56,007 [INFO][ips_offload] | Brenton Wu    |   11 |    0 |    1 |         6 |         0 |     6 |            14.90 |     0 |    0 |    0 |            3 |   1 |    0 |   0 |      0 |    0 |        0 |         0 |           1 |                 0 |                 0 |       0 |       0 |           0 |    0 |    0 |      0 |       2 |   0 |  0 |            0 |
2026-05-19 10:30:56,008 [INFO][ips_offload] | Kj Fang       |   10 |    0 |    1 |         5 |         0 |     6 |            14.47 |     0 |    1 |    0 |            0 |   0 |    0 |   0 |      0 |    0 |        0 |         0 |           1 |                 0 |                 0 |       0 |       2 |           0 |    0 |    0 |      0 |       0 |   3 |  0 |            0 |
2026-05-19 10:30:56,008 [INFO][ips_offload] | Matt Chen     |    7 |    0 |    3 |         4 |         0 |     6 |            16.91 |     0 |    0 |    0 |            3 |   0 |    0 |   0 |      0 |    0 |        0 |         1 |           0 |                 0 |                 0 |       0 |       0 |           0 |    0 |    0 |      0 |       0 |   5 |  0 |            0 |
2026-05-19 10:30:56,008 [INFO][ips_offload] | Steven1 Chen  |    7 |   11 |    2 |         3 |        11 |     6 |            10.96 |     0 |    0 |    0 |            4 |   0 |    0 |   0 |      0 |    0 |        0 |         0 |           0 |                 2 |                 0 |       0 |       0 |           0 |    0 |    0 |      0 |       0 |   0 |  0 |            0 |
2026-05-19 10:30:56,008 [INFO][ips_offload] | Timdaway Lai  |    2 |    4 |    3 |         0 |         3 |     6 |            20.60 |     0 |    1 |    1 |            1 |   0 |    1 |   0 |      0 |    0 |        0 |         0 |           2 |                 0 |                 0 |       0 |       0 |           0 |    0 |    0 |      0 |       1 |   3 |  0 |            0 |
2026-05-19 10:30:56,008 [INFO][ips_offload] | Wesley Kuo    |    4 |    0 |    4 |         3 |         0 |     5 |             9.26 |     0 |    0 |    1 |            4 |   0 |    0 |   0 |      0 |    0 |        0 |         0 |           0 |                 0 |                 0 |       0 |       0 |           0 |    0 |    0 |      0 |       0 |   0 |  0 |            0 |
2026-05-19 10:30:56,008 [INFO][ips_offload] | Charles Chu   |    6 |    0 |    0 |         3 |         0 |     3 |             7.40 |     0 |    0 |    0 |            0 |   0 |    0 |   0 |      0 |    0 |        0 |         1 |           0 |                 0 |                 0 |       0 |       1 |           0 |    0 |    0 |      0 |       0 |   2 |  0 |            0 |
2026-05-19 10:30:56,008 [INFO][ips_offload] | Henryx Su     |    3 |    0 |    0 |         1 |         0 |     2 |             3.86 |     0 |    0 |    0 |            0 |   0 |    0 |   0 |      0 |    0 |        0 |         0 |           0 |                 0 |                 0 |       0 |       0 |           0 |    0 |    0 |      0 |       0 |   2 |  0 |            0 |
2026-05-19 10:30:56,008 [INFO][ips_offload] | Jackx Lee     |    4 |    0 |    2 |         4 |         0 |     2 |             6.41 |     0 |    1 |    0 |            0 |   0 |    0 |   0 |      0 |    0 |        0 |         0 |           1 |                 0 |                 0 |       0 |       0 |           0 |    0 |    0 |      0 |       0 |   1 |  0 |            0 |
2026-05-19 10:30:56,008 [INFO][ips_offload] | Yu-wei Chen   |    2 |    0 |    2 |         2 |         0 |     2 |             3.88 |     0 |    0 |    0 |            2 |   0 |    0 |   0 |      0 |    0 |        0 |         0 |           0 |                 0 |                 0 |       0 |       0 |           0 |    0 |    0 |      0 |       0 |   0 |  0 |            0 |
2026-05-19 10:30:56,008 [INFO][ips_offload] | Juan Zou      |    1 |    0 |    0 |         0 |         0 |     1 |             1.94 |     0 |    0 |    0 |            1 |   0 |    0 |   0 |      0 |    0 |        0 |         0 |           0 |                 0 |                 0 |       0 |       0 |           0 |    0 |    0 |      0 |       0 |   0 |  0 |            0 |
2026-05-19 10:30:56,008 [INFO][ips_offload] | Lydiax Chien  |    0 |    0 |    1 |         0 |         0 |     1 |             1.93 |     0 |    0 |    0 |            1 |   0 |    0 |   0 |      0 |    0 |        0 |         0 |           0 |                 0 |                 0 |       0 |       0 |           0 |    0 |    0 |      0 |       0 |   0 |  0 |            0 |
2026-05-19 10:30:56,008 [INFO][ips_offload] | Jonathan Tsao |    0 |    0 |    0 |         0 |         0 |     0 |             0.00 |     0 |    0 |    0 |            0 |   0 |    0 |   0 |      0 |    0 |        0 |         0 |           0 |                 0 |                 0 |       0 |       0 |           0 |    0 |    0 |      0 |       0 |   0 |  0 |            0 |
2026-05-19 10:30:56,008 [INFO][ips_offload] | Leo Chiang    |    0 |    3 |    0 |         0 |         3 |     0 |             1.94 |     0 |    0 |    0 |            1 |   0 |    0 |   0 |      0 |    0 |        0 |         0 |           0 |                 0 |                 0 |       0 |       0 |           0 |    0 |    0 |      0 |       0 |   0 |  0 |            0 |
2026-05-19 10:30:56,009 [INFO][ips_offload] | Yu-Wei Chen   |    0 |    3 |    0 |         0 |         3 |     0 |             3.88 |     0 |    0 |    0 |            2 |   0 |    0 |   0 |      0 |    0 |        0 |         0 |           0 |                 0 |                 0 |       0 |       0 |           0 |    0 |    0 |      0 |       0 |   0 |  0 |            0 |
2026-05-19 10:30:56,009 [INFO][ips_offload] +---------------+------+------+------+-----------+-----------+-------+------------------+-------+------+------+--------------+-----+------+-----+--------+------+----------+-----------+-------------+-------------------+-------------------+---------+---------+-------------+------+------+--------+---------+-----+----+--------------+
2026-05-19 10:30:56,009 [INFO][ips_offload] Offload decision mode: Curr
2026-05-19 10:30:56,012 [INFO][ips_offload] Graph auth mode: delegated
2026-05-19 10:30:58,702 [INFO][ips_offload] Summary-only loading email sent to 20 recipient(s).
[Config] Using GRAPH_CLIENT_SECRET from environment/.env.
[Auth] Using cached Graph delegated token.
[INFO] Finished with exit code 0
[INFO] Exit code: 0
[INFO] ===== Offload loading-summary daily end =====
