[INFO] ===== Offload scheduler start =====
[INFO] Timestamp: Thu 05/07/2026  6:23:02.89
[INFO] Script dir: C:\Users\jtsao1\OneDrive - Intel Corporation\Documents\My workspace\jira_ips_tat_HP\jira_tat\jira_customer_tat\
[INFO] Current dir: C:\Users\jtsao1\OneDrive - Intel Corporation\Documents\My workspace\jira_ips_tat_HP\jira_tat\jira_customer_tat
[INFO] DB host reachable: 10-108-27-113.dbaas.intel.com
C:\Python314\python.exe
C:\Users\jtsao1\AppData\Local\Microsoft\WindowsApps\python.exe
C:\Users\jtsao1\AppData\Local\Python\bin\python.exe
[INFO] GRAPH_AUTH_MODE=delegated
[INFO] GRAPH_SENDER_UPN=frank.lee@intel.com
[INFO] OFFLOAD_RECEIVER_MAX_ISSUES=10
[INFO] OFFLOAD_ALWAYS_EXCLUDED_REPORTERS=Jonathan Tsao
[INFO] Running offload_reporter_issues.py --send-email
[INFO] OFFLOAD_ALWAYS_EXCLUDED_REPORTERS=Jonathan Tsao
2026-05-07 06:23:08,844 [INFO][ips_offload] Included 7 allowed reporter(s) with zero current issues for receiver rotation.
2026-05-07 06:23:09,837 [INFO][ips_offload] Current issue calculation breakdown per reporter:
2026-05-07 06:23:12,571 [INFO][ips_offload] Weighted loading trial enabled for visibility; offload decision remains based on Curr.
2026-05-07 06:23:12,572 [INFO][ips_offload] Combined trial table (single table with category columns, decision still uses Curr):
2026-05-07 06:23:12,572 [INFO][ips_offload] +---------------+------+------+------+-----------+-----------+-------+------------------+-------+------+------+--------------+-----+------+-----+--------+------+----------+-----------+-------------+-------------------+-------------------+---------+---------+-------------+------+------+--------+---------+-----+----+--------------+
2026-05-07 06:23:12,572 [INFO][ips_offload] | Name          | uIPS | uHSD | Jira | Stale IPS | Stale HSD | Total | Weighted Loading | Audio | BIOS | BSOD | Connectivity | HLK | ICPS | IOP | Killer | MSFT | Miracast | OEM Tools | Performance | Power Consumption | Power on sequence | Roaming | Sensing | System Hang | UEFI | WAPI | WowLAN | YB/Lost | P2P | RF | Needs-Triage |
2026-05-07 06:23:12,572 [INFO][ips_offload] +---------------+------+------+------+-----------+-----------+-------+------------------+-------+------+------+--------------+-----+------+-----+--------+------+----------+-----------+-------------+-------------------+-------------------+---------+---------+-------------+------+------+--------+---------+-----+----+--------------+
2026-05-07 06:23:12,572 [INFO][ips_offload] | Steven1 Chen  |    8 |   11 |    3 |         7 |         2 |    13 |            16.76 |     0 |    0 |    0 |            4 |   0 |    0 |   0 |      0 |    0 |        0 |         0 |           0 |                 0 |                 0 |       0 |       0 |           0 |    0 |    0 |      0 |       0 |   0 |  0 |            0 |
2026-05-07 06:23:12,572 [INFO][ips_offload] | Frank Lee     |    8 |    0 |    5 |         5 |         0 |     8 |            22.62 |     0 |    0 |    0 |            2 |   0 |    1 |   0 |      0 |    0 |        0 |         0 |           0 |                 1 |                 0 |       0 |       1 |           0 |    0 |    0 |      0 |       2 |   4 |  0 |            0 |
2026-05-07 06:23:12,572 [INFO][ips_offload] | Frank Yang    |   11 |    0 |    0 |         3 |         0 |     8 |            33.36 |     0 |    3 |    2 |            0 |   0 |    2 |   0 |      0 |    0 |        0 |         3 |           4 |                 0 |                 0 |       0 |       1 |           0 |    0 |    0 |      0 |       1 |   1 |  1 |            0 |
2026-05-07 06:23:12,572 [INFO][ips_offload] | Brenton Wu    |   10 |    0 |    2 |         5 |         0 |     7 |            13.51 |     0 |    0 |    0 |            3 |   2 |    0 |   0 |      0 |    0 |        0 |         0 |           0 |                 0 |                 0 |       0 |       0 |           0 |    0 |    0 |      0 |       1 |   1 |  0 |            0 |
2026-05-07 06:23:12,572 [INFO][ips_offload] | Zhiqiang Cai  |    5 |    0 |    4 |         2 |         0 |     7 |            17.02 |     0 |    0 |    2 |            3 |   0 |    0 |   0 |      0 |    0 |        0 |         0 |           0 |                 0 |                 0 |       0 |       1 |           0 |    1 |    0 |      0 |       0 |   3 |  0 |            0 |
2026-05-07 06:23:12,572 [INFO][ips_offload] | Wesley Kuo    |   12 |    0 |    2 |         8 |         0 |     6 |            11.20 |     0 |    0 |    1 |            5 |   0 |    0 |   0 |      0 |    0 |        0 |         0 |           0 |                 0 |                 0 |       0 |       0 |           0 |    0 |    0 |      0 |       0 |   0 |  0 |            0 |
2026-05-07 06:23:12,572 [INFO][ips_offload] | Bingyue Sun   |    5 |    0 |    2 |         2 |         0 |     5 |             9.26 |     0 |    0 |    1 |            4 |   0 |    0 |   0 |      0 |    0 |        0 |         0 |           0 |                 0 |                 0 |       0 |       0 |           0 |    0 |    0 |      0 |       0 |   0 |  0 |            0 |
2026-05-07 06:23:12,572 [INFO][ips_offload] | Charles Chu   |    6 |    0 |    0 |         1 |         0 |     5 |            11.43 |     0 |    0 |    0 |            0 |   0 |    0 |   0 |      0 |    0 |        0 |         1 |           0 |                 0 |                 0 |       0 |       2 |           0 |    0 |    0 |      0 |       0 |   3 |  0 |            0 |
2026-05-07 06:23:12,572 [INFO][ips_offload] | Kj Fang       |    6 |    0 |    1 |         2 |         0 |     5 |            12.29 |     0 |    0 |    0 |            2 |   0 |    0 |   0 |      0 |    0 |        0 |         0 |           1 |                 0 |                 0 |       0 |       0 |           0 |    0 |    0 |      0 |       0 |   3 |  0 |            0 |
2026-05-07 06:23:12,572 [INFO][ips_offload] | Jackx Lee     |    4 |    0 |    2 |         2 |         0 |     4 |            10.77 |     0 |    1 |    0 |            0 |   0 |    0 |   0 |      0 |    0 |        0 |         0 |           1 |                 0 |                 0 |       0 |       0 |           0 |    0 |    0 |      0 |       1 |   2 |  0 |            0 |
2026-05-07 06:23:12,572 [INFO][ips_offload] | Timdaway Lai  |    1 |    3 |    1 |         0 |         2 |     3 |            15.03 |     0 |    1 |    0 |            1 |   0 |    1 |   0 |      0 |    0 |        0 |         0 |           1 |                 0 |                 0 |       0 |       0 |           0 |    0 |    0 |      0 |       1 |   2 |  0 |            0 |
2026-05-07 06:23:12,572 [INFO][ips_offload] | Yu-Wei Chen   |    0 |    3 |    0 |         0 |         0 |     3 |             0.00 |     0 |    0 |    0 |            0 |   0 |    0 |   0 |      0 |    0 |        0 |         0 |           0 |                 0 |                 0 |       0 |       0 |           0 |    0 |    0 |      0 |       0 |   0 |  0 |            0 |
2026-05-07 06:23:12,572 [INFO][ips_offload] | Juan Zou      |    2 |    0 |    0 |         0 |         0 |     2 |             3.44 |     0 |    0 |    1 |            1 |   0 |    0 |   0 |      0 |    0 |        0 |         0 |           0 |                 0 |                 0 |       0 |       0 |           0 |    0 |    0 |      0 |       0 |   0 |  0 |            0 |
2026-05-07 06:23:12,572 [INFO][ips_offload] | Matt Chen     |    6 |    0 |    1 |         5 |         0 |     2 |             9.66 |     0 |    0 |    0 |            1 |   0 |    0 |   0 |      0 |    0 |        0 |         0 |           0 |                 0 |                 0 |       0 |       0 |           0 |    0 |    0 |      0 |       0 |   4 |  0 |            0 |
2026-05-07 06:23:12,572 [INFO][ips_offload] | Henryx Su     |    2 |    0 |    0 |         1 |         0 |     1 |             1.93 |     0 |    0 |    0 |            0 |   0 |    0 |   0 |      0 |    0 |        0 |         0 |           0 |                 0 |                 0 |       0 |       0 |           0 |    0 |    0 |      0 |       0 |   1 |  0 |            0 |
2026-05-07 06:23:12,572 [INFO][ips_offload] | Leo Chiang    |    4 |    3 |    0 |         4 |         2 |     1 |             2.94 |     0 |    0 |    0 |            1 |   0 |    0 |   0 |      0 |    0 |        0 |         0 |           0 |                 0 |                 0 |       0 |       0 |           0 |    0 |    0 |      0 |       0 |   0 |  0 |            0 |
2026-05-07 06:23:12,572 [INFO][ips_offload] | Lydiax Chien  |    0 |    0 |    1 |         0 |         0 |     1 |             1.93 |     0 |    0 |    0 |            1 |   0 |    0 |   0 |      0 |    0 |        0 |         0 |           0 |                 0 |                 0 |       0 |       0 |           0 |    0 |    0 |      0 |       0 |   0 |  0 |            0 |
2026-05-07 06:23:12,573 [INFO][ips_offload] | Jonathan Tsao |    0 |    0 |    0 |         0 |         0 |     0 |             0.00 |     0 |    0 |    0 |            0 |   0 |    0 |   0 |      0 |    0 |        0 |         0 |           0 |                 0 |                 0 |       0 |       0 |           0 |    0 |    0 |      0 |       0 |   0 |  0 |            0 |
2026-05-07 06:23:12,573 [INFO][ips_offload] | Yu-wei Chen   |    2 |    0 |    0 |         2 |         0 |     0 |             0.00 |     0 |    0 |    0 |            0 |   0 |    0 |   0 |      0 |    0 |        0 |         0 |           0 |                 0 |                 0 |       0 |       0 |           0 |    0 |    0 |      0 |       0 |   0 |  0 |            0 |
2026-05-07 06:23:12,573 [INFO][ips_offload] +---------------+------+------+------+-----------+-----------+-------+------------------+-------+------+------+--------------+-----+------+-----+--------+------+----------+-----------+-------------+-------------------+-------------------+---------+---------+-------------+------+------+--------+---------+-----+----+--------------+
2026-05-07 06:23:12,573 [INFO][ips_offload] Offload decision mode: Curr
2026-05-07 06:23:12,581 [INFO][ips_offload] Created 1 trigger notification(s) for over-threshold reporters.
2026-05-07 06:23:14,408 [WARNING][ips_offload] Skipping recommendation for case 980796: IPS case is already closed.
2026-05-07 06:23:14,408 [WARNING][ips_offload] No new IPS case found in Jonathan queue after history filtering.
2026-05-07 06:23:14,409 [INFO][ips_offload] Sending informational notification: no queue case available for recommendation.
2026-05-07 06:23:14,409 [INFO][ips_offload] Current load:
- Bing Chang: 0.00 current issues
- Johnsonx Su: 0.00 current issues
- Leaweix Chen: 0.00 current issues
- Tonyx Yeh: 0.00 current issues
- Xihaox Yang: 0.00 current issues
- Yu-wei Chen: 0.00 current issues
- Zhanying Gao: 0.00 current issues
- Zhiwei He: 0.00 current issues
- Henryx Su: 1.00 current issues
- Leo Chiang: 1.00 current issues
- Lydiax Chien: 1.00 current issues
- Juan Zou: 2.00 current issues
- Matt Chen: 2.00 current issues
- Timdaway Lai: 3.00 current issues
- Jackx Lee: 4.00 current issues
- Bingyue Sun: 5.00 current issues
- Charles Chu: 5.00 current issues
- Kj Fang: 5.00 current issues
- Wesley Kuo: 6.00 current issues
- Brenton Wu: 7.00 current issues
- Zhiqiang Cai: 7.00 current issues
- Frank Lee: 8.00 current issues
- Frank Yang: 8.00 current issues
- Steven1 Chen: 13.00 current issues
2026-05-07 06:23:14,409 [INFO][ips_offload] Graph auth mode: delegated
2026-05-07 06:23:19,054 [INFO][ips_offload] Trigger email sent to 1 target(s).
2026-05-07 06:23:19,054 [INFO][ips_offload] No email sent: no pending reminder and no recommendation/info content.
[Config] Using GRAPH_CLIENT_SECRET from environment/.env.
[Auth] Using cached Graph delegated token.
[INFO] Finished with exit code 0
[INFO] Exit code: 0
[INFO] ===== Offload scheduler end =====
