[INFO] ===== Offload scheduler start =====
[INFO] Timestamp: Tue 04/28/2026  7:23:01.73
[INFO] Script dir: C:\Users\jtsao1\OneDrive - Intel Corporation\Documents\My workspace\jira_ips_tat_HP\jira_tat\jira_customer_tat\
[INFO] Current dir: C:\Users\jtsao1\OneDrive - Intel Corporation\Documents\My workspace\jira_ips_tat_HP\jira_tat\jira_customer_tat
C:\Python314\python.exe
C:\Users\jtsao1\AppData\Local\Microsoft\WindowsApps\python.exe
C:\Users\jtsao1\AppData\Local\Python\bin\python.exe
[INFO] GRAPH_AUTH_MODE=delegated
[INFO] GRAPH_SENDER_UPN=frank.lee@intel.com
[INFO] OFFLOAD_RECEIVER_MAX_ISSUES=10
[INFO] OFFLOAD_ALWAYS_EXCLUDED_REPORTERS=Jonathan Tsao
[INFO] Running offload_reporter_issues.py --send-email
[INFO] OFFLOAD_ALWAYS_EXCLUDED_REPORTERS=Jonathan Tsao
2026-04-28 07:23:07,585 [INFO][ips_offload] Included 6 allowed reporter(s) with zero current issues for receiver rotation.
2026-04-28 07:23:08,255 [INFO][ips_offload] Current issue calculation breakdown per reporter:
2026-04-28 07:23:11,159 [INFO][ips_offload] Weighted loading trial enabled for visibility; offload decision remains based on Curr.
2026-04-28 07:23:11,159 [INFO][ips_offload] Combined trial table (single table with category columns, decision still uses Curr):
2026-04-28 07:23:11,160 [INFO][ips_offload] +---------------+------+------+------+-----------+-----------+-------+------------------+-------+------+------+--------------+-----+------+-----+--------+------+----------+-----------+-------------+-------------------+-------------------+---------+---------+-------------+------+------+--------+---------+-----+----+--------------+
2026-04-28 07:23:11,160 [INFO][ips_offload] | Name          | uIPS | uHSD | Jira | Stale IPS | Stale HSD | Total | Weighted Loading | Audio | BIOS | BSOD | Connectivity | HLK | ICPS | IOP | Killer | MSFT | Miracast | OEM Tools | Performance | Power Consumption | Power on sequence | Roaming | Sensing | System Hang | UEFI | WAPI | WowLAN | YB/Lost | P2P | RF | Needs-Triage |
2026-04-28 07:23:11,160 [INFO][ips_offload] +---------------+------+------+------+-----------+-----------+-------+------------------+-------+------+------+--------------+-----+------+-----+--------+------+----------+-----------+-------------+-------------------+-------------------+---------+---------+-------------+------+------+--------+---------+-----+----+--------------+
2026-04-28 07:23:11,160 [INFO][ips_offload] | Steven1 Chen  |   10 |   12 |    4 |         9 |         0 |    17 |            21.70 |     0 |    0 |    0 |            5 |   0 |    0 |   0 |      0 |    0 |        0 |         0 |           0 |                 0 |                 0 |       0 |       0 |           0 |    0 |    0 |      0 |       0 |   0 |  0 |            0 |
2026-04-28 07:23:11,160 [INFO][ips_offload] | Frank Lee     |   17 |    0 |    9 |        11 |         0 |    15 |            32.76 |     0 |    0 |    0 |            3 |   0 |    0 |   0 |      0 |    0 |        0 |         0 |           3 |                 0 |                 0 |       0 |       4 |           0 |    0 |    0 |      0 |       2 |   3 |  0 |            0 |
2026-04-28 07:23:11,160 [INFO][ips_offload] | Zhiqiang Cai  |    5 |    0 |    6 |         0 |         0 |    11 |            24.51 |     0 |    0 |    1 |            1 |   0 |    0 |   0 |      0 |    0 |        0 |         0 |           1 |                 0 |                 0 |       0 |       1 |           0 |    1 |    0 |      0 |       4 |   3 |  0 |            0 |
2026-04-28 07:23:11,160 [INFO][ips_offload] | Frank Yang    |   10 |    0 |    2 |         2 |         0 |    10 |            21.33 |     0 |    0 |    0 |            2 |   0 |    0 |   0 |      0 |    0 |        0 |         2 |           4 |                 0 |                 0 |       0 |       1 |           0 |    0 |    0 |      0 |       0 |   1 |  0 |            0 |
2026-04-28 07:23:11,160 [INFO][ips_offload] | Bingyue Sun   |    6 |    0 |    3 |         0 |         0 |     9 |            16.92 |     1 |    0 |    2 |            6 |   0 |    0 |   0 |      0 |    0 |        0 |         0 |           0 |                 0 |                 0 |       0 |       0 |           0 |    0 |    0 |      0 |       0 |   0 |  0 |            0 |
2026-04-28 07:23:11,160 [INFO][ips_offload] | Wesley Kuo    |   11 |    0 |    2 |         5 |         0 |     8 |            14.90 |     0 |    0 |    1 |            5 |   0 |    0 |   0 |      0 |    0 |        0 |         1 |           0 |                 0 |                 0 |       0 |       0 |           0 |    0 |    0 |      0 |       1 |   0 |  0 |            0 |
2026-04-28 07:23:11,160 [INFO][ips_offload] | Jackx Lee     |    4 |    0 |    4 |         1 |         0 |     7 |            15.54 |     0 |    1 |    0 |            1 |   0 |    0 |   0 |      0 |    0 |        0 |         2 |           0 |                 0 |                 0 |       0 |       1 |           0 |    0 |    0 |      0 |       2 |   1 |  0 |            0 |
2026-04-28 07:23:11,160 [INFO][ips_offload] | Kj Fang       |   29 |    0 |    2 |        24 |         0 |     7 |            14.93 |     0 |    0 |    0 |            3 |   0 |    0 |   0 |      0 |    0 |        0 |         0 |           2 |                 0 |                 0 |       0 |       0 |           0 |    0 |    0 |      0 |       0 |   2 |  0 |            0 |
2026-04-28 07:23:11,160 [INFO][ips_offload] | Timdaway Lai  |    4 |    3 |    3 |         2 |         2 |     6 |            11.72 |     0 |    0 |    1 |            2 |   0 |    1 |   0 |      0 |    0 |        0 |         0 |           0 |                 0 |                 0 |       0 |       1 |           0 |    0 |    0 |      0 |       1 |   0 |  0 |            0 |
2026-04-28 07:23:11,160 [INFO][ips_offload] | Brenton Wu    |    8 |    0 |    2 |         5 |         0 |     5 |             9.80 |     0 |    0 |    0 |            1 |   2 |    0 |   0 |      0 |    0 |        0 |         0 |           0 |                 0 |                 0 |       0 |       0 |           0 |    0 |    0 |      0 |       1 |   1 |  0 |            0 |
2026-04-28 07:23:11,160 [INFO][ips_offload] | Matt Chen     |    6 |    0 |    5 |         6 |         0 |     5 |            10.66 |     0 |    0 |    0 |            2 |   0 |    0 |   0 |      0 |    0 |        0 |         0 |           0 |                 0 |                 0 |       0 |       0 |           0 |    0 |    0 |      0 |       2 |   1 |  0 |            0 |
2026-04-28 07:23:11,161 [INFO][ips_offload] | Charles Chu   |   11 |    0 |    2 |         9 |         0 |     4 |             7.40 |     0 |    0 |    0 |            0 |   0 |    0 |   0 |      0 |    0 |        0 |         1 |           0 |                 0 |                 0 |       0 |       1 |           0 |    0 |    0 |      0 |       0 |   2 |  0 |            0 |
2026-04-28 07:23:11,161 [INFO][ips_offload] | Juan Zou      |    3 |    0 |    0 |         0 |         0 |     3 |             5.38 |     0 |    0 |    1 |            2 |   0 |    0 |   0 |      0 |    0 |        0 |         0 |           0 |                 0 |                 0 |       0 |       0 |           0 |    0 |    0 |      0 |       0 |   0 |  0 |            0 |
2026-04-28 07:23:11,161 [INFO][ips_offload] | Henryx Su     |    2 |    0 |    0 |         0 |         0 |     2 |             3.64 |     0 |    0 |    1 |            0 |   0 |    0 |   0 |      0 |    0 |        0 |         0 |           1 |                 0 |                 0 |       0 |       0 |           0 |    0 |    0 |      0 |       0 |   0 |  0 |            0 |
2026-04-28 07:23:11,161 [INFO][ips_offload] | Leo Chiang    |    8 |    3 |    0 |         7 |         2 |     2 |             2.94 |     0 |    0 |    0 |            1 |   0 |    0 |   0 |      0 |    0 |        0 |         0 |           0 |                 0 |                 0 |       0 |       0 |           0 |    0 |    0 |      0 |       0 |   0 |  0 |            0 |
2026-04-28 07:23:11,161 [INFO][ips_offload] | Lydiax Chien  |    1 |    0 |    1 |         0 |         0 |     2 |             3.86 |     0 |    0 |    0 |            1 |   0 |    0 |   0 |      0 |    0 |        0 |         0 |           0 |                 0 |                 0 |       0 |       0 |           0 |    0 |    0 |      0 |       0 |   1 |  0 |            0 |
2026-04-28 07:23:11,161 [INFO][ips_offload] | Yu-wei Chen   |    5 |    0 |    0 |         3 |         0 |     2 |             5.44 |     0 |    0 |    1 |            1 |   0 |    0 |   0 |      0 |    0 |        0 |         0 |           0 |                 0 |                 0 |       0 |       0 |           0 |    0 |    0 |      0 |       0 |   0 |  0 |            0 |
2026-04-28 07:23:11,161 [INFO][ips_offload] | Yu-Wei Chen   |    0 |    2 |    0 |         0 |         0 |     2 |             5.44 |     0 |    0 |    1 |            1 |   0 |    0 |   0 |      0 |    0 |        0 |         0 |           0 |                 0 |                 0 |       0 |       0 |           0 |    0 |    0 |      0 |       0 |   0 |  0 |            0 |
2026-04-28 07:23:11,161 [INFO][ips_offload] | Tonyx Yeh     |    0 |    0 |    1 |         0 |         0 |     1 |             1.94 |     0 |    0 |    0 |            1 |   0 |    0 |   0 |      0 |    0 |        0 |         0 |           0 |                 0 |                 0 |       0 |       0 |           0 |    0 |    0 |      0 |       0 |   0 |  0 |            0 |
2026-04-28 07:23:11,161 [INFO][ips_offload] | Jonathan Tsao |    0 |    0 |    0 |         0 |         0 |     0 |             0.00 |     0 |    0 |    0 |            0 |   0 |    0 |   0 |      0 |    0 |        0 |         0 |           0 |                 0 |                 0 |       0 |       0 |           0 |    0 |    0 |      0 |       0 |   0 |  0 |            0 |
2026-04-28 07:23:11,161 [INFO][ips_offload] +---------------+------+------+------+-----------+-----------+-------+------------------+-------+------+------+--------------+-----+------+-----+--------+------+----------+-----------+-------------+-------------------+-------------------+---------+---------+-------------+------+------+--------+---------+-----+----+--------------+
2026-04-28 07:23:11,161 [INFO][ips_offload] Offload decision mode: Curr
2026-04-28 07:23:11,167 [INFO][ips_offload] Created 1 trigger notification(s) for over-threshold reporters.
2026-04-28 07:23:11,167 [INFO][ips_offload] All current overloaded reporters were freshly triggered this run; stage-2 deferred to next run.
2026-04-28 07:23:11,169 [INFO][ips_offload] Sending informational notification: no queue case available for recommendation.
2026-04-28 07:23:11,169 [INFO][ips_offload] Current load:
- Bing Chang: 0.00 current issues
- Johnsonx Su: 0.00 current issues
- Leaweix Chen: 0.00 current issues
- Xihaox Yang: 0.00 current issues
- Zhanying Gao: 0.00 current issues
- Zhiwei He: 0.00 current issues
- Tonyx Yeh: 1.00 current issues
- Henryx Su: 2.00 current issues
- Leo Chiang: 2.00 current issues
- Lydiax Chien: 2.00 current issues
- Yu-Wei Chen: 2.00 current issues
- Juan Zou: 3.00 current issues
- Charles Chu: 4.00 current issues
- Brenton Wu: 5.00 current issues
- Matt Chen: 5.00 current issues
- Timdaway Lai: 6.00 current issues
- Jackx Lee: 7.00 current issues
- Kj Fang: 7.00 current issues
- Wesley Kuo: 8.00 current issues
- Bingyue Sun: 9.00 current issues
- Frank Yang: 10.00 current issues
- Zhiqiang Cai: 11.00 current issues
- Frank Lee: 15.00 current issues
- Steven1 Chen: 17.00 current issues
2026-04-28 07:23:11,169 [INFO][ips_offload] Graph auth mode: delegated
2026-04-28 07:23:14,796 [INFO][ips_offload] Trigger email sent to 1 target(s).
2026-04-28 07:23:14,796 [INFO][ips_offload] No email sent: no pending reminder and no recommendation/info content.
[Config] Using GRAPH_CLIENT_SECRET from environment/.env.
[Auth] Using cached Graph delegated token.
[INFO] Finished with exit code 0
[INFO] Exit code: 0
[INFO] ===== Offload scheduler end =====
