[INFO] ===== Offload scheduler start =====
[INFO] Timestamp: Mon 04/20/2026 23:23:02.13
[INFO] Script dir: C:\Users\jtsao1\OneDrive - Intel Corporation\Documents\My workspace\jira_ips_tat_HP\jira_tat\jira_customer_tat\
[INFO] Current dir: C:\Users\jtsao1\OneDrive - Intel Corporation\Documents\My workspace\jira_ips_tat_HP\jira_tat\jira_customer_tat
C:\Python314\python.exe
C:\Users\jtsao1\AppData\Local\Microsoft\WindowsApps\python.exe
C:\Users\jtsao1\AppData\Local\Python\bin\python.exe
[INFO] GRAPH_AUTH_MODE=delegated
[INFO] GRAPH_SENDER_UPN=frank.lee@intel.com
[INFO] OFFLOAD_RECEIVER_MAX_ISSUES=10
[INFO] OFFLOAD_ALWAYS_EXCLUDED_REPORTERS=Jonathan Tsao
[INFO] Running offload_reporter_issues.py --send-email
[INFO] OFFLOAD_ALWAYS_EXCLUDED_REPORTERS=Jonathan Tsao
2026-04-20 23:23:07,812 [INFO][ips_offload] Included 6 allowed reporter(s) with zero current issues for receiver rotation.
2026-04-20 23:23:08,481 [INFO][ips_offload] Current issue calculation breakdown per reporter:
2026-04-20 23:23:12,466 [INFO][ips_offload] Weighted loading trial enabled for visibility; offload decision remains based on Curr.
2026-04-20 23:23:12,467 [INFO][ips_offload] Combined trial table (single table with category columns, decision still uses Curr):
2026-04-20 23:23:12,468 [INFO][ips_offload] +--------------+------+------+------+-----------+-----------+-------+------------------+-------+------+------+--------------+-----+------+-----+--------+------+----------+-----------+-------------+-------------------+-------------------+---------+---------+-------------+------+------+--------+---------+--------------+-------------------+
2026-04-20 23:23:12,468 [INFO][ips_offload] | Name         | uIPS | uHSD | Jira | Stale IPS | Stale HSD | Total | Weighted Loading | Audio | BIOS | BSOD | Connectivity | HLK | ICPS | IOP | Killer | MSFT | Miracast | OEM Tools | Performance | Power Consumption | Power on sequence | Roaming | Sensing | System Hang | UEFI | WAPI | WowLAN | YB/Lost | Needs-Triage | Unmapped(Default) |
2026-04-20 23:23:12,468 [INFO][ips_offload] +--------------+------+------+------+-----------+-----------+-------+------------------+-------+------+------+--------------+-----+------+-----+--------+------+----------+-----------+-------------+-------------------+-------------------+---------+---------+-------------+------+------+--------+---------+--------------+-------------------+
2026-04-20 23:23:12,468 [INFO][ips_offload] | Frank Lee    |   16 |    0 |    9 |        11 |         0 |    14 |            32.87 |     0 |    1 |    0 |            1 |   0 |    0 |   0 |      0 |    0 |        0 |         0 |           6 |                 0 |                 0 |       0 |       4 |           0 |    0 |    0 |      0 |       2 |            0 |                 0 |
2026-04-20 23:23:12,468 [INFO][ips_offload] | Leo Chiang   |    8 |   15 |    0 |         7 |         2 |    14 |            14.94 |     0 |    0 |    0 |            1 |   0 |    0 |   0 |      0 |    0 |        0 |         0 |           0 |                 0 |                 0 |       0 |       0 |           0 |    0 |    0 |      0 |       0 |            0 |                 0 |
2026-04-20 23:23:12,468 [INFO][ips_offload] | Bingyue Sun  |    9 |    0 |    2 |         0 |         0 |    11 |            20.37 |     1 |    0 |    3 |            3 |   1 |    0 |   0 |      0 |    0 |        0 |         0 |           2 |                 0 |                 0 |       0 |       0 |           0 |    0 |    0 |      0 |       1 |            0 |                 0 |
2026-04-20 23:23:12,468 [INFO][ips_offload] | Timdaway Lai |    5 |   11 |    3 |         2 |         7 |    10 |            16.39 |     0 |    0 |    1 |            0 |   0 |    1 |   0 |      0 |    0 |        0 |         0 |           0 |                 0 |                 0 |       0 |       2 |           0 |    0 |    0 |      0 |       2 |            0 |                 1 |
2026-04-20 23:23:12,468 [INFO][ips_offload] | Zhiqiang Cai |    5 |    0 |    6 |         1 |         0 |    10 |            15.88 |     0 |    1 |    1 |            0 |   0 |    0 |   0 |      0 |    0 |        0 |         0 |           2 |                 0 |                 0 |       0 |       0 |           0 |    1 |    0 |      0 |       1 |            0 |                 4 |
2026-04-20 23:23:12,468 [INFO][ips_offload] | Frank Yang   |    8 |    0 |    3 |         2 |         0 |     9 |            21.04 |     0 |    0 |    0 |            1 |   0 |    0 |   0 |      0 |    0 |        0 |         1 |           4 |                 0 |                 0 |       0 |       1 |           1 |    0 |    0 |      0 |       1 |            0 |                 0 |
2026-04-20 23:23:12,468 [INFO][ips_offload] | Charles Chu  |   12 |    0 |    6 |        10 |         0 |     8 |            17.86 |     0 |    0 |    0 |            2 |   0 |    0 |   0 |      0 |    0 |        0 |         1 |           4 |                 0 |                 0 |       0 |       0 |           0 |    0 |    0 |      0 |       0 |            0 |                 2 |
2026-04-20 23:23:12,468 [INFO][ips_offload] | Jackx Lee    |    5 |    0 |    5 |         2 |         0 |     8 |            16.83 |     0 |    0 |    0 |            1 |   0 |    0 |   0 |      0 |    0 |        0 |         2 |           3 |                 0 |                 0 |       0 |       1 |           0 |    0 |    0 |      0 |       0 |            0 |                 2 |
2026-04-20 23:23:12,469 [INFO][ips_offload] | Wesley Kuo   |   11 |    0 |    2 |         5 |         0 |     8 |            14.00 |     0 |    0 |    1 |            5 |   0 |    0 |   0 |      0 |    0 |        0 |         1 |           0 |                 0 |                 0 |       0 |       0 |           0 |    1 |    0 |      0 |       0 |            0 |                 0 |
2026-04-20 23:23:12,469 [INFO][ips_offload] | Tonyx Yeh    |    0 |    0 |    7 |         0 |         0 |     7 |            13.92 |     1 |    0 |    0 |            6 |   0 |    0 |   0 |      0 |    0 |        0 |         0 |           0 |                 0 |                 0 |       0 |       0 |           0 |    0 |    0 |      0 |       0 |            0 |                 0 |
2026-04-20 23:23:12,469 [INFO][ips_offload] | Brenton Wu   |    8 |    0 |    3 |         5 |         0 |     6 |            11.09 |     0 |    0 |    0 |            1 |   1 |    0 |   0 |      0 |    0 |        0 |         0 |           1 |                 0 |                 0 |       0 |       0 |           0 |    1 |    0 |      0 |       1 |            0 |                 1 |
2026-04-20 23:23:12,469 [INFO][ips_offload] | Kj Fang      |   28 |    0 |    2 |        24 |         0 |     6 |            13.17 |     0 |    0 |    0 |            3 |   0 |    0 |   0 |      0 |    0 |        0 |         0 |           2 |                 0 |                 0 |       0 |       1 |           0 |    0 |    0 |      0 |       0 |            0 |                 0 |
2026-04-20 23:23:12,469 [INFO][ips_offload] | Matt Chen    |    6 |    0 |    5 |         6 |         0 |     5 |             5.94 |     0 |    0 |    2 |            1 |   0 |    0 |   0 |      0 |    0 |        0 |         0 |           0 |                 0 |                 0 |       0 |       0 |           0 |    0 |    0 |      0 |       0 |            0 |                 2 |
2026-04-20 23:23:12,469 [INFO][ips_offload] | Steven1 Chen |   10 |    0 |    5 |        10 |         0 |     5 |            10.02 |     0 |    0 |    0 |            4 |   0 |    0 |   0 |      0 |    0 |        0 |         0 |           0 |                 0 |                 0 |       0 |       0 |           0 |    0 |    0 |      0 |       1 |            0 |                 0 |
2026-04-20 23:23:12,469 [INFO][ips_offload] | Juan Zou     |    2 |    0 |    0 |         0 |         0 |     2 |             4.51 |     0 |    0 |    0 |            1 |   0 |    0 |   0 |      0 |    0 |        0 |         0 |           0 |                 0 |                 0 |       0 |       0 |           1 |    0 |    0 |      0 |       0 |            0 |                 0 |
2026-04-20 23:23:12,469 [INFO][ips_offload] | Henryx Su    |    1 |    0 |    0 |         0 |         0 |     1 |             1.00 |     0 |    0 |    1 |            0 |   0 |    0 |   0 |      0 |    0 |        0 |         0 |           0 |                 0 |                 0 |       0 |       0 |           0 |    0 |    0 |      0 |       0 |            0 |                 0 |
2026-04-20 23:23:12,469 [INFO][ips_offload] | Lydiax Chien |    0 |    0 |    1 |         0 |         0 |     1 |             2.64 |     0 |    0 |    0 |            0 |   0 |    0 |   0 |      0 |    0 |        0 |         0 |           1 |                 0 |                 0 |       0 |       0 |           0 |    0 |    0 |      0 |       0 |            0 |                 0 |
2026-04-20 23:23:12,469 [INFO][ips_offload] | Yu-wei Chen  |    3 |    0 |    0 |         2 |         0 |     1 |             2.26 |     0 |    0 |    0 |            0 |   0 |    0 |   0 |      0 |    0 |        0 |         0 |           0 |                 0 |                 0 |       0 |       0 |           0 |    0 |    0 |      0 |       1 |            0 |                 0 |
2026-04-20 23:23:12,469 [INFO][ips_offload] +--------------+------+------+------+-----------+-----------+-------+------------------+-------+------+------+--------------+-----+------+-----+--------+------+----------+-----------+-------------+-------------------+-------------------+---------+---------+-------------+------+------+--------+---------+--------------+-------------------+
2026-04-20 23:23:12,469 [INFO][ips_offload] Offload decision mode: Curr
2026-04-20 23:23:13,010 [WARNING][ips_offload] No new IPS case found in Jonathan queue after history filtering.
2026-04-20 23:23:13,034 [INFO][ips_offload] Sending informational notification: no queue case available for recommendation.
2026-04-20 23:23:13,034 [INFO][ips_offload] Current load:
- Bing Chang: 0.00 current issues
- Johnsonx Su: 0.00 current issues
- Leaweix Chen: 0.00 current issues
- Xihaox Yang: 0.00 current issues
- Zhanying Gao: 0.00 current issues
- Zhiwei He: 0.00 current issues
- Henryx Su: 1.00 current issues
- Lydiax Chien: 1.00 current issues
- Yu-wei Chen: 1.00 current issues
- Juan Zou: 2.00 current issues
- Matt Chen: 5.00 current issues
- Steven1 Chen: 5.00 current issues
- Brenton Wu: 6.00 current issues
- Kj Fang: 6.00 current issues
- Tonyx Yeh: 7.00 current issues
- Charles Chu: 8.00 current issues
- Jackx Lee: 8.00 current issues
- Wesley Kuo: 8.00 current issues
- Frank Yang: 9.00 current issues
- Timdaway Lai: 10.00 current issues
- Zhiqiang Cai: 10.00 current issues
- Bingyue Sun: 11.00 current issues
- Frank Lee: 14.00 current issues
- Leo Chiang: 14.00 current issues
2026-04-20 23:23:13,034 [INFO][ips_offload] Graph auth mode: delegated
2026-04-20 23:23:15,670 [INFO][ips_offload] No email sent: no pending reminder and no recommendation/info content.
[Config] Using GRAPH_CLIENT_SECRET from environment/.env.
[Auth] Using cached Graph delegated token.
[INFO] Finished with exit code 0
[INFO] Exit code: 0
[INFO] ===== Offload scheduler end =====
