[INFO] ===== Offload scheduler start =====
[INFO] Timestamp: Thu 03/12/2026  1:23:02.59
[INFO] Script dir: C:\Users\jtsao1\OneDrive - Intel Corporation\Documents\My workspace\jira_ips_tat_HP\jira_tat\jira_customer_tat\
[INFO] Current dir: C:\Users\jtsao1\OneDrive - Intel Corporation\Documents\My workspace\jira_ips_tat_HP\jira_tat\jira_customer_tat
C:\Python314\python.exe
C:\Users\jtsao1\AppData\Local\Microsoft\WindowsApps\python.exe
C:\Users\jtsao1\AppData\Local\Python\bin\python.exe
[INFO] GRAPH_AUTH_MODE=delegated
[INFO] GRAPH_SENDER_UPN=
[INFO] OFFLOAD_RECEIVER_MAX_ISSUES=10
[INFO] Running offload_reporter_issues.py --send-email
2026-03-12 01:23:10,357 [INFO][ips_offload] Applying 3 pending offload(s) from history to avoid duplicate recommendations.
2026-03-12 01:23:11,051 [INFO][ips_offload] Current issue calculation breakdown per reporter:
2026-03-12 01:23:11,051 [INFO][ips_offload] +---------------+------+------+------+------+-------+-------+------+
2026-03-12 01:23:11,051 [INFO][ips_offload] | Reporter      | uHSD | uIPS | pIPS | Jira | Stale | cPend | Curr |
2026-03-12 01:23:11,051 [INFO][ips_offload] +---------------+------+------+------+------+-------+-------+------+
2026-03-12 01:23:11,051 [INFO][ips_offload] | Timdaway Lai  |    5 |   10 |    1 |    6 |     3 |     2 |   16 |
2026-03-12 01:23:11,051 [INFO][ips_offload] | Frank Lee     |    0 |   15 |    1 |   10 |     9 |     1 |   15 |
2026-03-12 01:23:11,051 [INFO][ips_offload] | Zhiqiang Cai  |    0 |   11 |    4 |    7 |     1 |     5 |   12 |
2026-03-12 01:23:11,051 [INFO][ips_offload] | Frank Yang    |    0 |   10 |    2 |    4 |     4 |     0 |   10 |
2026-03-12 01:23:11,051 [INFO][ips_offload] | Charles Chu   |    0 |   14 |    1 |    4 |     8 |     2 |    8 |
2026-03-12 01:23:11,051 [INFO][ips_offload] | Bingyue Sun   |    0 |   11 |    0 |    1 |     0 |     5 |    7 |
2026-03-12 01:23:11,051 [INFO][ips_offload] | Tonyx Yeh     |    0 |    0 |    0 |    7 |     0 |     0 |    7 |
2026-03-12 01:23:11,051 [INFO][ips_offload] | Jackx Lee     |    0 |    3 |    3 |    3 |     0 |     0 |    6 |
2026-03-12 01:23:11,051 [INFO][ips_offload] | Matt Chen     |    0 |    6 |    0 |    6 |     6 |     0 |    6 |
2026-03-12 01:23:11,051 [INFO][ips_offload] | Brenton Wu    |    0 |    5 |    0 |    0 |     0 |     0 |    5 |
2026-03-12 01:23:11,051 [INFO][ips_offload] | Wesley Kuo    |    0 |    8 |    0 |    2 |     5 |     0 |    5 |
2026-03-12 01:23:11,051 [INFO][ips_offload] | Juan Zou      |    0 |    7 |    0 |    1 |     0 |     4 |    4 |
2026-03-12 01:23:11,051 [INFO][ips_offload] | Kj Fang       |    0 |   26 |    1 |    1 |    24 |     0 |    3 |
2026-03-12 01:23:11,051 [INFO][ips_offload] | Leo Chiang    |    2 |    8 |    0 |    0 |     7 |     0 |    3 |
2026-03-12 01:23:11,051 [INFO][ips_offload] | Steven1 Chen  |    0 |   19 |    0 |    0 |    16 |     0 |    3 |
2026-03-12 01:23:11,051 [INFO][ips_offload] | Jonathan Tsao |    0 |    1 |    0 |    2 |     1 |     0 |    2 |
2026-03-12 01:23:11,051 [INFO][ips_offload] | Yu-wei Chen   |    0 |    7 |    0 |    0 |     1 |     5 |    1 |
2026-03-12 01:23:11,051 [INFO][ips_offload] | Henryx Su     |    0 |    1 |    0 |    0 |     0 |     1 |    0 |
2026-03-12 01:23:11,051 [INFO][ips_offload] +---------------+------+------+------+------+-------+-------+------+
2026-03-12 01:23:11,051 [INFO][ips_offload] No reporters exceed threshold (15).
2026-03-12 01:23:11,053 [INFO][ips_offload] Pending offload reminders: 3 pending entrie(s), 5 recipient(s).
2026-03-12 01:23:11,053 [INFO][ips_offload] Sending informational notification: no reporters exceed threshold (15).
2026-03-12 01:23:11,053 [INFO][ips_offload] Current load:
- Timdaway Lai: 16 current issues
- Frank Lee: 15 current issues
- Zhiqiang Cai: 12 current issues
- Frank Yang: 10 current issues
- Charles Chu: 8 current issues
- Bingyue Sun: 7 current issues
- Tonyx Yeh: 7 current issues
- Jackx Lee: 6 current issues
- Matt Chen: 6 current issues
- Brenton Wu: 5 current issues
- Wesley Kuo: 5 current issues
- Juan Zou: 4 current issues
- Kj Fang: 3 current issues
- Leo Chiang: 3 current issues
- Steven1 Chen: 3 current issues
- Jonathan Tsao: 2 current issues
- Yu-wei Chen: 1 current issues
- Henryx Su: 0 current issues
2026-03-12 01:23:11,054 [INFO][ips_offload] Graph auth mode: delegated
2026-03-12 01:23:14,346 [INFO][ips_offload] Pending reminder email sent to 5 recipient(s).
[Config] Using GRAPH_CLIENT_SECRET from environment/.env.
[Auth] Using cached Graph delegated token.
[INFO] Finished with exit code 0
[INFO] Exit code: 0
[INFO] ===== Offload scheduler end =====
