[INFO] ===== Offload scheduler start =====
[INFO] Timestamp: Sat 03/28/2026 21:23:02.52
[INFO] Script dir: C:\Users\jtsao1\OneDrive - Intel Corporation\Documents\My workspace\jira_ips_tat_HP\jira_tat\jira_customer_tat\
[INFO] Current dir: C:\Users\jtsao1\OneDrive - Intel Corporation\Documents\My workspace\jira_ips_tat_HP\jira_tat\jira_customer_tat
C:\Python314\python.exe
C:\Users\jtsao1\AppData\Local\Microsoft\WindowsApps\python.exe
C:\Users\jtsao1\AppData\Local\Python\bin\python.exe
[INFO] GRAPH_AUTH_MODE=delegated
[INFO] GRAPH_SENDER_UPN=frank.lee@intel.com
[INFO] OFFLOAD_RECEIVER_MAX_ISSUES=10
[INFO] OFFLOAD_ALWAYS_EXCLUDED_REPORTERS=Jonathan Tsao
[INFO] Running offload_reporter_issues.py --send-email
[INFO] OFFLOAD_ALWAYS_EXCLUDED_REPORTERS=Jonathan Tsao
2026-03-28 21:23:09,337 [INFO][ips_offload] Included 7 allowed reporter(s) with zero current issues for receiver rotation.
2026-03-28 21:23:09,337 [INFO][ips_offload] Pending reminder check: case=1003563 source=Timdaway Lai(16) target=Kj Fang(3) threshold=15 receiver_max=10 => send reminder
2026-03-28 21:23:09,337 [INFO][ips_offload] Pending reminder check: case=1001680 source=Timdaway Lai(16) target=Charles Chu(11) threshold=15 receiver_max=10 => skip reminder
2026-03-28 21:23:09,337 [INFO][ips_offload] Pending reminder filter skipped 1 entrie(s): offload no longer needed based on current load.
2026-03-28 21:23:09,337 [INFO][ips_offload] Applying 2 pending offload(s) from history to avoid duplicate recommendations.
2026-03-28 21:23:09,935 [INFO][ips_offload] Current issue calculation breakdown per reporter:
2026-03-28 21:23:09,936 [INFO][ips_offload] +---------------+------+------+------+------+-------+-------+------+
2026-03-28 21:23:09,936 [INFO][ips_offload] | Reporter      | uHSD | uIPS | pIPS | Jira | Stale | cPend | Curr |
2026-03-28 21:23:09,936 [INFO][ips_offload] +---------------+------+------+------+------+-------+-------+------+
2026-03-28 21:23:09,936 [INFO][ips_offload] | Timdaway Lai  |    8 |    6 |    3 |    7 |     0 |     3 |   18 |
2026-03-28 21:23:09,936 [INFO][ips_offload] | Brenton Wu    |    0 |   11 |    2 |    2 |     2 |     0 |   11 |
2026-03-28 21:23:09,936 [INFO][ips_offload] | Frank Lee     |    0 |   11 |    2 |    9 |     9 |     0 |   11 |
2026-03-28 21:23:09,936 [INFO][ips_offload] | Frank Yang    |    0 |   13 |    3 |    4 |     2 |     4 |   11 |
2026-03-28 21:23:09,936 [INFO][ips_offload] | Charles Chu   |    0 |   14 |    6 |    6 |    10 |     0 |   10 |
2026-03-28 21:23:09,936 [INFO][ips_offload] | Jackx Lee     |    0 |    7 |    3 |    3 |     1 |     0 |    9 |
2026-03-28 21:23:09,936 [INFO][ips_offload] | Steven1 Chen  |    0 |   25 |    2 |    2 |    13 |     5 |    9 |
2026-03-28 21:23:09,936 [INFO][ips_offload] | Matt Chen     |    0 |    7 |    0 |    6 |     6 |     0 |    7 |
2026-03-28 21:23:09,936 [INFO][ips_offload] | Tonyx Yeh     |    0 |    0 |    0 |    7 |     0 |     0 |    7 |
2026-03-28 21:23:09,936 [INFO][ips_offload] | Bingyue Sun   |    0 |   11 |    2 |    2 |     0 |     7 |    6 |
2026-03-28 21:23:09,936 [INFO][ips_offload] | Zhiqiang Cai  |    0 |    2 |    3 |    5 |     0 |     2 |    5 |
2026-03-28 21:23:09,936 [INFO][ips_offload] | Wesley Kuo    |    0 |    8 |    0 |    2 |     6 |     0 |    4 |
2026-03-28 21:23:09,936 [INFO][ips_offload] | Leo Chiang    |    2 |    9 |    0 |    0 |     8 |     0 |    3 |
2026-03-28 21:23:09,936 [INFO][ips_offload] | Yu-wei Chen   |    0 |    6 |    0 |    0 |     0 |     3 |    3 |
2026-03-28 21:23:09,936 [INFO][ips_offload] | Juan Zou      |    0 |    8 |    0 |    1 |     0 |     7 |    2 |
2026-03-28 21:23:09,936 [INFO][ips_offload] | Kj Fang       |    0 |   24 |    3 |    2 |    24 |     0 |    2 |
2026-03-28 21:23:09,937 [INFO][ips_offload] | Jonathan Tsao |    0 |    1 |    0 |    1 |     0 |     1 |    1 |
2026-03-28 21:23:09,937 [INFO][ips_offload] | Lydiax Chien  |    0 |    1 |    0 |    0 |     0 |     0 |    1 |
2026-03-28 21:23:09,937 [INFO][ips_offload] +---------------+------+------+------+------+-------+-------+------+
2026-03-28 21:23:10,519 [WARNING][ips_offload] No new IPS case found for overloaded reporters after history filtering.
2026-03-28 21:23:10,521 [INFO][ips_offload] Pending offload reminders: 1 pending entrie(s) still need offload, 2 recipient(s).
2026-03-28 21:23:10,521 [INFO][ips_offload] Sending informational notification: no reporters exceed threshold (15).
2026-03-28 21:23:10,521 [INFO][ips_offload] Current load:
- Timdaway Lai: 18 current issues
- Brenton Wu: 11 current issues
- Frank Lee: 11 current issues
- Frank Yang: 11 current issues
- Charles Chu: 10 current issues
- Jackx Lee: 9 current issues
- Steven1 Chen: 9 current issues
- Matt Chen: 7 current issues
- Tonyx Yeh: 7 current issues
- Bingyue Sun: 6 current issues
- Zhiqiang Cai: 5 current issues
- Wesley Kuo: 4 current issues
- Leo Chiang: 3 current issues
- Yu-wei Chen: 3 current issues
- Juan Zou: 2 current issues
- Kj Fang: 2 current issues
- Jonathan Tsao: 1 current issues
- Lydiax Chien: 1 current issues
2026-03-28 21:23:10,521 [INFO][ips_offload] Graph auth mode: delegated
2026-03-28 21:23:13,914 [INFO][ips_offload] Pending reminder email sent to 2 recipient(s).
[Config] Using GRAPH_CLIENT_SECRET from environment/.env.
[Auth] Using cached Graph delegated token.
[INFO] Finished with exit code 0
[INFO] Exit code: 0
[INFO] ===== Offload scheduler end =====
