[INFO] ===== Offload scheduler start =====
[INFO] Timestamp: Tue 06/02/2026 14:23:02.64
[INFO] Script dir: C:\Users\jtsao1\OneDrive - Intel Corporation\Documents\My workspace\jira_ips_tat_HP\jira_tat\jira_customer_tat\
[INFO] Current dir: C:\Users\jtsao1\OneDrive - Intel Corporation\Documents\My workspace\jira_ips_tat_HP\jira_tat\jira_customer_tat
[INFO] DB host reachable: 10-108-27-113.dbaas.intel.com
C:\Python314\python.exe
C:\Users\jtsao1\AppData\Local\Microsoft\WindowsApps\python.exe
C:\Users\jtsao1\AppData\Local\Python\bin\python.exe
[INFO] GRAPH_AUTH_MODE=delegated
[INFO] GRAPH_SENDER_UPN=frank.lee@intel.com
[INFO] OFFLOAD_RECEIVER_MAX_ISSUES=10
[INFO] OFFLOAD_ALWAYS_EXCLUDED_REPORTERS=Jonathan Tsao
[INFO] Running offload_reporter_issues.py --send-email
[INFO] OFFLOAD_ALWAYS_EXCLUDED_ENGINEERS=Jonathan Tsao
2026-06-02 14:23:07,452 [INFO][ips_offload] Included 7 allowed reporter(s) with zero current issues for receiver rotation.
2026-06-02 14:23:08,040 [INFO][ips_offload] Current issue calculation breakdown per reporter:
2026-06-02 14:23:12,817 [INFO][ips_offload] Weighted loading trial enabled for visibility; offload decision remains based on Curr.
2026-06-02 14:23:12,819 [INFO][ips_offload] Combined trial table (single table with category columns, decision still uses Curr):
2026-06-02 14:23:12,820 [INFO][ips_offload] +---------------+------+------+------+-----------+-----------+-------+------------------+-------+------+------+--------------+-----+------+-----+--------+------+----------+-----------+-------------+-------------------+-------------------+---------+---------+-------------+------+------+--------+---------+-----+----+--------------+
2026-06-02 14:23:12,820 [INFO][ips_offload] | Name          | uIPS | uHSD | Jira | Stale IPS | Stale HSD | Total | Weighted Loading | Audio | BIOS | BSOD | Connectivity | HLK | ICPS | IOP | Killer | MSFT | Miracast | OEM Tools | Performance | Power Consumption | Power on sequence | Roaming | Sensing | System Hang | UEFI | WAPI | WowLAN | YB/Lost | P2P | RF | Needs-Triage |
2026-06-02 14:23:12,820 [INFO][ips_offload] +---------------+------+------+------+-----------+-----------+-------+------------------+-------+------+------+--------------+-----+------+-----+--------+------+----------+-----------+-------------+-------------------+-------------------+---------+---------+-------------+------+------+--------+---------+-----+----+--------------+
2026-06-02 14:23:12,820 [INFO][ips_offload] | Bingyue Sun   |    9 |    0 |    3 |         1 |         0 |    11 |            19.58 |     0 |    0 |    3 |            5 |   2 |    0 |   0 |      0 |    0 |        0 |         0 |           1 |                 0 |                 0 |       0 |       0 |           0 |    0 |    0 |      0 |       0 |   0 |  0 |            0 |
2026-06-02 14:23:12,820 [INFO][ips_offload] | Frank Lee     |    9 |    0 |    5 |         6 |         0 |     8 |            22.38 |     0 |    0 |    0 |            4 |   0 |    2 |   0 |      0 |    0 |        0 |         0 |           1 |                 2 |                 0 |       0 |       0 |           0 |    0 |    0 |      0 |       0 |   2 |  0 |            0 |
2026-06-02 14:23:12,820 [INFO][ips_offload] | Wesley Kuo    |    6 |    0 |    5 |         3 |         0 |     8 |            14.83 |     0 |    0 |    0 |            6 |   1 |    0 |   0 |      0 |    0 |        0 |         1 |           0 |                 0 |                 0 |       0 |       0 |           0 |    0 |    0 |      0 |       0 |   0 |  0 |            0 |
2026-06-02 14:23:12,820 [INFO][ips_offload] | Frank Yang    |    6 |    0 |    3 |         2 |         0 |     7 |            28.80 |     0 |    1 |    2 |            6 |   0 |    2 |   0 |      0 |    0 |        0 |         2 |           0 |                 0 |                 0 |       0 |       0 |           0 |    0 |    0 |      1 |       1 |   1 |  1 |            0 |
2026-06-02 14:23:12,820 [INFO][ips_offload] | KJ Fang       |   11 |    0 |    2 |         7 |         0 |     6 |            16.77 |     0 |    1 |    0 |            3 |   0 |    0 |   0 |      0 |    0 |        0 |         0 |           2 |                 0 |                 0 |       0 |       0 |           0 |    0 |    0 |      0 |       0 |   2 |  0 |            0 |
2026-06-02 14:23:12,821 [INFO][ips_offload] | Timdaway Lai  |    5 |    0 |    2 |         1 |         0 |     6 |            23.49 |     0 |    1 |    0 |            2 |   0 |    1 |   0 |      0 |    0 |        0 |         0 |           0 |                 0 |                 0 |       1 |       0 |           2 |    0 |    0 |      0 |       2 |   2 |  0 |            0 |
2026-06-02 14:23:12,821 [INFO][ips_offload] | Zhiqiang Cai  |    3 |    0 |    4 |         1 |         0 |     6 |            15.12 |     0 |    0 |    1 |            2 |   0 |    0 |   0 |      0 |    0 |        0 |         0 |           1 |                 0 |                 0 |       0 |       0 |           0 |    1 |    0 |      0 |       1 |   2 |  0 |            0 |
2026-06-02 14:23:12,821 [INFO][ips_offload] | Matt Chen     |    8 |    0 |    2 |         5 |         0 |     5 |            14.79 |     0 |    0 |    0 |            2 |   1 |    0 |   0 |      0 |    0 |        0 |         1 |           0 |                 0 |                 0 |       0 |       0 |           0 |    0 |    0 |      0 |       0 |   4 |  0 |            0 |
2026-06-02 14:23:12,821 [INFO][ips_offload] | Steven1 Chen  |    7 |    0 |    2 |         4 |         0 |     5 |             9.02 |     0 |    0 |    0 |            3 |   0 |    0 |   0 |      0 |    0 |        0 |         0 |           0 |                 2 |                 0 |       0 |       0 |           0 |    0 |    0 |      0 |       0 |   0 |  0 |            0 |
2026-06-02 14:23:12,821 [INFO][ips_offload] | Charles Chu   |    7 |    0 |    1 |         4 |         0 |     4 |             8.23 |     0 |    0 |    1 |            2 |   0 |    0 |   0 |      0 |    0 |        0 |         1 |           0 |                 0 |                 0 |       0 |       0 |           0 |    0 |    0 |      0 |       0 |   1 |  0 |            0 |
2026-06-02 14:23:12,821 [INFO][ips_offload] | Lydiax Chien  |    3 |    0 |    1 |         0 |         0 |     4 |             7.46 |     0 |    0 |    1 |            1 |   0 |    0 |   0 |      0 |    0 |        0 |         0 |           0 |                 0 |                 0 |       1 |       0 |           0 |    0 |    0 |      0 |       0 |   1 |  0 |            0 |
2026-06-02 14:23:12,821 [INFO][ips_offload] | Yu-Wei Chen   |    4 |    0 |    2 |         2 |         0 |     4 |             8.08 |     0 |    0 |    0 |            3 |   0 |    0 |   0 |      0 |    0 |        0 |         0 |           0 |                 0 |                 0 |       0 |       0 |           0 |    0 |    0 |      0 |       1 |   0 |  0 |            0 |
2026-06-02 14:23:12,821 [INFO][ips_offload] | Juan Zou      |    2 |    0 |    1 |         0 |         0 |     3 |             5.38 |     0 |    0 |    1 |            2 |   0 |    0 |   0 |      0 |    0 |        0 |         0 |           0 |                 0 |                 0 |       0 |       0 |           0 |    0 |    0 |      0 |       0 |   0 |  0 |            0 |
2026-06-02 14:23:12,821 [INFO][ips_offload] | Brenton Wu    |   10 |    0 |    0 |         8 |         0 |     2 |             3.87 |     0 |    0 |    0 |            2 |   0 |    0 |   0 |      0 |    0 |        0 |         0 |           0 |                 0 |                 0 |       0 |       0 |           0 |    0 |    0 |      0 |       0 |   0 |  0 |            0 |
2026-06-02 14:23:12,821 [INFO][ips_offload] | Henryx Su     |    1 |    0 |    2 |         1 |         0 |     2 |             3.86 |     0 |    0 |    0 |            2 |   0 |    0 |   0 |      0 |    0 |        0 |         0 |           0 |                 0 |                 0 |       0 |       0 |           0 |    0 |    0 |      0 |       0 |   0 |  0 |            0 |
2026-06-02 14:23:12,821 [INFO][ips_offload] | Jackx Lee     |    1 |    0 |    2 |         1 |         0 |     2 |             5.70 |     0 |    0 |    0 |            2 |   0 |    0 |   0 |      0 |    0 |        0 |         0 |           0 |                 0 |                 0 |       0 |       0 |           0 |    0 |    0 |      0 |       0 |   0 |  1 |            0 |
2026-06-02 14:23:12,821 [INFO][ips_offload] | Jonathan Tsao |    0 |    0 |    1 |         0 |         0 |     1 |             1.94 |     0 |    0 |    0 |            1 |   0 |    0 |   0 |      0 |    0 |        0 |         0 |           0 |                 0 |                 0 |       0 |       0 |           0 |    0 |    0 |      0 |       0 |   0 |  0 |            0 |
2026-06-02 14:23:12,821 [INFO][ips_offload] | Leo Chiang    |    0 |    0 |    0 |         0 |         0 |     0 |             2.26 |     0 |    0 |    0 |            0 |   0 |    0 |   0 |      0 |    0 |        0 |         0 |           0 |                 0 |                 0 |       0 |       0 |           0 |    0 |    0 |      0 |       1 |   0 |  0 |            0 |
2026-06-02 14:23:12,822 [INFO][ips_offload] +---------------+------+------+------+-----------+-----------+-------+------------------+-------+------+------+--------------+-----+------+-----+--------+------+----------+-----------+-------------+-------------------+-------------------+---------+---------+-------------+------+------+--------+---------+-----+----+--------------+
2026-06-02 14:23:12,822 [INFO][ips_offload] Offload decision mode: Curr
2026-06-02 14:23:13,859 [WARNING][ips_offload] Skipping recommendation for case 980796: IPS case is already closed.
2026-06-02 14:23:13,859 [WARNING][ips_offload] No new IPS case found in Jonathan queue after history filtering.
2026-06-02 14:23:13,863 [INFO][ips_offload] Sending informational notification: no queue case available for recommendation.
2026-06-02 14:23:13,863 [INFO][ips_offload] Current load:
- Bing Chang: 0.00 current issues
- Johnsonx Su: 0.00 current issues
- Leaweix Chen: 0.00 current issues
- Leo Chiang: 0.00 current issues
- Tonyx Yeh: 0.00 current issues
- Xihaox Yang: 0.00 current issues
- Zhanying Gao: 0.00 current issues
- Zhiwei He: 0.00 current issues
- Brenton Wu: 2.00 current issues
- Henryx Su: 2.00 current issues
- Jackx Lee: 2.00 current issues
- Juan Zou: 3.00 current issues
- Charles Chu: 4.00 current issues
- Lydiax Chien: 4.00 current issues
- Yu-Wei Chen: 4.00 current issues
- Matt Chen: 5.00 current issues
- Steven1 Chen: 5.00 current issues
- KJ Fang: 6.00 current issues
- Timdaway Lai: 6.00 current issues
- Zhiqiang Cai: 6.00 current issues
- Frank Yang: 7.00 current issues
- Frank Lee: 8.00 current issues
- Wesley Kuo: 8.00 current issues
- Bingyue Sun: 11.00 current issues
2026-06-02 14:23:13,864 [INFO][ips_offload] Graph auth mode: delegated
2026-06-02 14:23:15,746 [INFO][ips_offload] No email sent: no pending reminder and no recommendation/info content.
[Config] Using GRAPH_CLIENT_SECRET from environment/.env.
[Auth] Using cached Graph delegated token.
[INFO] Finished with exit code 0
[INFO] Exit code: 0
[INFO] ===== Offload scheduler end =====
