[INFO] ===== Offload scheduler start =====
[INFO] Timestamp: Tue 03/10/2026 13:23:01.91
[INFO] Script dir: C:\Users\jtsao1\OneDrive - Intel Corporation\Documents\My workspace\jira_ips_tat_HP\jira_tat\jira_customer_tat\
[INFO] Current dir: C:\Users\jtsao1\OneDrive - Intel Corporation\Documents\My workspace\jira_ips_tat_HP\jira_tat\jira_customer_tat
C:\Python314\python.exe
C:\Users\jtsao1\AppData\Local\Microsoft\WindowsApps\python.exe
C:\Users\jtsao1\AppData\Local\Python\bin\python.exe
[INFO] GRAPH_AUTH_MODE=delegated
[INFO] GRAPH_SENDER_UPN=
[INFO] Running offload_reporter_issues.py --send-email
2026-03-10 13:23:07,497 [INFO][ips_offload] Applying 3 pending offload(s) from history to avoid duplicate recommendations.
2026-03-10 13:23:08,025 [INFO][ips_offload] Current issue calculation breakdown per reporter:
2026-03-10 13:23:08,026 [INFO][ips_offload] +---------------+------+------+------+------+-------+-------+------+
2026-03-10 13:23:08,026 [INFO][ips_offload] | Reporter      | uHSD | uIPS | pIPS | Jira | Stale | cPend | Curr |
2026-03-10 13:23:08,026 [INFO][ips_offload] +---------------+------+------+------+------+-------+-------+------+
2026-03-10 13:23:08,026 [INFO][ips_offload] | Timdaway Lai  |    5 |   10 |    1 |    7 |     3 |     2 |   17 |
2026-03-10 13:23:08,026 [INFO][ips_offload] | Frank Lee     |    0 |   15 |    1 |   10 |     9 |     1 |   15 |
2026-03-10 13:23:08,027 [INFO][ips_offload] | Zhiqiang Cai  |    0 |   11 |    4 |    7 |     1 |     5 |   12 |
2026-03-10 13:23:08,027 [INFO][ips_offload] | Frank Yang    |    0 |   10 |    2 |    5 |     4 |     0 |   11 |
2026-03-10 13:23:08,027 [INFO][ips_offload] | Charles Chu   |    0 |   14 |    3 |    5 |     8 |     2 |    9 |
2026-03-10 13:23:08,027 [INFO][ips_offload] | Bingyue Sun   |    0 |   12 |    0 |    1 |     0 |     5 |    8 |
2026-03-10 13:23:08,027 [INFO][ips_offload] | Tonyx Yeh     |    0 |    0 |    0 |    7 |     0 |     0 |    7 |
2026-03-10 13:23:08,027 [INFO][ips_offload] | Juan Zou      |    0 |    7 |    0 |    1 |     0 |     2 |    6 |
2026-03-10 13:23:08,027 [INFO][ips_offload] | Matt Chen     |    0 |    6 |    0 |    6 |     6 |     0 |    6 |
2026-03-10 13:23:08,027 [INFO][ips_offload] | Jackx Lee     |    0 |    2 |    3 |    3 |     0 |     0 |    5 |
2026-03-10 13:23:08,027 [INFO][ips_offload] | Wesley Kuo    |    0 |    8 |    0 |    2 |     5 |     0 |    5 |
2026-03-10 13:23:08,027 [INFO][ips_offload] | Leo Chiang    |    2 |    9 |    0 |    0 |     7 |     0 |    4 |
2026-03-10 13:23:08,027 [INFO][ips_offload] | Brenton Wu    |    0 |    3 |    0 |    0 |     0 |     0 |    3 |
2026-03-10 13:23:08,027 [INFO][ips_offload] | Kj Fang       |    0 |   26 |    1 |    1 |    24 |     0 |    3 |
2026-03-10 13:23:08,027 [INFO][ips_offload] | Steven1 Chen  |    0 |   19 |    0 |    0 |    16 |     0 |    3 |
2026-03-10 13:23:08,027 [INFO][ips_offload] | Jonathan Tsao |    0 |    1 |    0 |    2 |     1 |     0 |    2 |
2026-03-10 13:23:08,028 [INFO][ips_offload] | Henryx Su     |    0 |    1 |    0 |    0 |     0 |     0 |    1 |
2026-03-10 13:23:08,028 [INFO][ips_offload] | Yu-wei Chen   |    0 |    6 |    0 |    0 |     0 |     6 |    0 |
2026-03-10 13:23:08,028 [INFO][ips_offload] +---------------+------+------+------+------+-------+-------+------+
2026-03-10 13:23:08,028 [INFO][ips_offload] No reporters exceed threshold (15).
[INFO] Finished with exit code 0
[INFO] Exit code: 0
[INFO] ===== Offload scheduler end =====
