[INFO] ===== Offload send-email start =====
[INFO] Timestamp: Tue 03/10/2026 15:55:51.43
[INFO] Script dir: C:\Users\jtsao1\OneDrive - Intel Corporation\Documents\My workspace\jira_ips_tat_HP\jira_tat\jira_customer_tat\
[INFO] Current dir: C:\Users\jtsao1\OneDrive - Intel Corporation\Documents\My workspace\jira_ips_tat_HP\jira_tat\jira_customer_tat
C:\Python314\python.exe
C:\Users\jtsao1\AppData\Local\Microsoft\WindowsApps\python.exe
C:\Users\jtsao1\AppData\Local\Python\bin\python.exe
[INFO] GRAPH_AUTH_MODE=delegated
[INFO] GRAPH_SENDER_UPN=
[INFO] OFFLOAD_RECEIVER_MAX_ISSUES=10
[INFO] Running offload_reporter_issues.py --send-email
2026-03-10 15:55:55,948 [INFO][ips_offload] Applying 2 pending offload(s) from history to avoid duplicate recommendations.
2026-03-10 15:55:56,472 [INFO][ips_offload] Current issue calculation breakdown per reporter:
2026-03-10 15:55:56,473 [INFO][ips_offload] +---------------+------+------+------+------+-------+-------+------+
2026-03-10 15:55:56,473 [INFO][ips_offload] | Reporter      | uHSD | uIPS | pIPS | Jira | Stale | cPend | Curr |
2026-03-10 15:55:56,473 [INFO][ips_offload] +---------------+------+------+------+------+-------+-------+------+
2026-03-10 15:55:56,473 [INFO][ips_offload] | Timdaway Lai  |    5 |   10 |    1 |    7 |     3 |     2 |   17 |
2026-03-10 15:55:56,473 [INFO][ips_offload] | Frank Lee     |    0 |   15 |    1 |   10 |     9 |     1 |   15 |
2026-03-10 15:55:56,473 [INFO][ips_offload] | Zhiqiang Cai  |    0 |   11 |    4 |    7 |     1 |     5 |   12 |
2026-03-10 15:55:56,473 [INFO][ips_offload] | Frank Yang    |    0 |   10 |    2 |    5 |     4 |     0 |   11 |
2026-03-10 15:55:56,473 [INFO][ips_offload] | Charles Chu   |    0 |   14 |    3 |    5 |     8 |     2 |    9 |
2026-03-10 15:55:56,473 [INFO][ips_offload] | Bingyue Sun   |    0 |   12 |    0 |    1 |     0 |     5 |    8 |
2026-03-10 15:55:56,473 [INFO][ips_offload] | Tonyx Yeh     |    0 |    0 |    0 |    7 |     0 |     0 |    7 |
2026-03-10 15:55:56,473 [INFO][ips_offload] | Juan Zou      |    0 |    7 |    0 |    1 |     0 |     2 |    6 |
2026-03-10 15:55:56,473 [INFO][ips_offload] | Matt Chen     |    0 |    6 |    0 |    6 |     6 |     0 |    6 |
2026-03-10 15:55:56,473 [INFO][ips_offload] | Jackx Lee     |    0 |    2 |    3 |    3 |     0 |     0 |    5 |
2026-03-10 15:55:56,473 [INFO][ips_offload] | Wesley Kuo    |    0 |    8 |    0 |    2 |     5 |     0 |    5 |
2026-03-10 15:55:56,473 [INFO][ips_offload] | Leo Chiang    |    2 |    9 |    0 |    0 |     7 |     0 |    4 |
2026-03-10 15:55:56,473 [INFO][ips_offload] | Brenton Wu    |    0 |    3 |    0 |    0 |     0 |     0 |    3 |
2026-03-10 15:55:56,473 [INFO][ips_offload] | Kj Fang       |    0 |   26 |    1 |    1 |    24 |     0 |    3 |
2026-03-10 15:55:56,473 [INFO][ips_offload] | Steven1 Chen  |    0 |   19 |    0 |    0 |    16 |     0 |    3 |
2026-03-10 15:55:56,473 [INFO][ips_offload] | Jonathan Tsao |    0 |    1 |    0 |    2 |     1 |     0 |    2 |
2026-03-10 15:55:56,473 [INFO][ips_offload] | Henryx Su     |    0 |    1 |    0 |    0 |     0 |     0 |    1 |
2026-03-10 15:55:56,473 [INFO][ips_offload] | Yu-wei Chen   |    0 |    6 |    0 |    0 |     0 |     6 |    0 |
2026-03-10 15:55:56,473 [INFO][ips_offload] +---------------+------+------+------+------+-------+-------+------+
2026-03-10 15:55:56,953 [INFO][ips_offload] All receiving candidates are in recent offload history; falling back to least-loaded candidate Brenton Wu.
2026-03-10 15:55:56,955 [INFO][ips_offload] Pending offload reminders: 2 pending entrie(s), 4 recipient(s).
2026-03-10 15:55:56,955 [INFO][ips_offload] Overloaded reporters summary:
- Timdaway Lai: 16 current issues
2026-03-10 15:55:56,955 [INFO][ips_offload] Receiving engineer with least issues: Brenton Wu (3)
2026-03-10 15:55:56,955 [INFO][ips_offload] Most recent IPS case: 1001296
2026-03-10 15:55:56,955 [INFO][ips_offload] Graph auth mode: delegated
2026-03-10 15:56:03,297 [INFO][ips_offload] Pending reminder email sent to 4 recipient(s).
2026-03-10 15:56:03,297 [INFO][ips_offload] Recommendation/info email sent to 21 recipient(s).
[Config] Using GRAPH_CLIENT_SECRET from environment/.env.
[Auth] Opening browser for sign-in...
[Auth] If it doesn't open, paste this URL into a browser:
https://login.microsoftonline.com/46c98d88-e344-4ed4-8496-4ed7712e255d/oauth2/v2.0/authorize?client_id=72643139-b5d0-4166-8872-4a00d4f31d11&response_type=code&redirect_uri=http%3A%2F%2Flocalhost%3A8400%2FgetToken&scope=Mail.Send+Notes.Read+offline_access+openid+profile&state=tNahOAoUsTufdZqJ&code_challenge=mjvZIzjOweX7aDbIEeUI1bN0LSOoP7sG5ysuYT7mcM4&code_challenge_method=S256&nonce=030a237eb8f565dc1430e719cc9261b02e11ed07a7e327738a4b760a2fe492ce&client_info=1

[INFO] Finished with exit code 0
[INFO] Exit code: 0
[INFO] ===== Offload send-email end =====
