[INFO] ===== Offload loading-summary daily start =====
[INFO] Timestamp: Sun 05/24/2026 10:30:48.22
[INFO] Script dir: C:\Users\jtsao1\OneDrive - Intel Corporation\Documents\My workspace\jira_ips_tat_HP\jira_tat\jira_customer_tat\
[INFO] Current dir: C:\Users\jtsao1\OneDrive - Intel Corporation\Documents\My workspace\jira_ips_tat_HP\jira_tat\jira_customer_tat
C:\Python314\python.exe
C:\Users\jtsao1\AppData\Local\Microsoft\WindowsApps\python.exe
C:\Users\jtsao1\AppData\Local\Python\bin\python.exe
[INFO] GRAPH_AUTH_MODE=delegated
[INFO] GRAPH_SENDER_UPN=frank.lee@intel.com
[INFO] OFFLOAD_ALWAYS_EXCLUDED_REPORTERS=Jonathan Tsao
[INFO] Command: run_offload_reporter_issues.bat --send-email --summary-only-email 
[INFO] Running offload_reporter_issues.py --send-email --summary-only-email
[INFO] OFFLOAD_ALWAYS_EXCLUDED_REPORTERS=Jonathan Tsao
2026-05-24 10:30:52,192 [INFO][ips_offload] Included 7 allowed reporter(s) with zero current issues for receiver rotation.
2026-05-24 10:30:52,800 [INFO][ips_offload] Current issue calculation breakdown per reporter:
2026-05-24 10:30:54,625 [INFO][ips_offload] Weighted loading trial enabled for visibility; offload decision remains based on Curr.
2026-05-24 10:30:54,626 [INFO][ips_offload] Combined trial table (single table with category columns, decision still uses Curr):
2026-05-24 10:30:54,627 [INFO][ips_offload] +---------------+------+------+------+-----------+-----------+-------+------------------+-------+------+------+--------------+-----+------+-----+--------+------+----------+-----------+-------------+-------------------+-------------------+---------+---------+-------------+------+------+--------+---------+-----+----+--------------+
2026-05-24 10:30:54,627 [INFO][ips_offload] | Name          | uIPS | uHSD | Jira | Stale IPS | Stale HSD | Total | Weighted Loading | Audio | BIOS | BSOD | Connectivity | HLK | ICPS | IOP | Killer | MSFT | Miracast | OEM Tools | Performance | Power Consumption | Power on sequence | Roaming | Sensing | System Hang | UEFI | WAPI | WowLAN | YB/Lost | P2P | RF | Needs-Triage |
2026-05-24 10:30:54,627 [INFO][ips_offload] +---------------+------+------+------+-----------+-----------+-------+------------------+-------+------+------+--------------+-----+------+-----+--------+------+----------+-----------+-------------+-------------------+-------------------+---------+---------+-------------+------+------+--------+---------+-----+----+--------------+
2026-05-24 10:30:54,627 [INFO][ips_offload] | Timdaway Lai  |    3 |    3 |    4 |         0 |         0 |    10 |            26.72 |     0 |    1 |    1 |            2 |   0 |    1 |   0 |      0 |    0 |        0 |         0 |           0 |                 0 |                 0 |       1 |       3 |           0 |    0 |    0 |      0 |       2 |   1 |  0 |            0 |
2026-05-24 10:30:54,627 [INFO][ips_offload] | Bingyue Sun   |    8 |    0 |    3 |         2 |         0 |     9 |            16.14 |     0 |    0 |    2 |            4 |   2 |    0 |   0 |      0 |    0 |        0 |         0 |           1 |                 0 |                 0 |       0 |       0 |           0 |    0 |    0 |      0 |       0 |   0 |  0 |            0 |
2026-05-24 10:30:54,627 [INFO][ips_offload] | Frank Lee     |    9 |    0 |    6 |         6 |         0 |     9 |            23.51 |     0 |    0 |    0 |            4 |   0 |    3 |   0 |      0 |    0 |        0 |         0 |           0 |                 2 |                 0 |       0 |       3 |           0 |    0 |    0 |      0 |       0 |   0 |  0 |            0 |
2026-05-24 10:30:54,627 [INFO][ips_offload] | Zhiqiang Cai  |    3 |    0 |    7 |         1 |         0 |     9 |            20.78 |     0 |    1 |    2 |            1 |   0 |    0 |   0 |      0 |    0 |        0 |         0 |           2 |                 0 |                 0 |       0 |       4 |           0 |    1 |    0 |      0 |       0 |   0 |  0 |            0 |
2026-05-24 10:30:54,627 [INFO][ips_offload] | Matt Chen     |    8 |    0 |    3 |         4 |         0 |     7 |            18.85 |     0 |    0 |    0 |            3 |   1 |    0 |   0 |      0 |    0 |        0 |         2 |           0 |                 0 |                 0 |       0 |       4 |           0 |    0 |    0 |      0 |       0 |   0 |  0 |            0 |
2026-05-24 10:30:54,627 [INFO][ips_offload] | Kj Fang       |   11 |    0 |    1 |         6 |         0 |     6 |            14.80 |     0 |    1 |    0 |            2 |   0 |    0 |   0 |      0 |    0 |        0 |         0 |           1 |                 0 |                 0 |       1 |       0 |           0 |    0 |    0 |      0 |       0 |   2 |  0 |            0 |
2026-05-24 10:30:54,627 [INFO][ips_offload] | Steven1 Chen  |    7 |    2 |    2 |         3 |         2 |     6 |            10.96 |     0 |    0 |    0 |            4 |   0 |    0 |   0 |      0 |    0 |        0 |         0 |           0 |                 2 |                 0 |       0 |       0 |           0 |    0 |    0 |      0 |       0 |   0 |  0 |            0 |
2026-05-24 10:30:54,627 [INFO][ips_offload] | Brenton Wu    |   12 |    0 |    0 |         7 |         0 |     5 |            12.48 |     0 |    0 |    0 |            3 |   0 |    0 |   0 |      0 |    0 |        0 |         0 |           1 |                 1 |                 0 |       0 |       0 |           0 |    0 |    0 |      0 |       1 |   0 |  0 |            0 |
2026-05-24 10:30:54,627 [INFO][ips_offload] | Charles Chu   |   10 |    0 |    0 |         5 |         0 |     5 |            11.80 |     0 |    0 |    0 |            0 |   0 |    0 |   0 |      0 |    0 |        0 |         1 |           1 |                 0 |                 0 |       0 |       0 |           0 |    0 |    0 |      0 |       0 |   4 |  0 |            0 |
2026-05-24 10:30:54,627 [INFO][ips_offload] | Frank Yang    |    9 |    0 |    1 |         7 |         0 |     3 |            19.58 |     0 |    1 |    2 |            1 |   0 |    2 |   0 |      0 |    0 |        0 |         2 |           0 |                 0 |                 0 |       0 |       0 |           0 |    3 |    0 |      0 |       1 |   0 |  1 |            0 |
2026-05-24 10:30:54,627 [INFO][ips_offload] | Jackx Lee     |    3 |    0 |    3 |         3 |         0 |     3 |             8.42 |     0 |    1 |    0 |            0 |   0 |    0 |   0 |      0 |    0 |        0 |         0 |           1 |                 0 |                 0 |       0 |       1 |           0 |    0 |    0 |      0 |       0 |   0 |  1 |            0 |
2026-05-24 10:30:54,627 [INFO][ips_offload] | Juan Zou      |    3 |    0 |    0 |         0 |         0 |     3 |             5.82 |     0 |    0 |    0 |            3 |   0 |    0 |   0 |      0 |    0 |        0 |         0 |           0 |                 0 |                 0 |       0 |       0 |           0 |    0 |    0 |      0 |       0 |   0 |  0 |            0 |
2026-05-24 10:30:54,627 [INFO][ips_offload] | Wesley Kuo    |    4 |    0 |    2 |         3 |         0 |     3 |             5.38 |     0 |    0 |    1 |            2 |   0 |    0 |   0 |      0 |    0 |        0 |         0 |           0 |                 0 |                 0 |       0 |       0 |           0 |    0 |    0 |      0 |       0 |   0 |  0 |            0 |
2026-05-24 10:30:54,627 [INFO][ips_offload] | Yu-wei Chen   |    3 |    0 |    2 |         2 |         0 |     3 |             6.14 |     0 |    0 |    0 |            2 |   0 |    0 |   0 |      0 |    0 |        0 |         0 |           0 |                 0 |                 0 |       0 |       0 |           0 |    0 |    0 |      0 |       1 |   0 |  0 |            0 |
2026-05-24 10:30:54,627 [INFO][ips_offload] | Henryx Su     |    1 |    0 |    1 |         1 |         0 |     1 |             1.93 |     0 |    0 |    0 |            1 |   0 |    0 |   0 |      0 |    0 |        0 |         0 |           0 |                 0 |                 0 |       0 |       0 |           0 |    0 |    0 |      0 |       0 |   0 |  0 |            0 |
2026-05-24 10:30:54,627 [INFO][ips_offload] | Lydiax Chien  |    0 |    0 |    1 |         0 |         0 |     1 |             2.64 |     0 |    0 |    0 |            0 |   0 |    0 |   0 |      0 |    0 |        0 |         0 |           1 |                 0 |                 0 |       0 |       0 |           0 |    0 |    0 |      0 |       0 |   0 |  0 |            0 |
2026-05-24 10:30:54,627 [INFO][ips_offload] | Jonathan Tsao |    0 |    0 |    0 |         0 |         0 |     0 |             0.00 |     0 |    0 |    0 |            0 |   0 |    0 |   0 |      0 |    0 |        0 |         0 |           0 |                 0 |                 0 |       0 |       0 |           0 |    0 |    0 |      0 |       0 |   0 |  0 |            0 |
2026-05-24 10:30:54,627 [INFO][ips_offload] | KJ Fang       |    0 |    0 |    0 |         0 |         0 |     0 |            14.80 |     0 |    1 |    0 |            2 |   0 |    0 |   0 |      0 |    0 |        0 |         0 |           1 |                 0 |                 0 |       1 |       0 |           0 |    0 |    0 |      0 |       0 |   2 |  0 |            0 |
2026-05-24 10:30:54,627 [INFO][ips_offload] | Leo Chiang    |    0 |    0 |    0 |         0 |         0 |     0 |             2.26 |     0 |    0 |    0 |            0 |   0 |    0 |   0 |      0 |    0 |        0 |         0 |           0 |                 0 |                 0 |       0 |       0 |           0 |    0 |    0 |      0 |       1 |   0 |  0 |            0 |
2026-05-24 10:30:54,627 [INFO][ips_offload] | Yu-Wei Chen   |    0 |    1 |    0 |         0 |         1 |     0 |             6.14 |     0 |    0 |    0 |            2 |   0 |    0 |   0 |      0 |    0 |        0 |         0 |           0 |                 0 |                 0 |       0 |       0 |           0 |    0 |    0 |      0 |       1 |   0 |  0 |            0 |
2026-05-24 10:30:54,627 [INFO][ips_offload] +---------------+------+------+------+-----------+-----------+-------+------------------+-------+------+------+--------------+-----+------+-----+--------+------+----------+-----------+-------------+-------------------+-------------------+---------+---------+-------------+------+------+--------+---------+-----+----+--------------+
2026-05-24 10:30:54,627 [INFO][ips_offload] Offload decision mode: Curr
2026-05-24 10:30:54,629 [INFO][ips_offload] Graph auth mode: delegated
2026-05-24 10:30:57,915 [INFO][ips_offload] Summary-only loading email sent to 20 recipient(s).
[Config] Using GRAPH_CLIENT_SECRET from environment/.env.
[Auth] Using cached Graph delegated token.
[INFO] Finished with exit code 0
[INFO] Exit code: 0
[INFO] ===== Offload loading-summary daily end =====
