[INFO] ===== Offload loading-summary daily start =====
[INFO] Timestamp: Thu 04/30/2026 10:30:48.03
[INFO] Script dir: C:\Users\jtsao1\OneDrive - Intel Corporation\Documents\My workspace\jira_ips_tat_HP\jira_tat\jira_customer_tat\
[INFO] Current dir: C:\Users\jtsao1\OneDrive - Intel Corporation\Documents\My workspace\jira_ips_tat_HP\jira_tat\jira_customer_tat
C:\Python314\python.exe
C:\Users\jtsao1\AppData\Local\Microsoft\WindowsApps\python.exe
C:\Users\jtsao1\AppData\Local\Python\bin\python.exe
[INFO] GRAPH_AUTH_MODE=delegated
[INFO] GRAPH_SENDER_UPN=frank.lee@intel.com
[INFO] OFFLOAD_ALWAYS_EXCLUDED_REPORTERS=Jonathan Tsao
[INFO] Command: run_offload_reporter_issues.bat --send-email --summary-only-email 
[INFO] Running offload_reporter_issues.py --send-email --summary-only-email
[INFO] OFFLOAD_ALWAYS_EXCLUDED_REPORTERS=Jonathan Tsao
2026-04-30 10:30:52,173 [INFO][ips_offload] Included 6 allowed reporter(s) with zero current issues for receiver rotation.
2026-04-30 10:30:52,760 [INFO][ips_offload] Current issue calculation breakdown per reporter:
2026-04-30 10:30:56,534 [INFO][ips_offload] Weighted loading trial enabled for visibility; offload decision remains based on Curr.
2026-04-30 10:30:56,536 [INFO][ips_offload] Combined trial table (single table with category columns, decision still uses Curr):
2026-04-30 10:30:56,537 [INFO][ips_offload] +---------------+------+------+------+-----------+-----------+-------+------------------+-------+------+------+--------------+-----+------+-----+--------+------+----------+-----------+-------------+-------------------+-------------------+---------+---------+-------------+------+------+--------+---------+-----+----+--------------+
2026-04-30 10:30:56,537 [INFO][ips_offload] | Name          | uIPS | uHSD | Jira | Stale IPS | Stale HSD | Total | Weighted Loading | Audio | BIOS | BSOD | Connectivity | HLK | ICPS | IOP | Killer | MSFT | Miracast | OEM Tools | Performance | Power Consumption | Power on sequence | Roaming | Sensing | System Hang | UEFI | WAPI | WowLAN | YB/Lost | P2P | RF | Needs-Triage |
2026-04-30 10:30:56,537 [INFO][ips_offload] +---------------+------+------+------+-----------+-----------+-------+------------------+-------+------+------+--------------+-----+------+-----+--------+------+----------+-----------+-------------+-------------------+-------------------+---------+---------+-------------+------+------+--------+---------+-----+----+--------------+
2026-04-30 10:30:56,537 [INFO][ips_offload] | Steven1 Chen  |   10 |   11 |    5 |         9 |         0 |    17 |            22.64 |     0 |    0 |    0 |            6 |   0 |    0 |   0 |      0 |    0 |        0 |         0 |           0 |                 0 |                 0 |       0 |       0 |           0 |    0 |    0 |      0 |       0 |   0 |  0 |            0 |
2026-04-30 10:30:56,537 [INFO][ips_offload] | Frank Lee     |   18 |    0 |    6 |        12 |         0 |    12 |            25.38 |     0 |    0 |    0 |            3 |   0 |    0 |   0 |      0 |    0 |        0 |         0 |           1 |                 0 |                 0 |       0 |       3 |           0 |    0 |    0 |      0 |       2 |   3 |  0 |            0 |
2026-04-30 10:30:56,537 [INFO][ips_offload] | Zhiqiang Cai  |    6 |    0 |    6 |         1 |         0 |    11 |            23.52 |     0 |    0 |    1 |            3 |   0 |    0 |   0 |      0 |    0 |        0 |         0 |           1 |                 0 |                 0 |       0 |       1 |           0 |    1 |    0 |      0 |       2 |   3 |  0 |            0 |
2026-04-30 10:30:56,537 [INFO][ips_offload] | Bingyue Sun   |    6 |    0 |    3 |         0 |         0 |     9 |            16.92 |     1 |    0 |    2 |            6 |   0 |    0 |   0 |      0 |    0 |        0 |         0 |           0 |                 0 |                 0 |       0 |       0 |           0 |    0 |    0 |      0 |       0 |   0 |  0 |            0 |
2026-04-30 10:30:56,537 [INFO][ips_offload] | Wesley Kuo    |   12 |    0 |    2 |         5 |         0 |     9 |            16.84 |     0 |    0 |    1 |            6 |   0 |    0 |   0 |      0 |    0 |        0 |         1 |           0 |                 0 |                 0 |       0 |       0 |           0 |    0 |    0 |      0 |       1 |   0 |  0 |            0 |
2026-04-30 10:30:56,537 [INFO][ips_offload] | Frank Yang    |   10 |    0 |    0 |         2 |         0 |     8 |            16.76 |     0 |    0 |    0 |            1 |   0 |    0 |   0 |      0 |    0 |        0 |         2 |           3 |                 0 |                 0 |       0 |       1 |           0 |    0 |    0 |      0 |       0 |   1 |  0 |            0 |
2026-04-30 10:30:56,538 [INFO][ips_offload] | Kj Fang       |   29 |    0 |    2 |        24 |         0 |     7 |            14.93 |     0 |    0 |    0 |            3 |   0 |    0 |   0 |      0 |    0 |        0 |         0 |           2 |                 0 |                 0 |       0 |       0 |           0 |    0 |    0 |      0 |       0 |   2 |  0 |            0 |
2026-04-30 10:30:56,538 [INFO][ips_offload] | Charles Chu   |   13 |    0 |    2 |         9 |         0 |     6 |            11.43 |     0 |    0 |    0 |            0 |   0 |    0 |   0 |      0 |    0 |        0 |         1 |           0 |                 0 |                 0 |       0 |       2 |           0 |    0 |    0 |      0 |       0 |   3 |  0 |            0 |
2026-04-30 10:30:56,538 [INFO][ips_offload] | Jackx Lee     |    4 |    0 |    3 |         1 |         0 |     6 |            12.00 |     0 |    1 |    0 |            1 |   0 |    0 |   0 |      0 |    0 |        0 |         1 |           0 |                 0 |                 0 |       0 |       0 |           0 |    0 |    0 |      0 |       2 |   1 |  0 |            0 |
2026-04-30 10:30:56,538 [INFO][ips_offload] | Timdaway Lai  |    5 |    3 |    2 |         2 |         2 |     6 |            11.93 |     0 |    0 |    1 |            2 |   0 |    1 |   0 |      0 |    0 |        0 |         0 |           1 |                 0 |                 0 |       0 |       1 |           0 |    0 |    0 |      0 |       0 |   0 |  0 |            0 |
2026-04-30 10:30:56,538 [INFO][ips_offload] | Brenton Wu    |    8 |    0 |    2 |         5 |         0 |     5 |             9.80 |     0 |    0 |    0 |            1 |   2 |    0 |   0 |      0 |    0 |        0 |         0 |           0 |                 0 |                 0 |       0 |       0 |           0 |    0 |    0 |      0 |       1 |   1 |  0 |            0 |
2026-04-30 10:30:56,538 [INFO][ips_offload] | Matt Chen     |    6 |    0 |    5 |         6 |         0 |     5 |            10.66 |     0 |    0 |    0 |            2 |   0 |    0 |   0 |      0 |    0 |        0 |         0 |           0 |                 0 |                 0 |       0 |       0 |           0 |    0 |    0 |      0 |       2 |   1 |  0 |            0 |
2026-04-30 10:30:56,538 [INFO][ips_offload] | Juan Zou      |    3 |    0 |    0 |         0 |         0 |     3 |             5.38 |     0 |    0 |    1 |            2 |   0 |    0 |   0 |      0 |    0 |        0 |         0 |           0 |                 0 |                 0 |       0 |       0 |           0 |    0 |    0 |      0 |       0 |   0 |  0 |            0 |
2026-04-30 10:30:56,538 [INFO][ips_offload] | Yu-Wei Chen   |    0 |    3 |    0 |         0 |         0 |     3 |             1.50 |     0 |    0 |    1 |            0 |   0 |    0 |   0 |      0 |    0 |        0 |         0 |           0 |                 0 |                 0 |       0 |       0 |           0 |    0 |    0 |      0 |       0 |   0 |  0 |            0 |
2026-04-30 10:30:56,538 [INFO][ips_offload] | Henryx Su     |    2 |    0 |    0 |         0 |         0 |     2 |             2.93 |     0 |    0 |    1 |            0 |   0 |    0 |   0 |      0 |    0 |        0 |         0 |           0 |                 0 |                 0 |       0 |       0 |           0 |    0 |    0 |      0 |       0 |   1 |  0 |            0 |
2026-04-30 10:30:56,538 [INFO][ips_offload] | Leo Chiang    |    8 |    3 |    0 |         7 |         2 |     2 |             2.94 |     0 |    0 |    0 |            1 |   0 |    0 |   0 |      0 |    0 |        0 |         0 |           0 |                 0 |                 0 |       0 |       0 |           0 |    0 |    0 |      0 |       0 |   0 |  0 |            0 |
2026-04-30 10:30:56,539 [INFO][ips_offload] | Lydiax Chien  |    0 |    0 |    2 |         0 |         0 |     2 |             3.86 |     0 |    0 |    0 |            1 |   0 |    0 |   0 |      0 |    0 |        0 |         0 |           0 |                 0 |                 0 |       0 |       0 |           0 |    0 |    0 |      0 |       0 |   1 |  0 |            0 |
2026-04-30 10:30:56,539 [INFO][ips_offload] | Tonyx Yeh     |    0 |    0 |    1 |         0 |         0 |     1 |             1.94 |     0 |    0 |    0 |            1 |   0 |    0 |   0 |      0 |    0 |        0 |         0 |           0 |                 0 |                 0 |       0 |       0 |           0 |    0 |    0 |      0 |       0 |   0 |  0 |            0 |
2026-04-30 10:30:56,539 [INFO][ips_offload] | Yu-wei Chen   |    3 |    0 |    0 |         2 |         0 |     1 |             1.50 |     0 |    0 |    1 |            0 |   0 |    0 |   0 |      0 |    0 |        0 |         0 |           0 |                 0 |                 0 |       0 |       0 |           0 |    0 |    0 |      0 |       0 |   0 |  0 |            0 |
2026-04-30 10:30:56,539 [INFO][ips_offload] | Jonathan Tsao |    0 |    0 |    0 |         0 |         0 |     0 |             0.00 |     0 |    0 |    0 |            0 |   0 |    0 |   0 |      0 |    0 |        0 |         0 |           0 |                 0 |                 0 |       0 |       0 |           0 |    0 |    0 |      0 |       0 |   0 |  0 |            0 |
2026-04-30 10:30:56,539 [INFO][ips_offload] +---------------+------+------+------+-----------+-----------+-------+------------------+-------+------+------+--------------+-----+------+-----+--------+------+----------+-----------+-------------+-------------------+-------------------+---------+---------+-------------+------+------+--------+---------+-----+----+--------------+
2026-04-30 10:30:56,539 [INFO][ips_offload] Offload decision mode: Curr
2026-04-30 10:30:56,547 [INFO][ips_offload] Graph auth mode: delegated
2026-04-30 10:30:59,866 [INFO][ips_offload] Summary-only loading email sent to 21 recipient(s).
[Config] Using GRAPH_CLIENT_SECRET from environment/.env.
[Auth] Using cached Graph delegated token.
[INFO] Finished with exit code 0
[INFO] Exit code: 0
[INFO] ===== Offload loading-summary daily end =====
