[INFO] ===== Offload loading-summary daily start =====
[INFO] Timestamp: Thu 06/04/2026 10:30:48.10
[INFO] Script dir: C:\Users\jtsao1\OneDrive - Intel Corporation\Documents\My workspace\jira_ips_tat_HP\jira_tat\jira_customer_tat\
[INFO] Current dir: C:\Users\jtsao1\OneDrive - Intel Corporation\Documents\My workspace\jira_ips_tat_HP\jira_tat\jira_customer_tat
C:\Python314\python.exe
C:\Users\jtsao1\AppData\Local\Microsoft\WindowsApps\python.exe
C:\Users\jtsao1\AppData\Local\Python\bin\python.exe
[INFO] GRAPH_AUTH_MODE=delegated
[INFO] GRAPH_SENDER_UPN=frank.lee@intel.com
[INFO] OFFLOAD_ALWAYS_EXCLUDED_REPORTERS=Jonathan Tsao
[INFO] Command: run_offload_reporter_issues.bat --send-email --summary-only-email 
[INFO] Running offload_reporter_issues.py --send-email --summary-only-email
[INFO] OFFLOAD_ALWAYS_EXCLUDED_ENGINEERS=Jonathan Tsao
2026-06-04 10:30:52,878 [INFO][ips_offload] Included 7 allowed reporter(s) with zero current issues for receiver rotation.
2026-06-04 10:30:53,479 [INFO][ips_offload] Current issue calculation breakdown per reporter:
2026-06-04 10:30:55,605 [INFO][ips_offload] Weighted loading trial enabled for visibility; offload decision remains based on Curr.
2026-06-04 10:30:55,606 [INFO][ips_offload] Combined trial table (single table with category columns, decision still uses Curr):
2026-06-04 10:30:55,606 [INFO][ips_offload] +---------------+------+------+------+-----------+-----------+-------+------------------+-------+------+------+--------------+-----+------+-----+--------+------+----------+-----------+-------------+-------------------+-------------------+---------+---------+-------------+------+------+--------+---------+-----+----+--------------+
2026-06-04 10:30:55,606 [INFO][ips_offload] | Name          | uIPS | uHSD | Jira | Stale IPS | Stale HSD | Total | Weighted Loading | Audio | BIOS | BSOD | Connectivity | HLK | ICPS | IOP | Killer | MSFT | Miracast | OEM Tools | Performance | Power Consumption | Power on sequence | Roaming | Sensing | System Hang | UEFI | WAPI | WowLAN | YB/Lost | P2P | RF | Needs-Triage |
2026-06-04 10:30:55,606 [INFO][ips_offload] +---------------+------+------+------+-----------+-----------+-------+------------------+-------+------+------+--------------+-----+------+-----+--------+------+----------+-----------+-------------+-------------------+-------------------+---------+---------+-------------+------+------+--------+---------+-----+----+--------------+
2026-06-04 10:30:55,606 [INFO][ips_offload] | Wesley Kuo    |    5 |    0 |    7 |         3 |         0 |     9 |            16.77 |     0 |    0 |    0 |            7 |   1 |    0 |   0 |      0 |    0 |        0 |         1 |           0 |                 0 |                 0 |       0 |       0 |           0 |    0 |    0 |      0 |       0 |   0 |  0 |            0 |
2026-06-04 10:30:55,606 [INFO][ips_offload] | Bingyue Sun   |    6 |    0 |    3 |         1 |         0 |     8 |            14.58 |     0 |    0 |    2 |            5 |   0 |    0 |   0 |      0 |    0 |        0 |         0 |           1 |                 0 |                 0 |       0 |       0 |           0 |    0 |    0 |      0 |       0 |   0 |  0 |            0 |
2026-06-04 10:30:55,606 [INFO][ips_offload] | Zhiqiang Cai  |    4 |    0 |    4 |         0 |         0 |     8 |            19.70 |     0 |    0 |    1 |            3 |   0 |    0 |   0 |      0 |    0 |        0 |         0 |           2 |                 0 |                 0 |       0 |       0 |           0 |    1 |    0 |      0 |       1 |   2 |  0 |            0 |
2026-06-04 10:30:55,606 [INFO][ips_offload] | Frank Yang    |    6 |    0 |    3 |         2 |         0 |     7 |            28.80 |     0 |    1 |    2 |            6 |   0 |    2 |   0 |      0 |    0 |        0 |         2 |           0 |                 0 |                 0 |       0 |       0 |           0 |    0 |    0 |      1 |       1 |   1 |  1 |            0 |
2026-06-04 10:30:55,606 [INFO][ips_offload] | Steven1 Chen  |   10 |    0 |    2 |         5 |         0 |     7 |            12.46 |     0 |    0 |    1 |            4 |   0 |    0 |   0 |      0 |    0 |        0 |         0 |           0 |                 2 |                 0 |       0 |       0 |           0 |    0 |    0 |      0 |       0 |   0 |  0 |            0 |
2026-06-04 10:30:55,606 [INFO][ips_offload] | Frank Lee     |    9 |    0 |    4 |         7 |         0 |     6 |            17.70 |     0 |    0 |    0 |            4 |   0 |    2 |   0 |      0 |    0 |        0 |         0 |           1 |                 1 |                 0 |       0 |       0 |           0 |    0 |    0 |      0 |       0 |   1 |  0 |            0 |
2026-06-04 10:30:55,606 [INFO][ips_offload] | KJ Fang       |   11 |    0 |    2 |         7 |         0 |     6 |            16.77 |     0 |    1 |    0 |            3 |   0 |    0 |   0 |      0 |    0 |        0 |         0 |           2 |                 0 |                 0 |       0 |       0 |           0 |    0 |    0 |      0 |       0 |   2 |  0 |            0 |
2026-06-04 10:30:55,607 [INFO][ips_offload] | Timdaway Lai  |    5 |    0 |    2 |         1 |         0 |     6 |            23.49 |     0 |    1 |    0 |            2 |   0 |    1 |   0 |      0 |    0 |        0 |         0 |           0 |                 0 |                 0 |       1 |       0 |           2 |    0 |    0 |      0 |       2 |   2 |  0 |            0 |
2026-06-04 10:30:55,607 [INFO][ips_offload] | Yu-Wei Chen   |    6 |    0 |    2 |         2 |         0 |     6 |            12.18 |     0 |    1 |    0 |            3 |   0 |    0 |   0 |      0 |    0 |        0 |         0 |           0 |                 0 |                 0 |       0 |       0 |           0 |    0 |    0 |      0 |       2 |   0 |  0 |            0 |
2026-06-04 10:30:55,607 [INFO][ips_offload] | Charles Chu   |    7 |    0 |    2 |         4 |         0 |     5 |            10.16 |     0 |    0 |    1 |            2 |   0 |    0 |   0 |      0 |    0 |        0 |         1 |           0 |                 0 |                 0 |       0 |       0 |           0 |    0 |    0 |      0 |       0 |   2 |  0 |            0 |
2026-06-04 10:30:55,607 [INFO][ips_offload] | Lydiax Chien  |    4 |    0 |    1 |         0 |         0 |     5 |             9.39 |     0 |    0 |    1 |            1 |   0 |    0 |   0 |      0 |    0 |        0 |         0 |           0 |                 0 |                 0 |       1 |       0 |           0 |    0 |    0 |      0 |       0 |   2 |  0 |            0 |
2026-06-04 10:30:55,607 [INFO][ips_offload] | Matt Chen     |    7 |    0 |    2 |         5 |         0 |     4 |            13.35 |     0 |    0 |    0 |            2 |   1 |    0 |   0 |      0 |    0 |        0 |         0 |           0 |                 0 |                 0 |       0 |       0 |           0 |    0 |    0 |      0 |       0 |   4 |  0 |            0 |
2026-06-04 10:30:55,607 [INFO][ips_offload] | Juan Zou      |    2 |    0 |    1 |         0 |         0 |     3 |             5.38 |     0 |    0 |    1 |            2 |   0 |    0 |   0 |      0 |    0 |        0 |         0 |           0 |                 0 |                 0 |       0 |       0 |           0 |    0 |    0 |      0 |       0 |   0 |  0 |            0 |
2026-06-04 10:30:55,607 [INFO][ips_offload] | Brenton Wu    |    9 |    0 |    0 |         7 |         0 |     2 |             3.87 |     0 |    0 |    0 |            2 |   0 |    0 |   0 |      0 |    0 |        0 |         0 |           0 |                 0 |                 0 |       0 |       0 |           0 |    0 |    0 |      0 |       0 |   0 |  0 |            0 |
2026-06-04 10:30:55,607 [INFO][ips_offload] | Jackx Lee     |    0 |    0 |    2 |         0 |         0 |     2 |             5.70 |     0 |    0 |    0 |            2 |   0 |    0 |   0 |      0 |    0 |        0 |         0 |           0 |                 0 |                 0 |       0 |       0 |           0 |    0 |    0 |      0 |       0 |   0 |  1 |            0 |
2026-06-04 10:30:55,607 [INFO][ips_offload] | Henryx Su     |    1 |    0 |    1 |         1 |         0 |     1 |             3.86 |     0 |    0 |    0 |            2 |   0 |    0 |   0 |      0 |    0 |        0 |         0 |           0 |                 0 |                 0 |       0 |       0 |           0 |    0 |    0 |      0 |       0 |   0 |  0 |            0 |
2026-06-04 10:30:55,607 [INFO][ips_offload] | Jonathan Tsao |    0 |    0 |    1 |         0 |         0 |     1 |             1.94 |     0 |    0 |    0 |            1 |   0 |    0 |   0 |      0 |    0 |        0 |         0 |           0 |                 0 |                 0 |       0 |       0 |           0 |    0 |    0 |      0 |       0 |   0 |  0 |            0 |
2026-06-04 10:30:55,607 [INFO][ips_offload] | Leo Chiang    |    0 |    0 |    0 |         0 |         0 |     0 |             2.26 |     0 |    0 |    0 |            0 |   0 |    0 |   0 |      0 |    0 |        0 |         0 |           0 |                 0 |                 0 |       0 |       0 |           0 |    0 |    0 |      0 |       1 |   0 |  0 |            0 |
2026-06-04 10:30:55,607 [INFO][ips_offload] +---------------+------+------+------+-----------+-----------+-------+------------------+-------+------+------+--------------+-----+------+-----+--------+------+----------+-----------+-------------+-------------------+-------------------+---------+---------+-------------+------+------+--------+---------+-----+----+--------------+
2026-06-04 10:30:55,607 [INFO][ips_offload] Offload decision mode: Curr
2026-06-04 10:30:55,609 [INFO][ips_offload] Graph auth mode: delegated
2026-06-04 10:30:57,496 [INFO][ips_offload] Summary-only loading email sent to 20 recipient(s).
[Config] Using GRAPH_CLIENT_SECRET from environment/.env.
[Auth] Using cached Graph delegated token.
[INFO] Finished with exit code 0
[INFO] Exit code: 0
[INFO] ===== Offload loading-summary daily end =====
