[INFO] ===== Offload scheduler start =====
[INFO] Timestamp: Fri 05/01/2026 12:53:02.07
[INFO] Script dir: C:\Users\jtsao1\OneDrive - Intel Corporation\Documents\My workspace\jira_ips_tat_HP\jira_tat\jira_customer_tat\
[INFO] Current dir: C:\Users\jtsao1\OneDrive - Intel Corporation\Documents\My workspace\jira_ips_tat_HP\jira_tat\jira_customer_tat
C:\Python314\python.exe
C:\Users\jtsao1\AppData\Local\Microsoft\WindowsApps\python.exe
C:\Users\jtsao1\AppData\Local\Python\bin\python.exe
[INFO] GRAPH_AUTH_MODE=delegated
[INFO] GRAPH_SENDER_UPN=frank.lee@intel.com
[INFO] OFFLOAD_RECEIVER_MAX_ISSUES=10
[INFO] OFFLOAD_ALWAYS_EXCLUDED_REPORTERS=Jonathan Tsao
[INFO] Running offload_reporter_issues.py --send-email
[INFO] OFFLOAD_ALWAYS_EXCLUDED_REPORTERS=Jonathan Tsao
2026-05-01 12:53:07,178 [INFO][ips_offload] Included 5 allowed reporter(s) with zero current issues for receiver rotation.
2026-05-01 12:53:07,859 [INFO][ips_offload] Current issue calculation breakdown per reporter:
2026-05-01 12:53:10,836 [INFO][ips_offload] Weighted loading trial enabled for visibility; offload decision remains based on Curr.
2026-05-01 12:53:10,836 [INFO][ips_offload] Combined trial table (single table with category columns, decision still uses Curr):
2026-05-01 12:53:10,837 [INFO][ips_offload] +---------------+------+------+------+-----------+-----------+-------+------------------+-------+------+------+--------------+-----+------+-----+--------+------+----------+-----------+-------------+-------------------+-------------------+---------+---------+-------------+------+------+--------+---------+-----+----+--------------+
2026-05-01 12:53:10,837 [INFO][ips_offload] | Name          | uIPS | uHSD | Jira | Stale IPS | Stale HSD | Total | Weighted Loading | Audio | BIOS | BSOD | Connectivity | HLK | ICPS | IOP | Killer | MSFT | Miracast | OEM Tools | Performance | Power Consumption | Power on sequence | Roaming | Sensing | System Hang | UEFI | WAPI | WowLAN | YB/Lost | P2P | RF | Needs-Triage |
2026-05-01 12:53:10,837 [INFO][ips_offload] +---------------+------+------+------+-----------+-----------+-------+------------------+-------+------+------+--------------+-----+------+-----+--------+------+----------+-----------+-------------+-------------------+-------------------+---------+---------+-------------+------+------+--------+---------+-----+----+--------------+
2026-05-01 12:53:10,837 [INFO][ips_offload] | Frank Yang    |   12 |    0 |   11 |         2 |         0 |    21 |            39.24 |     0 |    3 |    2 |            2 |   0 |    2 |   0 |      0 |    0 |        0 |         3 |           3 |                 0 |                 0 |       0 |       1 |           0 |    0 |    0 |      0 |       2 |   1 |  2 |            0 |
2026-05-01 12:53:10,837 [INFO][ips_offload] | Steven1 Chen  |   10 |   11 |    5 |         9 |         0 |    17 |            22.64 |     0 |    0 |    0 |            6 |   0 |    0 |   0 |      0 |    0 |        0 |         0 |           0 |                 0 |                 0 |       0 |       0 |           0 |    0 |    0 |      0 |       0 |   0 |  0 |            0 |
2026-05-01 12:53:10,837 [INFO][ips_offload] | Frank Lee     |   18 |    0 |    9 |        14 |         0 |    13 |            26.73 |     0 |    0 |    0 |            4 |   0 |    1 |   0 |      0 |    0 |        0 |         0 |           1 |                 1 |                 0 |       0 |       1 |           0 |    0 |    0 |      0 |       2 |   3 |  0 |            0 |
2026-05-01 12:53:10,837 [INFO][ips_offload] | Timdaway Lai  |    5 |    3 |    8 |         2 |         2 |    12 |            23.36 |     0 |    1 |    1 |            4 |   0 |    1 |   0 |      0 |    0 |        0 |         1 |           1 |                 0 |                 0 |       0 |       1 |           0 |    0 |    0 |      0 |       1 |   1 |  0 |            0 |
2026-05-01 12:53:10,837 [INFO][ips_offload] | Zhiqiang Cai  |    5 |    0 |    8 |         1 |         0 |    12 |            24.25 |     0 |    0 |    2 |            4 |   0 |    0 |   0 |      0 |    0 |        0 |         0 |           1 |                 0 |                 0 |       0 |       1 |           0 |    1 |    0 |      0 |       1 |   3 |  0 |            0 |
2026-05-01 12:53:10,837 [INFO][ips_offload] | Brenton Wu    |   11 |    0 |    2 |         5 |         0 |     8 |            15.94 |     0 |    0 |    0 |            3 |   2 |    0 |   0 |      0 |    0 |        0 |         0 |           0 |                 0 |                 0 |       0 |       0 |           0 |    0 |    0 |      0 |       2 |   1 |  0 |            0 |
2026-05-01 12:53:10,837 [INFO][ips_offload] | Kj Fang       |   29 |    0 |    3 |        24 |         0 |     8 |            16.86 |     0 |    0 |    0 |            4 |   0 |    0 |   0 |      0 |    0 |        0 |         0 |           2 |                 0 |                 0 |       0 |       0 |           0 |    0 |    0 |      0 |       0 |   2 |  0 |            0 |
2026-05-01 12:53:10,837 [INFO][ips_offload] | Wesley Kuo    |   12 |    0 |    1 |         5 |         0 |     8 |            15.40 |     0 |    0 |    1 |            6 |   0 |    0 |   0 |      0 |    0 |        0 |         0 |           0 |                 0 |                 0 |       0 |       0 |           0 |    0 |    0 |      0 |       1 |   0 |  0 |            0 |
2026-05-01 12:53:10,837 [INFO][ips_offload] | Bingyue Sun   |    6 |    0 |    2 |         1 |         0 |     7 |            13.04 |     1 |    0 |    2 |            4 |   0 |    0 |   0 |      0 |    0 |        0 |         0 |           0 |                 0 |                 0 |       0 |       0 |           0 |    0 |    0 |      0 |       0 |   0 |  0 |            0 |
2026-05-01 12:53:10,837 [INFO][ips_offload] | Charles Chu   |   13 |    0 |    2 |         9 |         0 |     6 |            11.43 |     0 |    0 |    0 |            0 |   0 |    0 |   0 |      0 |    0 |        0 |         1 |           0 |                 0 |                 0 |       0 |       2 |           0 |    0 |    0 |      0 |       0 |   3 |  0 |            0 |
2026-05-01 12:53:10,837 [INFO][ips_offload] | Jackx Lee     |    4 |    0 |    3 |         1 |         0 |     6 |            12.00 |     0 |    1 |    0 |            1 |   0 |    0 |   0 |      0 |    0 |        0 |         1 |           0 |                 0 |                 0 |       0 |       0 |           0 |    0 |    0 |      0 |       2 |   1 |  0 |            0 |
2026-05-01 12:53:10,837 [INFO][ips_offload] | Matt Chen     |    6 |    0 |    5 |         6 |         0 |     5 |            10.66 |     0 |    0 |    0 |            2 |   0 |    0 |   0 |      0 |    0 |        0 |         0 |           0 |                 0 |                 0 |       0 |       0 |           0 |    0 |    0 |      0 |       2 |   1 |  0 |            0 |
2026-05-01 12:53:10,837 [INFO][ips_offload] | Yu-Wei Chen   |    0 |    3 |    0 |         0 |         0 |     3 |             1.50 |     0 |    0 |    1 |            0 |   0 |    0 |   0 |      0 |    0 |        0 |         0 |           0 |                 0 |                 0 |       0 |       0 |           0 |    0 |    0 |      0 |       0 |   0 |  0 |            0 |
2026-05-01 12:53:10,837 [INFO][ips_offload] | Henryx Su     |    2 |    0 |    0 |         0 |         0 |     2 |             2.93 |     0 |    0 |    1 |            0 |   0 |    0 |   0 |      0 |    0 |        0 |         0 |           0 |                 0 |                 0 |       0 |       0 |           0 |    0 |    0 |      0 |       0 |   1 |  0 |            0 |
2026-05-01 12:53:10,837 [INFO][ips_offload] | Juan Zou      |    2 |    0 |    0 |         0 |         0 |     2 |             3.44 |     0 |    0 |    1 |            1 |   0 |    0 |   0 |      0 |    0 |        0 |         0 |           0 |                 0 |                 0 |       0 |       0 |           0 |    0 |    0 |      0 |       0 |   0 |  0 |            0 |
2026-05-01 12:53:10,837 [INFO][ips_offload] | Leo Chiang    |    8 |    3 |    1 |         8 |         2 |     2 |             3.36 |     0 |    0 |    0 |            0 |   0 |    0 |   0 |      0 |    0 |        0 |         0 |           0 |                 0 |                 0 |       0 |       0 |           0 |    0 |    0 |      0 |       1 |   0 |  0 |            0 |
2026-05-01 12:53:10,837 [INFO][ips_offload] | Lydiax Chien  |    0 |    0 |    2 |         0 |         0 |     2 |             3.86 |     0 |    0 |    0 |            1 |   0 |    0 |   0 |      0 |    0 |        0 |         0 |           0 |                 0 |                 0 |       0 |       0 |           0 |    0 |    0 |      0 |       0 |   1 |  0 |            0 |
2026-05-01 12:53:10,837 [INFO][ips_offload] | Tonyx Yeh     |    0 |    0 |    1 |         0 |         0 |     1 |             1.94 |     0 |    0 |    0 |            1 |   0 |    0 |   0 |      0 |    0 |        0 |         0 |           0 |                 0 |                 0 |       0 |       0 |           0 |    0 |    0 |      0 |       0 |   0 |  0 |            0 |
2026-05-01 12:53:10,837 [INFO][ips_offload] | Yu-wei Chen   |    3 |    0 |    0 |         2 |         0 |     1 |             1.50 |     0 |    0 |    1 |            0 |   0 |    0 |   0 |      0 |    0 |        0 |         0 |           0 |                 0 |                 0 |       0 |       0 |           0 |    0 |    0 |      0 |       0 |   0 |  0 |            0 |
2026-05-01 12:53:10,837 [INFO][ips_offload] | Jonathan Tsao |    0 |    0 |    0 |         0 |         0 |     0 |             0.00 |     0 |    0 |    0 |            0 |   0 |    0 |   0 |      0 |    0 |        0 |         0 |           0 |                 0 |                 0 |       0 |       0 |           0 |    0 |    0 |      0 |       0 |   0 |  0 |            0 |
2026-05-01 12:53:10,837 [INFO][ips_offload] | KJ Fang       |    0 |    0 |    0 |         0 |         0 |     0 |            16.86 |     0 |    0 |    0 |            4 |   0 |    0 |   0 |      0 |    0 |        0 |         0 |           2 |                 0 |                 0 |       0 |       0 |           0 |    0 |    0 |      0 |       0 |   2 |  0 |            0 |
2026-05-01 12:53:10,837 [INFO][ips_offload] | Zhiwei He     |    0 |    0 |    0 |         0 |         0 |     0 |             0.00 |     0 |    0 |    0 |            0 |   0 |    0 |   0 |      0 |    0 |        0 |         0 |           0 |                 0 |                 0 |       0 |       0 |           0 |    0 |    0 |      0 |       0 |   0 |  0 |            0 |
2026-05-01 12:53:10,837 [INFO][ips_offload] +---------------+------+------+------+-----------+-----------+-------+------------------+-------+------+------+--------------+-----+------+-----+--------+------+----------+-----------+-------------+-------------------+-------------------+---------+---------+-------------+------+------+--------+---------+-----+----+--------------+
2026-05-01 12:53:10,837 [INFO][ips_offload] Offload decision mode: Curr
Traceback (most recent call last):
  File "C:\Users\jtsao1\OneDrive - Intel Corporation\Documents\My workspace\jira_ips_tat_HP\jira_tat\jira_customer_tat\offload_reporter_issues.py", line 4297, in <module>
    raise SystemExit(main())
                     ~~~~^^
  File "C:\Users\jtsao1\OneDrive - Intel Corporation\Documents\My workspace\jira_ips_tat_HP\jira_tat\jira_customer_tat\offload_reporter_issues.py", line 3860, in main
    issue = _get_most_recent_overloaded_issue(
        db,
    ...<2 lines>...
        exclude_case_numbers=known_cases,
    )
  File "C:\Users\jtsao1\OneDrive - Intel Corporation\Documents\My workspace\jira_ips_tat_HP\jira_tat\jira_customer_tat\offload_reporter_issues.py", line 1797, in _get_most_recent_overloaded_issue
    rows = db.query_rows(query, None)
  File "C:\Users\jtsao1\OneDrive - Intel Corporation\Documents\My workspace\jira_ips_tat_HP\jira_tat\jira_customer_tat\Wireless_bug_dashboard.py", line 1926, in query_rows
    self.__cursor.execute(query, params or None)
    ~~~~~~~~~~~~~~~~~~~~~^^^^^^^^^^^^^^^^^^^^^^^
psycopg2.errors.UndefinedColumn: column "jira_title" does not exist
LINE 27: ...reason), ''), 'NA'))) = 0))))) AND (COALESCE(TRIM(jira_title...
                                                              ^

[INFO] Finished with exit code 1
[INFO] Exit code: 1
[INFO] ===== Offload scheduler end =====
