[INFO] ===== Offload loading-summary daily start =====
[INFO] Timestamp: Wed 06/10/2026 10:43:37.23
[INFO] Script dir: C:\Users\jtsao1\OneDrive - Intel Corporation\Documents\My workspace\jira_ips_tat_HP\jira_tat\jira_customer_tat\
[INFO] Current dir: C:\Users\jtsao1\OneDrive - Intel Corporation\Documents\My workspace\jira_ips_tat_HP\jira_tat\jira_customer_tat
C:\Python314\python.exe
C:\Users\jtsao1\AppData\Local\Microsoft\WindowsApps\python.exe
C:\Users\jtsao1\AppData\Local\Python\bin\python.exe
[INFO] GRAPH_AUTH_MODE=delegated
[INFO] GRAPH_SENDER_UPN=frank.lee@intel.com
[INFO] OFFLOAD_ALWAYS_EXCLUDED_REPORTERS=Jonathan Tsao
[INFO] Command: run_offload_reporter_issues.bat --send-email --summary-only-email 
[INFO] Running offload_reporter_issues.py --send-email --summary-only-email
[INFO] OFFLOAD_ALWAYS_EXCLUDED_ENGINEERS=Jonathan Tsao
2026-06-10 10:44:11,926 [INFO][ips_offload] Included 12 allowed reporter(s) with zero current issues for receiver rotation.
2026-06-10 10:44:12,635 [INFO][ips_offload] Current issue calculation breakdown per reporter:
2026-06-10 10:44:22,625 [INFO][ips_offload] Weighted loading trial enabled for visibility; offload decision remains based on Curr.
2026-06-10 10:44:22,626 [INFO][ips_offload] Combined trial table (single table with category columns, decision still uses Curr):
2026-06-10 10:44:22,632 [INFO][ips_offload] +---------------+------+------+------+-----------+-----------+-------+------------------+-------+------+------+--------------+-----+------+-----+--------+------+----------+-----------+-------------+-------------------+-------------------+---------+---------+-------------+------+------+--------+---------+-----+----+--------------+
2026-06-10 10:44:22,632 [INFO][ips_offload] | Name          | uIPS | uHSD | Jira | Stale IPS | Stale HSD | Total | Weighted Loading | Audio | BIOS | BSOD | Connectivity | HLK | ICPS | IOP | Killer | MSFT | Miracast | OEM Tools | Performance | Power Consumption | Power on sequence | Roaming | Sensing | System Hang | UEFI | WAPI | WowLAN | YB/Lost | P2P | RF | Needs-Triage |
2026-06-10 10:44:22,632 [INFO][ips_offload] +---------------+------+------+------+-----------+-----------+-------+------------------+-------+------+------+--------------+-----+------+-----+--------+------+----------+-----------+-------------+-------------------+-------------------+---------+---------+-------------+------+------+--------+---------+-----+----+--------------+
2026-06-10 10:44:22,633 [INFO][ips_offload] | Timdaway Lai  |    0 |    1 |    0 |         0 |         0 |     1 |            24.49 |     0 |    1 |    0 |            2 |   0 |    1 |   0 |      0 |    0 |        0 |         0 |           0 |                 0 |                 0 |       1 |       0 |           2 |    0 |    0 |      0 |       2 |   2 |  0 |            0 |
2026-06-10 10:44:22,633 [INFO][ips_offload] | Wesley Kuo    |    0 |    0 |    1 |         0 |         0 |     1 |            16.58 |     0 |    0 |    0 |            6 |   2 |    0 |   0 |      0 |    0 |        0 |         1 |           0 |                 0 |                 0 |       0 |       0 |           0 |    0 |    0 |      0 |       0 |   0 |  0 |            0 |
2026-06-10 10:44:22,633 [INFO][ips_offload] | Bingyue Sun   |    0 |    0 |    0 |         0 |         0 |     0 |            18.46 |     0 |    0 |    2 |            7 |   0 |    0 |   0 |      0 |    0 |        0 |         0 |           1 |                 0 |                 0 |       0 |       0 |           0 |    0 |    0 |      0 |       0 |   0 |  0 |            0 |
2026-06-10 10:44:22,633 [INFO][ips_offload] | Brenton Wu    |    0 |    0 |    0 |         0 |         0 |     0 |             9.68 |     0 |    0 |    0 |            4 |   0 |    0 |   0 |      0 |    0 |        0 |         0 |           0 |                 0 |                 0 |       0 |       0 |           0 |    0 |    0 |      0 |       0 |   1 |  0 |            0 |
2026-06-10 10:44:22,633 [INFO][ips_offload] | Charles Chu   |    0 |    0 |    0 |         0 |         0 |     0 |             8.23 |     0 |    0 |    1 |            2 |   0 |    0 |   0 |      0 |    0 |        0 |         1 |           0 |                 0 |                 0 |       0 |       0 |           0 |    0 |    0 |      0 |       0 |   1 |  0 |            0 |
2026-06-10 10:44:22,633 [INFO][ips_offload] | Frank Yang    |    0 |    0 |    0 |         0 |         0 |     0 |            28.60 |     0 |    1 |    2 |            6 |   0 |    2 |   0 |      0 |    0 |        0 |         3 |           0 |                 0 |                 0 |       0 |       0 |           0 |    0 |    0 |      0 |       1 |   1 |  1 |            0 |
2026-06-10 10:44:22,633 [INFO][ips_offload] | Jonathan Tsao |    0 |    0 |    0 |         0 |         0 |     0 |             0.00 |     0 |    0 |    0 |            0 |   0 |    0 |   0 |      0 |    0 |        0 |         0 |           0 |                 0 |                 0 |       0 |       0 |           0 |    0 |    0 |      0 |       0 |   0 |  0 |            0 |
2026-06-10 10:44:22,633 [INFO][ips_offload] | Juan Zou      |    0 |    1 |    0 |         0 |         1 |     0 |             5.70 |     0 |    0 |    1 |            1 |   0 |    0 |   0 |      0 |    0 |        0 |         0 |           0 |                 0 |                 0 |       0 |       0 |           0 |    0 |    0 |      0 |       1 |   0 |  0 |            0 |
2026-06-10 10:44:22,633 [INFO][ips_offload] | KJ Fang       |    0 |    0 |    0 |         0 |         0 |     0 |            16.37 |     0 |    0 |    0 |            3 |   0 |    0 |   0 |      0 |    0 |        0 |         1 |           2 |                 0 |                 0 |       0 |       0 |           0 |    0 |    0 |      0 |       0 |   2 |  0 |            0 |
2026-06-10 10:44:22,633 [INFO][ips_offload] | Leo Chiang    |    0 |    0 |    0 |         0 |         0 |     0 |             2.26 |     0 |    0 |    0 |            0 |   0 |    0 |   0 |      0 |    0 |        0 |         0 |           0 |                 0 |                 0 |       0 |       0 |           0 |    0 |    0 |      0 |       1 |   0 |  0 |            0 |
2026-06-10 10:44:22,633 [INFO][ips_offload] | Matt Chen     |    0 |    0 |    0 |         0 |         0 |     0 |            13.35 |     0 |    0 |    0 |            2 |   1 |    0 |   0 |      0 |    0 |        0 |         0 |           0 |                 0 |                 0 |       0 |       0 |           0 |    0 |    0 |      0 |       0 |   4 |  0 |            0 |
2026-06-10 10:44:22,633 [INFO][ips_offload] | Steven1 Chen  |    0 |    1 |    0 |         0 |         1 |     0 |            13.12 |     0 |    0 |    1 |            4 |   0 |    0 |   0 |      0 |    0 |        0 |         0 |           0 |                 1 |                 0 |       0 |       0 |           0 |    0 |    0 |      0 |       1 |   0 |  0 |            0 |
2026-06-10 10:44:22,633 [INFO][ips_offload] | Yu-Wei Chen   |    0 |    1 |    0 |         0 |         1 |     0 |             9.92 |     0 |    1 |    0 |            3 |   0 |    0 |   0 |      0 |    0 |        0 |         0 |           0 |                 0 |                 0 |       0 |       0 |           0 |    0 |    0 |      0 |       1 |   0 |  0 |            0 |
2026-06-10 10:44:22,633 [INFO][ips_offload] +---------------+------+------+------+-----------+-----------+-------+------------------+-------+------+------+--------------+-----+------+-----+--------+------+----------+-----------+-------------+-------------------+-------------------+---------+---------+-------------+------+------+--------+---------+-----+----+--------------+
2026-06-10 10:44:22,634 [INFO][ips_offload] Offload decision mode: Curr
2026-06-10 10:44:22,636 [INFO][ips_offload] Graph auth mode: delegated
2026-06-10 10:44:27,920 [INFO][ips_offload] Summary-only loading email sent to 20 recipient(s).
[Config] Using GRAPH_CLIENT_SECRET from environment/.env.
[Auth] Using cached Graph delegated token.
[INFO] Finished with exit code 0
[INFO] Exit code: 0
[INFO] ===== Offload loading-summary daily end =====
