[INFO] ===== Offload loading-summary daily start =====
[INFO] Timestamp: Mon 06/01/2026 10:30:48.48
[INFO] Script dir: C:\Users\jtsao1\OneDrive - Intel Corporation\Documents\My workspace\jira_ips_tat_HP\jira_tat\jira_customer_tat\
[INFO] Current dir: C:\Users\jtsao1\OneDrive - Intel Corporation\Documents\My workspace\jira_ips_tat_HP\jira_tat\jira_customer_tat
C:\Python314\python.exe
C:\Users\jtsao1\AppData\Local\Microsoft\WindowsApps\python.exe
C:\Users\jtsao1\AppData\Local\Python\bin\python.exe
[INFO] GRAPH_AUTH_MODE=delegated
[INFO] GRAPH_SENDER_UPN=frank.lee@intel.com
[INFO] OFFLOAD_ALWAYS_EXCLUDED_REPORTERS=Jonathan Tsao
[INFO] Command: run_offload_reporter_issues.bat --send-email --summary-only-email 
[INFO] Running offload_reporter_issues.py --send-email --summary-only-email
[INFO] OFFLOAD_ALWAYS_EXCLUDED_ENGINEERS=Jonathan Tsao
2026-06-01 10:30:52,195 [INFO][ips_offload] Included 7 allowed reporter(s) with zero current issues for receiver rotation.
2026-06-01 10:30:52,794 [INFO][ips_offload] Current issue calculation breakdown per reporter:
2026-06-01 10:30:54,659 [INFO][ips_offload] Weighted loading trial enabled for visibility; offload decision remains based on Curr.
2026-06-01 10:30:54,659 [INFO][ips_offload] Combined trial table (single table with category columns, decision still uses Curr):
2026-06-01 10:30:54,659 [INFO][ips_offload] +---------------+------+------+------+-----------+-----------+-------+------------------+-------+------+------+--------------+-----+------+-----+--------+------+----------+-----------+-------------+-------------------+-------------------+---------+---------+-------------+------+------+--------+---------+-----+----+--------------+
2026-06-01 10:30:54,659 [INFO][ips_offload] | Name          | uIPS | uHSD | Jira | Stale IPS | Stale HSD | Total | Weighted Loading | Audio | BIOS | BSOD | Connectivity | HLK | ICPS | IOP | Killer | MSFT | Miracast | OEM Tools | Performance | Power Consumption | Power on sequence | Roaming | Sensing | System Hang | UEFI | WAPI | WowLAN | YB/Lost | P2P | RF | Needs-Triage |
2026-06-01 10:30:54,659 [INFO][ips_offload] +---------------+------+------+------+-----------+-----------+-------+------------------+-------+------+------+--------------+-----+------+-----+--------+------+----------+-----------+-------------+-------------------+-------------------+---------+---------+-------------+------+------+--------+---------+-----+----+--------------+
2026-06-01 10:30:54,660 [INFO][ips_offload] | Bingyue Sun   |    7 |    0 |    3 |         1 |         0 |     9 |            16.14 |     0 |    0 |    2 |            4 |   2 |    0 |   0 |      0 |    0 |        0 |         0 |           1 |                 0 |                 0 |       0 |       0 |           0 |    0 |    0 |      0 |       0 |   0 |  0 |            0 |
2026-06-01 10:30:54,660 [INFO][ips_offload] | Frank Lee     |    9 |    0 |    6 |         6 |         0 |     9 |            23.71 |     0 |    0 |    0 |            4 |   0 |    3 |   0 |      0 |    0 |        0 |         0 |           1 |                 2 |                 0 |       0 |       0 |           0 |    0 |    0 |      0 |       0 |   2 |  0 |            0 |
2026-06-01 10:30:54,660 [INFO][ips_offload] | Charles Chu   |   11 |    0 |    1 |         5 |         0 |     7 |            14.69 |     0 |    0 |    1 |            3 |   0 |    0 |   0 |      0 |    0 |        0 |         1 |           0 |                 0 |                 0 |       1 |       0 |           0 |    0 |    0 |      0 |       0 |   2 |  0 |            0 |
2026-06-01 10:30:54,660 [INFO][ips_offload] | Zhiqiang Cai  |    3 |    0 |    5 |         1 |         0 |     7 |            17.05 |     0 |    0 |    1 |            2 |   0 |    0 |   0 |      0 |    0 |        0 |         0 |           1 |                 0 |                 0 |       0 |       0 |           0 |    1 |    0 |      0 |       1 |   3 |  0 |            0 |
2026-06-01 10:30:54,660 [INFO][ips_offload] | KJ Fang       |   11 |    0 |    2 |         7 |         0 |     6 |            16.77 |     0 |    1 |    0 |            3 |   0 |    0 |   0 |      0 |    0 |        0 |         0 |           2 |                 0 |                 0 |       0 |       0 |           0 |    0 |    0 |      0 |       0 |   2 |  0 |            0 |
2026-06-01 10:30:54,660 [INFO][ips_offload] | Timdaway Lai  |    5 |    0 |    2 |         1 |         0 |     6 |            23.49 |     0 |    1 |    0 |            1 |   0 |    1 |   0 |      0 |    0 |        0 |         0 |           0 |                 0 |                 0 |       1 |       0 |           2 |    0 |    0 |      0 |       2 |   3 |  0 |            0 |
2026-06-01 10:30:54,660 [INFO][ips_offload] | Frank Yang    |    4 |    0 |    3 |         2 |         0 |     5 |            24.34 |     0 |    1 |    2 |            3 |   0 |    2 |   0 |      0 |    0 |        0 |         2 |           0 |                 0 |                 0 |       0 |       0 |           0 |    1 |    0 |      1 |       1 |   1 |  1 |            0 |
2026-06-01 10:30:54,660 [INFO][ips_offload] | Matt Chen     |    8 |    0 |    2 |         5 |         0 |     5 |            14.79 |     0 |    0 |    0 |            2 |   1 |    0 |   0 |      0 |    0 |        0 |         1 |           0 |                 0 |                 0 |       0 |       0 |           0 |    0 |    0 |      0 |       0 |   4 |  0 |            0 |
2026-06-01 10:30:54,660 [INFO][ips_offload] | Steven1 Chen  |    7 |    0 |    2 |         4 |         0 |     5 |             9.02 |     0 |    0 |    0 |            3 |   0 |    0 |   0 |      0 |    0 |        0 |         0 |           0 |                 2 |                 0 |       0 |       0 |           0 |    0 |    0 |      0 |       0 |   0 |  0 |            0 |
2026-06-01 10:30:54,660 [INFO][ips_offload] | Wesley Kuo    |    5 |    0 |    3 |         3 |         0 |     5 |             9.70 |     0 |    0 |    0 |            5 |   0 |    0 |   0 |      0 |    0 |        0 |         0 |           0 |                 0 |                 0 |       0 |       0 |           0 |    0 |    0 |      0 |       0 |   0 |  0 |            0 |
2026-06-01 10:30:54,660 [INFO][ips_offload] | Yu-Wei Chen   |    4 |    0 |    1 |         2 |         0 |     3 |             5.82 |     0 |    0 |    0 |            3 |   0 |    0 |   0 |      0 |    0 |        0 |         0 |           0 |                 0 |                 0 |       0 |       0 |           0 |    0 |    0 |      0 |       0 |   0 |  0 |            0 |
2026-06-01 10:30:54,660 [INFO][ips_offload] | Brenton Wu    |   10 |    0 |    0 |         8 |         0 |     2 |             3.87 |     0 |    0 |    0 |            2 |   0 |    0 |   0 |      0 |    0 |        0 |         0 |           0 |                 0 |                 0 |       0 |       0 |           0 |    0 |    0 |      0 |       0 |   0 |  0 |            0 |
2026-06-01 10:30:54,660 [INFO][ips_offload] | Henryx Su     |    1 |    0 |    2 |         1 |         0 |     2 |             3.86 |     0 |    0 |    0 |            2 |   0 |    0 |   0 |      0 |    0 |        0 |         0 |           0 |                 0 |                 0 |       0 |       0 |           0 |    0 |    0 |      0 |       0 |   0 |  0 |            0 |
2026-06-01 10:30:54,660 [INFO][ips_offload] | Jackx Lee     |    1 |    0 |    2 |         1 |         0 |     2 |             5.70 |     0 |    0 |    0 |            2 |   0 |    0 |   0 |      0 |    0 |        0 |         0 |           0 |                 0 |                 0 |       0 |       0 |           0 |    0 |    0 |      0 |       0 |   0 |  1 |            0 |
2026-06-01 10:30:54,660 [INFO][ips_offload] | Juan Zou      |    1 |    0 |    1 |         0 |         0 |     2 |             3.44 |     0 |    0 |    1 |            1 |   0 |    0 |   0 |      0 |    0 |        0 |         0 |           0 |                 0 |                 0 |       0 |       0 |           0 |    0 |    0 |      0 |       0 |   0 |  0 |            0 |
2026-06-01 10:30:54,660 [INFO][ips_offload] | Lydiax Chien  |    0 |    0 |    1 |         0 |         0 |     1 |             1.00 |     0 |    0 |    1 |            0 |   0 |    0 |   0 |      0 |    0 |        0 |         0 |           0 |                 0 |                 0 |       0 |       0 |           0 |    0 |    0 |      0 |       0 |   0 |  0 |            0 |
2026-06-01 10:30:54,660 [INFO][ips_offload] | Jonathan Tsao |    0 |    0 |    0 |         0 |         0 |     0 |             0.00 |     0 |    0 |    0 |            0 |   0 |    0 |   0 |      0 |    0 |        0 |         0 |           0 |                 0 |                 0 |       0 |       0 |           0 |    0 |    0 |      0 |       0 |   0 |  0 |            0 |
2026-06-01 10:30:54,660 [INFO][ips_offload] | Leo Chiang    |    0 |    0 |    0 |         0 |         0 |     0 |             2.26 |     0 |    0 |    0 |            0 |   0 |    0 |   0 |      0 |    0 |        0 |         0 |           0 |                 0 |                 0 |       0 |       0 |           0 |    0 |    0 |      0 |       1 |   0 |  0 |            0 |
2026-06-01 10:30:54,660 [INFO][ips_offload] +---------------+------+------+------+-----------+-----------+-------+------------------+-------+------+------+--------------+-----+------+-----+--------+------+----------+-----------+-------------+-------------------+-------------------+---------+---------+-------------+------+------+--------+---------+-----+----+--------------+
2026-06-01 10:30:54,660 [INFO][ips_offload] Offload decision mode: Curr
2026-06-01 10:30:54,661 [INFO][ips_offload] Graph auth mode: delegated
2026-06-01 10:30:58,058 [INFO][ips_offload] Summary-only loading email sent to 20 recipient(s).
[Config] Using GRAPH_CLIENT_SECRET from environment/.env.
[Auth] Using cached Graph delegated token.
[INFO] Finished with exit code 0
[INFO] Exit code: 0
[INFO] ===== Offload loading-summary daily end =====
