[INFO] ===== Offload scheduler start =====
[INFO] Timestamp: Thu 03/26/2026 17:23:01.82
[INFO] Script dir: C:\Users\jtsao1\OneDrive - Intel Corporation\Documents\My workspace\jira_ips_tat_HP\jira_tat\jira_customer_tat\
[INFO] Current dir: C:\Users\jtsao1\OneDrive - Intel Corporation\Documents\My workspace\jira_ips_tat_HP\jira_tat\jira_customer_tat
C:\Python314\python.exe
C:\Users\jtsao1\AppData\Local\Microsoft\WindowsApps\python.exe
C:\Users\jtsao1\AppData\Local\Python\bin\python.exe
[INFO] GRAPH_AUTH_MODE=delegated
[INFO] GRAPH_SENDER_UPN=
[INFO] OFFLOAD_RECEIVER_MAX_ISSUES=10
[INFO] OFFLOAD_ALWAYS_EXCLUDED_REPORTERS=Jonathan Tsao
[INFO] Running offload_reporter_issues.py --send-email
[INFO] OFFLOAD_ALWAYS_EXCLUDED_REPORTERS=Jonathan Tsao
2026-03-26 17:23:08,359 [INFO][ips_offload] Included 9 allowed reporter(s) with zero current issues for receiver rotation.
2026-03-26 17:23:08,359 [INFO][ips_offload] Pending reminder check: case=1001296 source=Timdaway Lai(16) target=Brenton Wu(12) threshold=15 => send reminder
2026-03-26 17:23:08,359 [INFO][ips_offload] Pending reminder check: case=1001680 source=Timdaway Lai(16) target=Charles Chu(14) threshold=15 => send reminder
2026-03-26 17:23:08,359 [INFO][ips_offload] Applying 2 pending offload(s) from history to avoid duplicate recommendations.
2026-03-26 17:23:08,990 [INFO][ips_offload] Current issue calculation breakdown per reporter:
2026-03-26 17:23:08,991 [INFO][ips_offload] +---------------+------+------+------+------+-------+-------+------+
2026-03-26 17:23:08,991 [INFO][ips_offload] | Reporter      | uHSD | uIPS | pIPS | Jira | Stale | cPend | Curr |
2026-03-26 17:23:08,991 [INFO][ips_offload] +---------------+------+------+------+------+-------+-------+------+
2026-03-26 17:23:08,991 [INFO][ips_offload] | Timdaway Lai  |    7 |    9 |    2 |    7 |     0 |     5 |   18 |
2026-03-26 17:23:08,991 [INFO][ips_offload] | Charles Chu   |    0 |   15 |    5 |    7 |     9 |     0 |   13 |
2026-03-26 17:23:08,991 [INFO][ips_offload] | Brenton Wu    |    0 |   10 |    2 |    2 |     1 |     0 |   11 |
2026-03-26 17:23:08,991 [INFO][ips_offload] | Frank Lee     |    0 |   11 |    2 |    9 |     9 |     0 |   11 |
2026-03-26 17:23:08,991 [INFO][ips_offload] | Steven1 Chen  |    0 |   25 |    2 |    2 |    12 |     5 |   10 |
2026-03-26 17:23:08,991 [INFO][ips_offload] | Frank Yang    |    0 |   10 |    2 |    4 |     1 |     4 |    9 |
2026-03-26 17:23:08,991 [INFO][ips_offload] | Jackx Lee     |    0 |    7 |    3 |    3 |     1 |     0 |    9 |
2026-03-26 17:23:08,991 [INFO][ips_offload] | Matt Chen     |    0 |    7 |    0 |    6 |     6 |     0 |    7 |
2026-03-26 17:23:08,991 [INFO][ips_offload] | Tonyx Yeh     |    0 |    0 |    0 |    7 |     0 |     0 |    7 |
2026-03-26 17:23:08,991 [INFO][ips_offload] | Bingyue Sun   |    0 |   10 |    2 |    2 |     0 |     7 |    5 |
2026-03-26 17:23:08,991 [INFO][ips_offload] | Juan Zou      |    0 |    9 |    0 |    1 |     0 |     5 |    5 |
2026-03-26 17:23:08,991 [INFO][ips_offload] | Zhiqiang Cai  |    0 |    3 |    1 |    4 |     0 |     2 |    5 |
2026-03-26 17:23:08,991 [INFO][ips_offload] | Leo Chiang    |    2 |    9 |    0 |    0 |     8 |     0 |    3 |
2026-03-26 17:23:08,991 [INFO][ips_offload] | Wesley Kuo    |    0 |    7 |    0 |    2 |     6 |     0 |    3 |
2026-03-26 17:23:08,991 [INFO][ips_offload] | Kj Fang       |    0 |   24 |    3 |    2 |    24 |     0 |    2 |
2026-03-26 17:23:08,991 [INFO][ips_offload] | Yu-wei Chen   |    0 |    5 |    0 |    0 |     0 |     3 |    2 |
2026-03-26 17:23:08,991 [INFO][ips_offload] | Jonathan Tsao |    0 |    1 |    0 |    1 |     0 |     1 |    1 |
2026-03-26 17:23:08,991 [INFO][ips_offload] +---------------+------+------+------+------+-------+-------+------+
2026-03-26 17:23:09,561 [INFO][ips_offload] Pending offload reminders: 2 pending entrie(s) still need offload, 3 recipient(s).
2026-03-26 17:23:09,562 [INFO][ips_offload] Overloaded reporters summary:
- Timdaway Lai: 16 current issues
2026-03-26 17:23:09,562 [INFO][ips_offload] Receiving engineer with least issues: Nicky Chen (0)
2026-03-26 17:23:09,562 [INFO][ips_offload] Most recent IPS case: 1004632
2026-03-26 17:23:09,562 [INFO][ips_offload] Graph auth mode: delegated
2026-03-26 17:23:13,248 [INFO][ips_offload] Pending reminder email sent to 3 recipient(s).
2026-03-26 17:23:13,248 [INFO][ips_offload] Recommendation/info email sent to 21 recipient(s).
[Config] Using GRAPH_CLIENT_SECRET from environment/.env.
[Auth] Using cached Graph delegated token.
[INFO] Finished with exit code 0
[INFO] Exit code: 0
[INFO] ===== Offload scheduler end =====
