[INFO] ===== Offload scheduler start =====
[INFO] Timestamp: Mon 04/27/2026 11:53:02.53
[INFO] Script dir: C:\Users\jtsao1\OneDrive - Intel Corporation\Documents\My workspace\jira_ips_tat_HP\jira_tat\jira_customer_tat\
[INFO] Current dir: C:\Users\jtsao1\OneDrive - Intel Corporation\Documents\My workspace\jira_ips_tat_HP\jira_tat\jira_customer_tat
C:\Python314\python.exe
C:\Users\jtsao1\AppData\Local\Microsoft\WindowsApps\python.exe
C:\Users\jtsao1\AppData\Local\Python\bin\python.exe
[INFO] GRAPH_AUTH_MODE=delegated
[INFO] GRAPH_SENDER_UPN=frank.lee@intel.com
[INFO] OFFLOAD_RECEIVER_MAX_ISSUES=10
[INFO] OFFLOAD_ALWAYS_EXCLUDED_REPORTERS=Jonathan Tsao
[INFO] Running offload_reporter_issues.py --send-email
[INFO] OFFLOAD_ALWAYS_EXCLUDED_REPORTERS=Jonathan Tsao
2026-04-27 11:53:06,485 [INFO][ips_offload] Included 6 allowed reporter(s) with zero current issues for receiver rotation.
2026-04-27 11:53:07,099 [INFO][ips_offload] Current issue calculation breakdown per reporter:
2026-04-27 11:53:08,986 [INFO][ips_offload] Weighted loading trial enabled for visibility; offload decision remains based on Curr.
2026-04-27 11:53:08,988 [INFO][ips_offload] Combined trial table (single table with category columns, decision still uses Curr):
2026-04-27 11:53:08,988 [INFO][ips_offload] +---------------+------+------+------+-----------+-----------+-------+------------------+-------+------+------+--------------+-----+------+-----+--------+------+----------+-----------+-------------+-------------------+-------------------+---------+---------+-------------+------+------+--------+---------+-----+----+--------------+
2026-04-27 11:53:08,988 [INFO][ips_offload] | Name          | uIPS | uHSD | Jira | Stale IPS | Stale HSD | Total | Weighted Loading | Audio | BIOS | BSOD | Connectivity | HLK | ICPS | IOP | Killer | MSFT | Miracast | OEM Tools | Performance | Power Consumption | Power on sequence | Roaming | Sensing | System Hang | UEFI | WAPI | WowLAN | YB/Lost | P2P | RF | Needs-Triage |
2026-04-27 11:53:08,988 [INFO][ips_offload] +---------------+------+------+------+-----------+-----------+-------+------------------+-------+------+------+--------------+-----+------+-----+--------+------+----------+-----------+-------------+-------------------+-------------------+---------+---------+-------------+------+------+--------+---------+-----+----+--------------+
2026-04-27 11:53:08,988 [INFO][ips_offload] | Steven1 Chen  |   10 |   12 |    4 |        10 |         0 |    16 |            19.76 |     0 |    0 |    0 |            4 |   0 |    0 |   0 |      0 |    0 |        0 |         0 |           0 |                 0 |                 0 |       0 |       0 |           0 |    0 |    0 |      0 |       0 |   0 |  0 |            0 |
2026-04-27 11:53:08,989 [INFO][ips_offload] | Frank Lee     |   16 |    0 |    9 |        11 |         0 |    14 |            30.83 |     0 |    0 |    0 |            3 |   0 |    0 |   0 |      0 |    0 |        0 |         0 |           3 |                 0 |                 0 |       0 |       4 |           0 |    0 |    0 |      0 |       2 |   2 |  0 |            0 |
2026-04-27 11:53:08,989 [INFO][ips_offload] | Bingyue Sun   |    7 |    0 |    2 |         0 |         0 |     9 |            16.92 |     1 |    0 |    2 |            6 |   0 |    0 |   0 |      0 |    0 |        0 |         0 |           0 |                 0 |                 0 |       0 |       0 |           0 |    0 |    0 |      0 |       0 |   0 |  0 |            0 |
2026-04-27 11:53:08,989 [INFO][ips_offload] | Jackx Lee     |    5 |    0 |    5 |         1 |         0 |     9 |            17.98 |     0 |    1 |    1 |            1 |   0 |    0 |   0 |      0 |    0 |        0 |         3 |           0 |                 0 |                 0 |       0 |       1 |           0 |    0 |    0 |      0 |       2 |   1 |  0 |            0 |
2026-04-27 11:53:08,989 [INFO][ips_offload] | Zhiqiang Cai  |    3 |    0 |    6 |         0 |         0 |     9 |            20.48 |     0 |    0 |    1 |            1 |   0 |    0 |   0 |      0 |    0 |        0 |         0 |           1 |                 0 |                 0 |       0 |       0 |           0 |    1 |    0 |      0 |       4 |   2 |  0 |            0 |
2026-04-27 11:53:08,989 [INFO][ips_offload] | Wesley Kuo    |   11 |    0 |    2 |         5 |         0 |     8 |            14.90 |     0 |    0 |    1 |            5 |   0 |    0 |   0 |      0 |    0 |        0 |         1 |           0 |                 0 |                 0 |       0 |       0 |           0 |    0 |    0 |      0 |       1 |   0 |  0 |            0 |
2026-04-27 11:53:08,989 [INFO][ips_offload] | Frank Yang    |    8 |    0 |    3 |         4 |         0 |     7 |            15.15 |     0 |    0 |    0 |            2 |   0 |    0 |   0 |      0 |    0 |        0 |         1 |           3 |                 0 |                 0 |       0 |       0 |           0 |    0 |    0 |      0 |       0 |   1 |  0 |            0 |
2026-04-27 11:53:08,989 [INFO][ips_offload] | Kj Fang       |   29 |    0 |    2 |        24 |         0 |     7 |            14.93 |     0 |    0 |    0 |            3 |   0 |    0 |   0 |      0 |    0 |        0 |         0 |           2 |                 0 |                 0 |       0 |       0 |           0 |    0 |    0 |      0 |       0 |   2 |  0 |            0 |
2026-04-27 11:53:08,989 [INFO][ips_offload] | Timdaway Lai  |    5 |    3 |    3 |         2 |         2 |     7 |            14.36 |     0 |    0 |    1 |            2 |   0 |    1 |   0 |      0 |    0 |        0 |         0 |           1 |                 0 |                 0 |       0 |       1 |           0 |    0 |    0 |      0 |       1 |   0 |  0 |            0 |
2026-04-27 11:53:08,989 [INFO][ips_offload] | Brenton Wu    |    8 |    0 |    2 |         5 |         0 |     5 |             9.80 |     0 |    0 |    0 |            1 |   2 |    0 |   0 |      0 |    0 |        0 |         0 |           0 |                 0 |                 0 |       0 |       0 |           0 |    0 |    0 |      0 |       1 |   1 |  0 |            0 |
2026-04-27 11:53:08,989 [INFO][ips_offload] | Charles Chu   |   12 |    0 |    2 |         9 |         0 |     5 |            11.26 |     0 |    0 |    0 |            1 |   0 |    0 |   0 |      0 |    0 |        0 |         1 |           0 |                 0 |                 0 |       0 |       1 |           0 |    0 |    0 |      0 |       0 |   3 |  0 |            0 |
2026-04-27 11:53:08,989 [INFO][ips_offload] | Matt Chen     |    6 |    0 |    5 |         6 |         0 |     5 |            10.66 |     0 |    0 |    0 |            2 |   0 |    0 |   0 |      0 |    0 |        0 |         0 |           0 |                 0 |                 0 |       0 |       0 |           0 |    0 |    0 |      0 |       2 |   1 |  0 |            0 |
2026-04-27 11:53:08,989 [INFO][ips_offload] | Henryx Su     |    2 |    0 |    0 |         0 |         0 |     2 |             3.64 |     0 |    0 |    1 |            0 |   0 |    0 |   0 |      0 |    0 |        0 |         0 |           1 |                 0 |                 0 |       0 |       0 |           0 |    0 |    0 |      0 |       0 |   0 |  0 |            0 |
2026-04-27 11:53:08,989 [INFO][ips_offload] | Juan Zou      |    2 |    0 |    0 |         0 |         0 |     2 |             3.44 |     0 |    0 |    1 |            1 |   0 |    0 |   0 |      0 |    0 |        0 |         0 |           0 |                 0 |                 0 |       0 |       0 |           0 |    0 |    0 |      0 |       0 |   0 |  0 |            0 |
2026-04-27 11:53:08,989 [INFO][ips_offload] | Leo Chiang    |    8 |    3 |    0 |         7 |         2 |     2 |             2.94 |     0 |    0 |    0 |            1 |   0 |    0 |   0 |      0 |    0 |        0 |         0 |           0 |                 0 |                 0 |       0 |       0 |           0 |    0 |    0 |      0 |       0 |   0 |  0 |            0 |
2026-04-27 11:53:08,989 [INFO][ips_offload] | Yu-Wei Chen   |    0 |    2 |    0 |         0 |         0 |     2 |             0.00 |     0 |    0 |    0 |            0 |   0 |    0 |   0 |      0 |    0 |        0 |         0 |           0 |                 0 |                 0 |       0 |       0 |           0 |    0 |    0 |      0 |       0 |   0 |  0 |            0 |
2026-04-27 11:53:08,989 [INFO][ips_offload] | Lydiax Chien  |    0 |    0 |    1 |         0 |         0 |     1 |             1.93 |     0 |    0 |    0 |            0 |   0 |    0 |   0 |      0 |    0 |        0 |         0 |           0 |                 0 |                 0 |       0 |       0 |           0 |    0 |    0 |      0 |       0 |   1 |  0 |            0 |
2026-04-27 11:53:08,989 [INFO][ips_offload] | Tonyx Yeh     |    0 |    0 |    1 |         0 |         0 |     1 |             1.94 |     0 |    0 |    0 |            1 |   0 |    0 |   0 |      0 |    0 |        0 |         0 |           0 |                 0 |                 0 |       0 |       0 |           0 |    0 |    0 |      0 |       0 |   0 |  0 |            0 |
2026-04-27 11:53:08,989 [INFO][ips_offload] | Jonathan Tsao |    0 |    0 |    0 |         0 |         0 |     0 |             0.00 |     0 |    0 |    0 |            0 |   0 |    0 |   0 |      0 |    0 |        0 |         0 |           0 |                 0 |                 0 |       0 |       0 |           0 |    0 |    0 |      0 |       0 |   0 |  0 |            0 |
2026-04-27 11:53:08,989 [INFO][ips_offload] | Yu-wei Chen   |    3 |    0 |    0 |         3 |         0 |     0 |             0.00 |     0 |    0 |    0 |            0 |   0 |    0 |   0 |      0 |    0 |        0 |         0 |           0 |                 0 |                 0 |       0 |       0 |           0 |    0 |    0 |      0 |       0 |   0 |  0 |            0 |
2026-04-27 11:53:08,989 [INFO][ips_offload] +---------------+------+------+------+-----------+-----------+-------+------------------+-------+------+------+--------------+-----+------+-----+--------+------+----------+-----------+-------------+-------------------+-------------------+---------+---------+-------------+------+------+--------+---------+-----+----+--------------+
2026-04-27 11:53:08,989 [INFO][ips_offload] Offload decision mode: Curr
2026-04-27 11:53:09,619 [INFO][ips_offload] Issue technology unknown ('') for case -1; using overloaded reporter group {'bt'} as fallback.
2026-04-27 11:53:09,619 [INFO][ips_offload] Issue technology='' -> routing to group(s): {'bt'}
2026-04-27 11:53:09,619 [INFO][ips_offload] Receiver rule: selecting lowest-count candidate without rotation. mode=Curr source=Jonathan Tsao receiver=Yu-wei Chen receiver_effective_count=0.00
2026-04-27 11:53:09,620 [INFO][ips_offload] Source queue reporter summary:

2026-04-27 11:53:09,621 [INFO][ips_offload] Receiving engineer with least issues: Yu-wei Chen (effective 0.00)
2026-04-27 11:53:09,621 [INFO][ips_offload] Most recent source issue (IPS/HSD): -1
2026-04-27 11:53:09,621 [INFO][ips_offload] Graph auth mode: delegated
2026-04-27 11:53:12,305 [INFO][ips_offload] Recommendation/info email sent to 21 recipient(s).
[Config] Using GRAPH_CLIENT_SECRET from environment/.env.
[Auth] Using cached Graph delegated token.
[INFO] Finished with exit code 0
[INFO] Exit code: 0
[INFO] ===== Offload scheduler end =====
