[INFO] ===== Offload scheduler start =====
[INFO] Timestamp: Sun 05/31/2026  3:23:02.95
[INFO] Script dir: C:\Users\jtsao1\OneDrive - Intel Corporation\Documents\My workspace\jira_ips_tat_HP\jira_tat\jira_customer_tat\
[INFO] Current dir: C:\Users\jtsao1\OneDrive - Intel Corporation\Documents\My workspace\jira_ips_tat_HP\jira_tat\jira_customer_tat
[INFO] DB host reachable: 10-108-27-113.dbaas.intel.com
C:\Python314\python.exe
C:\Users\jtsao1\AppData\Local\Microsoft\WindowsApps\python.exe
C:\Users\jtsao1\AppData\Local\Python\bin\python.exe
[INFO] GRAPH_AUTH_MODE=delegated
[INFO] GRAPH_SENDER_UPN=frank.lee@intel.com
[INFO] OFFLOAD_RECEIVER_MAX_ISSUES=10
[INFO] OFFLOAD_ALWAYS_EXCLUDED_REPORTERS=Jonathan Tsao
[INFO] Running offload_reporter_issues.py --send-email
[INFO] OFFLOAD_ALWAYS_EXCLUDED_ENGINEERS=Jonathan Tsao
2026-05-31 03:23:09,010 [INFO][ips_offload] Included 7 allowed reporter(s) with zero current issues for receiver rotation.
2026-05-31 03:23:09,715 [INFO][ips_offload] Current issue calculation breakdown per reporter:
2026-05-31 03:23:12,099 [INFO][ips_offload] Weighted loading trial enabled for visibility; offload decision remains based on Curr.
2026-05-31 03:23:12,100 [INFO][ips_offload] Combined trial table (single table with category columns, decision still uses Curr):
2026-05-31 03:23:12,100 [INFO][ips_offload] +---------------+------+------+------+-----------+-----------+-------+------------------+-------+------+------+--------------+-----+------+-----+--------+------+----------+-----------+-------------+-------------------+-------------------+---------+---------+-------------+------+------+--------+---------+-----+----+--------------+
2026-05-31 03:23:12,100 [INFO][ips_offload] | Name          | uIPS | uHSD | Jira | Stale IPS | Stale HSD | Total | Weighted Loading | Audio | BIOS | BSOD | Connectivity | HLK | ICPS | IOP | Killer | MSFT | Miracast | OEM Tools | Performance | Power Consumption | Power on sequence | Roaming | Sensing | System Hang | UEFI | WAPI | WowLAN | YB/Lost | P2P | RF | Needs-Triage |
2026-05-31 03:23:12,100 [INFO][ips_offload] +---------------+------+------+------+-----------+-----------+-------+------------------+-------+------+------+--------------+-----+------+-----+--------+------+----------+-----------+-------------+-------------------+-------------------+---------+---------+-------------+------+------+--------+---------+-----+----+--------------+
2026-05-31 03:23:12,100 [INFO][ips_offload] | Bingyue Sun   |    7 |    0 |    3 |         1 |         0 |     9 |            16.14 |     0 |    0 |    2 |            4 |   2 |    0 |   0 |      0 |    0 |        0 |         0 |           1 |                 0 |                 0 |       0 |       0 |           0 |    0 |    0 |      0 |       0 |   0 |  0 |            0 |
2026-05-31 03:23:12,100 [INFO][ips_offload] | Frank Lee     |    9 |    0 |    6 |         6 |         0 |     9 |            23.71 |     0 |    0 |    0 |            4 |   0 |    3 |   0 |      0 |    0 |        0 |         0 |           1 |                 2 |                 0 |       0 |       0 |           0 |    0 |    0 |      0 |       0 |   2 |  0 |            0 |
2026-05-31 03:23:12,100 [INFO][ips_offload] | Charles Chu   |   11 |    0 |    1 |         5 |         0 |     7 |            14.69 |     0 |    0 |    1 |            3 |   0 |    0 |   0 |      0 |    0 |        0 |         1 |           0 |                 0 |                 0 |       1 |       0 |           0 |    0 |    0 |      0 |       0 |   2 |  0 |            0 |
2026-05-31 03:23:12,100 [INFO][ips_offload] | Zhiqiang Cai  |    3 |    0 |    5 |         1 |         0 |     7 |            17.05 |     0 |    0 |    1 |            2 |   0 |    0 |   0 |      0 |    0 |        0 |         0 |           1 |                 0 |                 0 |       0 |       0 |           0 |    1 |    0 |      0 |       1 |   3 |  0 |            0 |
2026-05-31 03:23:12,100 [INFO][ips_offload] | KJ Fang       |   11 |    0 |    2 |         7 |         0 |     6 |            16.77 |     0 |    1 |    0 |            3 |   0 |    0 |   0 |      0 |    0 |        0 |         0 |           2 |                 0 |                 0 |       0 |       0 |           0 |    0 |    0 |      0 |       0 |   2 |  0 |            0 |
2026-05-31 03:23:12,101 [INFO][ips_offload] | Timdaway Lai  |    5 |    0 |    2 |         1 |         0 |     6 |            23.49 |     0 |    1 |    0 |            1 |   0 |    1 |   0 |      0 |    0 |        0 |         0 |           0 |                 0 |                 0 |       1 |       0 |           2 |    0 |    0 |      0 |       2 |   3 |  0 |            0 |
2026-05-31 03:23:12,101 [INFO][ips_offload] | Frank Yang    |    4 |    0 |    3 |         2 |         0 |     5 |            24.34 |     0 |    1 |    2 |            3 |   0 |    2 |   0 |      0 |    0 |        0 |         2 |           0 |                 0 |                 0 |       0 |       0 |           0 |    1 |    0 |      1 |       1 |   1 |  1 |            0 |
2026-05-31 03:23:12,101 [INFO][ips_offload] | Matt Chen     |    8 |    0 |    2 |         5 |         0 |     5 |            14.79 |     0 |    0 |    0 |            2 |   1 |    0 |   0 |      0 |    0 |        0 |         1 |           0 |                 0 |                 0 |       0 |       0 |           0 |    0 |    0 |      0 |       0 |   4 |  0 |            0 |
2026-05-31 03:23:12,101 [INFO][ips_offload] | Steven1 Chen  |    7 |    0 |    2 |         4 |         0 |     5 |             9.02 |     0 |    0 |    0 |            3 |   0 |    0 |   0 |      0 |    0 |        0 |         0 |           0 |                 2 |                 0 |       0 |       0 |           0 |    0 |    0 |      0 |       0 |   0 |  0 |            0 |
2026-05-31 03:23:12,101 [INFO][ips_offload] | Wesley Kuo    |    5 |    0 |    3 |         3 |         0 |     5 |             9.70 |     0 |    0 |    0 |            5 |   0 |    0 |   0 |      0 |    0 |        0 |         0 |           0 |                 0 |                 0 |       0 |       0 |           0 |    0 |    0 |      0 |       0 |   0 |  0 |            0 |
2026-05-31 03:23:12,101 [INFO][ips_offload] | Brenton Wu    |   10 |    0 |    0 |         7 |         0 |     3 |             5.47 |     0 |    0 |    0 |            2 |   0 |    0 |   0 |      0 |    0 |        0 |         0 |           0 |                 1 |                 0 |       0 |       0 |           0 |    0 |    0 |      0 |       0 |   0 |  0 |            0 |
2026-05-31 03:23:12,101 [INFO][ips_offload] | Yu-Wei Chen   |    4 |    0 |    1 |         2 |         0 |     3 |             5.82 |     0 |    0 |    0 |            3 |   0 |    0 |   0 |      0 |    0 |        0 |         0 |           0 |                 0 |                 0 |       0 |       0 |           0 |    0 |    0 |      0 |       0 |   0 |  0 |            0 |
2026-05-31 03:23:12,101 [INFO][ips_offload] | Henryx Su     |    1 |    0 |    2 |         1 |         0 |     2 |             3.86 |     0 |    0 |    0 |            2 |   0 |    0 |   0 |      0 |    0 |        0 |         0 |           0 |                 0 |                 0 |       0 |       0 |           0 |    0 |    0 |      0 |       0 |   0 |  0 |            0 |
2026-05-31 03:23:12,101 [INFO][ips_offload] | Jackx Lee     |    1 |    0 |    2 |         1 |         0 |     2 |             5.70 |     0 |    0 |    0 |            2 |   0 |    0 |   0 |      0 |    0 |        0 |         0 |           0 |                 0 |                 0 |       0 |       0 |           0 |    0 |    0 |      0 |       0 |   0 |  1 |            0 |
2026-05-31 03:23:12,101 [INFO][ips_offload] | Juan Zou      |    1 |    0 |    1 |         0 |         0 |     2 |             3.44 |     0 |    0 |    1 |            1 |   0 |    0 |   0 |      0 |    0 |        0 |         0 |           0 |                 0 |                 0 |       0 |       0 |           0 |    0 |    0 |      0 |       0 |   0 |  0 |            0 |
2026-05-31 03:23:12,101 [INFO][ips_offload] | Lydiax Chien  |    0 |    0 |    1 |         0 |         0 |     1 |             1.00 |     0 |    0 |    1 |            0 |   0 |    0 |   0 |      0 |    0 |        0 |         0 |           0 |                 0 |                 0 |       0 |       0 |           0 |    0 |    0 |      0 |       0 |   0 |  0 |            0 |
2026-05-31 03:23:12,101 [INFO][ips_offload] | Jonathan Tsao |    0 |    0 |    0 |         0 |         0 |     0 |             0.00 |     0 |    0 |    0 |            0 |   0 |    0 |   0 |      0 |    0 |        0 |         0 |           0 |                 0 |                 0 |       0 |       0 |           0 |    0 |    0 |      0 |       0 |   0 |  0 |            0 |
2026-05-31 03:23:12,101 [INFO][ips_offload] | Leo Chiang    |    0 |    0 |    0 |         0 |         0 |     0 |             2.26 |     0 |    0 |    0 |            0 |   0 |    0 |   0 |      0 |    0 |        0 |         0 |           0 |                 0 |                 0 |       0 |       0 |           0 |    0 |    0 |      0 |       1 |   0 |  0 |            0 |
2026-05-31 03:23:12,101 [INFO][ips_offload] +---------------+------+------+------+-----------+-----------+-------+------------------+-------+------+------+--------------+-----+------+-----+--------+------+----------+-----------+-------------+-------------------+-------------------+---------+---------+-------------+------+------+--------+---------+-----+----+--------------+
2026-05-31 03:23:12,101 [INFO][ips_offload] Offload decision mode: Curr
2026-05-31 03:23:12,101 [INFO][ips_offload] No over-threshold reporters found; stage-2 offload recommendation skipped.
2026-05-31 03:23:12,104 [INFO][ips_offload] Sending informational notification: no queue case available for recommendation.
2026-05-31 03:23:12,104 [INFO][ips_offload] Current load:
- Bing Chang: 0.00 current issues
- Johnsonx Su: 0.00 current issues
- Leaweix Chen: 0.00 current issues
- Leo Chiang: 0.00 current issues
- Tonyx Yeh: 0.00 current issues
- Xihaox Yang: 0.00 current issues
- Zhanying Gao: 0.00 current issues
- Zhiwei He: 0.00 current issues
- Lydiax Chien: 1.00 current issues
- Henryx Su: 2.00 current issues
- Jackx Lee: 2.00 current issues
- Juan Zou: 2.00 current issues
- Brenton Wu: 3.00 current issues
- Yu-Wei Chen: 3.00 current issues
- Frank Yang: 5.00 current issues
- Matt Chen: 5.00 current issues
- Steven1 Chen: 5.00 current issues
- Wesley Kuo: 5.00 current issues
- KJ Fang: 6.00 current issues
- Timdaway Lai: 6.00 current issues
- Charles Chu: 7.00 current issues
- Zhiqiang Cai: 7.00 current issues
- Bingyue Sun: 9.00 current issues
- Frank Lee: 9.00 current issues
2026-05-31 03:23:12,104 [INFO][ips_offload] Graph auth mode: delegated
2026-05-31 03:23:13,084 [INFO][ips_offload] No email sent: no pending reminder and no recommendation/info content.
[Config] Using GRAPH_CLIENT_SECRET from environment/.env.
[Auth] Using cached Graph delegated token.
[INFO] Finished with exit code 0
[INFO] Exit code: 0
[INFO] ===== Offload scheduler end =====
