[INFO] ===== Offload loading-summary daily start =====
[INFO] Timestamp: Tue 04/21/2026 10:30:48.06
[INFO] Script dir: C:\Users\jtsao1\OneDrive - Intel Corporation\Documents\My workspace\jira_ips_tat_HP\jira_tat\jira_customer_tat\
[INFO] Current dir: C:\Users\jtsao1\OneDrive - Intel Corporation\Documents\My workspace\jira_ips_tat_HP\jira_tat\jira_customer_tat
C:\Python314\python.exe
C:\Users\jtsao1\AppData\Local\Microsoft\WindowsApps\python.exe
C:\Users\jtsao1\AppData\Local\Python\bin\python.exe
[INFO] GRAPH_AUTH_MODE=delegated
[INFO] GRAPH_SENDER_UPN=frank.lee@intel.com
[INFO] OFFLOAD_ALWAYS_EXCLUDED_REPORTERS=Jonathan Tsao
[INFO] Command: run_offload_reporter_issues.bat --send-email --summary-only-email 
[INFO] Running offload_reporter_issues.py --send-email --summary-only-email
[INFO] OFFLOAD_ALWAYS_EXCLUDED_REPORTERS=Jonathan Tsao
2026-04-21 10:30:52,962 [INFO][ips_offload] Included 6 allowed reporter(s) with zero current issues for receiver rotation.
2026-04-21 10:30:53,730 [INFO][ips_offload] Current issue calculation breakdown per reporter:
2026-04-21 10:30:58,696 [INFO][ips_offload] Weighted loading trial enabled for visibility; offload decision remains based on Curr.
2026-04-21 10:30:58,698 [INFO][ips_offload] Combined trial table (single table with category columns, decision still uses Curr):
2026-04-21 10:30:58,699 [INFO][ips_offload] +--------------+------+------+------+-----------+-----------+-------+------------------+-------+------+------+--------------+-----+------+-----+--------+------+----------+-----------+-------------+-------------------+-------------------+---------+---------+-------------+------+------+--------+---------+--------------+-------------------+
2026-04-21 10:30:58,699 [INFO][ips_offload] | Name         | uIPS | uHSD | Jira | Stale IPS | Stale HSD | Total | Weighted Loading | Audio | BIOS | BSOD | Connectivity | HLK | ICPS | IOP | Killer | MSFT | Miracast | OEM Tools | Performance | Power Consumption | Power on sequence | Roaming | Sensing | System Hang | UEFI | WAPI | WowLAN | YB/Lost | Needs-Triage | Unmapped(Default) |
2026-04-21 10:30:58,699 [INFO][ips_offload] +--------------+------+------+------+-----------+-----------+-------+------------------+-------+------+------+--------------+-----+------+-----+--------+------+----------+-----------+-------------+-------------------+-------------------+---------+---------+-------------+------+------+--------+---------+--------------+-------------------+
2026-04-21 10:30:58,699 [INFO][ips_offload] | Leo Chiang   |    8 |   15 |    0 |         7 |         2 |    14 |            14.94 |     0 |    0 |    0 |            1 |   0 |    0 |   0 |      0 |    0 |        0 |         0 |           0 |                 0 |                 0 |       0 |       0 |           0 |    0 |    0 |      0 |       0 |            0 |                 0 |
2026-04-21 10:30:58,699 [INFO][ips_offload] | Frank Lee    |   16 |    0 |    8 |        11 |         0 |    13 |            30.23 |     0 |    1 |    0 |            1 |   0 |    0 |   0 |      0 |    0 |        0 |         0 |           5 |                 0 |                 0 |       0 |       4 |           0 |    0 |    0 |      0 |       2 |            0 |                 0 |
2026-04-21 10:30:58,700 [INFO][ips_offload] | Bingyue Sun  |    8 |    0 |    2 |         0 |         0 |    10 |            18.49 |     1 |    0 |    3 |            3 |   1 |    0 |   0 |      0 |    0 |        0 |         0 |           1 |                 0 |                 0 |       0 |       0 |           0 |    0 |    0 |      0 |       1 |            0 |                 0 |
2026-04-21 10:30:58,700 [INFO][ips_offload] | Timdaway Lai |    5 |   11 |    3 |         2 |         7 |    10 |            16.39 |     0 |    0 |    1 |            0 |   0 |    1 |   0 |      0 |    0 |        0 |         0 |           0 |                 0 |                 0 |       0 |       2 |           0 |    0 |    0 |      0 |       2 |            0 |                 1 |
2026-04-21 10:30:58,700 [INFO][ips_offload] | Zhiqiang Cai |    5 |    0 |    6 |         1 |         0 |    10 |            15.88 |     0 |    1 |    1 |            0 |   0 |    0 |   0 |      0 |    0 |        0 |         0 |           2 |                 0 |                 0 |       0 |       0 |           0 |    1 |    0 |      0 |       1 |            0 |                 4 |
2026-04-21 10:30:58,700 [INFO][ips_offload] | Charles Chu  |   12 |    0 |    6 |        10 |         0 |     8 |            17.86 |     0 |    0 |    0 |            2 |   0 |    0 |   0 |      0 |    0 |        0 |         1 |           4 |                 0 |                 0 |       0 |       0 |           0 |    0 |    0 |      0 |       0 |            0 |                 2 |
2026-04-21 10:30:58,700 [INFO][ips_offload] | Frank Yang   |    8 |    0 |    3 |         3 |         0 |     8 |            18.40 |     0 |    0 |    0 |            1 |   0 |    0 |   0 |      0 |    0 |        0 |         1 |           3 |                 0 |                 0 |       0 |       1 |           1 |    0 |    0 |      0 |       1 |            0 |                 0 |
2026-04-21 10:30:58,700 [INFO][ips_offload] | Jackx Lee    |    5 |    0 |    5 |         2 |         0 |     8 |            16.83 |     0 |    0 |    0 |            1 |   0 |    0 |   0 |      0 |    0 |        0 |         2 |           3 |                 0 |                 0 |       0 |       1 |           0 |    0 |    0 |      0 |       0 |            0 |                 2 |
2026-04-21 10:30:58,700 [INFO][ips_offload] | Wesley Kuo   |   11 |    0 |    2 |         5 |         0 |     8 |            14.00 |     0 |    0 |    1 |            5 |   0 |    0 |   0 |      0 |    0 |        0 |         1 |           0 |                 0 |                 0 |       0 |       0 |           0 |    1 |    0 |      0 |       0 |            0 |                 0 |
2026-04-21 10:30:58,700 [INFO][ips_offload] | Tonyx Yeh    |    0 |    0 |    7 |         0 |         0 |     7 |            13.92 |     1 |    0 |    0 |            6 |   0 |    0 |   0 |      0 |    0 |        0 |         0 |           0 |                 0 |                 0 |       0 |       0 |           0 |    0 |    0 |      0 |       0 |            0 |                 0 |
2026-04-21 10:30:58,700 [INFO][ips_offload] | Brenton Wu   |    8 |    0 |    3 |         5 |         0 |     6 |            11.09 |     0 |    0 |    0 |            1 |   1 |    0 |   0 |      0 |    0 |        0 |         0 |           1 |                 0 |                 0 |       0 |       0 |           0 |    1 |    0 |      0 |       1 |            0 |                 1 |
2026-04-21 10:30:58,700 [INFO][ips_offload] | Kj Fang      |   28 |    0 |    2 |        24 |         0 |     6 |            13.17 |     0 |    0 |    0 |            3 |   0 |    0 |   0 |      0 |    0 |        0 |         0 |           2 |                 0 |                 0 |       0 |       1 |           0 |    0 |    0 |      0 |       0 |            0 |                 0 |
2026-04-21 10:30:58,700 [INFO][ips_offload] | Matt Chen    |    6 |    0 |    5 |         6 |         0 |     5 |             5.94 |     0 |    0 |    2 |            1 |   0 |    0 |   0 |      0 |    0 |        0 |         0 |           0 |                 0 |                 0 |       0 |       0 |           0 |    0 |    0 |      0 |       0 |            0 |                 2 |
2026-04-21 10:30:58,700 [INFO][ips_offload] | Steven1 Chen |   10 |    0 |    5 |        10 |         0 |     5 |            10.02 |     0 |    0 |    0 |            4 |   0 |    0 |   0 |      0 |    0 |        0 |         0 |           0 |                 0 |                 0 |       0 |       0 |           0 |    0 |    0 |      0 |       1 |            0 |                 0 |
2026-04-21 10:30:58,700 [INFO][ips_offload] | Juan Zou     |    2 |    0 |    0 |         0 |         0 |     2 |             4.51 |     0 |    0 |    0 |            1 |   0 |    0 |   0 |      0 |    0 |        0 |         0 |           0 |                 0 |                 0 |       0 |       0 |           1 |    0 |    0 |      0 |       0 |            0 |                 0 |
2026-04-21 10:30:58,701 [INFO][ips_offload] | Henryx Su    |    1 |    0 |    0 |         0 |         0 |     1 |             1.00 |     0 |    0 |    1 |            0 |   0 |    0 |   0 |      0 |    0 |        0 |         0 |           0 |                 0 |                 0 |       0 |       0 |           0 |    0 |    0 |      0 |       0 |            0 |                 0 |
2026-04-21 10:30:58,701 [INFO][ips_offload] | Lydiax Chien |    0 |    0 |    1 |         0 |         0 |     1 |             2.64 |     0 |    0 |    0 |            0 |   0 |    0 |   0 |      0 |    0 |        0 |         0 |           1 |                 0 |                 0 |       0 |       0 |           0 |    0 |    0 |      0 |       0 |            0 |                 0 |
2026-04-21 10:30:58,701 [INFO][ips_offload] | Yu-wei Chen  |    3 |    0 |    0 |         2 |         0 |     1 |             2.26 |     0 |    0 |    0 |            0 |   0 |    0 |   0 |      0 |    0 |        0 |         0 |           0 |                 0 |                 0 |       0 |       0 |           0 |    0 |    0 |      0 |       1 |            0 |                 0 |
2026-04-21 10:30:58,701 [INFO][ips_offload] +--------------+------+------+------+-----------+-----------+-------+------------------+-------+------+------+--------------+-----+------+-----+--------+------+----------+-----------+-------------+-------------------+-------------------+---------+---------+-------------+------+------+--------+---------+--------------+-------------------+
2026-04-21 10:30:58,701 [INFO][ips_offload] Offload decision mode: Curr
2026-04-21 10:30:58,705 [INFO][ips_offload] Graph auth mode: delegated
2026-04-21 10:31:02,550 [INFO][ips_offload] Summary-only loading email sent to 21 recipient(s).
[Config] Using GRAPH_CLIENT_SECRET from environment/.env.
[Auth] Using cached Graph delegated token.
[INFO] Finished with exit code 0
[INFO] Exit code: 0
[INFO] ===== Offload loading-summary daily end =====
