[INFO] ===== Offload scheduler start =====
[INFO] Timestamp: Sat 04/11/2026 14:53:02.55
[INFO] Script dir: C:\Users\jtsao1\OneDrive - Intel Corporation\Documents\My workspace\jira_ips_tat_HP\jira_tat\jira_customer_tat\
[INFO] Current dir: C:\Users\jtsao1\OneDrive - Intel Corporation\Documents\My workspace\jira_ips_tat_HP\jira_tat\jira_customer_tat
C:\Python314\python.exe
C:\Users\jtsao1\AppData\Local\Microsoft\WindowsApps\python.exe
C:\Users\jtsao1\AppData\Local\Python\bin\python.exe
[INFO] GRAPH_AUTH_MODE=delegated
[INFO] GRAPH_SENDER_UPN=frank.lee@intel.com
[INFO] OFFLOAD_RECEIVER_MAX_ISSUES=10
[INFO] OFFLOAD_ALWAYS_EXCLUDED_REPORTERS=Jonathan Tsao
[INFO] Running offload_reporter_issues.py --send-email
[INFO] OFFLOAD_ALWAYS_EXCLUDED_REPORTERS=Jonathan Tsao
2026-04-11 14:53:07,014 [INFO][ips_offload] Included 6 allowed reporter(s) with zero current issues for receiver rotation.
2026-04-11 14:53:07,596 [INFO][ips_offload] Current issue calculation breakdown per reporter:
2026-04-11 14:53:07,597 [INFO][ips_offload] +---------------+------+------+------+------+------+-------+-------+------+
2026-04-11 14:53:07,597 [INFO][ips_offload] | Reporter      | uHSD | sHSD | uIPS | pIPS | Jira | Stale | cPend | Curr |
2026-04-11 14:53:07,597 [INFO][ips_offload] +---------------+------+------+------+------+------+-------+-------+------+
2026-04-11 14:53:07,597 [INFO][ips_offload] | Frank Lee     |    0 |    0 |   16 |    3 |    9 |    10 |     0 |   15 |
2026-04-11 14:53:07,597 [INFO][ips_offload] | Timdaway Lai  |   10 |    6 |    6 |    3 |    6 |     0 |     3 |   13 |
2026-04-11 14:53:07,598 [INFO][ips_offload] | Brenton Wu    |    0 |    0 |   13 |    2 |    2 |     3 |     2 |   10 |
2026-04-11 14:53:07,598 [INFO][ips_offload] | Zhiqiang Cai  |    0 |    0 |    5 |    4 |    7 |     1 |     1 |   10 |
2026-04-11 14:53:07,598 [INFO][ips_offload] | Charles Chu   |    0 |    0 |   15 |    5 |    5 |     8 |     4 |    8 |
2026-04-11 14:53:07,598 [INFO][ips_offload] | Frank Yang    |    0 |    0 |   11 |    2 |    4 |     4 |     3 |    8 |
2026-04-11 14:53:07,598 [INFO][ips_offload] | Steven1 Chen  |    0 |    0 |   21 |    3 |    4 |    13 |     4 |    8 |
2026-04-11 14:53:07,598 [INFO][ips_offload] | Tonyx Yeh     |    0 |    0 |    0 |    0 |    7 |     0 |     0 |    7 |
2026-04-11 14:53:07,598 [INFO][ips_offload] | Jackx Lee     |    0 |    0 |    6 |    4 |    4 |     1 |     3 |    6 |
2026-04-11 14:53:07,598 [INFO][ips_offload] | Matt Chen     |    0 |    0 |    7 |    0 |    6 |     7 |     0 |    6 |
2026-04-11 14:53:07,598 [INFO][ips_offload] | Wesley Kuo    |    0 |    0 |    9 |    0 |    3 |     7 |     0 |    5 |
2026-04-11 14:53:07,598 [INFO][ips_offload] | Bingyue Sun   |    0 |    0 |    6 |    1 |    1 |     0 |     3 |    4 |
2026-04-11 14:53:07,599 [INFO][ips_offload] | Juan Zou      |    0 |    0 |   11 |    0 |    1 |     0 |     8 |    4 |
2026-04-11 14:53:07,599 [INFO][ips_offload] | Henryx Su     |    0 |    0 |    2 |    0 |    1 |     0 |     0 |    3 |
2026-04-11 14:53:07,600 [INFO][ips_offload] | Kj Fang       |    0 |    0 |   25 |    2 |    2 |    24 |     0 |    3 |
2026-04-11 14:53:07,600 [INFO][ips_offload] | Leo Chiang    |    4 |    2 |   10 |    0 |    0 |     7 |     2 |    3 |
2026-04-11 14:53:07,600 [INFO][ips_offload] | Yu-wei Chen   |    0 |    0 |    3 |    1 |    1 |     1 |     0 |    3 |
2026-04-11 14:53:07,600 [INFO][ips_offload] | Lydiax Chien  |    0 |    0 |    1 |    1 |    1 |     0 |     0 |    2 |
2026-04-11 14:53:07,600 [INFO][ips_offload] | Jonathan Tsao |    0 |    0 |    0 |    0 |    1 |     0 |     0 |    1 |
2026-04-11 14:53:07,600 [INFO][ips_offload] +---------------+------+------+------+------+------+-------+-------+------+
2026-04-11 14:53:08,142 [WARNING][ips_offload] No new IPS case found in Jonathan queue after history filtering.
2026-04-11 14:53:08,144 [INFO][ips_offload] Sending informational notification: no queue case available for recommendation.
2026-04-11 14:53:08,145 [INFO][ips_offload] Current load:
- Frank Lee: 15 current issues
- Timdaway Lai: 13 current issues
- Brenton Wu: 10 current issues
- Zhiqiang Cai: 10 current issues
- Charles Chu: 8 current issues
- Frank Yang: 8 current issues
- Steven1 Chen: 8 current issues
- Tonyx Yeh: 7 current issues
- Jackx Lee: 6 current issues
- Matt Chen: 6 current issues
- Wesley Kuo: 5 current issues
- Bingyue Sun: 4 current issues
- Juan Zou: 4 current issues
- Henryx Su: 3 current issues
- Kj Fang: 3 current issues
- Leo Chiang: 3 current issues
- Yu-wei Chen: 3 current issues
- Lydiax Chien: 2 current issues
- Jonathan Tsao: 1 current issues
2026-04-11 14:53:08,146 [INFO][ips_offload] Graph auth mode: delegated
2026-04-11 14:53:10,725 [INFO][ips_offload] No email sent: no pending reminder and no recommendation/info content.
[Config] Using GRAPH_CLIENT_SECRET from environment/.env.
[Auth] Using cached Graph delegated token.
[INFO] Finished with exit code 0
[INFO] Exit code: 0
[INFO] ===== Offload scheduler end =====
