[INFO] ===== Offload scheduler start =====
[INFO] Timestamp: Wed 05/27/2026  6:23:02.13
[INFO] Script dir: C:\Users\jtsao1\OneDrive - Intel Corporation\Documents\My workspace\jira_ips_tat_HP\jira_tat\jira_customer_tat\
[INFO] Current dir: C:\Users\jtsao1\OneDrive - Intel Corporation\Documents\My workspace\jira_ips_tat_HP\jira_tat\jira_customer_tat
[INFO] DB host reachable: 10-108-27-113.dbaas.intel.com
C:\Python314\python.exe
C:\Users\jtsao1\AppData\Local\Microsoft\WindowsApps\python.exe
C:\Users\jtsao1\AppData\Local\Python\bin\python.exe
[INFO] GRAPH_AUTH_MODE=delegated
[INFO] GRAPH_SENDER_UPN=frank.lee@intel.com
[INFO] OFFLOAD_RECEIVER_MAX_ISSUES=10
[INFO] OFFLOAD_ALWAYS_EXCLUDED_REPORTERS=Jonathan Tsao
[INFO] Running offload_reporter_issues.py --send-email
[INFO] OFFLOAD_ALWAYS_EXCLUDED_ENGINEERS=Jonathan Tsao
2026-05-27 06:23:06,956 [INFO][ips_offload] Included 7 allowed reporter(s) with zero current issues for receiver rotation.
2026-05-27 06:23:07,660 [INFO][ips_offload] Current issue calculation breakdown per reporter:
2026-05-27 06:23:10,269 [INFO][ips_offload] Weighted loading trial enabled for visibility; offload decision remains based on Curr.
2026-05-27 06:23:10,270 [INFO][ips_offload] Combined trial table (single table with category columns, decision still uses Curr):
2026-05-27 06:23:10,271 [INFO][ips_offload] +---------------+------+------+------+-----------+-----------+-------+------------------+-------+------+------+--------------+-----+------+-----+--------+------+----------+-----------+-------------+-------------------+-------------------+---------+---------+-------------+------+------+--------+---------+-----+----+--------------+
2026-05-27 06:23:10,271 [INFO][ips_offload] | Name          | uIPS | uHSD | Jira | Stale IPS | Stale HSD | Total | Weighted Loading | Audio | BIOS | BSOD | Connectivity | HLK | ICPS | IOP | Killer | MSFT | Miracast | OEM Tools | Performance | Power Consumption | Power on sequence | Roaming | Sensing | System Hang | UEFI | WAPI | WowLAN | YB/Lost | P2P | RF | Needs-Triage |
2026-05-27 06:23:10,271 [INFO][ips_offload] +---------------+------+------+------+-----------+-----------+-------+------------------+-------+------+------+--------------+-----+------+-----+--------+------+----------+-----------+-------------+-------------------+-------------------+---------+---------+-------------+------+------+--------+---------+-----+----+--------------+
2026-05-27 06:23:10,271 [INFO][ips_offload] | Bingyue Sun   |    8 |    0 |    3 |         2 |         0 |     9 |            16.14 |     0 |    0 |    2 |            4 |   2 |    0 |   0 |      0 |    0 |        0 |         0 |           1 |                 0 |                 0 |       0 |       0 |           0 |    0 |    0 |      0 |       0 |   0 |  0 |            0 |
2026-05-27 06:23:10,271 [INFO][ips_offload] | Frank Lee     |    9 |    0 |    6 |         6 |         0 |     9 |            23.51 |     0 |    0 |    0 |            4 |   0 |    3 |   0 |      0 |    0 |        0 |         0 |           0 |                 2 |                 0 |       0 |       3 |           0 |    0 |    0 |      0 |       0 |   0 |  0 |            0 |
2026-05-27 06:23:10,271 [INFO][ips_offload] | Timdaway Lai  |    3 |    3 |    2 |         0 |         0 |     8 |            23.62 |     0 |    1 |    0 |            2 |   0 |    1 |   0 |      0 |    0 |        0 |         0 |           0 |                 0 |                 0 |       1 |       2 |           0 |    0 |    0 |      0 |       2 |   1 |  0 |            0 |
2026-05-27 06:23:10,271 [INFO][ips_offload] | Zhiqiang Cai  |    4 |    0 |    5 |         1 |         0 |     8 |            18.52 |     0 |    0 |    2 |            1 |   0 |    0 |   0 |      0 |    0 |        0 |         0 |           0 |                 0 |                 0 |       0 |       4 |           0 |    1 |    0 |      0 |       2 |   0 |  0 |            0 |
2026-05-27 06:23:10,271 [INFO][ips_offload] | KJ Fang       |   11 |    0 |    2 |         7 |         0 |     6 |            16.40 |     0 |    1 |    0 |            2 |   0 |    0 |   0 |      0 |    0 |        0 |         0 |           1 |                 0 |                 0 |       0 |       2 |           0 |    0 |    0 |      0 |       0 |   2 |  0 |            0 |
2026-05-27 06:23:10,271 [INFO][ips_offload] | Matt Chen     |    8 |    0 |    2 |         4 |         0 |     6 |            17.41 |     0 |    0 |    0 |            3 |   1 |    0 |   0 |      0 |    0 |        0 |         1 |           0 |                 0 |                 0 |       0 |       4 |           0 |    0 |    0 |      0 |       0 |   0 |  0 |            0 |
2026-05-27 06:23:10,271 [INFO][ips_offload] | Steven1 Chen  |    7 |    2 |    2 |         3 |         2 |     6 |            10.96 |     0 |    0 |    0 |            4 |   0 |    0 |   0 |      0 |    0 |        0 |         0 |           0 |                 2 |                 0 |       0 |       0 |           0 |    0 |    0 |      0 |       0 |   0 |  0 |            0 |
2026-05-27 06:23:10,271 [INFO][ips_offload] | Wesley Kuo    |    5 |    0 |    3 |         2 |         0 |     6 |            11.20 |     0 |    0 |    1 |            5 |   0 |    0 |   0 |      0 |    0 |        0 |         0 |           0 |                 0 |                 0 |       0 |       0 |           0 |    0 |    0 |      0 |       0 |   0 |  0 |            0 |
2026-05-27 06:23:10,271 [INFO][ips_offload] | Charles Chu   |    9 |    0 |    1 |         5 |         0 |     5 |            11.80 |     0 |    0 |    0 |            0 |   0 |    0 |   0 |      0 |    0 |        0 |         1 |           1 |                 0 |                 0 |       0 |       0 |           0 |    0 |    0 |      0 |       0 |   4 |  0 |            0 |
2026-05-27 06:23:10,271 [INFO][ips_offload] | Frank Yang    |   10 |    0 |    1 |         7 |         0 |     4 |            22.22 |     0 |    1 |    2 |            1 |   0 |    2 |   0 |      0 |    0 |        0 |         2 |           1 |                 0 |                 0 |       0 |       0 |           0 |    3 |    0 |      0 |       1 |   0 |  1 |            0 |
2026-05-27 06:23:10,271 [INFO][ips_offload] | Brenton Wu    |   10 |    0 |    0 |         7 |         0 |     3 |             5.47 |     0 |    0 |    0 |            2 |   0 |    0 |   0 |      0 |    0 |        0 |         0 |           0 |                 1 |                 0 |       0 |       0 |           0 |    0 |    0 |      0 |       0 |   0 |  0 |            0 |
2026-05-27 06:23:10,271 [INFO][ips_offload] | Jackx Lee     |    1 |    0 |    3 |         1 |         0 |     3 |             8.42 |     0 |    1 |    0 |            0 |   0 |    0 |   0 |      0 |    0 |        0 |         0 |           1 |                 0 |                 0 |       0 |       1 |           0 |    0 |    0 |      0 |       0 |   0 |  1 |            0 |
2026-05-27 06:23:10,271 [INFO][ips_offload] | Juan Zou      |    3 |    0 |    0 |         0 |         0 |     3 |             5.82 |     0 |    0 |    0 |            3 |   0 |    0 |   0 |      0 |    0 |        0 |         0 |           0 |                 0 |                 0 |       0 |       0 |           0 |    0 |    0 |      0 |       0 |   0 |  0 |            0 |
2026-05-27 06:23:10,271 [INFO][ips_offload] | Yu-Wei Chen   |    3 |    1 |    2 |         2 |         1 |     3 |             6.14 |     0 |    0 |    0 |            2 |   0 |    0 |   0 |      0 |    0 |        0 |         0 |           0 |                 0 |                 0 |       0 |       0 |           0 |    0 |    0 |      0 |       1 |   0 |  0 |            0 |
2026-05-27 06:23:10,271 [INFO][ips_offload] | Henryx Su     |    1 |    0 |    2 |         1 |         0 |     2 |             4.36 |     0 |    0 |    0 |            1 |   0 |    0 |   0 |      0 |    0 |        0 |         0 |           0 |                 0 |                 0 |       0 |       0 |           0 |    0 |    0 |      0 |       1 |   0 |  0 |            0 |
2026-05-27 06:23:10,271 [INFO][ips_offload] | Lydiax Chien  |    0 |    0 |    1 |         0 |         0 |     1 |             2.64 |     0 |    0 |    0 |            0 |   0 |    0 |   0 |      0 |    0 |        0 |         0 |           1 |                 0 |                 0 |       0 |       0 |           0 |    0 |    0 |      0 |       0 |   0 |  0 |            0 |
2026-05-27 06:23:10,271 [INFO][ips_offload] | Jonathan Tsao |    0 |    0 |    0 |         0 |         0 |     0 |             0.00 |     0 |    0 |    0 |            0 |   0 |    0 |   0 |      0 |    0 |        0 |         0 |           0 |                 0 |                 0 |       0 |       0 |           0 |    0 |    0 |      0 |       0 |   0 |  0 |            0 |
2026-05-27 06:23:10,271 [INFO][ips_offload] | Leo Chiang    |    0 |    0 |    0 |         0 |         0 |     0 |             2.26 |     0 |    0 |    0 |            0 |   0 |    0 |   0 |      0 |    0 |        0 |         0 |           0 |                 0 |                 0 |       0 |       0 |           0 |    0 |    0 |      0 |       1 |   0 |  0 |            0 |
2026-05-27 06:23:10,271 [INFO][ips_offload] +---------------+------+------+------+-----------+-----------+-------+------------------+-------+------+------+--------------+-----+------+-----+--------+------+----------+-----------+-------------+-------------------+-------------------+---------+---------+-------------+------+------+--------+---------+-----+----+--------------+
2026-05-27 06:23:10,271 [INFO][ips_offload] Offload decision mode: Curr
2026-05-27 06:23:10,272 [INFO][ips_offload] No over-threshold reporters found; stage-2 offload recommendation skipped.
2026-05-27 06:23:10,273 [INFO][ips_offload] Sending informational notification: no queue case available for recommendation.
2026-05-27 06:23:10,273 [INFO][ips_offload] Current load:
- Bing Chang: 0.00 current issues
- Johnsonx Su: 0.00 current issues
- Leaweix Chen: 0.00 current issues
- Leo Chiang: 0.00 current issues
- Tonyx Yeh: 0.00 current issues
- Xihaox Yang: 0.00 current issues
- Zhanying Gao: 0.00 current issues
- Zhiwei He: 0.00 current issues
- Lydiax Chien: 1.00 current issues
- Henryx Su: 2.00 current issues
- Brenton Wu: 3.00 current issues
- Jackx Lee: 3.00 current issues
- Juan Zou: 3.00 current issues
- Yu-Wei Chen: 3.00 current issues
- Frank Yang: 4.00 current issues
- Charles Chu: 5.00 current issues
- KJ Fang: 6.00 current issues
- Matt Chen: 6.00 current issues
- Steven1 Chen: 6.00 current issues
- Wesley Kuo: 6.00 current issues
- Timdaway Lai: 8.00 current issues
- Zhiqiang Cai: 8.00 current issues
- Bingyue Sun: 9.00 current issues
- Frank Lee: 9.00 current issues
2026-05-27 06:23:10,273 [INFO][ips_offload] Graph auth mode: delegated
2026-05-27 06:23:11,469 [INFO][ips_offload] No email sent: no pending reminder and no recommendation/info content.
[Config] Using GRAPH_CLIENT_SECRET from environment/.env.
[Auth] Using cached Graph delegated token.
[INFO] Finished with exit code 0
[INFO] Exit code: 0
[INFO] ===== Offload scheduler end =====
