[INFO] ===== Offload scheduler start =====
[INFO] Timestamp: Sun 04/12/2026  8:53:01.90
[INFO] Script dir: C:\Users\jtsao1\OneDrive - Intel Corporation\Documents\My workspace\jira_ips_tat_HP\jira_tat\jira_customer_tat\
[INFO] Current dir: C:\Users\jtsao1\OneDrive - Intel Corporation\Documents\My workspace\jira_ips_tat_HP\jira_tat\jira_customer_tat
C:\Python314\python.exe
C:\Users\jtsao1\AppData\Local\Microsoft\WindowsApps\python.exe
C:\Users\jtsao1\AppData\Local\Python\bin\python.exe
[INFO] GRAPH_AUTH_MODE=delegated
[INFO] GRAPH_SENDER_UPN=frank.lee@intel.com
[INFO] OFFLOAD_RECEIVER_MAX_ISSUES=10
[INFO] OFFLOAD_ALWAYS_EXCLUDED_REPORTERS=Jonathan Tsao
[INFO] Running offload_reporter_issues.py --send-email
[INFO] OFFLOAD_ALWAYS_EXCLUDED_REPORTERS=Jonathan Tsao
2026-04-12 08:53:06,960 [INFO][ips_offload] Included 6 allowed reporter(s) with zero current issues for receiver rotation.
2026-04-12 08:53:07,591 [INFO][ips_offload] Current issue calculation breakdown per reporter:
2026-04-12 08:53:07,593 [INFO][ips_offload] +---------------+------+------+------+------+------+-------+------+
2026-04-12 08:53:07,593 [INFO][ips_offload] | Reporter      | uHSD | sHSD | uIPS | pIPS | Jira | Stale | Curr |
2026-04-12 08:53:07,593 [INFO][ips_offload] +---------------+------+------+------+------+------+-------+------+
2026-04-12 08:53:07,593 [INFO][ips_offload] | Frank Lee     |    0 |    0 |   16 |    3 |   10 |    10 |   16 |
2026-04-12 08:53:07,593 [INFO][ips_offload] | Timdaway Lai  |   10 |    6 |    3 |    3 |    5 |     0 |   12 |
2026-04-12 08:53:07,593 [INFO][ips_offload] | Zhiqiang Cai  |    0 |    0 |    4 |    4 |    7 |     1 |   10 |
2026-04-12 08:53:07,593 [INFO][ips_offload] | Brenton Wu    |    0 |    0 |   11 |    2 |    2 |     4 |    9 |
2026-04-12 08:53:07,593 [INFO][ips_offload] | Charles Chu   |    0 |    0 |   11 |    5 |    5 |     8 |    8 |
2026-04-12 08:53:07,593 [INFO][ips_offload] | Frank Yang    |    0 |    0 |    8 |    2 |    4 |     4 |    8 |
2026-04-12 08:53:07,593 [INFO][ips_offload] | Steven1 Chen  |    0 |    0 |   17 |    3 |    4 |    13 |    8 |
2026-04-12 08:53:07,593 [INFO][ips_offload] | Jackx Lee     |    0 |    0 |    3 |    4 |    5 |     1 |    7 |
2026-04-12 08:53:07,593 [INFO][ips_offload] | Tonyx Yeh     |    0 |    0 |    0 |    0 |    7 |     0 |    7 |
2026-04-12 08:53:07,593 [INFO][ips_offload] | Matt Chen     |    0 |    0 |    7 |    0 |    6 |     7 |    6 |
2026-04-12 08:53:07,593 [INFO][ips_offload] | Wesley Kuo    |    0 |    0 |    9 |    0 |    3 |     7 |    5 |
2026-04-12 08:53:07,593 [INFO][ips_offload] | Bingyue Sun   |    0 |    0 |    3 |    1 |    1 |     0 |    4 |
2026-04-12 08:53:07,593 [INFO][ips_offload] | Juan Zou      |    0 |    0 |    3 |    0 |    1 |     0 |    4 |
2026-04-12 08:53:07,593 [INFO][ips_offload] | Henryx Su     |    0 |    0 |    2 |    0 |    1 |     0 |    3 |
2026-04-12 08:53:07,593 [INFO][ips_offload] | Kj Fang       |    0 |    0 |   25 |    2 |    2 |    24 |    3 |
2026-04-12 08:53:07,593 [INFO][ips_offload] | Leo Chiang    |    4 |    2 |    8 |    0 |    0 |     7 |    3 |
2026-04-12 08:53:07,593 [INFO][ips_offload] | Yu-wei Chen   |    0 |    0 |    3 |    1 |    1 |     1 |    3 |
2026-04-12 08:53:07,593 [INFO][ips_offload] | Lydiax Chien  |    0 |    0 |    1 |    1 |    1 |     0 |    2 |
2026-04-12 08:53:07,593 [INFO][ips_offload] | Jonathan Tsao |    0 |    0 |    0 |    0 |    1 |     0 |    1 |
2026-04-12 08:53:07,594 [INFO][ips_offload] +---------------+------+------+------+------+------+-------+------+
2026-04-12 08:53:07,594 [INFO][ips_offload] Offload decision mode: Curr
2026-04-12 08:53:08,227 [WARNING][ips_offload] No new IPS case found in Jonathan queue after history filtering.
2026-04-12 08:53:08,229 [INFO][ips_offload] Sending informational notification: no queue case available for recommendation.
2026-04-12 08:53:08,229 [INFO][ips_offload] Current load:
- Bing Chang: 0.00 current issues
- Johnsonx Su: 0.00 current issues
- Leaweix Chen: 0.00 current issues
- Xihaox Yang: 0.00 current issues
- Zhanying Gao: 0.00 current issues
- Zhiwei He: 0.00 current issues
- Lydiax Chien: 2.00 current issues
- Henryx Su: 3.00 current issues
- Kj Fang: 3.00 current issues
- Leo Chiang: 3.00 current issues
- Yu-wei Chen: 3.00 current issues
- Bingyue Sun: 4.00 current issues
- Juan Zou: 4.00 current issues
- Wesley Kuo: 5.00 current issues
- Matt Chen: 6.00 current issues
- Jackx Lee: 7.00 current issues
- Tonyx Yeh: 7.00 current issues
- Charles Chu: 8.00 current issues
- Frank Yang: 8.00 current issues
- Steven1 Chen: 8.00 current issues
- Brenton Wu: 9.00 current issues
- Zhiqiang Cai: 10.00 current issues
- Timdaway Lai: 12.00 current issues
- Frank Lee: 16.00 current issues
2026-04-12 08:53:08,229 [INFO][ips_offload] Graph auth mode: delegated
2026-04-12 08:53:10,013 [INFO][ips_offload] No email sent: no pending reminder and no recommendation/info content.
[Config] Using GRAPH_CLIENT_SECRET from environment/.env.
[Auth] Using cached Graph delegated token.
[INFO] Finished with exit code 0
[INFO] Exit code: 0
[INFO] ===== Offload scheduler end =====
