[INFO] ===== Offload scheduler start =====
[INFO] Timestamp: Mon 03/09/2026 19:01:51.70
[INFO] Script dir: C:\Users\jtsao1\OneDrive - Intel Corporation\Documents\My workspace\jira_ips_tat_HP\jira_tat\jira_customer_tat\
[INFO] Current dir: C:\Users\jtsao1\OneDrive - Intel Corporation\Documents\My workspace\jira_ips_tat_HP\jira_tat\jira_customer_tat
C:\Python314\python.exe
C:\Users\jtsao1\AppData\Local\Microsoft\WindowsApps\python.exe
C:\Users\jtsao1\AppData\Local\Python\bin\python.exe
[INFO] GRAPH_AUTH_MODE=app
[INFO] GRAPH_SENDER_UPN=frank.lee@intel.com
[INFO] Running offload_reporter_issues.py --send-email
2026-03-09 19:01:56,242 [INFO][ips_offload] Applying 1 pending offload(s) from history to avoid duplicate recommendations.
2026-03-09 19:01:56,837 [INFO][ips_offload] Current issue calculation breakdown per reporter:
2026-03-09 19:01:56,837 [INFO][ips_offload] +---------------+------+------+------+------+-------+-------+------+
2026-03-09 19:01:56,837 [INFO][ips_offload] | Reporter      | uHSD | uIPS | pIPS | Jira | Stale | cPend | Curr |
2026-03-09 19:01:56,838 [INFO][ips_offload] +---------------+------+------+------+------+-------+-------+------+
2026-03-09 19:01:56,838 [INFO][ips_offload] | Timdaway Lai  |    5 |   10 |    1 |    7 |     3 |     2 |   17 |
2026-03-09 19:01:56,838 [INFO][ips_offload] | Frank Lee     |    0 |   15 |    1 |    9 |     9 |     1 |   14 |
2026-03-09 19:01:56,838 [INFO][ips_offload] | Frank Yang    |    0 |   10 |    2 |    5 |     4 |     0 |   11 |
2026-03-09 19:01:56,838 [INFO][ips_offload] | Zhiqiang Cai  |    0 |   10 |    4 |    7 |     1 |     5 |   11 |
2026-03-09 19:01:56,838 [INFO][ips_offload] | Bingyue Sun   |    0 |   12 |    0 |    2 |     1 |     3 |   10 |
2026-03-09 19:01:56,838 [INFO][ips_offload] | Charles Chu   |    0 |   14 |    3 |    5 |     8 |     2 |    9 |
2026-03-09 19:01:56,838 [INFO][ips_offload] | Matt Chen     |    0 |    6 |    0 |    7 |     6 |     0 |    7 |
2026-03-09 19:01:56,838 [INFO][ips_offload] | Tonyx Yeh     |    0 |    0 |    0 |    7 |     0 |     0 |    7 |
2026-03-09 19:01:56,838 [INFO][ips_offload] | Juan Zou      |    0 |    6 |    0 |    1 |     0 |     2 |    5 |
2026-03-09 19:01:56,838 [INFO][ips_offload] | Wesley Kuo    |    0 |    8 |    0 |    2 |     5 |     0 |    5 |
2026-03-09 19:01:56,838 [INFO][ips_offload] | Jackx Lee     |    0 |    1 |    3 |    3 |     0 |     0 |    4 |
2026-03-09 19:01:56,838 [INFO][ips_offload] | Kj Fang       |    0 |   26 |    1 |    2 |    24 |     0 |    4 |
2026-03-09 19:01:56,838 [INFO][ips_offload] | Leo Chiang    |    2 |    9 |    0 |    0 |     7 |     0 |    4 |
2026-03-09 19:01:56,838 [INFO][ips_offload] | Brenton Wu    |    0 |    3 |    0 |    0 |     0 |     0 |    3 |
2026-03-09 19:01:56,838 [INFO][ips_offload] | Steven1 Chen  |    0 |   19 |    0 |    0 |    16 |     0 |    3 |
2026-03-09 19:01:56,838 [INFO][ips_offload] | Jonathan Tsao |    0 |    1 |    0 |    2 |     1 |     0 |    2 |
2026-03-09 19:01:56,838 [INFO][ips_offload] | Henryx Su     |    0 |    1 |    0 |    0 |     0 |     0 |    1 |
2026-03-09 19:01:56,838 [INFO][ips_offload] | Yu-wei Chen   |    0 |    6 |    0 |    0 |     3 |     3 |    0 |
2026-03-09 19:01:56,838 [INFO][ips_offload] +---------------+------+------+------+------+-------+-------+------+
2026-03-09 19:01:57,389 [INFO][ips_offload] Skipping least-loaded candidate Brenton Wu (recently offloaded); selecting next candidate Charles Chu.
2026-03-09 19:01:57,389 [INFO][ips_offload] Overloaded reporters summary:
- Timdaway Lai: 17 current issues
2026-03-09 19:01:57,389 [INFO][ips_offload] Receiving engineer with least issues: Charles Chu (9)
2026-03-09 19:01:57,389 [INFO][ips_offload] Most recent IPS case: 1001680
2026-03-09 19:01:57,390 [INFO][ips_offload] Graph auth mode: app
[Config] Using GRAPH_CLIENT_SECRET from environment/.env.
Traceback (most recent call last):
  File "C:\Users\jtsao1\OneDrive - Intel Corporation\Documents\My workspace\jira_ips_tat_HP\jira_tat\jira_customer_tat\offload_reporter_issues.py", line 2073, in <module>
    raise SystemExit(main())
                     ~~~~^^
  File "C:\Users\jtsao1\OneDrive - Intel Corporation\Documents\My workspace\jira_ips_tat_HP\jira_tat\jira_customer_tat\offload_reporter_issues.py", line 2046, in main
    send_mail_via_graph(
    ~~~~~~~~~~~~~~~~~~~^
        token,
        ^^^^^^
    ...<5 lines>...
        sender_upn=graph_sender_upn,
        ^^^^^^^^^^^^^^^^^^^^^^^^^^^^
    )
    ^
  File "C:\Users\jtsao1\OneDrive - Intel Corporation\Documents\My workspace\jira_ips_tat_HP\jira_tat\jira_customer_tat\Meeting_agenda_OneNote.py", line 602, in send_mail_via_graph
    raise RuntimeError(f"Graph sendMail failed: {r.status_code} {r.text}")
RuntimeError: Graph sendMail failed: 403 {"error":{"code":"ErrorAccessDenied","message":"Access is denied. Check credentials and try again."}}
[INFO] Finished with exit code 1
[INFO] Exit code: 1
[INFO] ===== Offload scheduler end =====
