[INFO] ===== Offload scheduler start =====
[INFO] Timestamp: Wed 06/10/2026 10:43:37.26
[INFO] Script dir: C:\Users\jtsao1\OneDrive - Intel Corporation\Documents\My workspace\jira_ips_tat_HP\jira_tat\jira_customer_tat\
[INFO] Current dir: C:\Users\jtsao1\OneDrive - Intel Corporation\Documents\My workspace\jira_ips_tat_HP\jira_tat\jira_customer_tat
[INFO] DB host reachable: 10-108-27-113.dbaas.intel.com
C:\Python314\python.exe
C:\Users\jtsao1\AppData\Local\Microsoft\WindowsApps\python.exe
C:\Users\jtsao1\AppData\Local\Python\bin\python.exe
[INFO] GRAPH_AUTH_MODE=delegated
[INFO] GRAPH_SENDER_UPN=frank.lee@intel.com
[INFO] OFFLOAD_RECEIVER_MAX_ISSUES=10
[INFO] OFFLOAD_ALWAYS_EXCLUDED_REPORTERS=Jonathan Tsao
[INFO] Running offload_reporter_issues.py --send-email
[INFO] OFFLOAD_ALWAYS_EXCLUDED_ENGINEERS=Jonathan Tsao
2026-06-10 10:44:11,936 [INFO][ips_offload] Included 12 allowed reporter(s) with zero current issues for receiver rotation.
2026-06-10 10:44:12,635 [INFO][ips_offload] Current issue calculation breakdown per reporter:
2026-06-10 10:44:22,630 [INFO][ips_offload] Weighted loading trial enabled for visibility; offload decision remains based on Curr.
2026-06-10 10:44:22,631 [INFO][ips_offload] Combined trial table (single table with category columns, decision still uses Curr):
2026-06-10 10:44:22,632 [INFO][ips_offload] +---------------+------+------+------+-----------+-----------+-------+------------------+-------+------+------+--------------+-----+------+-----+--------+------+----------+-----------+-------------+-------------------+-------------------+---------+---------+-------------+------+------+--------+---------+-----+----+--------------+
2026-06-10 10:44:22,633 [INFO][ips_offload] | Name          | uIPS | uHSD | Jira | Stale IPS | Stale HSD | Total | Weighted Loading | Audio | BIOS | BSOD | Connectivity | HLK | ICPS | IOP | Killer | MSFT | Miracast | OEM Tools | Performance | Power Consumption | Power on sequence | Roaming | Sensing | System Hang | UEFI | WAPI | WowLAN | YB/Lost | P2P | RF | Needs-Triage |
2026-06-10 10:44:22,633 [INFO][ips_offload] +---------------+------+------+------+-----------+-----------+-------+------------------+-------+------+------+--------------+-----+------+-----+--------+------+----------+-----------+-------------+-------------------+-------------------+---------+---------+-------------+------+------+--------+---------+-----+----+--------------+
2026-06-10 10:44:22,633 [INFO][ips_offload] | Timdaway Lai  |    0 |    1 |    0 |         0 |         0 |     1 |            24.49 |     0 |    1 |    0 |            2 |   0 |    1 |   0 |      0 |    0 |        0 |         0 |           0 |                 0 |                 0 |       1 |       0 |           2 |    0 |    0 |      0 |       2 |   2 |  0 |            0 |
2026-06-10 10:44:22,633 [INFO][ips_offload] | Wesley Kuo    |    0 |    0 |    1 |         0 |         0 |     1 |            16.58 |     0 |    0 |    0 |            6 |   2 |    0 |   0 |      0 |    0 |        0 |         1 |           0 |                 0 |                 0 |       0 |       0 |           0 |    0 |    0 |      0 |       0 |   0 |  0 |            0 |
2026-06-10 10:44:22,633 [INFO][ips_offload] | Bingyue Sun   |    0 |    0 |    0 |         0 |         0 |     0 |            18.46 |     0 |    0 |    2 |            7 |   0 |    0 |   0 |      0 |    0 |        0 |         0 |           1 |                 0 |                 0 |       0 |       0 |           0 |    0 |    0 |      0 |       0 |   0 |  0 |            0 |
2026-06-10 10:44:22,633 [INFO][ips_offload] | Brenton Wu    |    0 |    0 |    0 |         0 |         0 |     0 |             9.68 |     0 |    0 |    0 |            4 |   0 |    0 |   0 |      0 |    0 |        0 |         0 |           0 |                 0 |                 0 |       0 |       0 |           0 |    0 |    0 |      0 |       0 |   1 |  0 |            0 |
2026-06-10 10:44:22,633 [INFO][ips_offload] | Charles Chu   |    0 |    0 |    0 |         0 |         0 |     0 |             8.23 |     0 |    0 |    1 |            2 |   0 |    0 |   0 |      0 |    0 |        0 |         1 |           0 |                 0 |                 0 |       0 |       0 |           0 |    0 |    0 |      0 |       0 |   1 |  0 |            0 |
2026-06-10 10:44:22,633 [INFO][ips_offload] | Frank Yang    |    0 |    0 |    0 |         0 |         0 |     0 |            28.60 |     0 |    1 |    2 |            6 |   0 |    2 |   0 |      0 |    0 |        0 |         3 |           0 |                 0 |                 0 |       0 |       0 |           0 |    0 |    0 |      0 |       1 |   1 |  1 |            0 |
2026-06-10 10:44:22,633 [INFO][ips_offload] | Jonathan Tsao |    0 |    0 |    0 |         0 |         0 |     0 |             0.00 |     0 |    0 |    0 |            0 |   0 |    0 |   0 |      0 |    0 |        0 |         0 |           0 |                 0 |                 0 |       0 |       0 |           0 |    0 |    0 |      0 |       0 |   0 |  0 |            0 |
2026-06-10 10:44:22,633 [INFO][ips_offload] | Juan Zou      |    0 |    1 |    0 |         0 |         1 |     0 |             5.70 |     0 |    0 |    1 |            1 |   0 |    0 |   0 |      0 |    0 |        0 |         0 |           0 |                 0 |                 0 |       0 |       0 |           0 |    0 |    0 |      0 |       1 |   0 |  0 |            0 |
2026-06-10 10:44:22,633 [INFO][ips_offload] | KJ Fang       |    0 |    0 |    0 |         0 |         0 |     0 |            16.37 |     0 |    0 |    0 |            3 |   0 |    0 |   0 |      0 |    0 |        0 |         1 |           2 |                 0 |                 0 |       0 |       0 |           0 |    0 |    0 |      0 |       0 |   2 |  0 |            0 |
2026-06-10 10:44:22,633 [INFO][ips_offload] | Leo Chiang    |    0 |    0 |    0 |         0 |         0 |     0 |             2.26 |     0 |    0 |    0 |            0 |   0 |    0 |   0 |      0 |    0 |        0 |         0 |           0 |                 0 |                 0 |       0 |       0 |           0 |    0 |    0 |      0 |       1 |   0 |  0 |            0 |
2026-06-10 10:44:22,633 [INFO][ips_offload] | Matt Chen     |    0 |    0 |    0 |         0 |         0 |     0 |            13.35 |     0 |    0 |    0 |            2 |   1 |    0 |   0 |      0 |    0 |        0 |         0 |           0 |                 0 |                 0 |       0 |       0 |           0 |    0 |    0 |      0 |       0 |   4 |  0 |            0 |
2026-06-10 10:44:22,633 [INFO][ips_offload] | Steven1 Chen  |    0 |    1 |    0 |         0 |         1 |     0 |            13.12 |     0 |    0 |    1 |            4 |   0 |    0 |   0 |      0 |    0 |        0 |         0 |           0 |                 1 |                 0 |       0 |       0 |           0 |    0 |    0 |      0 |       1 |   0 |  0 |            0 |
2026-06-10 10:44:22,633 [INFO][ips_offload] | Yu-Wei Chen   |    0 |    1 |    0 |         0 |         1 |     0 |             9.92 |     0 |    1 |    0 |            3 |   0 |    0 |   0 |      0 |    0 |        0 |         0 |           0 |                 0 |                 0 |       0 |       0 |           0 |    0 |    0 |      0 |       1 |   0 |  0 |            0 |
2026-06-10 10:44:22,634 [INFO][ips_offload] +---------------+------+------+------+-----------+-----------+-------+------------------+-------+------+------+--------------+-----+------+-----+--------+------+----------+-----------+-------------+-------------------+-------------------+---------+---------+-------------+------+------+--------+---------+-----+----+--------------+
2026-06-10 10:44:22,634 [INFO][ips_offload] Offload decision mode: Curr
2026-06-10 10:44:22,634 [INFO][ips_offload] No over-threshold reporters found; stage-2 offload recommendation skipped.
2026-06-10 10:44:22,636 [INFO][ips_offload] Sending informational notification: no queue case available for recommendation.
2026-06-10 10:44:22,645 [INFO][ips_offload] Current load:
- Bing Chang: 0.00 current issues
- Bingyue Sun: 0.00 current issues
- Brenton Wu: 0.00 current issues
- Charles Chu: 0.00 current issues
- Frank Lee: 0.00 current issues
- Frank Yang: 0.00 current issues
- Henryx Su: 0.00 current issues
- Jackx Lee: 0.00 current issues
- Johnsonx Su: 0.00 current issues
- Juan Zou: 0.00 current issues
- KJ Fang: 0.00 current issues
- Leaweix Chen: 0.00 current issues
- Leo Chiang: 0.00 current issues
- Lydiax Chien: 0.00 current issues
- Matt Chen: 0.00 current issues
- Steven1 Chen: 0.00 current issues
- Tonyx Yeh: 0.00 current issues
- Xihaox Yang: 0.00 current issues
- Yu-Wei Chen: 0.00 current issues
- Zhanying Gao: 0.00 current issues
- Zhiqiang Cai: 0.00 current issues
- Zhiwei He: 0.00 current issues
- Timdaway Lai: 1.00 current issues
- Wesley Kuo: 1.00 current issues
2026-06-10 10:44:22,645 [INFO][ips_offload] Graph auth mode: delegated
2026-06-10 10:44:26,416 [INFO][ips_offload] No email sent: no pending reminder and no recommendation/info content.
[Config] Using GRAPH_CLIENT_SECRET from environment/.env.
[Auth] Using cached Graph delegated token.
[INFO] Finished with exit code 0
[INFO] Exit code: 0
[INFO] ===== Offload scheduler end =====
