[INFO] ===== Offload scheduler start =====
[INFO] Timestamp: Mon 06/08/2026 14:53:02.33
[INFO] Script dir: C:\Users\jtsao1\OneDrive - Intel Corporation\Documents\My workspace\jira_ips_tat_HP\jira_tat\jira_customer_tat\
[INFO] Current dir: C:\Users\jtsao1\OneDrive - Intel Corporation\Documents\My workspace\jira_ips_tat_HP\jira_tat\jira_customer_tat
[INFO] DB host reachable: 10-108-27-113.dbaas.intel.com
C:\Python314\python.exe
C:\Users\jtsao1\AppData\Local\Microsoft\WindowsApps\python.exe
C:\Users\jtsao1\AppData\Local\Python\bin\python.exe
[INFO] GRAPH_AUTH_MODE=delegated
[INFO] GRAPH_SENDER_UPN=frank.lee@intel.com
[INFO] OFFLOAD_RECEIVER_MAX_ISSUES=10
[INFO] OFFLOAD_ALWAYS_EXCLUDED_REPORTERS=Jonathan Tsao
[INFO] Running offload_reporter_issues.py --send-email
[INFO] OFFLOAD_ALWAYS_EXCLUDED_ENGINEERS=Jonathan Tsao
2026-06-08 14:53:07,221 [INFO][ips_offload] Included 7 allowed reporter(s) with zero current issues for receiver rotation.
2026-06-08 14:53:07,825 [INFO][ips_offload] Current issue calculation breakdown per reporter:
2026-06-08 14:53:10,508 [INFO][ips_offload] Weighted loading trial enabled for visibility; offload decision remains based on Curr.
2026-06-08 14:53:10,509 [INFO][ips_offload] Combined trial table (single table with category columns, decision still uses Curr):
2026-06-08 14:53:10,510 [INFO][ips_offload] +---------------+------+------+------+-----------+-----------+-------+------------------+-------+------+------+--------------+-----+------+-----+--------+------+----------+-----------+-------------+-------------------+-------------------+---------+---------+-------------+------+------+--------+---------+-----+----+--------------+
2026-06-08 14:53:10,510 [INFO][ips_offload] | Name          | uIPS | uHSD | Jira | Stale IPS | Stale HSD | Total | Weighted Loading | Audio | BIOS | BSOD | Connectivity | HLK | ICPS | IOP | Killer | MSFT | Miracast | OEM Tools | Performance | Power Consumption | Power on sequence | Roaming | Sensing | System Hang | UEFI | WAPI | WowLAN | YB/Lost | P2P | RF | Needs-Triage |
2026-06-08 14:53:10,510 [INFO][ips_offload] +---------------+------+------+------+-----------+-----------+-------+------------------+-------+------+------+--------------+-----+------+-----+--------+------+----------+-----------+-------------+-------------------+-------------------+---------+---------+-------------+------+------+--------+---------+-----+----+--------------+
2026-06-08 14:53:10,510 [INFO][ips_offload] | Wesley Kuo    |    6 |    0 |    9 |         3 |         0 |    12 |            22.40 |     0 |    0 |    0 |            9 |   2 |    0 |   0 |      0 |    0 |        0 |         1 |           0 |                 0 |                 0 |       0 |       0 |           0 |    0 |    0 |      0 |       0 |   0 |  0 |            0 |
2026-06-08 14:53:10,510 [INFO][ips_offload] | Bingyue Sun   |    7 |    0 |    4 |         1 |         0 |    10 |            18.46 |     0 |    0 |    2 |            7 |   0 |    0 |   0 |      0 |    0 |        0 |         0 |           1 |                 0 |                 0 |       0 |       0 |           0 |    0 |    0 |      0 |       0 |   0 |  0 |            0 |
2026-06-08 14:53:10,510 [INFO][ips_offload] | Zhiqiang Cai  |    4 |    0 |    6 |         0 |         0 |    10 |            23.56 |     0 |    0 |    1 |            3 |   0 |    0 |   0 |      0 |    0 |        0 |         0 |           2 |                 0 |                 0 |       0 |       0 |           0 |    1 |    0 |      0 |       1 |   4 |  0 |            0 |
2026-06-08 14:53:10,510 [INFO][ips_offload] | Timdaway Lai  |    5 |    3 |    2 |         1 |         0 |     9 |            26.49 |     0 |    1 |    0 |            2 |   0 |    1 |   0 |      0 |    0 |        0 |         0 |           0 |                 0 |                 0 |       1 |       0 |           2 |    0 |    0 |      0 |       2 |   2 |  0 |            0 |
2026-06-08 14:53:10,510 [INFO][ips_offload] | Frank Lee     |   10 |    0 |    5 |         7 |         0 |     8 |            20.96 |     0 |    0 |    0 |            4 |   0 |    2 |   0 |      0 |    0 |        0 |         0 |           1 |                 1 |                 0 |       0 |       0 |           0 |    1 |    0 |      0 |       0 |   2 |  0 |            0 |
2026-06-08 14:53:10,510 [INFO][ips_offload] | Frank Yang    |    5 |    0 |    5 |         3 |         0 |     7 |            28.60 |     0 |    1 |    2 |            6 |   0 |    2 |   0 |      0 |    0 |        0 |         3 |           0 |                 0 |                 0 |       0 |       0 |           0 |    0 |    0 |      0 |       1 |   1 |  1 |            0 |
2026-06-08 14:53:10,510 [INFO][ips_offload] | KJ Fang       |   12 |    0 |    2 |         8 |         0 |     6 |            16.37 |     0 |    0 |    0 |            3 |   0 |    0 |   0 |      0 |    0 |        0 |         1 |           2 |                 0 |                 0 |       0 |       0 |           0 |    0 |    0 |      0 |       0 |   2 |  0 |            0 |
2026-06-08 14:53:10,510 [INFO][ips_offload] | Steven1 Chen  |    9 |    1 |    3 |         6 |         1 |     6 |            10.86 |     0 |    0 |    1 |            4 |   0 |    0 |   0 |      0 |    0 |        0 |         0 |           0 |                 1 |                 0 |       0 |       0 |           0 |    0 |    0 |      0 |       0 |   0 |  0 |            0 |
2026-06-08 14:53:10,510 [INFO][ips_offload] | Juan Zou      |    2 |    1 |    2 |         0 |         0 |     5 |             8.64 |     0 |    0 |    1 |            2 |   0 |    0 |   0 |      0 |    0 |        0 |         0 |           0 |                 0 |                 0 |       0 |       0 |           0 |    0 |    0 |      0 |       1 |   0 |  0 |            0 |
2026-06-08 14:53:10,510 [INFO][ips_offload] | Yu-Wei Chen   |    5 |    1 |    2 |         2 |         1 |     5 |             9.92 |     0 |    1 |    0 |            3 |   0 |    0 |   0 |      0 |    0 |        0 |         0 |           0 |                 0 |                 0 |       0 |       0 |           0 |    0 |    0 |      0 |       1 |   0 |  0 |            0 |
2026-06-08 14:53:10,511 [INFO][ips_offload] | Lydiax Chien  |    4 |    0 |    0 |         0 |         0 |     4 |             8.39 |     0 |    0 |    0 |            1 |   0 |    0 |   0 |      0 |    0 |        0 |         0 |           0 |                 0 |                 0 |       1 |       0 |           0 |    0 |    0 |      0 |       0 |   2 |  0 |            0 |
2026-06-08 14:53:10,511 [INFO][ips_offload] | Matt Chen     |    7 |    0 |    2 |         5 |         0 |     4 |            13.35 |     0 |    0 |    0 |            2 |   1 |    0 |   0 |      0 |    0 |        0 |         0 |           0 |                 0 |                 0 |       0 |       0 |           0 |    0 |    0 |      0 |       0 |   4 |  0 |            0 |
2026-06-08 14:53:10,511 [INFO][ips_offload] | Brenton Wu    |    9 |    0 |    1 |         7 |         0 |     3 |             5.81 |     0 |    0 |    0 |            3 |   0 |    0 |   0 |      0 |    0 |        0 |         0 |           0 |                 0 |                 0 |       0 |       0 |           0 |    0 |    0 |      0 |       0 |   0 |  0 |            0 |
2026-06-08 14:53:10,511 [INFO][ips_offload] | Charles Chu   |    7 |    0 |    1 |         5 |         0 |     3 |             8.23 |     0 |    0 |    1 |            2 |   0 |    0 |   0 |      0 |    0 |        0 |         1 |           0 |                 0 |                 0 |       0 |       0 |           0 |    0 |    0 |      0 |       0 |   1 |  0 |            0 |
2026-06-08 14:53:10,511 [INFO][ips_offload] | Jackx Lee     |    1 |    0 |    2 |         0 |         0 |     3 |             7.14 |     0 |    0 |    0 |            2 |   0 |    0 |   0 |      0 |    0 |        0 |         1 |           0 |                 0 |                 0 |       0 |       0 |           0 |    0 |    0 |      0 |       0 |   0 |  1 |            0 |
2026-06-08 14:53:10,511 [INFO][ips_offload] | Henryx Su     |    1 |    0 |    1 |         1 |         0 |     1 |             3.86 |     0 |    0 |    0 |            2 |   0 |    0 |   0 |      0 |    0 |        0 |         0 |           0 |                 0 |                 0 |       0 |       0 |           0 |    0 |    0 |      0 |       0 |   0 |  0 |            0 |
2026-06-08 14:53:10,511 [INFO][ips_offload] | Jonathan Tsao |    0 |    0 |    0 |         0 |         0 |     0 |             0.00 |     0 |    0 |    0 |            0 |   0 |    0 |   0 |      0 |    0 |        0 |         0 |           0 |                 0 |                 0 |       0 |       0 |           0 |    0 |    0 |      0 |       0 |   0 |  0 |            0 |
2026-06-08 14:53:10,511 [INFO][ips_offload] | Leo Chiang    |    0 |    0 |    0 |         0 |         0 |     0 |             2.26 |     0 |    0 |    0 |            0 |   0 |    0 |   0 |      0 |    0 |        0 |         0 |           0 |                 0 |                 0 |       0 |       0 |           0 |    0 |    0 |      0 |       1 |   0 |  0 |            0 |
2026-06-08 14:53:10,511 [INFO][ips_offload] +---------------+------+------+------+-----------+-----------+-------+------------------+-------+------+------+--------------+-----+------+-----+--------+------+----------+-----------+-------------+-------------------+-------------------+---------+---------+-------------+------+------+--------+---------+-----+----+--------------+
2026-06-08 14:53:10,511 [INFO][ips_offload] Offload decision mode: Curr
2026-06-08 14:53:10,522 [INFO][ips_offload] Created 1 trigger notification(s) for over-threshold reporters.
2026-06-08 14:53:11,670 [WARNING][ips_offload] Skipping recommendation for case 980796: IPS case is already closed.
2026-06-08 14:53:11,670 [WARNING][ips_offload] No new IPS case found in Jonathan queue after history filtering.
2026-06-08 14:53:11,671 [INFO][ips_offload] Sending informational notification: no queue case available for recommendation.
2026-06-08 14:53:11,671 [INFO][ips_offload] Current load:
- Bing Chang: 0.00 current issues
- Johnsonx Su: 0.00 current issues
- Leaweix Chen: 0.00 current issues
- Leo Chiang: 0.00 current issues
- Tonyx Yeh: 0.00 current issues
- Xihaox Yang: 0.00 current issues
- Zhanying Gao: 0.00 current issues
- Zhiwei He: 0.00 current issues
- Henryx Su: 1.00 current issues
- Brenton Wu: 3.00 current issues
- Charles Chu: 3.00 current issues
- Jackx Lee: 3.00 current issues
- Lydiax Chien: 4.00 current issues
- Matt Chen: 4.00 current issues
- Juan Zou: 5.00 current issues
- Yu-Wei Chen: 5.00 current issues
- KJ Fang: 6.00 current issues
- Steven1 Chen: 6.00 current issues
- Frank Yang: 7.00 current issues
- Frank Lee: 8.00 current issues
- Timdaway Lai: 9.00 current issues
- Bingyue Sun: 10.00 current issues
- Zhiqiang Cai: 10.00 current issues
- Wesley Kuo: 12.00 current issues
2026-06-08 14:53:11,671 [INFO][ips_offload] Graph auth mode: delegated
2026-06-08 14:53:14,623 [INFO][ips_offload] Trigger email sent to 1 target(s).
2026-06-08 14:53:14,623 [INFO][ips_offload] No email sent: no pending reminder and no recommendation/info content.
[Config] Using GRAPH_CLIENT_SECRET from environment/.env.
[Auth] Using cached Graph delegated token.
[INFO] Finished with exit code 0
[INFO] Exit code: 0
[INFO] ===== Offload scheduler end =====
