[INFO] ===== Offload loading-summary daily start =====
[INFO] Timestamp: Thu 04/16/2026 10:30:46.93
[INFO] Script dir: C:\Users\jtsao1\OneDrive - Intel Corporation\Documents\My workspace\jira_ips_tat_HP\jira_tat\jira_customer_tat\
[INFO] Current dir: C:\Users\jtsao1\OneDrive - Intel Corporation\Documents\My workspace\jira_ips_tat_HP\jira_tat\jira_customer_tat
C:\Python314\python.exe
C:\Users\jtsao1\AppData\Local\Microsoft\WindowsApps\python.exe
C:\Users\jtsao1\AppData\Local\Python\bin\python.exe
[INFO] GRAPH_AUTH_MODE=delegated
[INFO] GRAPH_SENDER_UPN=frank.lee@intel.com
[INFO] OFFLOAD_ALWAYS_EXCLUDED_REPORTERS=Jonathan Tsao
[INFO] Command: run_offload_reporter_issues.bat --send-email --summary-only-email 
[INFO] Running offload_reporter_issues.py --send-email --summary-only-email
[INFO] OFFLOAD_ALWAYS_EXCLUDED_REPORTERS=Jonathan Tsao
2026-04-16 10:30:51,234 [INFO][ips_offload] Included 6 allowed reporter(s) with zero current issues for receiver rotation.
2026-04-16 10:30:51,806 [INFO][ips_offload] Current issue calculation breakdown per reporter:
2026-04-16 10:30:54,277 [INFO][ips_offload] Weighted loading trial enabled for visibility; offload decision remains based on Curr.
2026-04-16 10:30:54,277 [INFO][ips_offload] Combined trial table (single table with category columns, decision still uses Curr):
2026-04-16 10:30:54,278 [INFO][ips_offload] +--------------+------+------+------+-----------+-----------+-------+------------------+-------+------+------+--------------+-----+------+-----+--------+------+----------+-----------+-------------+-------------------+-------------------+---------+---------+-------------+------+------+--------+---------+--------------+-------------------+
2026-04-16 10:30:54,278 [INFO][ips_offload] | Name         | uIPS | uHSD | Jira | Stale IPS | Stale HSD | Total | Weighted Loading | Audio | BIOS | BSOD | Connectivity | HLK | ICPS | IOP | Killer | MSFT | Miracast | OEM Tools | Performance | Power Consumption | Power on sequence | Roaming | Sensing | System Hang | UEFI | WAPI | WowLAN | YB/Lost | Needs-Triage | Unmapped(Default) |
2026-04-16 10:30:54,278 [INFO][ips_offload] +--------------+------+------+------+-----------+-----------+-------+------------------+-------+------+------+--------------+-----+------+-----+--------+------+----------+-----------+-------------+-------------------+-------------------+---------+---------+-------------+------+------+--------+---------+--------------+-------------------+
2026-04-16 10:30:54,278 [INFO][ips_offload] | Frank Lee    |   16 |    0 |   10 |        11 |         0 |    15 |            34.97 |     0 |    1 |    0 |            1 |   0 |    0 |   0 |      0 |    0 |        0 |         0 |           6 |                 0 |                 0 |       0 |       5 |           0 |    0 |    0 |      0 |       2 |            0 |                 0 |
2026-04-16 10:30:54,278 [INFO][ips_offload] | Zhiqiang Cai |    3 |    0 |    9 |         1 |         0 |    11 |            17.68 |     0 |    0 |    1 |            0 |   0 |    0 |   0 |      0 |    0 |        0 |         0 |           3 |                 0 |                 0 |       0 |       0 |           0 |    1 |    0 |      0 |       1 |            0 |                 5 |
2026-04-16 10:30:54,278 [INFO][ips_offload] | Timdaway Lai |    3 |   11 |    4 |         2 |         6 |    10 |            15.83 |     0 |    0 |    1 |            0 |   0 |    1 |   0 |      0 |    0 |        0 |         0 |           1 |                 0 |                 0 |       0 |       0 |           0 |    0 |    0 |      0 |       2 |            0 |                 1 |
2026-04-16 10:30:54,278 [INFO][ips_offload] | Charles Chu  |   11 |    0 |    6 |         8 |         0 |     9 |            21.60 |     0 |    0 |    0 |            2 |   0 |    0 |   0 |      0 |    0 |        0 |         1 |           5 |                 0 |                 0 |       0 |       1 |           0 |    0 |    0 |      0 |       0 |            0 |                 1 |
2026-04-16 10:30:54,278 [INFO][ips_offload] | Wesley Kuo   |   13 |    0 |    3 |         7 |         0 |     9 |            15.44 |     0 |    0 |    1 |            5 |   0 |    0 |   0 |      0 |    0 |        0 |         2 |           0 |                 0 |                 0 |       0 |       0 |           0 |    1 |    0 |      0 |       0 |            0 |                 0 |
2026-04-16 10:30:54,278 [INFO][ips_offload] | Brenton Wu   |   10 |    0 |    2 |         4 |         0 |     8 |            14.36 |     0 |    0 |    1 |            2 |   1 |    0 |   0 |      0 |    0 |        0 |         0 |           1 |                 0 |                 0 |       0 |       0 |           0 |    1 |    0 |      0 |       1 |            0 |                 1 |
2026-04-16 10:30:54,278 [INFO][ips_offload] | Frank Yang   |    6 |    0 |    4 |         2 |         0 |     8 |            18.09 |     0 |    1 |    0 |            2 |   0 |    0 |   0 |      0 |    0 |        0 |         0 |           2 |                 0 |                 0 |       0 |       1 |           1 |    0 |    0 |      0 |       1 |            0 |                 0 |
2026-04-16 10:30:54,278 [INFO][ips_offload] | Jackx Lee    |    3 |    0 |    5 |         1 |         0 |     7 |            14.19 |     0 |    0 |    0 |            1 |   0 |    0 |   0 |      0 |    0 |        0 |         2 |           2 |                 0 |                 0 |       0 |       1 |           0 |    0 |    0 |      0 |       0 |            0 |                 2 |
2026-04-16 10:30:54,278 [INFO][ips_offload] | Steven1 Chen |   17 |    0 |    4 |        14 |         0 |     7 |            14.22 |     0 |    0 |    0 |            5 |   0 |    0 |   0 |      0 |    0 |        0 |         0 |           0 |                 0 |                 0 |       0 |       0 |           0 |    0 |    0 |      0 |       2 |            0 |                 0 |
2026-04-16 10:30:54,278 [INFO][ips_offload] | Tonyx Yeh    |    0 |    0 |    7 |         0 |         0 |     7 |            13.92 |     1 |    0 |    0 |            6 |   0 |    0 |   0 |      0 |    0 |        0 |         0 |           0 |                 0 |                 0 |       0 |       0 |           0 |    0 |    0 |      0 |       0 |            0 |                 0 |
2026-04-16 10:30:54,278 [INFO][ips_offload] | Bingyue Sun  |    5 |    0 |    1 |         0 |         0 |     6 |            10.98 |     1 |    0 |    3 |            1 |   0 |    0 |   0 |      0 |    0 |        0 |         0 |           0 |                 0 |                 0 |       0 |       0 |           0 |    0 |    0 |      0 |       1 |            0 |                 0 |
2026-04-16 10:30:54,278 [INFO][ips_offload] | Kj Fang      |   27 |    0 |    2 |        24 |         0 |     5 |            11.07 |     0 |    0 |    0 |            3 |   0 |    0 |   0 |      0 |    0 |        0 |         0 |           2 |                 0 |                 0 |       0 |       0 |           0 |    0 |    0 |      0 |       0 |            0 |                 0 |
2026-04-16 10:30:54,278 [INFO][ips_offload] | Leo Chiang   |    8 |    6 |    0 |         7 |         2 |     5 |             5.94 |     0 |    0 |    0 |            1 |   0 |    0 |   0 |      0 |    0 |        0 |         0 |           0 |                 0 |                 0 |       0 |       0 |           0 |    0 |    0 |      0 |       0 |            0 |                 0 |
2026-04-16 10:30:54,278 [INFO][ips_offload] | Matt Chen    |    6 |    0 |    5 |         6 |         0 |     5 |             5.88 |     0 |    0 |    2 |            0 |   0 |    0 |   0 |      0 |    0 |        0 |         0 |           1 |                 0 |                 0 |       0 |       0 |           0 |    0 |    0 |      0 |       0 |            0 |                 2 |
2026-04-16 10:30:54,278 [INFO][ips_offload] | Juan Zou     |    4 |    0 |    0 |         0 |         0 |     4 |             8.21 |     0 |    0 |    0 |            1 |   0 |    0 |   0 |      0 |    0 |        0 |         1 |           0 |                 0 |                 0 |       0 |       0 |           1 |    0 |    0 |      0 |       1 |            0 |                 0 |
2026-04-16 10:30:54,278 [INFO][ips_offload] | Henryx Su    |    2 |    0 |    0 |         0 |         0 |     2 |             3.64 |     0 |    0 |    1 |            0 |   0 |    0 |   0 |      0 |    0 |        0 |         0 |           1 |                 0 |                 0 |       0 |       0 |           0 |    0 |    0 |      0 |       0 |            0 |                 0 |
2026-04-16 10:30:54,278 [INFO][ips_offload] | Yu-wei Chen  |    3 |    0 |    1 |         2 |         0 |     2 |             4.69 |     0 |    0 |    0 |            0 |   0 |    0 |   0 |      0 |    0 |        0 |         0 |           0 |                 0 |                 0 |       0 |       0 |           0 |    0 |    0 |      0 |       2 |            0 |                 0 |
2026-04-16 10:30:54,278 [INFO][ips_offload] | Lydiax Chien |    0 |    0 |    1 |         0 |         0 |     1 |             2.64 |     0 |    0 |    0 |            0 |   0 |    0 |   0 |      0 |    0 |        0 |         0 |           1 |                 0 |                 0 |       0 |       0 |           0 |    0 |    0 |      0 |       0 |            0 |                 0 |
2026-04-16 10:30:54,278 [INFO][ips_offload] +--------------+------+------+------+-----------+-----------+-------+------------------+-------+------+------+--------------+-----+------+-----+--------+------+----------+-----------+-------------+-------------------+-------------------+---------+---------+-------------+------+------+--------+---------+--------------+-------------------+
2026-04-16 10:30:54,278 [INFO][ips_offload] Offload decision mode: Curr
2026-04-16 10:30:54,789 [WARNING][ips_offload] No new IPS case found in Jonathan queue after history filtering.
2026-04-16 10:30:54,791 [INFO][ips_offload] Graph auth mode: delegated
2026-04-16 10:30:58,393 [INFO][ips_offload] Summary-only loading email sent to 21 recipient(s).
[Config] Using GRAPH_CLIENT_SECRET from environment/.env.
[Auth] Using cached Graph delegated token.
[INFO] Finished with exit code 0
[INFO] Exit code: 0
[INFO] ===== Offload loading-summary daily end =====
