[INFO] ===== Offload scheduler start =====
[INFO] Timestamp: Fri 05/15/2026  1:23:02.93
[INFO] Script dir: C:\Users\jtsao1\OneDrive - Intel Corporation\Documents\My workspace\jira_ips_tat_HP\jira_tat\jira_customer_tat\
[INFO] Current dir: C:\Users\jtsao1\OneDrive - Intel Corporation\Documents\My workspace\jira_ips_tat_HP\jira_tat\jira_customer_tat
[INFO] DB host reachable: 10-108-27-113.dbaas.intel.com
C:\Python314\python.exe
C:\Users\jtsao1\AppData\Local\Microsoft\WindowsApps\python.exe
C:\Users\jtsao1\AppData\Local\Python\bin\python.exe
[INFO] GRAPH_AUTH_MODE=delegated
[INFO] GRAPH_SENDER_UPN=frank.lee@intel.com
[INFO] OFFLOAD_RECEIVER_MAX_ISSUES=10
[INFO] OFFLOAD_ALWAYS_EXCLUDED_REPORTERS=Jonathan Tsao
[INFO] Running offload_reporter_issues.py --send-email
[INFO] OFFLOAD_ALWAYS_EXCLUDED_REPORTERS=Jonathan Tsao
2026-05-15 01:23:08,757 [INFO][ips_offload] Included 7 allowed reporter(s) with zero current issues for receiver rotation.
2026-05-15 01:23:09,498 [INFO][ips_offload] Current issue calculation breakdown per reporter:
2026-05-15 01:23:12,822 [INFO][ips_offload] Weighted loading trial enabled for visibility; offload decision remains based on Curr.
2026-05-15 01:23:12,823 [INFO][ips_offload] Combined trial table (single table with category columns, decision still uses Curr):
2026-05-15 01:23:12,823 [INFO][ips_offload] +---------------+------+------+------+-----------+-----------+-------+------------------+-------+------+------+--------------+-----+------+-----+--------+------+----------+-----------+-------------+-------------------+-------------------+---------+---------+-------------+------+------+--------+---------+-----+----+--------------+
2026-05-15 01:23:12,823 [INFO][ips_offload] | Name          | uIPS | uHSD | Jira | Stale IPS | Stale HSD | Total | Weighted Loading | Audio | BIOS | BSOD | Connectivity | HLK | ICPS | IOP | Killer | MSFT | Miracast | OEM Tools | Performance | Power Consumption | Power on sequence | Roaming | Sensing | System Hang | UEFI | WAPI | WowLAN | YB/Lost | P2P | RF | Needs-Triage |
2026-05-15 01:23:12,823 [INFO][ips_offload] +---------------+------+------+------+-----------+-----------+-------+------------------+-------+------+------+--------------+-----+------+-----+--------+------+----------+-----------+-------------+-------------------+-------------------+---------+---------+-------------+------+------+--------+---------+-----+----+--------------+
2026-05-15 01:23:12,823 [INFO][ips_offload] | Steven1 Chen  |    5 |   10 |    2 |         3 |         1 |    13 |            16.76 |     0 |    0 |    0 |            4 |   0 |    0 |   0 |      0 |    0 |        0 |         0 |           0 |                 0 |                 0 |       0 |       0 |           0 |    0 |    0 |      0 |       0 |   0 |  0 |            0 |
2026-05-15 01:23:12,824 [INFO][ips_offload] | Frank Lee     |    8 |    0 |    5 |         5 |         0 |     8 |            23.33 |     0 |    0 |    0 |            2 |   0 |    1 |   0 |      0 |    0 |        0 |         0 |           1 |                 1 |                 0 |       0 |       1 |           0 |    0 |    0 |      0 |       2 |   3 |  0 |            0 |
2026-05-15 01:23:12,824 [INFO][ips_offload] | Bingyue Sun   |    7 |    0 |    2 |         2 |         0 |     7 |            12.95 |     0 |    0 |    1 |            5 |   1 |    0 |   0 |      0 |    0 |        0 |         0 |           0 |                 0 |                 0 |       0 |       0 |           0 |    0 |    0 |      0 |       0 |   0 |  0 |            0 |
2026-05-15 01:23:12,824 [INFO][ips_offload] | Frank Yang    |    9 |    0 |    0 |         3 |         0 |     6 |            29.99 |     0 |    3 |    2 |            0 |   0 |    2 |   0 |      0 |    0 |        0 |         2 |           4 |                 0 |                 0 |       0 |       1 |           0 |    0 |    0 |      0 |       1 |   0 |  1 |            0 |
2026-05-15 01:23:12,824 [INFO][ips_offload] | Zhiqiang Cai  |    2 |    0 |    5 |         1 |         0 |     6 |            14.62 |     0 |    0 |    1 |            1 |   0 |    0 |   0 |      0 |    0 |        0 |         0 |           1 |                 0 |                 0 |       0 |       0 |           0 |    1 |    0 |      0 |       0 |   4 |  0 |            0 |
2026-05-15 01:23:12,824 [INFO][ips_offload] | Timdaway Lai  |    2 |    4 |    2 |         0 |         3 |     5 |            18.67 |     0 |    1 |    1 |            1 |   0 |    1 |   0 |      0 |    0 |        0 |         0 |           2 |                 0 |                 0 |       0 |       0 |           0 |    0 |    0 |      0 |       1 |   2 |  0 |            0 |
2026-05-15 01:23:12,824 [INFO][ips_offload] | Brenton Wu    |    9 |    0 |    1 |         6 |         0 |     4 |            10.53 |     0 |    0 |    0 |            2 |   1 |    0 |   0 |      0 |    0 |        0 |         0 |           1 |                 0 |                 0 |       0 |       0 |           0 |    0 |    0 |      0 |       1 |   0 |  0 |            0 |
2026-05-15 01:23:12,824 [INFO][ips_offload] | Charles Chu   |    6 |    0 |    0 |         2 |         0 |     4 |             9.33 |     0 |    0 |    0 |            0 |   0 |    0 |   0 |      0 |    0 |        0 |         1 |           0 |                 0 |                 0 |       0 |       1 |           0 |    0 |    0 |      0 |       0 |   3 |  0 |            0 |
2026-05-15 01:23:12,824 [INFO][ips_offload] | Juan Zou      |    4 |    0 |    0 |         0 |         0 |     4 |             8.08 |     0 |    0 |    0 |            3 |   0 |    0 |   0 |      0 |    0 |        0 |         0 |           0 |                 0 |                 0 |       0 |       0 |           0 |    0 |    0 |      0 |       1 |   0 |  0 |            0 |
2026-05-15 01:23:12,824 [INFO][ips_offload] | Jackx Lee     |    4 |    0 |    2 |         3 |         0 |     3 |             8.84 |     0 |    1 |    0 |            0 |   0 |    0 |   0 |      0 |    0 |        0 |         0 |           1 |                 0 |                 0 |       0 |       0 |           0 |    0 |    0 |      0 |       1 |   1 |  0 |            0 |
2026-05-15 01:23:12,824 [INFO][ips_offload] | Kj Fang       |    7 |    0 |    1 |         5 |         0 |     3 |             8.60 |     0 |    0 |    0 |            0 |   0 |    0 |   0 |      0 |    0 |        0 |         0 |           1 |                 0 |                 0 |       0 |       1 |           0 |    0 |    0 |      0 |       0 |   2 |  0 |            0 |
2026-05-15 01:23:12,824 [INFO][ips_offload] | Matt Chen     |    6 |    1 |    1 |         4 |         1 |     3 |            11.60 |     0 |    0 |    0 |            2 |   0 |    0 |   0 |      0 |    0 |        0 |         0 |           0 |                 0 |                 0 |       0 |       0 |           0 |    0 |    0 |      0 |       0 |   4 |  0 |            0 |
2026-05-15 01:23:12,824 [INFO][ips_offload] | Wesley Kuo    |    5 |    0 |    1 |         3 |         0 |     3 |             5.38 |     0 |    0 |    1 |            2 |   0 |    0 |   0 |      0 |    0 |        0 |         0 |           0 |                 0 |                 0 |       0 |       0 |           0 |    0 |    0 |      0 |       0 |   0 |  0 |            0 |
2026-05-15 01:23:12,824 [INFO][ips_offload] | Henryx Su     |    2 |    0 |    0 |         1 |         0 |     1 |             1.93 |     0 |    0 |    0 |            0 |   0 |    0 |   0 |      0 |    0 |        0 |         0 |           0 |                 0 |                 0 |       0 |       0 |           0 |    0 |    0 |      0 |       0 |   1 |  0 |            0 |
2026-05-15 01:23:12,824 [INFO][ips_offload] | Leo Chiang    |    0 |    3 |    0 |         0 |         2 |     1 |             2.94 |     0 |    0 |    0 |            1 |   0 |    0 |   0 |      0 |    0 |        0 |         0 |           0 |                 0 |                 0 |       0 |       0 |           0 |    0 |    0 |      0 |       0 |   0 |  0 |            0 |
2026-05-15 01:23:12,824 [INFO][ips_offload] | Lydiax Chien  |    0 |    0 |    1 |         0 |         0 |     1 |             1.93 |     0 |    0 |    0 |            1 |   0 |    0 |   0 |      0 |    0 |        0 |         0 |           0 |                 0 |                 0 |       0 |       0 |           0 |    0 |    0 |      0 |       0 |   0 |  0 |            0 |
2026-05-15 01:23:12,824 [INFO][ips_offload] | Yu-wei Chen   |    2 |    0 |    1 |         2 |         0 |     1 |             2.94 |     0 |    0 |    0 |            1 |   0 |    0 |   0 |      0 |    0 |        0 |         0 |           0 |                 0 |                 0 |       0 |       0 |           0 |    0 |    0 |      0 |       0 |   0 |  0 |            0 |
2026-05-15 01:23:12,824 [INFO][ips_offload] | Yu-Wei Chen   |    0 |    3 |    0 |         0 |         2 |     1 |             2.94 |     0 |    0 |    0 |            1 |   0 |    0 |   0 |      0 |    0 |        0 |         0 |           0 |                 0 |                 0 |       0 |       0 |           0 |    0 |    0 |      0 |       0 |   0 |  0 |            0 |
2026-05-15 01:23:12,824 [INFO][ips_offload] | Jonathan Tsao |    0 |    0 |    0 |         0 |         0 |     0 |             0.00 |     0 |    0 |    0 |            0 |   0 |    0 |   0 |      0 |    0 |        0 |         0 |           0 |                 0 |                 0 |       0 |       0 |           0 |    0 |    0 |      0 |       0 |   0 |  0 |            0 |
2026-05-15 01:23:12,824 [INFO][ips_offload] +---------------+------+------+------+-----------+-----------+-------+------------------+-------+------+------+--------------+-----+------+-----+--------+------+----------+-----------+-------------+-------------------+-------------------+---------+---------+-------------+------+------+--------+---------+-----+----+--------------+
2026-05-15 01:23:12,824 [INFO][ips_offload] Offload decision mode: Curr
2026-05-15 01:23:14,232 [WARNING][ips_offload] Skipping recommendation for case 980796: IPS case is already closed.
2026-05-15 01:23:14,232 [WARNING][ips_offload] No new IPS case found in Jonathan queue after history filtering.
2026-05-15 01:23:14,234 [INFO][ips_offload] Sending informational notification: no queue case available for recommendation.
2026-05-15 01:23:14,235 [INFO][ips_offload] Current load:
- Bing Chang: 0.00 current issues
- Johnsonx Su: 0.00 current issues
- Leaweix Chen: 0.00 current issues
- Tonyx Yeh: 0.00 current issues
- Xihaox Yang: 0.00 current issues
- Zhanying Gao: 0.00 current issues
- Zhiwei He: 0.00 current issues
- Henryx Su: 1.00 current issues
- Leo Chiang: 1.00 current issues
- Lydiax Chien: 1.00 current issues
- Yu-Wei Chen: 1.00 current issues
- Jackx Lee: 3.00 current issues
- Kj Fang: 3.00 current issues
- Matt Chen: 3.00 current issues
- Wesley Kuo: 3.00 current issues
- Brenton Wu: 4.00 current issues
- Charles Chu: 4.00 current issues
- Juan Zou: 4.00 current issues
- Timdaway Lai: 5.00 current issues
- Frank Yang: 6.00 current issues
- Zhiqiang Cai: 6.00 current issues
- Bingyue Sun: 7.00 current issues
- Frank Lee: 8.00 current issues
- Steven1 Chen: 13.00 current issues
2026-05-15 01:23:14,235 [INFO][ips_offload] Graph auth mode: delegated
2026-05-15 01:23:15,376 [INFO][ips_offload] No email sent: no pending reminder and no recommendation/info content.
[Config] Using GRAPH_CLIENT_SECRET from environment/.env.
[Auth] Using cached Graph delegated token.
[INFO] Finished with exit code 0
[INFO] Exit code: 0
[INFO] ===== Offload scheduler end =====
