[INFO] ===== Offload scheduler start =====
[INFO] Timestamp: Mon 03/09/2026 18:55:39.19
[INFO] Script dir: C:\Users\jtsao1\OneDrive - Intel Corporation\Documents\My workspace\jira_ips_tat_HP\jira_tat\jira_customer_tat\
[INFO] Current dir: C:\Users\jtsao1\OneDrive - Intel Corporation\Documents\My workspace\jira_ips_tat_HP\jira_tat\jira_customer_tat
C:\Python314\python.exe
C:\Users\jtsao1\AppData\Local\Microsoft\WindowsApps\python.exe
C:\Users\jtsao1\AppData\Local\Python\bin\python.exe
[INFO] GRAPH_AUTH_MODE=app
[INFO] GRAPH_SENDER_UPN=frank.lee@intel.com
[INFO] Running offload_reporter_issues.py --send-email --dry-run
2026-03-09 18:55:44,652 [INFO][ips_offload] Applying 1 pending offload(s) from history to avoid duplicate recommendations.
2026-03-09 18:55:45,250 [INFO][ips_offload] Current issue calculation breakdown per reporter:
2026-03-09 18:55:45,250 [INFO][ips_offload] +---------------+------+------+------+------+-------+-------+------+
2026-03-09 18:55:45,250 [INFO][ips_offload] | Reporter      | uHSD | uIPS | pIPS | Jira | Stale | cPend | Curr |
2026-03-09 18:55:45,250 [INFO][ips_offload] +---------------+------+------+------+------+-------+-------+------+
2026-03-09 18:55:45,250 [INFO][ips_offload] | Timdaway Lai  |    5 |   10 |    1 |    7 |     3 |     2 |   17 |
2026-03-09 18:55:45,250 [INFO][ips_offload] | Frank Lee     |    0 |   15 |    1 |    9 |     9 |     1 |   14 |
2026-03-09 18:55:45,250 [INFO][ips_offload] | Frank Yang    |    0 |   10 |    2 |    5 |     4 |     0 |   11 |
2026-03-09 18:55:45,250 [INFO][ips_offload] | Zhiqiang Cai  |    0 |   10 |    4 |    7 |     1 |     5 |   11 |
2026-03-09 18:55:45,250 [INFO][ips_offload] | Bingyue Sun   |    0 |   12 |    0 |    2 |     1 |     3 |   10 |
2026-03-09 18:55:45,250 [INFO][ips_offload] | Charles Chu   |    0 |   14 |    3 |    5 |     8 |     2 |    9 |
2026-03-09 18:55:45,250 [INFO][ips_offload] | Matt Chen     |    0 |    6 |    0 |    7 |     6 |     0 |    7 |
2026-03-09 18:55:45,250 [INFO][ips_offload] | Tonyx Yeh     |    0 |    0 |    0 |    7 |     0 |     0 |    7 |
2026-03-09 18:55:45,250 [INFO][ips_offload] | Juan Zou      |    0 |    6 |    0 |    1 |     0 |     2 |    5 |
2026-03-09 18:55:45,250 [INFO][ips_offload] | Wesley Kuo    |    0 |    8 |    0 |    2 |     5 |     0 |    5 |
2026-03-09 18:55:45,250 [INFO][ips_offload] | Jackx Lee     |    0 |    1 |    3 |    3 |     0 |     0 |    4 |
2026-03-09 18:55:45,250 [INFO][ips_offload] | Kj Fang       |    0 |   26 |    1 |    2 |    24 |     0 |    4 |
2026-03-09 18:55:45,250 [INFO][ips_offload] | Leo Chiang    |    2 |    9 |    0 |    0 |     7 |     0 |    4 |
2026-03-09 18:55:45,250 [INFO][ips_offload] | Brenton Wu    |    0 |    3 |    0 |    0 |     0 |     0 |    3 |
2026-03-09 18:55:45,250 [INFO][ips_offload] | Steven1 Chen  |    0 |   19 |    0 |    0 |    16 |     0 |    3 |
2026-03-09 18:55:45,250 [INFO][ips_offload] | Jonathan Tsao |    0 |    1 |    0 |    2 |     1 |     0 |    2 |
2026-03-09 18:55:45,251 [INFO][ips_offload] | Henryx Su     |    0 |    1 |    0 |    0 |     0 |     0 |    1 |
2026-03-09 18:55:45,251 [INFO][ips_offload] | Yu-wei Chen   |    0 |    6 |    0 |    0 |     3 |     3 |    0 |
2026-03-09 18:55:45,251 [INFO][ips_offload] +---------------+------+------+------+------+-------+-------+------+
2026-03-09 18:55:45,793 [INFO][ips_offload] Skipping least-loaded candidate Brenton Wu (recently offloaded); selecting next candidate Charles Chu.
2026-03-09 18:55:45,794 [INFO][ips_offload] Overloaded reporters summary:
- Timdaway Lai: 17 current issues
2026-03-09 18:55:45,795 [INFO][ips_offload] Receiving engineer with least issues: Charles Chu (9)
2026-03-09 18:55:45,795 [INFO][ips_offload] Most recent IPS case: 1001680
2026-03-09 18:55:45,795 [INFO][ips_offload] Dry run enabled; not sending email.

<html><body><p><b>IPS Offload Notification</b></p><p>Threshold: &gt; 15 issues</p><p>Overloaded reporters:</p><ul><li>Timdaway Lai: 17 current issues</li></ul><p>Most recently created IPS among overloaded reporters:</p><ul><li>Case: 1001680</li><li>Title: [ASUS][B3604CVF][AX211] After scan Samsung TV, Miracast connect fail</li><li>Created: 2026-03-03 01:25:09</li><li>Current reporter: Timdaway Lai</li></ul><p><b>Timdaway Lai</b>, please reassign the IPS <b>1001680</b> to <b>Charles Chu</b>.</p><p>Re-Assignment to the receiving engineer with least issues.</p><p>Receiving engineer: <b>Charles Chu</b> (9 current issues)</p><p><b>Offload history record</b></p><table border='1' cellpadding='4' cellspacing='0' style='border-collapse:collapse;'><tr><th>Time</th><th>Status</th><th>Case</th><th>From</th><th>To</th><th>From Cnt</th><th>To Cnt</th></tr><tr><td>2026-03-09T10:55:45+00:00</td><td>pending</td><td>1001680</td><td>Timdaway Lai</td><td>Charles Chu</td><td>17</td><td>9</td></tr><tr><td>2026-03-09T10:29:14+00:00</td><td>realized</td><td>1002269</td><td>Brenton Wu</td><td>Timdaway Lai</td><td>17</td><td>3</td></tr><tr><td>2026-03-05T16:56:42+00:00</td><td>pending</td><td>1001799</td><td>Frank Lee</td><td>Kj Fang</td><td>16</td><td>4</td></tr><tr><td>2026-03-05T16:36:03+00:00</td><td>realized</td><td>1002156</td><td>Frank Lee</td><td>Brenton Wu</td><td>17</td><td>1</td></tr></table></body></html>
[INFO] Finished with exit code 0
[INFO] Exit code: 0
[INFO] ===== Offload scheduler end =====
