[INFO] ===== Offload send-email start =====
[INFO] Timestamp: Tue 03/10/2026 15:53:42.45
[INFO] Script dir: C:\Users\jtsao1\OneDrive - Intel Corporation\Documents\My workspace\jira_ips_tat_HP\jira_tat\jira_customer_tat\
[INFO] Current dir: C:\Users\jtsao1\OneDrive - Intel Corporation\Documents\My workspace\jira_ips_tat_HP\jira_tat\jira_customer_tat
[INFO] OFFLOAD_RECEIVER_MAX_ISSUES=10
[INFO] Running offload_reporter_issues.py --send-email
2026-03-10 15:53:47,436 [INFO][ips_offload] Applying 2 pending offload(s) from history to avoid duplicate recommendations.
2026-03-10 15:53:48,046 [INFO][ips_offload] Current issue calculation breakdown per reporter:
2026-03-10 15:53:48,047 [INFO][ips_offload] +---------------+------+------+------+------+-------+-------+------+
2026-03-10 15:53:48,047 [INFO][ips_offload] | Reporter      | uHSD | uIPS | pIPS | Jira | Stale | cPend | Curr |
2026-03-10 15:53:48,047 [INFO][ips_offload] +---------------+------+------+------+------+-------+-------+------+
2026-03-10 15:53:48,047 [INFO][ips_offload] | Timdaway Lai  |    5 |   10 |    1 |    7 |     3 |     2 |   17 |
2026-03-10 15:53:48,047 [INFO][ips_offload] | Frank Lee     |    0 |   15 |    1 |   10 |     9 |     1 |   15 |
2026-03-10 15:53:48,047 [INFO][ips_offload] | Zhiqiang Cai  |    0 |   11 |    4 |    7 |     1 |     5 |   12 |
2026-03-10 15:53:48,047 [INFO][ips_offload] | Frank Yang    |    0 |   10 |    2 |    5 |     4 |     0 |   11 |
2026-03-10 15:53:48,047 [INFO][ips_offload] | Charles Chu   |    0 |   14 |    3 |    5 |     8 |     2 |    9 |
2026-03-10 15:53:48,047 [INFO][ips_offload] | Bingyue Sun   |    0 |   12 |    0 |    1 |     0 |     5 |    8 |
2026-03-10 15:53:48,047 [INFO][ips_offload] | Tonyx Yeh     |    0 |    0 |    0 |    7 |     0 |     0 |    7 |
2026-03-10 15:53:48,047 [INFO][ips_offload] | Juan Zou      |    0 |    7 |    0 |    1 |     0 |     2 |    6 |
2026-03-10 15:53:48,047 [INFO][ips_offload] | Matt Chen     |    0 |    6 |    0 |    6 |     6 |     0 |    6 |
2026-03-10 15:53:48,047 [INFO][ips_offload] | Jackx Lee     |    0 |    2 |    3 |    3 |     0 |     0 |    5 |
2026-03-10 15:53:48,047 [INFO][ips_offload] | Wesley Kuo    |    0 |    8 |    0 |    2 |     5 |     0 |    5 |
2026-03-10 15:53:48,047 [INFO][ips_offload] | Leo Chiang    |    2 |    9 |    0 |    0 |     7 |     0 |    4 |
2026-03-10 15:53:48,047 [INFO][ips_offload] | Brenton Wu    |    0 |    3 |    0 |    0 |     0 |     0 |    3 |
2026-03-10 15:53:48,047 [INFO][ips_offload] | Kj Fang       |    0 |   26 |    1 |    1 |    24 |     0 |    3 |
2026-03-10 15:53:48,047 [INFO][ips_offload] | Steven1 Chen  |    0 |   19 |    0 |    0 |    16 |     0 |    3 |
2026-03-10 15:53:48,047 [INFO][ips_offload] | Jonathan Tsao |    0 |    1 |    0 |    2 |     1 |     0 |    2 |
2026-03-10 15:53:48,047 [INFO][ips_offload] | Henryx Su     |    0 |    1 |    0 |    0 |     0 |     0 |    1 |
2026-03-10 15:53:48,047 [INFO][ips_offload] | Yu-wei Chen   |    0 |    6 |    0 |    0 |     0 |     6 |    0 |
2026-03-10 15:53:48,047 [INFO][ips_offload] +---------------+------+------+------+------+-------+-------+------+
2026-03-10 15:53:48,592 [INFO][ips_offload] All receiving candidates are in recent offload history; falling back to least-loaded candidate Brenton Wu.
2026-03-10 15:53:48,594 [INFO][ips_offload] Pending offload reminders: 2 pending entrie(s), 4 recipient(s).
2026-03-10 15:53:48,594 [INFO][ips_offload] Overloaded reporters summary:
- Timdaway Lai: 16 current issues
2026-03-10 15:53:48,594 [INFO][ips_offload] Receiving engineer with least issues: Brenton Wu (3)
2026-03-10 15:53:48,594 [INFO][ips_offload] Most recent IPS case: 1001296
2026-03-10 15:53:48,594 [INFO][ips_offload] Graph auth mode: app
[Config] Using GRAPH_CLIENT_SECRET from environment/.env.
GRAPH_SENDER_UPN is required when GRAPH_AUTH_MODE=app.
[INFO] Finished with exit code 1
[INFO] Exit code: 1
[INFO] ===== Offload send-email end =====
