[INFO] ===== OneNote summary email start =====
[INFO] Timestamp: Mon 05/18/2026 13:31:50.46
[INFO] Script dir: C:\Users\jtsao1\OneDrive - Intel Corporation\Documents\My workspace\jira_ips_tat_HP\jira_tat\jira_customer_tat\
[INFO] Current dir: C:\Users\jtsao1\OneDrive - Intel Corporation\Documents\My workspace\jira_ips_tat_HP\jira_tat\jira_customer_tat
[INFO] Command: python Meeting_agenda_OneNote.py --send-email 
C:\Python314\python.exe
C:\Users\jtsao1\AppData\Local\Microsoft\WindowsApps\python.exe
C:\Users\jtsao1\AppData\Local\Python\bin\python.exe
[Config] Using GRAPH_CLIENT_SECRET from environment/.env.
[Config] Using GNAI_TOKEN from environment/.env.
[Auth] Using cached Graph delegated token.
[Lookup] Using section id: 1-03f44d4c-a88a-418f-a72c-bb3afec2d7b5
[Lookup] No page title provided. Using latest page: 'WW20'26' (id: 1-2e6151b76ac40ec41e2893c28aa3533a!1-03f44d4c-a88a-418f-a72c-bb3afec2d7b5) created at 2026-05-04T19:01:38.033Z
[OCR] Found 13 image(s); sending to VLM at http://localhost:11434...
[OCR] Image 10: no text detected.
[OCR] Image 11 failed: 400 Client Error: Bad Request for url: http://localhost:11434/v1/chat/completions
[Info] Large page. Summarizing in 3 chunks...
[OK] Saved summary to: onenote_summary.md

=== Page Summary (GNAI) ===

[Error] 'charmap' codec can't encode character '\u2212' in position 1795: character maps to <undefined>
[INFO] Exit code: 3
[INFO] ===== OneNote summary email end =====
