[INFO] ===== OneNote summary email start =====
[INFO] Timestamp: Mon 05/18/2026 11:42:20.53
[INFO] Script dir: C:\Users\jtsao1\OneDrive - Intel Corporation\Documents\My workspace\jira_ips_tat_HP\jira_tat\jira_customer_tat\
[INFO] Current dir: C:\Users\jtsao1\OneDrive - Intel Corporation\Documents\My workspace\jira_ips_tat_HP\jira_tat\jira_customer_tat
[INFO] Command: python Meeting_agenda_OneNote.py --dry-run-email --dry-run --help
C:\Python314\python.exe
C:\Users\jtsao1\AppData\Local\Microsoft\WindowsApps\python.exe
C:\Users\jtsao1\AppData\Local\Python\bin\python.exe
usage: Meeting_agenda_OneNote.py [-h] [--send-email]
                                 [--recipients-file RECIPIENTS_FILE] [--to TO]
                                 [--cc CC] [--attach-files] [--dry-run-email]
                                 [--page-title PAGE_TITLE]

OneNote -> GNAI summary -> Send via Graph (from signed-in user).

options:
  -h, --help            show this help message and exit
  --send-email          Actually send the email via Graph.
  --recipients-file RECIPIENTS_FILE
                        JSON file with to/cc lists.
  --to TO               Override To (comma-separated). If empty, uses
                        recipients file.
  --cc CC               Override Cc (comma-separated). If empty, uses
                        recipients file.
  --attach-files        Save HTML/text/summary outputs to disk.
  --dry-run-email       Print final to/cc/subject and exit (no send).
  --page-title PAGE_TITLE
                        OneNote page title to fetch. If empty, prompt.
[INFO] Exit code: 0
[INFO] ===== OneNote summary email end =====
