[INFO] ===== Verify-issue close reminder weekly start =====
[INFO] Timestamp: Mon 06/15/2026 11:01:06.57
[INFO] Script dir: C:\Users\jtsao1\OneDrive - Intel Corporation\Documents\My workspace\jira_ips_tat_HP\jira_tat\jira_customer_tat\
[INFO] Current dir: C:\Users\jtsao1\OneDrive - Intel Corporation\Documents\My workspace\jira_ips_tat_HP\jira_tat\jira_customer_tat
C:\Python314\python.exe
C:\Users\jtsao1\AppData\Local\Microsoft\WindowsApps\python.exe
C:\Users\jtsao1\AppData\Local\Python\bin\python.exe
[INFO] GRAPH_AUTH_MODE=delegated
[INFO] GRAPH_SENDER_UPN=frank.lee@intel.com
[INFO] Command: run_verify_issue_close_notify.bat --send-email 
[INFO] Running verify_issue_close_notify.py --send-email
[INFO] GRAPH_AUTH_MODE=delegated
[INFO] GRAPH_SENDER_UPN=frank.lee@intel.com
2026-06-15 11:01:09,860 [INFO][verify_issue_notify] Found 42 verify issue(s) in public.ips_jira_bugs
2026-06-15 11:01:09,860 [INFO][verify_issue_notify] Column mapping used: {'status': 'jira_status', 'id': 'jira_id', 'title': 'jira_title', 'owner': 'engineer', 'updated': 'jira_verify_date'}
2026-06-15 11:01:11,941 [INFO][verify_issue_notify] Verify-status reminder sent. to=20 cc=1 issues=42
[Config] Using GRAPH_CLIENT_SECRET from environment/.env.
[Auth] Using cached Graph delegated token.
[INFO] Finished with exit code 0
[INFO] Exit code: 0
[INFO] ===== Verify-issue close reminder weekly end =====
