[INFO] ===== Friday auto close-loop start =====
[INFO] Timestamp: Tue 06/30/2026 11:50:32.57
[INFO] Script dir: C:\Users\jtsao1\OneDrive - Intel Corporation\Documents\My workspace\jira_ips_tat_HP\jira_tat\jira_customer_tat\jobs\01_issue_category_tuning\
[INFO] min_new_labels=10 min_gain=0.005 key_recall_drop_tol=0.02 threshold=0.45 allow_partial=1
[INFO] This batch does not send email notifications. It only writes result artifacts.
[STEP 1/2] Check weekly_labeling_template completion status
C:\Python314\python.exe
C:\Users\jtsao1\AppData\Local\Microsoft\WindowsApps\python.exe
C:\Users\jtsao1\AppData\Local\Python\bin\python.exe
Traceback (most recent call last):
  File "C:\Users\jtsao1\OneDrive - Intel Corporation\Documents\My workspace\jira_ips_tat_HP\jira_tat\jira_customer_tat\jobs\01_issue_category_tuning\check_weekly_labeling_status.py", line 137, in <module>
    raise SystemExit(main())
                     ~~~~^^
  File "C:\Users\jtsao1\OneDrive - Intel Corporation\Documents\My workspace\jira_ips_tat_HP\jira_tat\jira_customer_tat\jobs\01_issue_category_tuning\check_weekly_labeling_status.py", line 63, in main
    weekly_dir = _find_latest_weekly_dir(_clean(args.tuning_root))
  File "C:\Users\jtsao1\OneDrive - Intel Corporation\Documents\My workspace\jira_ips_tat_HP\jira_tat\jira_customer_tat\jobs\01_issue_category_tuning\check_weekly_labeling_status.py", line 23, in _find_latest_weekly_dir
    raise FileNotFoundError(f"No weekly output folder found under: {tuning_root}")
FileNotFoundError: No weekly output folder found under: tuning_outputs
[INFO] Step 1 exit code: 1
[WARN] Labeling precheck reported pending rows or check issue, but continuing due to --allow-partial.
[STEP 2/2] Run Friday auto close-loop
Traceback (most recent call last):
  File "C:\Users\jtsao1\OneDrive - Intel Corporation\Documents\My workspace\jira_ips_tat_HP\jira_tat\jira_customer_tat\jobs\01_issue_category_tuning\friday_auto_promote_model.py", line 290, in <module>
    raise SystemExit(main())
                     ~~~~^^
  File "C:\Users\jtsao1\OneDrive - Intel Corporation\Documents\My workspace\jira_ips_tat_HP\jira_tat\jira_customer_tat\jobs\01_issue_category_tuning\friday_auto_promote_model.py", line 180, in main
    latest_weekly = _find_latest_weekly_dir(args.tuning_root)
  File "C:\Users\jtsao1\OneDrive - Intel Corporation\Documents\My workspace\jira_ips_tat_HP\jira_tat\jira_customer_tat\jobs\01_issue_category_tuning\friday_auto_promote_model.py", line 26, in _find_latest_weekly_dir
    raise FileNotFoundError(f"No weekly output folder found under: {tuning_root}")
FileNotFoundError: No weekly output folder found under: tuning_outputs
[ERROR] Friday auto close-loop failed.
[INFO] Exit code: 
[INFO] ===== Friday auto close-loop end =====
