[INFO] ===== Friday auto close-loop start =====
[INFO] Timestamp: Tue 06/30/2026 13:51:44.84
[INFO] Script dir: C:\Users\jtsao1\OneDrive - Intel Corporation\Documents\My workspace\jira_ips_tat_HP\jira_tat\jira_customer_tat\jobs\01_issue_category_tuning\
[INFO] Project root: C:\Users\jtsao1\OneDrive - Intel Corporation\Documents\My workspace\jira_ips_tat_HP\jira_tat\jira_customer_tat\jobs\01_issue_category_tuning\..\..
[INFO] tuning_root=C:\Users\jtsao1\OneDrive - Intel Corporation\Documents\My workspace\jira_ips_tat_HP\jira_tat\jira_customer_tat\jobs\01_issue_category_tuning\..\..\tuning_outputs
[INFO] weekly_output_dir=C:\Users\jtsao1\OneDrive - Intel Corporation\Documents\My workspace\jira_ips_tat_HP\jira_tat\jira_customer_tat\jobs\01_issue_category_tuning\..\..\CFE_input
[INFO] input_dirs=C:\Users\jtsao1\OneDrive - Intel Corporation\Documents\My workspace\jira_ips_tat_HP\jira_tat\jira_customer_tat\jobs\01_issue_category_tuning\..\..\CFE_reviewed_issue,C:\Users\jtsao1\OneDrive - Intel Corporation\Documents\My workspace\jira_ips_tat_HP\jira_tat\jira_customer_tat\jobs\01_issue_category_tuning\..\..\CFE_input
[INFO] min_new_labels=10 min_gain=0.005 key_recall_drop_tol=0.02 threshold=0.45 allow_partial=1
[INFO] This batch does not send email notifications. It only writes result artifacts.
[STEP 1/2] Check weekly_labeling_template completion status
C:\Python314\python.exe
C:\Users\jtsao1\AppData\Local\Microsoft\WindowsApps\python.exe
C:\Users\jtsao1\AppData\Local\Python\bin\python.exe
{
  "weekly_dir": "C:\\Users\\jtsao1\\OneDrive - Intel Corporation\\Documents\\My workspace\\jira_ips_tat_HP\\jira_tat\\jira_customer_tat\\tuning_outputs\\weekly_20260615",
  "csv": "C:\\Users\\jtsao1\\OneDrive - Intel Corporation\\Documents\\My workspace\\jira_ips_tat_HP\\jira_tat\\jira_customer_tat\\tuning_outputs\\weekly_20260615\\weekly_labeling_template.csv",
  "total_rows": 80,
  "filled_rows": 3,
  "pending_rows": 77,
  "pending_by_assignee": {
    "charles.p.chu@intel.com": 9,
    "frank.lee@intel.com": 9,
    "kj.fang@intel.com": 9,
    "timdaway.lai@intel.com": 9,
    "zhiqiang.cai@intel.com": 9,
    "brenton.wu@intel.com": 7,
    "frank.fc.yang@intel.com": 7,
    "jackx.lee@intel.com": 7,
    "bingyue.sun@intel.com": 2,
    "matt.chen@intel.com": 2,
    "steven1.chen@intel.com": 2,
    "wesley.kuo@intel.com": 2,
    "yu-wei.chen@intel.com": 2,
    "juan.zou@intel.com": 1
  }
}
[INFO] Step 1 exit code: 2
[WARN] Labeling precheck reported pending rows or check issue, but continuing due to --allow-partial.
[STEP 2/2] Run Friday auto close-loop
[WARN] No folder in Mon–Fri window; falling back to most recent dated folder: C:\Users\jtsao1\OneDrive - Intel Corporation\Documents\My workspace\jira_ips_tat_HP\jira_tat\jira_customer_tat\jobs\01_issue_category_tuning\..\..\tuning_outputs\weekly_20260615
Traceback (most recent call last):
  File "C:\Users\jtsao1\OneDrive - Intel Corporation\Documents\My workspace\jira_ips_tat_HP\jira_tat\jira_customer_tat\customer issue analysis\.venv\Lib\site-packages\pandas\compat\_optional.py", line 158, in import_optional_dependency
    module = importlib.import_module(name)
  File "C:\Users\jtsao1\AppData\Local\Python\pythoncore-3.14-64\Lib\importlib\__init__.py", line 88, in import_module
    return _bootstrap._gcd_import(name[level:], package, level)
           ~~~~~~~~~~~~~~~~~~~~~~^^^^^^^^^^^^^^^^^^^^^^^^^^^^^^
  File "<frozen importlib._bootstrap>", line 1398, in _gcd_import
  File "<frozen importlib._bootstrap>", line 1371, in _find_and_load
  File "<frozen importlib._bootstrap>", line 1335, in _find_and_load_unlocked
ModuleNotFoundError: No module named 'openpyxl'

The above exception was the direct cause of the following exception:

Traceback (most recent call last):
  File "C:\Users\jtsao1\OneDrive - Intel Corporation\Documents\My workspace\jira_ips_tat_HP\jira_tat\jira_customer_tat\jobs\01_issue_category_tuning\friday_auto_promote_model.py", line 290, in <module>
    raise SystemExit(main())
                     ~~~~^^
  File "C:\Users\jtsao1\OneDrive - Intel Corporation\Documents\My workspace\jira_ips_tat_HP\jira_tat\jira_customer_tat\jobs\01_issue_category_tuning\friday_auto_promote_model.py", line 186, in main
    ingested_path, accepted_count, total_rows = _ingest_reviewed_labels(reviewed_xlsx, args.weekly_output_dir, stamp)
                                                ~~~~~~~~~~~~~~~~~~~~~~~^^^^^^^^^^^^^^^^^^^^^^^^^^^^^^^^^^^^^^^^^^^^^^
  File "C:\Users\jtsao1\OneDrive - Intel Corporation\Documents\My workspace\jira_ips_tat_HP\jira_tat\jira_customer_tat\jobs\01_issue_category_tuning\friday_auto_promote_model.py", line 64, in _ingest_reviewed_labels
    df = pd.read_excel(reviewed_xlsx, dtype=str)
  File "C:\Users\jtsao1\OneDrive - Intel Corporation\Documents\My workspace\jira_ips_tat_HP\jira_tat\jira_customer_tat\customer issue analysis\.venv\Lib\site-packages\pandas\io\excel\_base.py", line 481, in read_excel
    io = ExcelFile(
        io,
    ...<2 lines>...
        engine_kwargs=engine_kwargs,
    )
  File "C:\Users\jtsao1\OneDrive - Intel Corporation\Documents\My workspace\jira_ips_tat_HP\jira_tat\jira_customer_tat\customer issue analysis\.venv\Lib\site-packages\pandas\io\excel\_base.py", line 1621, in __init__
    self._reader = self._engines[engine](
                   ~~~~~~~~~~~~~~~~~~~~~^
        self._io,
        ^^^^^^^^^
        storage_options=storage_options,
        ^^^^^^^^^^^^^^^^^^^^^^^^^^^^^^^^
        engine_kwargs=engine_kwargs,
        ^^^^^^^^^^^^^^^^^^^^^^^^^^^^
    )
    ^
  File "C:\Users\jtsao1\OneDrive - Intel Corporation\Documents\My workspace\jira_ips_tat_HP\jira_tat\jira_customer_tat\customer issue analysis\.venv\Lib\site-packages\pandas\io\excel\_openpyxl.py", line 559, in __init__
    import_optional_dependency("openpyxl")
    ~~~~~~~~~~~~~~~~~~~~~~~~~~^^^^^^^^^^^^
  File "C:\Users\jtsao1\OneDrive - Intel Corporation\Documents\My workspace\jira_ips_tat_HP\jira_tat\jira_customer_tat\customer issue analysis\.venv\Lib\site-packages\pandas\compat\_optional.py", line 161, in import_optional_dependency
    raise ImportError(msg) from err
ImportError: `Import openpyxl` failed.  Use pip or conda to install the openpyxl package.
[ERROR] Friday auto close-loop failed.
[INFO] Exit code: 
[INFO] ===== Friday auto close-loop end =====
