[INFO] ===== Labeling reminder daily start =====
[INFO] Timestamp: Tue 06/30/2026 17:04:55.48
[INFO] Script dir: C:\Users\jtsao1\OneDrive - Intel Corporation\Documents\My workspace\jira_ips_tat_HP\jira_tat\jira_customer_tat\jobs\01_issue_category_tuning\
[INFO] Current dir: C:\Users\jtsao1\OneDrive - Intel Corporation\Documents\My workspace\jira_ips_tat_HP\jira_tat\jira_customer_tat\jobs\01_issue_category_tuning
[INFO] Project root: C:\Users\jtsao1\OneDrive - Intel Corporation\Documents\My workspace\jira_ips_tat_HP\jira_tat\jira_customer_tat\jobs\01_issue_category_tuning\..\..
[INFO] tuning_root: C:\Users\jtsao1\OneDrive - Intel Corporation\Documents\My workspace\jira_ips_tat_HP\jira_tat\jira_customer_tat\jobs\01_issue_category_tuning\..\..\tuning_outputs
[INFO] GRAPH_AUTH_MODE: delegated
[INFO] GRAPH_SENDER_UPN: frank.lee@intel.com
[INFO] PYTHONPATH: C:\Users\jtsao1\OneDrive - Intel Corporation\Documents\My workspace\jira_ips_tat_HP\jira_tat\jira_customer_tat\jobs\01_issue_category_tuning\..\..;C:\Users\jtsao1\OneDrive - Intel Corporation\Documents\My workspace\jira_ips_tat_HP\jira_tat\jira_customer_tat\jobs\01_issue_category_tuning\..\..\APIs;C:\Users\jtsao1\OneDrive - Intel Corporation\Documents\My workspace\jira_ips_tat_HP\jira_tat\jira_customer_tat\jobs\01_issue_category_tuning\..\..\jobs\06_reporting_and_notifications;
[INFO] PY_EXE: C:\Users\jtsao1\OneDrive - Intel Corporation\Documents\My workspace\jira_ips_tat_HP\jira_tat\jira_customer_tat\jobs\01_issue_category_tuning\..\..\customer issue analysis\.venv\Scripts\python.exe
[INFO] PY_ARGS: 
C:\Python314\python.exe
C:\Users\jtsao1\AppData\Local\Microsoft\WindowsApps\python.exe
C:\Users\jtsao1\AppData\Local\Python\bin\python.exe
[INFO] Latest weekly dir: C:\Users\jtsao1\OneDrive - Intel Corporation\Documents\My workspace\jira_ips_tat_HP\jira_tat\jira_customer_tat\tuning_outputs\weekly_20260615
[INFO] Target CSV: C:\Users\jtsao1\OneDrive - Intel Corporation\Documents\My workspace\jira_ips_tat_HP\jira_tat\jira_customer_tat\tuning_outputs\weekly_20260615\weekly_labeling_template.csv
[INFO] Command: "C:\Users\jtsao1\OneDrive - Intel Corporation\Documents\My workspace\jira_ips_tat_HP\jira_tat\jira_customer_tat\jobs\01_issue_category_tuning\..\..\customer issue analysis\.venv\Scripts\python.exe"  send_labeling_reminders.py --send-email --graph-auth-mode delegated --weekly-dir "C:\Users\jtsao1\OneDrive - Intel Corporation\Documents\My workspace\jira_ips_tat_HP\jira_tat\jira_customer_tat\tuning_outputs\weekly_20260615" 
2026-06-30 17:04:56,593 [INFO] Pending source path: C:\Users\jtsao1\OneDrive - Intel Corporation\Documents\My workspace\jira_ips_tat_HP\jira_tat\jira_customer_tat\tuning_outputs\weekly_20260615\weekly_labeling_template.xlsx
2026-06-30 17:04:59,105 [INFO] Using cloud-fresh source copy for pending check: C:\Users\jtsao1\AppData\Local\Temp\labeling_cloud_pyysmc9l.xlsx
2026-06-30 17:04:59,106 [WARNING] Failed to load XLSX source (openpyxl is required to read XLSX source: No module named 'openpyxl'); fallback to original CSV: C:\Users\jtsao1\OneDrive - Intel Corporation\Documents\My workspace\jira_ips_tat_HP\jira_tat\jira_customer_tat\tuning_outputs\weekly_20260615\weekly_labeling_template.csv
2026-06-30 17:04:59,107 [INFO] Loaded pending rows from CSV C:\Users\jtsao1\OneDrive - Intel Corporation\Documents\My workspace\jira_ips_tat_HP\jira_tat\jira_customer_tat\tuning_outputs\weekly_20260615\weekly_labeling_template.csv: assignees=14
2026-06-30 17:04:59,107 [INFO] Pending assignees: 14, pending rows: 77
2026-06-30 17:04:59,107 [INFO] Graph auth mode: delegated
2026-06-30 17:05:02,474 [INFO] Reminder sent to bingyue.sun@intel.com (pending=2)
2026-06-30 17:05:02,928 [INFO] Reminder sent to brenton.wu@intel.com (pending=7)
2026-06-30 17:05:03,374 [INFO] Reminder sent to charles.p.chu@intel.com (pending=9)
2026-06-30 17:05:03,789 [INFO] Reminder sent to frank.fc.yang@intel.com (pending=7)
2026-06-30 17:05:04,254 [INFO] Reminder sent to frank.lee@intel.com (pending=9)
2026-06-30 17:05:04,668 [INFO] Reminder sent to jackx.lee@intel.com (pending=7)
2026-06-30 17:05:05,078 [INFO] Reminder sent to juan.zou@intel.com (pending=1)
2026-06-30 17:05:05,513 [INFO] Reminder sent to kj.fang@intel.com (pending=9)
2026-06-30 17:05:05,955 [INFO] Reminder sent to matt.chen@intel.com (pending=2)
2026-06-30 17:05:06,464 [INFO] Reminder sent to steven1.chen@intel.com (pending=2)
2026-06-30 17:05:06,946 [INFO] Reminder sent to timdaway.lai@intel.com (pending=9)
2026-06-30 17:05:07,411 [INFO] Reminder sent to wesley.kuo@intel.com (pending=2)
2026-06-30 17:05:07,829 [INFO] Reminder sent to yu-wei.chen@intel.com (pending=2)
2026-06-30 17:05:08,241 [INFO] Reminder sent to zhiqiang.cai@intel.com (pending=9)
2026-06-30 17:05:08,241 [INFO] Reminder email sent to 14 assignee(s).
[Config] Using GRAPH_CLIENT_SECRET from environment/.env.
[Auth] Using cached Graph delegated token.
[Config] Using GRAPH_CLIENT_SECRET from environment/.env.
[Auth] Using cached Graph delegated token.
[INFO] Exit code: 0
[INFO] ===== Labeling reminder daily end =====
