[INFO] ===== Labeling reminder daily start =====
[INFO] Timestamp: Tue 07/07/2026 15:01:29.13
[INFO] Script dir: C:\Users\jtsao1\OneDrive - Intel Corporation\Documents\My workspace\jira_ips_tat_HP\jira_tat\jira_customer_tat\jobs\01_issue_category_tuning\
[INFO] Current dir: C:\Users\jtsao1\OneDrive - Intel Corporation\Documents\My workspace\jira_ips_tat_HP\jira_tat\jira_customer_tat\jobs\01_issue_category_tuning
[INFO] Project root: C:\Users\jtsao1\OneDrive - Intel Corporation\Documents\My workspace\jira_ips_tat_HP\jira_tat\jira_customer_tat\jobs\01_issue_category_tuning\..\..
[INFO] tuning_root: C:\Users\jtsao1\OneDrive - Intel Corporation\Documents\My workspace\jira_ips_tat_HP\jira_tat\jira_customer_tat\jobs\01_issue_category_tuning\..\..\tuning_outputs
[INFO] GRAPH_AUTH_MODE: app
[INFO] GRAPH_SENDER_UPN: frank.lee@intel.com
[INFO] LABELING_REMINDER_ALLOW_EMAIL_FAILURE: 1
[INFO] PYTHONPATH: C:\Users\jtsao1\OneDrive - Intel Corporation\Documents\My workspace\jira_ips_tat_HP\jira_tat\jira_customer_tat\jobs\01_issue_category_tuning\..\..;C:\Users\jtsao1\OneDrive - Intel Corporation\Documents\My workspace\jira_ips_tat_HP\jira_tat\jira_customer_tat\jobs\01_issue_category_tuning\..\..\APIs;C:\Users\jtsao1\OneDrive - Intel Corporation\Documents\My workspace\jira_ips_tat_HP\jira_tat\jira_customer_tat\jobs\01_issue_category_tuning\..\..\jobs\06_reporting_and_notifications;C:\Users\jtsao1\OneDrive - Intel Corporation\Documents\My workspace\jira_ips_tat_HP\jira_tat\jira_customer_tat;C:\Users\jtsao1\OneDrive - Intel Corporation\Documents\My workspace\jira_ips_tat_HP\jira_tat\jira_customer_tat\APIs;C:\Users\jtsao1\OneDrive - Intel Corporation\Documents\My workspace\jira_ips_tat_HP\jira_tat\jira_customer_tat\jobs\06_reporting_and_notifications;C:\Users\jtsao1\OneDrive - Intel Corporation\Documents\My workspace\jira_ips_tat_HP\jira_tat\jira_customer_tat;C:\Users\jtsao1\OneDrive - Intel Corporation\Documents\My workspace\jira_ips_tat_HP\jira_tat\jira_customer_tat\APIs;C:\Users\jtsao1\OneDrive - Intel Corporation\Documents\My workspace\jira_ips_tat_HP\jira_tat\jira_customer_tat\jobs\01_issue_category_tuning;C:\Users\jtsao1\OneDrive - Intel Corporation\Documents\My workspace\jira_ips_tat_HP\jira_tat\jira_customer_tat\jobs\04_wireless_bug_dashboard;C:\Users\jtsao1\OneDrive - Intel Corporation\Documents\My workspace\jira_ips_tat_HP\jira_tat\jira_customer_tat\jobs\06_reporting_and_notifications;C:\Users\jtsao1\OneDrive - Intel Corporation\Documents\My workspace\jira_ips_tat_HP\jira_tat\jira_customer_tat;C:\Users\jtsao1\OneDrive - Intel Corporation\Documents\My workspace\jira_ips_tat_HP\jira_tat\jira_customer_tat\APIs;C:\Users\jtsao1\OneDrive - Intel Corporation\Documents\My workspace\jira_ips_tat_HP\jira_tat\jira_customer_tat\jobs\01_issue_category_tuning;C:\Users\jtsao1\OneDrive - Intel Corporation\Documents\My workspace\jira_ips_tat_HP\jira_tat\jira_customer_tat\jobs\04_wireless_bug_dashboard;C:\Users\jtsao1\OneDrive - Intel Corporation\Documents\My workspace\jira_ips_tat_HP\jira_tat\jira_customer_tat\jobs\06_reporting_and_notifications;
[INFO] PY_EXE: C:\Users\jtsao1\OneDrive - Intel Corporation\Documents\My workspace\jira_ips_tat_HP\jira_tat\jira_customer_tat\jobs\01_issue_category_tuning\..\..\customer issue analysis\.venv\Scripts\python.exe
[INFO] PY_ARGS: 
C:\Python314\python.exe
C:\Users\jtsao1\AppData\Local\Microsoft\WindowsApps\python.exe
C:\Users\jtsao1\AppData\Local\Python\bin\python.exe
[INFO] Latest weekly dir: C:\Users\jtsao1\OneDrive - Intel Corporation\Documents\My workspace\jira_ips_tat_HP\jira_tat\jira_customer_tat\tuning_outputs\weekly_20260706
[INFO] Target CSV: C:\Users\jtsao1\OneDrive - Intel Corporation\Documents\My workspace\jira_ips_tat_HP\jira_tat\jira_customer_tat\tuning_outputs\weekly_20260706\weekly_labeling_template.csv
[INFO] Command: "C:\Users\jtsao1\OneDrive - Intel Corporation\Documents\My workspace\jira_ips_tat_HP\jira_tat\jira_customer_tat\jobs\01_issue_category_tuning\..\..\customer issue analysis\.venv\Scripts\python.exe"  send_labeling_reminders.py --send-email --graph-auth-mode app --weekly-dir "C:\Users\jtsao1\OneDrive - Intel Corporation\Documents\My workspace\jira_ips_tat_HP\jira_tat\jira_customer_tat\tuning_outputs\weekly_20260706" --allow-email-failure 
2026-07-07 15:01:30,069 [INFO] Pending source path: C:\Users\jtsao1\OneDrive - Intel Corporation\Documents\My workspace\jira_ips_tat_HP\jira_tat\jira_customer_tat\tuning_outputs\weekly_20260706\weekly_labeling_template.csv
2026-07-07 15:01:32,654 [WARNING] Could not download cloud-fresh source; fallback to local file: HTTP Error 401: Unauthorized
2026-07-07 15:01:32,655 [INFO] Loaded pending rows from CSV C:\Users\jtsao1\OneDrive - Intel Corporation\Documents\My workspace\jira_ips_tat_HP\jira_tat\jira_customer_tat\tuning_outputs\weekly_20260706\weekly_labeling_template.csv: assignees=14
2026-07-07 15:01:32,655 [INFO] Pending assignees: 14, pending rows: 65
2026-07-07 15:01:32,656 [INFO] Graph auth mode: app (sender=frank.lee@intel.com)
2026-07-07 15:01:34,249 [WARNING] openpyxl unavailable; keep using CSV reference (may open as read-only in web): No module named 'openpyxl'
2026-07-07 15:01:35,301 [WARNING] Failed to create shared link for CSV; fallback to local path: HTTP Error 401: Unauthorized
2026-07-07 15:01:36,949 [WARNING] Failed to send reminder to bingyue.sun@intel.com; continuing because email failure is allowed: Graph sendMail failed: 403 {"error":{"code":"ErrorAccessDenied","message":"Access is denied. Check credentials and try again."}}
2026-07-07 15:01:37,242 [WARNING] Failed to send reminder to brenton.wu@intel.com; continuing because email failure is allowed: Graph sendMail failed: 403 {"error":{"code":"ErrorAccessDenied","message":"Access is denied. Check credentials and try again."}}
2026-07-07 15:01:37,542 [WARNING] Failed to send reminder to charles.p.chu@intel.com; continuing because email failure is allowed: Graph sendMail failed: 403 {"error":{"code":"ErrorAccessDenied","message":"Access is denied. Check credentials and try again."}}
2026-07-07 15:01:37,842 [WARNING] Failed to send reminder to frank.fc.yang@intel.com; continuing because email failure is allowed: Graph sendMail failed: 403 {"error":{"code":"ErrorAccessDenied","message":"Access is denied. Check credentials and try again."}}
2026-07-07 15:01:38,152 [WARNING] Failed to send reminder to frank.lee@intel.com; continuing because email failure is allowed: Graph sendMail failed: 403 {"error":{"code":"ErrorAccessDenied","message":"Access is denied. Check credentials and try again."}}
2026-07-07 15:01:38,451 [WARNING] Failed to send reminder to jackx.lee@intel.com; continuing because email failure is allowed: Graph sendMail failed: 403 {"error":{"code":"ErrorAccessDenied","message":"Access is denied. Check credentials and try again."}}
2026-07-07 15:01:38,751 [WARNING] Failed to send reminder to juan.zou@intel.com; continuing because email failure is allowed: Graph sendMail failed: 403 {"error":{"code":"ErrorAccessDenied","message":"Access is denied. Check credentials and try again."}}
2026-07-07 15:01:39,049 [WARNING] Failed to send reminder to kj.fang@intel.com; continuing because email failure is allowed: Graph sendMail failed: 403 {"error":{"code":"ErrorAccessDenied","message":"Access is denied. Check credentials and try again."}}
2026-07-07 15:01:39,446 [WARNING] Failed to send reminder to matt.chen@intel.com; continuing because email failure is allowed: Graph sendMail failed: 403 {"error":{"code":"ErrorAccessDenied","message":"Access is denied. Check credentials and try again."}}
2026-07-07 15:01:39,743 [WARNING] Failed to send reminder to steven1.chen@intel.com; continuing because email failure is allowed: Graph sendMail failed: 403 {"error":{"code":"ErrorAccessDenied","message":"Access is denied. Check credentials and try again."}}
2026-07-07 15:01:40,041 [WARNING] Failed to send reminder to timdaway.lai@intel.com; continuing because email failure is allowed: Graph sendMail failed: 403 {"error":{"code":"ErrorAccessDenied","message":"Access is denied. Check credentials and try again."}}
2026-07-07 15:01:40,338 [WARNING] Failed to send reminder to wesley.kuo@intel.com; continuing because email failure is allowed: Graph sendMail failed: 403 {"error":{"code":"ErrorAccessDenied","message":"Access is denied. Check credentials and try again."}}
2026-07-07 15:01:40,635 [WARNING] Failed to send reminder to yu-wei.chen@intel.com; continuing because email failure is allowed: Graph sendMail failed: 403 {"error":{"code":"ErrorAccessDenied","message":"Access is denied. Check credentials and try again."}}
2026-07-07 15:01:40,932 [WARNING] Failed to send reminder to zhiqiang.cai@intel.com; continuing because email failure is allowed: Graph sendMail failed: 403 {"error":{"code":"ErrorAccessDenied","message":"Access is denied. Check credentials and try again."}}
2026-07-07 15:01:40,932 [INFO] Reminder email sent to 0 assignee(s).
[Config] Using GRAPH_CLIENT_SECRET from environment/.env.
[Config] Using GRAPH_CLIENT_SECRET from environment/.env.
[INFO] Exit code: 0
[INFO] ===== Labeling reminder daily end =====
