[INFO] ===== Labeling reminder daily start =====
[INFO] Timestamp: Wed 07/01/2026 13:38:53.39
[INFO] Script dir: C:\Users\jtsao1\OneDrive - Intel Corporation\Documents\My workspace\jira_ips_tat_HP\jira_tat\jira_customer_tat\jobs\01_issue_category_tuning\
[INFO] Current dir: C:\Users\jtsao1\OneDrive - Intel Corporation\Documents\My workspace\jira_ips_tat_HP\jira_tat\jira_customer_tat\jobs\01_issue_category_tuning
[INFO] Project root: C:\Users\jtsao1\OneDrive - Intel Corporation\Documents\My workspace\jira_ips_tat_HP\jira_tat\jira_customer_tat\jobs\01_issue_category_tuning\..\..
[INFO] tuning_root: C:\Users\jtsao1\OneDrive - Intel Corporation\Documents\My workspace\jira_ips_tat_HP\jira_tat\jira_customer_tat\jobs\01_issue_category_tuning\..\..\tuning_outputs
[INFO] GRAPH_AUTH_MODE: delegated
[INFO] GRAPH_SENDER_UPN: frank.lee@intel.com
[INFO] PYTHONPATH: C:\Users\jtsao1\OneDrive - Intel Corporation\Documents\My workspace\jira_ips_tat_HP\jira_tat\jira_customer_tat\jobs\01_issue_category_tuning\..\..;C:\Users\jtsao1\OneDrive - Intel Corporation\Documents\My workspace\jira_ips_tat_HP\jira_tat\jira_customer_tat\jobs\01_issue_category_tuning\..\..\APIs;C:\Users\jtsao1\OneDrive - Intel Corporation\Documents\My workspace\jira_ips_tat_HP\jira_tat\jira_customer_tat\jobs\01_issue_category_tuning\..\..\jobs\06_reporting_and_notifications;
[INFO] PY_EXE: C:\Users\jtsao1\OneDrive - Intel Corporation\Documents\My workspace\jira_ips_tat_HP\jira_tat\jira_customer_tat\jobs\01_issue_category_tuning\..\..\customer issue analysis\.venv\Scripts\python.exe
[INFO] PY_ARGS: 
C:\Python314\python.exe
C:\Users\jtsao1\AppData\Local\Microsoft\WindowsApps\python.exe
C:\Users\jtsao1\AppData\Local\Python\bin\python.exe
[INFO] Latest weekly dir: C:\Users\jtsao1\OneDrive - Intel Corporation\Documents\My workspace\jira_ips_tat_HP\jira_tat\jira_customer_tat\tuning_outputs\weekly_20260701
[INFO] Target CSV: C:\Users\jtsao1\OneDrive - Intel Corporation\Documents\My workspace\jira_ips_tat_HP\jira_tat\jira_customer_tat\tuning_outputs\weekly_20260701\weekly_labeling_template.csv
[INFO] Command: "C:\Users\jtsao1\OneDrive - Intel Corporation\Documents\My workspace\jira_ips_tat_HP\jira_tat\jira_customer_tat\jobs\01_issue_category_tuning\..\..\customer issue analysis\.venv\Scripts\python.exe"  send_labeling_reminders.py --send-email --graph-auth-mode delegated --weekly-dir "C:\Users\jtsao1\OneDrive - Intel Corporation\Documents\My workspace\jira_ips_tat_HP\jira_tat\jira_customer_tat\tuning_outputs\weekly_20260701" 
2026-07-01 13:38:54,360 [INFO] Pending source path: C:\Users\jtsao1\OneDrive - Intel Corporation\Documents\My workspace\jira_ips_tat_HP\jira_tat\jira_customer_tat\tuning_outputs\weekly_20260701\weekly_labeling_template.csv
2026-07-01 13:38:58,599 [INFO] Using cloud-fresh source copy for pending check: C:\Users\jtsao1\AppData\Local\Temp\labeling_cloud_9gylvov0.csv
2026-07-01 13:38:58,600 [INFO] Loaded pending rows from CSV C:\Users\jtsao1\AppData\Local\Temp\labeling_cloud_9gylvov0.csv: assignees=14
2026-07-01 13:38:58,601 [INFO] Pending assignees: 14, pending rows: 63
2026-07-01 13:38:58,601 [INFO] Graph auth mode: delegated
2026-07-01 13:39:00,046 [WARNING] openpyxl unavailable; keep using CSV reference (may open as read-only in web): No module named 'openpyxl'
2026-07-01 13:39:04,816 [INFO] Reminder sent to bingyue.sun@intel.com (pending=1)
2026-07-01 13:39:05,473 [INFO] Reminder sent to brenton.wu@intel.com (pending=7)
2026-07-01 13:39:06,131 [INFO] Reminder sent to charles.p.chu@intel.com (pending=7)
2026-07-01 13:39:06,805 [INFO] Reminder sent to frank.fc.yang@intel.com (pending=6)
2026-07-01 13:39:07,485 [INFO] Reminder sent to frank.lee@intel.com (pending=7)
2026-07-01 13:39:08,178 [INFO] Reminder sent to jackx.lee@intel.com (pending=5)
2026-07-01 13:39:08,852 [INFO] Reminder sent to juan.zou@intel.com (pending=1)
2026-07-01 13:39:09,728 [INFO] Reminder sent to kj.fang@intel.com (pending=7)
2026-07-01 13:39:10,510 [INFO] Reminder sent to matt.chen@intel.com (pending=2)
2026-07-01 13:39:11,202 [INFO] Reminder sent to steven1.chen@intel.com (pending=2)
2026-07-01 13:39:11,966 [INFO] Reminder sent to timdaway.lai@intel.com (pending=6)
2026-07-01 13:39:12,604 [INFO] Reminder sent to wesley.kuo@intel.com (pending=2)
2026-07-01 13:39:13,282 [INFO] Reminder sent to yu-wei.chen@intel.com (pending=2)
2026-07-01 13:39:13,968 [INFO] Reminder sent to zhiqiang.cai@intel.com (pending=8)
2026-07-01 13:39:13,968 [INFO] Reminder email sent to 14 assignee(s).
[Config] Using GRAPH_CLIENT_SECRET from environment/.env.
[Auth] Using cached Graph delegated token.
[Config] Using GRAPH_CLIENT_SECRET from environment/.env.
[Auth] Using cached Graph delegated token.
[INFO] Exit code: 0
[INFO] ===== Labeling reminder daily end =====
