[INFO] ===== Labeling reminder daily start =====
[INFO] Timestamp: Tue 06/30/2026 16:47:25.83
[INFO] Script dir: C:\Users\jtsao1\OneDrive - Intel Corporation\Documents\My workspace\jira_ips_tat_HP\jira_tat\jira_customer_tat\jobs\01_issue_category_tuning\
[INFO] Current dir: C:\Users\jtsao1\OneDrive - Intel Corporation\Documents\My workspace\jira_ips_tat_HP\jira_tat\jira_customer_tat\jobs\01_issue_category_tuning
[INFO] Project root: C:\Users\jtsao1\OneDrive - Intel Corporation\Documents\My workspace\jira_ips_tat_HP\jira_tat\jira_customer_tat\jobs\01_issue_category_tuning\..\..
[INFO] tuning_root: C:\Users\jtsao1\OneDrive - Intel Corporation\Documents\My workspace\jira_ips_tat_HP\jira_tat\jira_customer_tat\jobs\01_issue_category_tuning\..\..\tuning_outputs
[INFO] GRAPH_AUTH_MODE: app
[INFO] GRAPH_SENDER_UPN: frank.lee@intel.com
[INFO] PYTHONPATH: C:\Users\jtsao1\OneDrive - Intel Corporation\Documents\My workspace\jira_ips_tat_HP\jira_tat\jira_customer_tat\jobs\01_issue_category_tuning\..\..;C:\Users\jtsao1\OneDrive - Intel Corporation\Documents\My workspace\jira_ips_tat_HP\jira_tat\jira_customer_tat\jobs\01_issue_category_tuning\..\..\APIs;C:\Users\jtsao1\OneDrive - Intel Corporation\Documents\My workspace\jira_ips_tat_HP\jira_tat\jira_customer_tat\jobs\01_issue_category_tuning\..\..\jobs\06_reporting_and_notifications;
[INFO] PY_EXE: C:\Users\jtsao1\OneDrive - Intel Corporation\Documents\My workspace\jira_ips_tat_HP\jira_tat\jira_customer_tat\jobs\01_issue_category_tuning\..\..\customer issue analysis\.venv\Scripts\python.exe
[INFO] PY_ARGS: 
C:\Python314\python.exe
C:\Users\jtsao1\AppData\Local\Microsoft\WindowsApps\python.exe
C:\Users\jtsao1\AppData\Local\Python\bin\python.exe
[INFO] Latest weekly dir: C:\Users\jtsao1\OneDrive - Intel Corporation\Documents\My workspace\jira_ips_tat_HP\jira_tat\jira_customer_tat\tuning_outputs\weekly_20260615
[INFO] Target CSV: C:\Users\jtsao1\OneDrive - Intel Corporation\Documents\My workspace\jira_ips_tat_HP\jira_tat\jira_customer_tat\tuning_outputs\weekly_20260615\weekly_labeling_template.csv
[INFO] Command: "C:\Users\jtsao1\OneDrive - Intel Corporation\Documents\My workspace\jira_ips_tat_HP\jira_tat\jira_customer_tat\jobs\01_issue_category_tuning\..\..\customer issue analysis\.venv\Scripts\python.exe"  send_labeling_reminders.py --send-email --graph-auth-mode app --weekly-dir "C:\Users\jtsao1\OneDrive - Intel Corporation\Documents\My workspace\jira_ips_tat_HP\jira_tat\jira_customer_tat\tuning_outputs\weekly_20260615" 
2026-06-30 16:47:26,935 [INFO] Pending source path: C:\Users\jtsao1\OneDrive - Intel Corporation\Documents\My workspace\jira_ips_tat_HP\jira_tat\jira_customer_tat\tuning_outputs\weekly_20260615\weekly_labeling_template.xlsx
2026-06-30 16:47:28,661 [WARNING] Could not download cloud-fresh source; fallback to local file: HTTP Error 401: Unauthorized
2026-06-30 16:47:28,662 [WARNING] Failed to load XLSX source (openpyxl is required to read XLSX source: No module named 'openpyxl'); fallback to CSV: C:\Users\jtsao1\OneDrive - Intel Corporation\Documents\My workspace\jira_ips_tat_HP\jira_tat\jira_customer_tat\tuning_outputs\weekly_20260615\weekly_labeling_template.csv
2026-06-30 16:47:28,663 [INFO] Loaded pending rows from CSV C:\Users\jtsao1\OneDrive - Intel Corporation\Documents\My workspace\jira_ips_tat_HP\jira_tat\jira_customer_tat\tuning_outputs\weekly_20260615\weekly_labeling_template.csv: assignees=14
2026-06-30 16:47:28,663 [INFO] Pending assignees: 14, pending rows: 77
2026-06-30 16:47:28,664 [INFO] Graph auth mode: app (sender=frank.lee@intel.com)
2026-06-30 16:47:31,078 [WARNING] Failed to create shared link for CSV; fallback to local path: HTTP Error 401: Unauthorized
[Config] Using GRAPH_CLIENT_SECRET from environment/.env.
[Config] Using GRAPH_CLIENT_SECRET from environment/.env.
Traceback (most recent call last):
  File "C:\Users\jtsao1\OneDrive - Intel Corporation\Documents\My workspace\jira_ips_tat_HP\jira_tat\jira_customer_tat\jobs\01_issue_category_tuning\send_labeling_reminders.py", line 638, in <module>
    raise SystemExit(main())
                     ~~~~^^
  File "C:\Users\jtsao1\OneDrive - Intel Corporation\Documents\My workspace\jira_ips_tat_HP\jira_tat\jira_customer_tat\jobs\01_issue_category_tuning\send_labeling_reminders.py", line 620, in main
    return _send_reminders(
        pending_by_assignee=pending_by_assignee,
    ...<5 lines>...
        graph_auth_mode=str(args.graph_auth_mode or "app"),
    )
  File "C:\Users\jtsao1\OneDrive - Intel Corporation\Documents\My workspace\jira_ips_tat_HP\jira_tat\jira_customer_tat\jobs\01_issue_category_tuning\send_labeling_reminders.py", line 558, in _send_reminders
    send_mail_via_graph(
    ~~~~~~~~~~~~~~~~~~~^
        token=token,
        ^^^^^^^^^^^^
    ...<6 lines>...
        sender_upn=sender_upn or None,
        ^^^^^^^^^^^^^^^^^^^^^^^^^^^^^^
    )
    ^
  File "C:\Users\jtsao1\OneDrive - Intel Corporation\Documents\My workspace\jira_ips_tat_HP\jira_tat\jira_customer_tat\jobs\06_reporting_and_notifications\Meeting_agenda_OneNote.py", line 733, in send_mail_via_graph
    raise RuntimeError(f"Graph sendMail failed: {r.status_code} {r.text}")
RuntimeError: Graph sendMail failed: 403 {"error":{"code":"ErrorAccessDenied","message":"Access is denied. Check credentials and try again."}}
[INFO] Exit code: 1
[INFO] ===== Labeling reminder daily end =====
