[INFO] ===== Labeling reminder daily start =====
[INFO] Timestamp: Wed 07/08/2026 11:07:37.79
[INFO] Script dir: C:\Users\jtsao1\OneDrive - Intel Corporation\Documents\My workspace\jira_ips_tat_HP\jira_tat\jira_customer_tat\jobs\01_issue_category_tuning\
[INFO] Current dir: C:\Users\jtsao1\OneDrive - Intel Corporation\Documents\My workspace\jira_ips_tat_HP\jira_tat\jira_customer_tat\jobs\01_issue_category_tuning
[INFO] Project root: C:\Users\jtsao1\OneDrive - Intel Corporation\Documents\My workspace\jira_ips_tat_HP\jira_tat\jira_customer_tat\jobs\01_issue_category_tuning\..\..
[INFO] tuning_root: C:\Users\jtsao1\OneDrive - Intel Corporation\Documents\My workspace\jira_ips_tat_HP\jira_tat\jira_customer_tat\jobs\01_issue_category_tuning\..\..\tuning_outputs
[INFO] GRAPH_AUTH_MODE: app
[INFO] GRAPH_SENDER_UPN: frank.lee@intel.com
[INFO] LABELING_REMINDER_ALLOW_EMAIL_FAILURE: 1
[INFO] PYTHONPATH: C:\Users\jtsao1\OneDrive - Intel Corporation\Documents\My workspace\jira_ips_tat_HP\jira_tat\jira_customer_tat\jobs\01_issue_category_tuning\..\..;C:\Users\jtsao1\OneDrive - Intel Corporation\Documents\My workspace\jira_ips_tat_HP\jira_tat\jira_customer_tat\jobs\01_issue_category_tuning\..\..\APIs;C:\Users\jtsao1\OneDrive - Intel Corporation\Documents\My workspace\jira_ips_tat_HP\jira_tat\jira_customer_tat\jobs\01_issue_category_tuning\..\..\jobs\06_reporting_and_notifications;
[INFO] PY_EXE: C:\Users\jtsao1\OneDrive - Intel Corporation\Documents\My workspace\jira_ips_tat_HP\jira_tat\jira_customer_tat\jobs\01_issue_category_tuning\..\..\customer issue analysis\.venv\Scripts\python.exe
[INFO] PY_ARGS: 
C:\Python314\python.exe
C:\Users\jtsao1\AppData\Local\Microsoft\WindowsApps\python.exe
C:\Users\jtsao1\AppData\Local\Python\bin\python.exe
[INFO] Latest weekly dir: C:\Users\jtsao1\OneDrive - Intel Corporation\Documents\My workspace\jira_ips_tat_HP\jira_tat\jira_customer_tat\tuning_outputs\weekly_20260707
[INFO] Target CSV: C:\Users\jtsao1\OneDrive - Intel Corporation\Documents\My workspace\jira_ips_tat_HP\jira_tat\jira_customer_tat\tuning_outputs\weekly_20260707\weekly_labeling_template.csv
[INFO] Command: "C:\Users\jtsao1\OneDrive - Intel Corporation\Documents\My workspace\jira_ips_tat_HP\jira_tat\jira_customer_tat\jobs\01_issue_category_tuning\..\..\customer issue analysis\.venv\Scripts\python.exe"  send_labeling_reminders.py --send-email --graph-auth-mode app --weekly-dir "C:\Users\jtsao1\OneDrive - Intel Corporation\Documents\My workspace\jira_ips_tat_HP\jira_tat\jira_customer_tat\tuning_outputs\weekly_20260707" --allow-email-failure 
2026-07-08 11:07:40,446 [INFO] Pending source path: C:\Users\jtsao1\OneDrive - Intel Corporation\Documents\My workspace\jira_ips_tat_HP\jira_tat\jira_customer_tat\tuning_outputs\weekly_20260707\weekly_labeling_template.csv
2026-07-08 11:07:43,619 [WARNING] Could not download cloud-fresh source; fallback to local file: HTTP Error 401: Unauthorized
2026-07-08 11:07:43,624 [INFO] Loaded pending rows from CSV C:\Users\jtsao1\OneDrive - Intel Corporation\Documents\My workspace\jira_ips_tat_HP\jira_tat\jira_customer_tat\tuning_outputs\weekly_20260707\weekly_labeling_template.csv: assignees=14
2026-07-08 11:07:43,624 [INFO] Pending assignees: 14, pending rows: 65
2026-07-08 11:07:43,624 [INFO] Graph auth mode: app (sender=frank.lee@intel.com)
2026-07-08 11:07:44,975 [WARNING] openpyxl unavailable; keep using CSV reference (may open as read-only in web): No module named 'openpyxl'
2026-07-08 11:07:46,133 [WARNING] Failed to create shared link for CSV; fallback to local path: HTTP Error 401: Unauthorized
2026-07-08 11:07:47,898 [WARNING] Failed to send reminder to bingyue.sun@intel.com; continuing because email failure is allowed: Graph sendMail failed: 403 {"error":{"code":"ErrorAccessDenied","message":"Access is denied. Check credentials and try again."}}
2026-07-08 11:07:48,185 [WARNING] Failed to send reminder to brenton.wu@intel.com; continuing because email failure is allowed: Graph sendMail failed: 403 {"error":{"code":"ErrorAccessDenied","message":"Access is denied. Check credentials and try again."}}
2026-07-08 11:07:48,489 [WARNING] Failed to send reminder to charles.p.chu@intel.com; continuing because email failure is allowed: Graph sendMail failed: 403 {"error":{"code":"ErrorAccessDenied","message":"Access is denied. Check credentials and try again."}}
2026-07-08 11:07:48,781 [WARNING] Failed to send reminder to frank.fc.yang@intel.com; continuing because email failure is allowed: Graph sendMail failed: 403 {"error":{"code":"ErrorAccessDenied","message":"Access is denied. Check credentials and try again."}}
2026-07-08 11:07:49,072 [WARNING] Failed to send reminder to frank.lee@intel.com; continuing because email failure is allowed: Graph sendMail failed: 403 {"error":{"code":"ErrorAccessDenied","message":"Access is denied. Check credentials and try again."}}
2026-07-08 11:07:49,365 [WARNING] Failed to send reminder to jackx.lee@intel.com; continuing because email failure is allowed: Graph sendMail failed: 403 {"error":{"code":"ErrorAccessDenied","message":"Access is denied. Check credentials and try again."}}
2026-07-08 11:07:49,667 [WARNING] Failed to send reminder to juan.zou@intel.com; continuing because email failure is allowed: Graph sendMail failed: 403 {"error":{"code":"ErrorAccessDenied","message":"Access is denied. Check credentials and try again."}}
2026-07-08 11:07:49,958 [WARNING] Failed to send reminder to kj.fang@intel.com; continuing because email failure is allowed: Graph sendMail failed: 403 {"error":{"code":"ErrorAccessDenied","message":"Access is denied. Check credentials and try again."}}
2026-07-08 11:07:50,250 [WARNING] Failed to send reminder to matt.chen@intel.com; continuing because email failure is allowed: Graph sendMail failed: 403 {"error":{"code":"ErrorAccessDenied","message":"Access is denied. Check credentials and try again."}}
2026-07-08 11:07:50,542 [WARNING] Failed to send reminder to steven1.chen@intel.com; continuing because email failure is allowed: Graph sendMail failed: 403 {"error":{"code":"ErrorAccessDenied","message":"Access is denied. Check credentials and try again."}}
2026-07-08 11:07:50,843 [WARNING] Failed to send reminder to timdaway.lai@intel.com; continuing because email failure is allowed: Graph sendMail failed: 403 {"error":{"code":"ErrorAccessDenied","message":"Access is denied. Check credentials and try again."}}
2026-07-08 11:07:51,135 [WARNING] Failed to send reminder to wesley.kuo@intel.com; continuing because email failure is allowed: Graph sendMail failed: 403 {"error":{"code":"ErrorAccessDenied","message":"Access is denied. Check credentials and try again."}}
2026-07-08 11:07:51,425 [WARNING] Failed to send reminder to yu-wei.chen@intel.com; continuing because email failure is allowed: Graph sendMail failed: 403 {"error":{"code":"ErrorAccessDenied","message":"Access is denied. Check credentials and try again."}}
2026-07-08 11:07:51,713 [WARNING] Failed to send reminder to zhiqiang.cai@intel.com; continuing because email failure is allowed: Graph sendMail failed: 403 {"error":{"code":"ErrorAccessDenied","message":"Access is denied. Check credentials and try again."}}
2026-07-08 11:07:51,713 [INFO] Reminder email completed: sent=0 failed=14 allow_email_failure=True.
[Config] Using GRAPH_CLIENT_SECRET from environment/.env.
[Config] Using GRAPH_CLIENT_SECRET from environment/.env.
[INFO] Exit code: 0
[INFO] ===== Labeling reminder daily end =====
