[INFO] ===== Labeling reminder daily start =====
[INFO] Timestamp: Wed 07/01/2026 13:40:01.44
[INFO] Script dir: C:\Users\jtsao1\OneDrive - Intel Corporation\Documents\My workspace\jira_ips_tat_HP\jira_tat\jira_customer_tat\jobs\01_issue_category_tuning\
[INFO] Current dir: C:\Users\jtsao1\OneDrive - Intel Corporation\Documents\My workspace\jira_ips_tat_HP\jira_tat\jira_customer_tat\jobs\01_issue_category_tuning
[INFO] Project root: C:\Users\jtsao1\OneDrive - Intel Corporation\Documents\My workspace\jira_ips_tat_HP\jira_tat\jira_customer_tat\jobs\01_issue_category_tuning\..\..
[INFO] tuning_root: C:\Users\jtsao1\OneDrive - Intel Corporation\Documents\My workspace\jira_ips_tat_HP\jira_tat\jira_customer_tat\jobs\01_issue_category_tuning\..\..\tuning_outputs
[INFO] GRAPH_AUTH_MODE: delegated
[INFO] GRAPH_SENDER_UPN: frank.lee@intel.com
[INFO] PYTHONPATH: C:\Users\jtsao1\OneDrive - Intel Corporation\Documents\My workspace\jira_ips_tat_HP\jira_tat\jira_customer_tat\jobs\01_issue_category_tuning\..\..;C:\Users\jtsao1\OneDrive - Intel Corporation\Documents\My workspace\jira_ips_tat_HP\jira_tat\jira_customer_tat\jobs\01_issue_category_tuning\..\..\APIs;C:\Users\jtsao1\OneDrive - Intel Corporation\Documents\My workspace\jira_ips_tat_HP\jira_tat\jira_customer_tat\jobs\01_issue_category_tuning\..\..\jobs\06_reporting_and_notifications;
[INFO] PY_EXE: C:\Users\jtsao1\OneDrive - Intel Corporation\Documents\My workspace\jira_ips_tat_HP\jira_tat\jira_customer_tat\jobs\01_issue_category_tuning\..\..\customer issue analysis\.venv\Scripts\python.exe
[INFO] PY_ARGS: 
C:\Python314\python.exe
C:\Users\jtsao1\AppData\Local\Microsoft\WindowsApps\python.exe
C:\Users\jtsao1\AppData\Local\Python\bin\python.exe
[INFO] Latest weekly dir: C:\Users\jtsao1\OneDrive - Intel Corporation\Documents\My workspace\jira_ips_tat_HP\jira_tat\jira_customer_tat\tuning_outputs\weekly_20260701
[INFO] Target CSV: C:\Users\jtsao1\OneDrive - Intel Corporation\Documents\My workspace\jira_ips_tat_HP\jira_tat\jira_customer_tat\tuning_outputs\weekly_20260701\weekly_labeling_template.csv
[INFO] Command: "C:\Users\jtsao1\OneDrive - Intel Corporation\Documents\My workspace\jira_ips_tat_HP\jira_tat\jira_customer_tat\jobs\01_issue_category_tuning\..\..\customer issue analysis\.venv\Scripts\python.exe"  send_labeling_reminders.py --send-email --graph-auth-mode delegated --weekly-dir "C:\Users\jtsao1\OneDrive - Intel Corporation\Documents\My workspace\jira_ips_tat_HP\jira_tat\jira_customer_tat\tuning_outputs\weekly_20260701" 
2026-07-01 13:40:05,311 [INFO] Pending source path: C:\Users\jtsao1\OneDrive - Intel Corporation\Documents\My workspace\jira_ips_tat_HP\jira_tat\jira_customer_tat\tuning_outputs\weekly_20260701\weekly_labeling_template.csv
2026-07-01 13:40:09,606 [INFO] Using cloud-fresh source copy for pending check: C:\Users\jtsao1\AppData\Local\Temp\labeling_cloud_dz0lj72f.csv
2026-07-01 13:40:09,607 [INFO] Loaded pending rows from CSV C:\Users\jtsao1\AppData\Local\Temp\labeling_cloud_dz0lj72f.csv: assignees=14
2026-07-01 13:40:09,607 [INFO] Pending assignees: 14, pending rows: 63
2026-07-01 13:40:09,607 [INFO] Graph auth mode: delegated
2026-07-01 13:40:11,156 [WARNING] openpyxl unavailable; keep using CSV reference (may open as read-only in web): No module named 'openpyxl'
2026-07-01 13:40:15,630 [INFO] Reminder sent to bingyue.sun@intel.com (pending=1)
2026-07-01 13:40:16,518 [INFO] Reminder sent to brenton.wu@intel.com (pending=7)
2026-07-01 13:40:17,157 [INFO] Reminder sent to charles.p.chu@intel.com (pending=7)
2026-07-01 13:40:18,008 [INFO] Reminder sent to frank.fc.yang@intel.com (pending=6)
2026-07-01 13:40:18,598 [INFO] Reminder sent to frank.lee@intel.com (pending=7)
2026-07-01 13:40:19,227 [INFO] Reminder sent to jackx.lee@intel.com (pending=5)
2026-07-01 13:40:19,839 [INFO] Reminder sent to juan.zou@intel.com (pending=1)
2026-07-01 13:40:20,445 [INFO] Reminder sent to kj.fang@intel.com (pending=7)
2026-07-01 13:40:21,071 [INFO] Reminder sent to matt.chen@intel.com (pending=2)
2026-07-01 13:40:21,662 [INFO] Reminder sent to steven1.chen@intel.com (pending=2)
2026-07-01 13:40:22,276 [INFO] Reminder sent to timdaway.lai@intel.com (pending=6)
2026-07-01 13:40:22,935 [INFO] Reminder sent to wesley.kuo@intel.com (pending=2)
2026-07-01 13:40:23,571 [INFO] Reminder sent to yu-wei.chen@intel.com (pending=2)
2026-07-01 13:40:24,195 [INFO] Reminder sent to zhiqiang.cai@intel.com (pending=8)
2026-07-01 13:40:24,196 [INFO] Reminder email sent to 14 assignee(s).
[Config] Using GRAPH_CLIENT_SECRET from environment/.env.
[Auth] Using cached Graph delegated token.
[Config] Using GRAPH_CLIENT_SECRET from environment/.env.
[Auth] Using cached Graph delegated token.
[INFO] Exit code: 0
[INFO] ===== Labeling reminder daily end =====
