[INFO] ===== Labeling reminder daily start =====
[INFO] Timestamp: Tue 06/30/2026 16:45:09.34
[INFO] Script dir: C:\Users\jtsao1\OneDrive - Intel Corporation\Documents\My workspace\jira_ips_tat_HP\jira_tat\jira_customer_tat\jobs\01_issue_category_tuning\
[INFO] Current dir: C:\Users\jtsao1\OneDrive - Intel Corporation\Documents\My workspace\jira_ips_tat_HP\jira_tat\jira_customer_tat\jobs\01_issue_category_tuning
[INFO] Project root: C:\Users\jtsao1\OneDrive - Intel Corporation\Documents\My workspace\jira_ips_tat_HP\jira_tat\jira_customer_tat\jobs\01_issue_category_tuning\..\..
[INFO] tuning_root: C:\Users\jtsao1\OneDrive - Intel Corporation\Documents\My workspace\jira_ips_tat_HP\jira_tat\jira_customer_tat\jobs\01_issue_category_tuning\..\..\tuning_outputs
[INFO] GRAPH_AUTH_MODE: app
[INFO] GRAPH_SENDER_UPN: frank.lee@intel.com
[INFO] PYTHONPATH: C:\Users\jtsao1\OneDrive - Intel Corporation\Documents\My workspace\jira_ips_tat_HP\jira_tat\jira_customer_tat\jobs\01_issue_category_tuning\..\..;C:\Users\jtsao1\OneDrive - Intel Corporation\Documents\My workspace\jira_ips_tat_HP\jira_tat\jira_customer_tat\jobs\01_issue_category_tuning\..\..\APIs;C:\Users\jtsao1\OneDrive - Intel Corporation\Documents\My workspace\jira_ips_tat_HP\jira_tat\jira_customer_tat\jobs\01_issue_category_tuning\..\..\jobs\06_reporting_and_notifications;
[INFO] PY_EXE: C:\Users\jtsao1\OneDrive - Intel Corporation\Documents\My workspace\jira_ips_tat_HP\jira_tat\jira_customer_tat\jobs\01_issue_category_tuning\..\..\customer issue analysis\.venv\Scripts\python.exe
[INFO] PY_ARGS: 
C:\Python314\python.exe
C:\Users\jtsao1\AppData\Local\Microsoft\WindowsApps\python.exe
C:\Users\jtsao1\AppData\Local\Python\bin\python.exe
[INFO] Latest weekly dir: C:\Users\jtsao1\OneDrive - Intel Corporation\Documents\My workspace\jira_ips_tat_HP\jira_tat\jira_customer_tat\tuning_outputs\weekly_20260615
[INFO] Target CSV: C:\Users\jtsao1\OneDrive - Intel Corporation\Documents\My workspace\jira_ips_tat_HP\jira_tat\jira_customer_tat\tuning_outputs\weekly_20260615\weekly_labeling_template.csv
[INFO] Command: "C:\Users\jtsao1\OneDrive - Intel Corporation\Documents\My workspace\jira_ips_tat_HP\jira_tat\jira_customer_tat\jobs\01_issue_category_tuning\..\..\customer issue analysis\.venv\Scripts\python.exe"  send_labeling_reminders.py --send-email --graph-auth-mode app --weekly-dir "C:\Users\jtsao1\OneDrive - Intel Corporation\Documents\My workspace\jira_ips_tat_HP\jira_tat\jira_customer_tat\tuning_outputs\weekly_20260615" --no-email
2026-06-30 16:45:10,237 [INFO] Pending source path: C:\Users\jtsao1\OneDrive - Intel Corporation\Documents\My workspace\jira_ips_tat_HP\jira_tat\jira_customer_tat\tuning_outputs\weekly_20260615\weekly_labeling_template.xlsx
2026-06-30 16:45:12,175 [WARNING] Could not download cloud-fresh source; fallback to local file: HTTP Error 401: Unauthorized
2026-06-30 16:45:12,176 [WARNING] Failed to load XLSX source (openpyxl is required to read XLSX source: No module named 'openpyxl'); fallback to CSV: C:\Users\jtsao1\OneDrive - Intel Corporation\Documents\My workspace\jira_ips_tat_HP\jira_tat\jira_customer_tat\tuning_outputs\weekly_20260615\weekly_labeling_template.csv
2026-06-30 16:45:12,178 [INFO] Loaded pending rows from CSV C:\Users\jtsao1\OneDrive - Intel Corporation\Documents\My workspace\jira_ips_tat_HP\jira_tat\jira_customer_tat\tuning_outputs\weekly_20260615\weekly_labeling_template.csv: assignees=14
2026-06-30 16:45:12,178 [INFO] Pending assignees: 14, pending rows: 77
2026-06-30 16:45:12,178 [INFO] [DRY RUN] To=bingyue.sun@intel.com Cc= Subject=[Action Required][請處理] Fill HUMAN_CATEGORY / 請填寫 HUMAN_CATEGORY (2 pending) - Deadline Friday 5PM / 截止週五 5PM
2026-06-30 16:45:12,179 [INFO] [DRY RUN] To=brenton.wu@intel.com Cc= Subject=[Action Required][請處理] Fill HUMAN_CATEGORY / 請填寫 HUMAN_CATEGORY (7 pending) - Deadline Friday 5PM / 截止週五 5PM
2026-06-30 16:45:12,179 [INFO] [DRY RUN] To=charles.p.chu@intel.com Cc= Subject=[Action Required][請處理] Fill HUMAN_CATEGORY / 請填寫 HUMAN_CATEGORY (9 pending) - Deadline Friday 5PM / 截止週五 5PM
2026-06-30 16:45:12,179 [INFO] [DRY RUN] To=frank.fc.yang@intel.com Cc= Subject=[Action Required][請處理] Fill HUMAN_CATEGORY / 請填寫 HUMAN_CATEGORY (7 pending) - Deadline Friday 5PM / 截止週五 5PM
2026-06-30 16:45:12,179 [INFO] [DRY RUN] To=frank.lee@intel.com Cc= Subject=[Action Required][請處理] Fill HUMAN_CATEGORY / 請填寫 HUMAN_CATEGORY (9 pending) - Deadline Friday 5PM / 截止週五 5PM
2026-06-30 16:45:12,179 [INFO] [DRY RUN] To=jackx.lee@intel.com Cc= Subject=[Action Required][請處理] Fill HUMAN_CATEGORY / 請填寫 HUMAN_CATEGORY (7 pending) - Deadline Friday 5PM / 截止週五 5PM
2026-06-30 16:45:12,179 [INFO] [DRY RUN] To=juan.zou@intel.com Cc= Subject=[Action Required][請處理] Fill HUMAN_CATEGORY / 請填寫 HUMAN_CATEGORY (1 pending) - Deadline Friday 5PM / 截止週五 5PM
2026-06-30 16:45:12,179 [INFO] [DRY RUN] To=kj.fang@intel.com Cc= Subject=[Action Required][請處理] Fill HUMAN_CATEGORY / 請填寫 HUMAN_CATEGORY (9 pending) - Deadline Friday 5PM / 截止週五 5PM
2026-06-30 16:45:12,179 [INFO] [DRY RUN] To=matt.chen@intel.com Cc= Subject=[Action Required][請處理] Fill HUMAN_CATEGORY / 請填寫 HUMAN_CATEGORY (2 pending) - Deadline Friday 5PM / 截止週五 5PM
2026-06-30 16:45:12,179 [INFO] [DRY RUN] To=steven1.chen@intel.com Cc= Subject=[Action Required][請處理] Fill HUMAN_CATEGORY / 請填寫 HUMAN_CATEGORY (2 pending) - Deadline Friday 5PM / 截止週五 5PM
2026-06-30 16:45:12,179 [INFO] [DRY RUN] To=timdaway.lai@intel.com Cc= Subject=[Action Required][請處理] Fill HUMAN_CATEGORY / 請填寫 HUMAN_CATEGORY (9 pending) - Deadline Friday 5PM / 截止週五 5PM
2026-06-30 16:45:12,179 [INFO] [DRY RUN] To=wesley.kuo@intel.com Cc= Subject=[Action Required][請處理] Fill HUMAN_CATEGORY / 請填寫 HUMAN_CATEGORY (2 pending) - Deadline Friday 5PM / 截止週五 5PM
2026-06-30 16:45:12,180 [INFO] [DRY RUN] To=yu-wei.chen@intel.com Cc= Subject=[Action Required][請處理] Fill HUMAN_CATEGORY / 請填寫 HUMAN_CATEGORY (2 pending) - Deadline Friday 5PM / 截止週五 5PM
2026-06-30 16:45:12,180 [INFO] [DRY RUN] To=zhiqiang.cai@intel.com Cc= Subject=[Action Required][請處理] Fill HUMAN_CATEGORY / 請填寫 HUMAN_CATEGORY (9 pending) - Deadline Friday 5PM / 截止週五 5PM
2026-06-30 16:45:12,180 [INFO] Reminder dry-run completed.
[Config] Using GRAPH_CLIENT_SECRET from environment/.env.

--- Email preview ---
To: bingyue.sun@intel.com
Subject: [Action Required][請處理] Fill HUMAN_CATEGORY / 請填寫 HUMAN_CATEGORY (2 pending) - Deadline Friday 5PM / 截止週五 5PM
Hi Bingyue Sun,

This is an automatic reminder for weekly labeling.
You still have 2 assigned row(s) with empty human_category.

ACTION REQUIRED:
[需要處理]
1. Open the source file below.
1. 開啟下方來源檔案。
2. Fill the HUMAN_CATEGORY column for your assigned rows.
2. 請在你負責的列填寫 HUMAN_CATEGORY 欄位。
3. Save after update.
3. 更新後請儲存。
4. Deadline: Friday 5:00 PM.
4. 截止時間：本週五下午 5:00。

Source file: C:\Users\jtsao1\OneDrive - Intel Corporation\Documents\My workspace\jira_ips_tat_HP\jira_tat\jira_customer_tat\tuning_outputs\weekly_20260615\weekly_labeling_template.xlsx
來源檔案: C:\Users\jtsao1\OneDrive - Intel Corporation\Documents\My workspace\jira_ips_tat_HP\jira_tat\jira_customer_tat\tuning_outputs\weekly_20260615\weekly_labeling_template.xlsx
Check time: 2026-06-30 16:45
檢查時間: 2026-06-30 16:45

Pending rows (
... (truncated)

--- Email preview ---
To: brenton.wu@intel.com
Subject: [Action Required][請處理] Fill HUMAN_CATEGORY / 請填寫 HUMAN_CATEGORY (7 pending) - Deadline Friday 5PM / 截止週五 5PM
Hi Brenton Wu,

This is an automatic reminder for weekly labeling.
You still have 7 assigned row(s) with empty human_category.

ACTION REQUIRED:
[需要處理]
1. Open the source file below.
1. 開啟下方來源檔案。
2. Fill the HUMAN_CATEGORY column for your assigned rows.
2. 請在你負責的列填寫 HUMAN_CATEGORY 欄位。
3. Save after update.
3. 更新後請儲存。
4. Deadline: Friday 5:00 PM.
4. 截止時間：本週五下午 5:00。

Source file: C:\Users\jtsao1\OneDrive - Intel Corporation\Documents\My workspace\jira_ips_tat_HP\jira_tat\jira_customer_tat\tuning_outputs\weekly_20260615\weekly_labeling_template.xlsx
來源檔案: C:\Users\jtsao1\OneDrive - Intel Corporation\Documents\My workspace\jira_ips_tat_HP\jira_tat\jira_customer_tat\tuning_outputs\weekly_20260615\weekly_labeling_template.xlsx
Check time: 2026-06-30 16:45
檢查時間: 2026-06-30 16:45

Pending rows (s
... (truncated)

--- Email preview ---
To: charles.p.chu@intel.com
Subject: [Action Required][請處理] Fill HUMAN_CATEGORY / 請填寫 HUMAN_CATEGORY (9 pending) - Deadline Friday 5PM / 截止週五 5PM
Hi Charles P Chu,

This is an automatic reminder for weekly labeling.
You still have 9 assigned row(s) with empty human_category.

ACTION REQUIRED:
[需要處理]
1. Open the source file below.
1. 開啟下方來源檔案。
2. Fill the HUMAN_CATEGORY column for your assigned rows.
2. 請在你負責的列填寫 HUMAN_CATEGORY 欄位。
3. Save after update.
3. 更新後請儲存。
4. Deadline: Friday 5:00 PM.
4. 截止時間：本週五下午 5:00。

Source file: C:\Users\jtsao1\OneDrive - Intel Corporation\Documents\My workspace\jira_ips_tat_HP\jira_tat\jira_customer_tat\tuning_outputs\weekly_20260615\weekly_labeling_template.xlsx
來源檔案: C:\Users\jtsao1\OneDrive - Intel Corporation\Documents\My workspace\jira_ips_tat_HP\jira_tat\jira_customer_tat\tuning_outputs\weekly_20260615\weekly_labeling_template.xlsx
Check time: 2026-06-30 16:45
檢查時間: 2026-06-30 16:45

Pending rows
... (truncated)

--- Email preview ---
To: frank.fc.yang@intel.com
Subject: [Action Required][請處理] Fill HUMAN_CATEGORY / 請填寫 HUMAN_CATEGORY (7 pending) - Deadline Friday 5PM / 截止週五 5PM
Hi Frank Fc Yang,

This is an automatic reminder for weekly labeling.
You still have 7 assigned row(s) with empty human_category.

ACTION REQUIRED:
[需要處理]
1. Open the source file below.
1. 開啟下方來源檔案。
2. Fill the HUMAN_CATEGORY column for your assigned rows.
2. 請在你負責的列填寫 HUMAN_CATEGORY 欄位。
3. Save after update.
3. 更新後請儲存。
4. Deadline: Friday 5:00 PM.
4. 截止時間：本週五下午 5:00。

Source file: C:\Users\jtsao1\OneDrive - Intel Corporation\Documents\My workspace\jira_ips_tat_HP\jira_tat\jira_customer_tat\tuning_outputs\weekly_20260615\weekly_labeling_template.xlsx
來源檔案: C:\Users\jtsao1\OneDrive - Intel Corporation\Documents\My workspace\jira_ips_tat_HP\jira_tat\jira_customer_tat\tuning_outputs\weekly_20260615\weekly_labeling_template.xlsx
Check time: 2026-06-30 16:45
檢查時間: 2026-06-30 16:45

Pending rows
... (truncated)

--- Email preview ---
To: frank.lee@intel.com
Subject: [Action Required][請處理] Fill HUMAN_CATEGORY / 請填寫 HUMAN_CATEGORY (9 pending) - Deadline Friday 5PM / 截止週五 5PM
Hi Frank Lee,

This is an automatic reminder for weekly labeling.
You still have 9 assigned row(s) with empty human_category.

ACTION REQUIRED:
[需要處理]
1. Open the source file below.
1. 開啟下方來源檔案。
2. Fill the HUMAN_CATEGORY column for your assigned rows.
2. 請在你負責的列填寫 HUMAN_CATEGORY 欄位。
3. Save after update.
3. 更新後請儲存。
4. Deadline: Friday 5:00 PM.
4. 截止時間：本週五下午 5:00。

Source file: C:\Users\jtsao1\OneDrive - Intel Corporation\Documents\My workspace\jira_ips_tat_HP\jira_tat\jira_customer_tat\tuning_outputs\weekly_20260615\weekly_labeling_template.xlsx
來源檔案: C:\Users\jtsao1\OneDrive - Intel Corporation\Documents\My workspace\jira_ips_tat_HP\jira_tat\jira_customer_tat\tuning_outputs\weekly_20260615\weekly_labeling_template.xlsx
Check time: 2026-06-30 16:45
檢查時間: 2026-06-30 16:45

Pending rows (sa
... (truncated)

--- Email preview ---
To: jackx.lee@intel.com
Subject: [Action Required][請處理] Fill HUMAN_CATEGORY / 請填寫 HUMAN_CATEGORY (7 pending) - Deadline Friday 5PM / 截止週五 5PM
Hi Jackx Lee,

This is an automatic reminder for weekly labeling.
You still have 7 assigned row(s) with empty human_category.

ACTION REQUIRED:
[需要處理]
1. Open the source file below.
1. 開啟下方來源檔案。
2. Fill the HUMAN_CATEGORY column for your assigned rows.
2. 請在你負責的列填寫 HUMAN_CATEGORY 欄位。
3. Save after update.
3. 更新後請儲存。
4. Deadline: Friday 5:00 PM.
4. 截止時間：本週五下午 5:00。

Source file: C:\Users\jtsao1\OneDrive - Intel Corporation\Documents\My workspace\jira_ips_tat_HP\jira_tat\jira_customer_tat\tuning_outputs\weekly_20260615\weekly_labeling_template.xlsx
來源檔案: C:\Users\jtsao1\OneDrive - Intel Corporation\Documents\My workspace\jira_ips_tat_HP\jira_tat\jira_customer_tat\tuning_outputs\weekly_20260615\weekly_labeling_template.xlsx
Check time: 2026-06-30 16:45
檢查時間: 2026-06-30 16:45

Pending rows (sa
... (truncated)

--- Email preview ---
To: juan.zou@intel.com
Subject: [Action Required][請處理] Fill HUMAN_CATEGORY / 請填寫 HUMAN_CATEGORY (1 pending) - Deadline Friday 5PM / 截止週五 5PM
Hi Juan Zou,

This is an automatic reminder for weekly labeling.
You still have 1 assigned row(s) with empty human_category.

ACTION REQUIRED:
[需要處理]
1. Open the source file below.
1. 開啟下方來源檔案。
2. Fill the HUMAN_CATEGORY column for your assigned rows.
2. 請在你負責的列填寫 HUMAN_CATEGORY 欄位。
3. Save after update.
3. 更新後請儲存。
4. Deadline: Friday 5:00 PM.
4. 截止時間：本週五下午 5:00。

Source file: C:\Users\jtsao1\OneDrive - Intel Corporation\Documents\My workspace\jira_ips_tat_HP\jira_tat\jira_customer_tat\tuning_outputs\weekly_20260615\weekly_labeling_template.xlsx
來源檔案: C:\Users\jtsao1\OneDrive - Intel Corporation\Documents\My workspace\jira_ips_tat_HP\jira_tat\jira_customer_tat\tuning_outputs\weekly_20260615\weekly_labeling_template.xlsx
Check time: 2026-06-30 16:45
檢查時間: 2026-06-30 16:45

Pending rows (sam
... (truncated)

--- Email preview ---
To: kj.fang@intel.com
Subject: [Action Required][請處理] Fill HUMAN_CATEGORY / 請填寫 HUMAN_CATEGORY (9 pending) - Deadline Friday 5PM / 截止週五 5PM
Hi Kj Fang,

This is an automatic reminder for weekly labeling.
You still have 9 assigned row(s) with empty human_category.

ACTION REQUIRED:
[需要處理]
1. Open the source file below.
1. 開啟下方來源檔案。
2. Fill the HUMAN_CATEGORY column for your assigned rows.
2. 請在你負責的列填寫 HUMAN_CATEGORY 欄位。
3. Save after update.
3. 更新後請儲存。
4. Deadline: Friday 5:00 PM.
4. 截止時間：本週五下午 5:00。

Source file: C:\Users\jtsao1\OneDrive - Intel Corporation\Documents\My workspace\jira_ips_tat_HP\jira_tat\jira_customer_tat\tuning_outputs\weekly_20260615\weekly_labeling_template.xlsx
來源檔案: C:\Users\jtsao1\OneDrive - Intel Corporation\Documents\My workspace\jira_ips_tat_HP\jira_tat\jira_customer_tat\tuning_outputs\weekly_20260615\weekly_labeling_template.xlsx
Check time: 2026-06-30 16:45
檢查時間: 2026-06-30 16:45

Pending rows (samp
... (truncated)

--- Email preview ---
To: matt.chen@intel.com
Subject: [Action Required][請處理] Fill HUMAN_CATEGORY / 請填寫 HUMAN_CATEGORY (2 pending) - Deadline Friday 5PM / 截止週五 5PM
Hi Matt Chen,

This is an automatic reminder for weekly labeling.
You still have 2 assigned row(s) with empty human_category.

ACTION REQUIRED:
[需要處理]
1. Open the source file below.
1. 開啟下方來源檔案。
2. Fill the HUMAN_CATEGORY column for your assigned rows.
2. 請在你負責的列填寫 HUMAN_CATEGORY 欄位。
3. Save after update.
3. 更新後請儲存。
4. Deadline: Friday 5:00 PM.
4. 截止時間：本週五下午 5:00。

Source file: C:\Users\jtsao1\OneDrive - Intel Corporation\Documents\My workspace\jira_ips_tat_HP\jira_tat\jira_customer_tat\tuning_outputs\weekly_20260615\weekly_labeling_template.xlsx
來源檔案: C:\Users\jtsao1\OneDrive - Intel Corporation\Documents\My workspace\jira_ips_tat_HP\jira_tat\jira_customer_tat\tuning_outputs\weekly_20260615\weekly_labeling_template.xlsx
Check time: 2026-06-30 16:45
檢查時間: 2026-06-30 16:45

Pending rows (sa
... (truncated)

--- Email preview ---
To: steven1.chen@intel.com
Subject: [Action Required][請處理] Fill HUMAN_CATEGORY / 請填寫 HUMAN_CATEGORY (2 pending) - Deadline Friday 5PM / 截止週五 5PM
Hi Steven1 Chen,

This is an automatic reminder for weekly labeling.
You still have 2 assigned row(s) with empty human_category.

ACTION REQUIRED:
[需要處理]
1. Open the source file below.
1. 開啟下方來源檔案。
2. Fill the HUMAN_CATEGORY column for your assigned rows.
2. 請在你負責的列填寫 HUMAN_CATEGORY 欄位。
3. Save after update.
3. 更新後請儲存。
4. Deadline: Friday 5:00 PM.
4. 截止時間：本週五下午 5:00。

Source file: C:\Users\jtsao1\OneDrive - Intel Corporation\Documents\My workspace\jira_ips_tat_HP\jira_tat\jira_customer_tat\tuning_outputs\weekly_20260615\weekly_labeling_template.xlsx
來源檔案: C:\Users\jtsao1\OneDrive - Intel Corporation\Documents\My workspace\jira_ips_tat_HP\jira_tat\jira_customer_tat\tuning_outputs\weekly_20260615\weekly_labeling_template.xlsx
Check time: 2026-06-30 16:45
檢查時間: 2026-06-30 16:45

Pending rows 
... (truncated)

--- Email preview ---
To: timdaway.lai@intel.com
Subject: [Action Required][請處理] Fill HUMAN_CATEGORY / 請填寫 HUMAN_CATEGORY (9 pending) - Deadline Friday 5PM / 截止週五 5PM
Hi Timdaway Lai,

This is an automatic reminder for weekly labeling.
You still have 9 assigned row(s) with empty human_category.

ACTION REQUIRED:
[需要處理]
1. Open the source file below.
1. 開啟下方來源檔案。
2. Fill the HUMAN_CATEGORY column for your assigned rows.
2. 請在你負責的列填寫 HUMAN_CATEGORY 欄位。
3. Save after update.
3. 更新後請儲存。
4. Deadline: Friday 5:00 PM.
4. 截止時間：本週五下午 5:00。

Source file: C:\Users\jtsao1\OneDrive - Intel Corporation\Documents\My workspace\jira_ips_tat_HP\jira_tat\jira_customer_tat\tuning_outputs\weekly_20260615\weekly_labeling_template.xlsx
來源檔案: C:\Users\jtsao1\OneDrive - Intel Corporation\Documents\My workspace\jira_ips_tat_HP\jira_tat\jira_customer_tat\tuning_outputs\weekly_20260615\weekly_labeling_template.xlsx
Check time: 2026-06-30 16:45
檢查時間: 2026-06-30 16:45

Pending rows 
... (truncated)

--- Email preview ---
To: wesley.kuo@intel.com
Subject: [Action Required][請處理] Fill HUMAN_CATEGORY / 請填寫 HUMAN_CATEGORY (2 pending) - Deadline Friday 5PM / 截止週五 5PM
Hi Wesley Kuo,

This is an automatic reminder for weekly labeling.
You still have 2 assigned row(s) with empty human_category.

ACTION REQUIRED:
[需要處理]
1. Open the source file below.
1. 開啟下方來源檔案。
2. Fill the HUMAN_CATEGORY column for your assigned rows.
2. 請在你負責的列填寫 HUMAN_CATEGORY 欄位。
3. Save after update.
3. 更新後請儲存。
4. Deadline: Friday 5:00 PM.
4. 截止時間：本週五下午 5:00。

Source file: C:\Users\jtsao1\OneDrive - Intel Corporation\Documents\My workspace\jira_ips_tat_HP\jira_tat\jira_customer_tat\tuning_outputs\weekly_20260615\weekly_labeling_template.xlsx
來源檔案: C:\Users\jtsao1\OneDrive - Intel Corporation\Documents\My workspace\jira_ips_tat_HP\jira_tat\jira_customer_tat\tuning_outputs\weekly_20260615\weekly_labeling_template.xlsx
Check time: 2026-06-30 16:45
檢查時間: 2026-06-30 16:45

Pending rows (s
... (truncated)

--- Email preview ---
To: yu-wei.chen@intel.com
Subject: [Action Required][請處理] Fill HUMAN_CATEGORY / 請填寫 HUMAN_CATEGORY (2 pending) - Deadline Friday 5PM / 截止週五 5PM
Hi Yu Wei Chen,

This is an automatic reminder for weekly labeling.
You still have 2 assigned row(s) with empty human_category.

ACTION REQUIRED:
[需要處理]
1. Open the source file below.
1. 開啟下方來源檔案。
2. Fill the HUMAN_CATEGORY column for your assigned rows.
2. 請在你負責的列填寫 HUMAN_CATEGORY 欄位。
3. Save after update.
3. 更新後請儲存。
4. Deadline: Friday 5:00 PM.
4. 截止時間：本週五下午 5:00。

Source file: C:\Users\jtsao1\OneDrive - Intel Corporation\Documents\My workspace\jira_ips_tat_HP\jira_tat\jira_customer_tat\tuning_outputs\weekly_20260615\weekly_labeling_template.xlsx
來源檔案: C:\Users\jtsao1\OneDrive - Intel Corporation\Documents\My workspace\jira_ips_tat_HP\jira_tat\jira_customer_tat\tuning_outputs\weekly_20260615\weekly_labeling_template.xlsx
Check time: 2026-06-30 16:45
檢查時間: 2026-06-30 16:45

Pending rows (
... (truncated)

--- Email preview ---
To: zhiqiang.cai@intel.com
Subject: [Action Required][請處理] Fill HUMAN_CATEGORY / 請填寫 HUMAN_CATEGORY (9 pending) - Deadline Friday 5PM / 截止週五 5PM
Hi Zhiqiang Cai,

This is an automatic reminder for weekly labeling.
You still have 9 assigned row(s) with empty human_category.

ACTION REQUIRED:
[需要處理]
1. Open the source file below.
1. 開啟下方來源檔案。
2. Fill the HUMAN_CATEGORY column for your assigned rows.
2. 請在你負責的列填寫 HUMAN_CATEGORY 欄位。
3. Save after update.
3. 更新後請儲存。
4. Deadline: Friday 5:00 PM.
4. 截止時間：本週五下午 5:00。

Source file: C:\Users\jtsao1\OneDrive - Intel Corporation\Documents\My workspace\jira_ips_tat_HP\jira_tat\jira_customer_tat\tuning_outputs\weekly_20260615\weekly_labeling_template.xlsx
來源檔案: C:\Users\jtsao1\OneDrive - Intel Corporation\Documents\My workspace\jira_ips_tat_HP\jira_tat\jira_customer_tat\tuning_outputs\weekly_20260615\weekly_labeling_template.xlsx
Check time: 2026-06-30 16:45
檢查時間: 2026-06-30 16:45

Pending rows 
... (truncated)
[INFO] Exit code: 0
[INFO] ===== Labeling reminder daily end =====
