[INFO] ===== Labeling reminder daily start =====
[INFO] Timestamp: Mon 07/06/2026 11:38:23.40
[INFO] Script dir: C:\Users\jtsao1\OneDrive - Intel Corporation\Documents\My workspace\jira_ips_tat_HP\jira_tat\jira_customer_tat\jobs\01_issue_category_tuning\
[INFO] Current dir: C:\Users\jtsao1\OneDrive - Intel Corporation\Documents\My workspace\jira_ips_tat_HP\jira_tat\jira_customer_tat\jobs\01_issue_category_tuning
[INFO] Project root: C:\Users\jtsao1\OneDrive - Intel Corporation\Documents\My workspace\jira_ips_tat_HP\jira_tat\jira_customer_tat\jobs\01_issue_category_tuning\..\..
[INFO] tuning_root: C:\Users\jtsao1\OneDrive - Intel Corporation\Documents\My workspace\jira_ips_tat_HP\jira_tat\jira_customer_tat\jobs\01_issue_category_tuning\..\..\tuning_outputs
[INFO] GRAPH_AUTH_MODE: app
[INFO] GRAPH_SENDER_UPN: frank.lee@intel.com
[INFO] PYTHONPATH: C:\Users\jtsao1\OneDrive - Intel Corporation\Documents\My workspace\jira_ips_tat_HP\jira_tat\jira_customer_tat\jobs\01_issue_category_tuning\..\..;C:\Users\jtsao1\OneDrive - Intel Corporation\Documents\My workspace\jira_ips_tat_HP\jira_tat\jira_customer_tat\jobs\01_issue_category_tuning\..\..\APIs;C:\Users\jtsao1\OneDrive - Intel Corporation\Documents\My workspace\jira_ips_tat_HP\jira_tat\jira_customer_tat\jobs\01_issue_category_tuning\..\..\jobs\06_reporting_and_notifications;
[INFO] PY_EXE: C:\Users\jtsao1\OneDrive - Intel Corporation\Documents\My workspace\jira_ips_tat_HP\jira_tat\jira_customer_tat\jobs\01_issue_category_tuning\..\..\customer issue analysis\.venv\Scripts\python.exe
[INFO] PY_ARGS: 
C:\Python314\python.exe
C:\Users\jtsao1\AppData\Local\Microsoft\WindowsApps\python.exe
C:\Users\jtsao1\AppData\Local\Python\bin\python.exe
[INFO] Latest weekly dir: C:\Users\jtsao1\OneDrive - Intel Corporation\Documents\My workspace\jira_ips_tat_HP\jira_tat\jira_customer_tat\tuning_outputs\weekly_20260701
[INFO] Target CSV: C:\Users\jtsao1\OneDrive - Intel Corporation\Documents\My workspace\jira_ips_tat_HP\jira_tat\jira_customer_tat\tuning_outputs\weekly_20260701\weekly_labeling_template.csv
[INFO] Command: "C:\Users\jtsao1\OneDrive - Intel Corporation\Documents\My workspace\jira_ips_tat_HP\jira_tat\jira_customer_tat\jobs\01_issue_category_tuning\..\..\customer issue analysis\.venv\Scripts\python.exe"  send_labeling_reminders.py --send-email --graph-auth-mode app --weekly-dir "C:\Users\jtsao1\OneDrive - Intel Corporation\Documents\My workspace\jira_ips_tat_HP\jira_tat\jira_customer_tat\tuning_outputs\weekly_20260701" 
2026-07-06 11:38:40,492 [INFO] Pending source path: C:\Users\jtsao1\OneDrive - Intel Corporation\Documents\My workspace\jira_ips_tat_HP\jira_tat\jira_customer_tat\tuning_outputs\weekly_20260701\weekly_labeling_template.csv
2026-07-06 11:38:46,578 [WARNING] Could not download cloud-fresh source; fallback to local file: HTTP Error 401: Unauthorized
2026-07-06 11:38:46,581 [INFO] Loaded pending rows from CSV C:\Users\jtsao1\OneDrive - Intel Corporation\Documents\My workspace\jira_ips_tat_HP\jira_tat\jira_customer_tat\tuning_outputs\weekly_20260701\weekly_labeling_template.csv: assignees=13
2026-07-06 11:38:46,581 [INFO] Pending assignees: 13, pending rows: 52
2026-07-06 11:38:46,581 [INFO] Graph auth mode: app (sender=frank.lee@intel.com)
2026-07-06 11:38:47,830 [WARNING] openpyxl unavailable; keep using CSV reference (may open as read-only in web): No module named 'openpyxl'
2026-07-06 11:38:48,601 [WARNING] Failed to create shared link for CSV; fallback to local path: HTTP Error 401: Unauthorized
[Config] Using GRAPH_CLIENT_SECRET from environment/.env.
[Config] Using GRAPH_CLIENT_SECRET from environment/.env.
Traceback (most recent call last):
  File "C:\Users\jtsao1\OneDrive - Intel Corporation\Documents\My workspace\jira_ips_tat_HP\jira_tat\jira_customer_tat\jobs\01_issue_category_tuning\send_labeling_reminders.py", line 646, in <module>
    raise SystemExit(main())
                     ~~~~^^
  File "C:\Users\jtsao1\OneDrive - Intel Corporation\Documents\My workspace\jira_ips_tat_HP\jira_tat\jira_customer_tat\jobs\01_issue_category_tuning\send_labeling_reminders.py", line 628, in main
    return _send_reminders(
        pending_by_assignee=pending_by_assignee,
    ...<5 lines>...
        graph_auth_mode=str(args.graph_auth_mode or "app"),
    )
  File "C:\Users\jtsao1\OneDrive - Intel Corporation\Documents\My workspace\jira_ips_tat_HP\jira_tat\jira_customer_tat\jobs\01_issue_category_tuning\send_labeling_reminders.py", line 566, in _send_reminders
    send_mail_via_graph(
    ~~~~~~~~~~~~~~~~~~~^
        token=token,
        ^^^^^^^^^^^^
    ...<6 lines>...
        sender_upn=sender_upn or None,
        ^^^^^^^^^^^^^^^^^^^^^^^^^^^^^^
    )
    ^
  File "C:\Users\jtsao1\OneDrive - Intel Corporation\Documents\My workspace\jira_ips_tat_HP\jira_tat\jira_customer_tat\jobs\06_reporting_and_notifications\Meeting_agenda_OneNote.py", line 733, in send_mail_via_graph
    raise RuntimeError(f"Graph sendMail failed: {r.status_code} {r.text}")
RuntimeError: Graph sendMail failed: 403 {"error":{"code":"ErrorAccessDenied","message":"Access is denied. Check credentials and try again."}}
[INFO] Exit code: 1
[INFO] ===== Labeling reminder daily end =====
