[INFO] ===== Weekly tuning + prepare start =====
[INFO] Timestamp: Wed 07/01/2026 13:37:32.68
[INFO] Script dir: C:\Users\jtsao1\OneDrive - Intel Corporation\Documents\My workspace\jira_ips_tat_HP\jira_tat\jira_customer_tat\jobs\01_issue_category_tuning\
[INFO] Parameters: threshold=0.45 topN=all
[STEP 1/3] Weekly tuning
[INFO] Running weekly category tuning...
[INFO] Output directory: C:\Users\jtsao1\OneDrive - Intel Corporation\Documents\My workspace\jira_ips_tat_HP\jira_tat\jira_customer_tat\jobs\01_issue_category_tuning\..\..\tuning_outputs\weekly_20260701
[INFO] Low-confidence threshold: 0.45
[INFO] Input directories: C:\Users\jtsao1\OneDrive - Intel Corporation\Documents\My workspace\jira_ips_tat_HP\jira_tat\jira_customer_tat\jobs\01_issue_category_tuning\..\..\CFE_reviewed_issue,C:\Users\jtsao1\OneDrive - Intel Corporation\Documents\My workspace\jira_ips_tat_HP\jira_tat\jira_customer_tat\jobs\01_issue_category_tuning\..\..\CFE_input
[INFO] Current model: C:\Users\jtsao1\OneDrive - Intel Corporation\Documents\My workspace\jira_ips_tat_HP\jira_tat\jira_customer_tat\jobs\01_issue_category_tuning\..\..\models\issue_category_model.joblib
[INFO] Python: C:\Users\jtsao1\OneDrive - Intel Corporation\Documents\My workspace\jira_ips_tat_HP\jira_tat\jira_customer_tat\jobs\01_issue_category_tuning\..\..\customer issue analysis\.venv\Scripts\python.exe
Tuning cycle complete
Rows total: 1411
Rows used: 1404
Dropped rare labels (<5 rows): Layout, MSFT, Need-triage, System hang
Best model by macro_f1: LinearSVC (0.8423)
Model compare: C:\Users\jtsao1\OneDrive - Intel Corporation\Documents\My workspace\jira_ips_tat_HP\jira_tat\jira_customer_tat\jobs\01_issue_category_tuning\..\..\tuning_outputs\weekly_20260701\model_compare_metrics.json
Confusion matrix: C:\Users\jtsao1\OneDrive - Intel Corporation\Documents\My workspace\jira_ips_tat_HP\jira_tat\jira_customer_tat\jobs\01_issue_category_tuning\..\..\tuning_outputs\weekly_20260701\best_model_confusion_matrix.csv
Low-confidence candidates: C:\Users\jtsao1\OneDrive - Intel Corporation\Documents\My workspace\jira_ips_tat_HP\jira_tat\jira_customer_tat\jobs\01_issue_category_tuning\..\..\tuning_outputs\weekly_20260701\low_confidence_candidates.csv (594 rows, threshold=0.45)
[OK] Weekly tuning complete.
[OK] Review these files:
  C:\Users\jtsao1\OneDrive - Intel Corporation\Documents\My workspace\jira_ips_tat_HP\jira_tat\jira_customer_tat\jobs\01_issue_category_tuning\..\..\tuning_outputs\weekly_20260701\model_compare_metrics.json
  C:\Users\jtsao1\OneDrive - Intel Corporation\Documents\My workspace\jira_ips_tat_HP\jira_tat\jira_customer_tat\jobs\01_issue_category_tuning\..\..\tuning_outputs\weekly_20260701\best_model_confusion_matrix.csv
  C:\Users\jtsao1\OneDrive - Intel Corporation\Documents\My workspace\jira_ips_tat_HP\jira_tat\jira_customer_tat\jobs\01_issue_category_tuning\..\..\tuning_outputs\weekly_20260701\low_confidence_candidates.csv
[STEP 2/3] Prepare labeling template
[INFO] Preparing weekly labeling template...
[INFO] Top N rows from last week's new issues: all (use 'all' to include all)
Traceback (most recent call last):
  File "C:\Users\jtsao1\OneDrive - Intel Corporation\Documents\My workspace\jira_ips_tat_HP\jira_tat\jira_customer_tat\jobs\01_issue_category_tuning\prepare_weekly_labeling_template.py", line 11, in <module>
    from Wireless_bug_dashboard import DbConnector  # type: ignore
    ^^^^^^^^^^^^^^^^^^^^^^^^^^^^^^^^^^^^^^^^^^^^^^
ModuleNotFoundError: No module named 'Wireless_bug_dashboard'
[ERROR] Failed to prepare weekly labeling template.
[ERROR] Prepare labeling template failed. exit=1
[INFO] Exit code: 1
[INFO] ===== Weekly tuning + prepare end =====
