[INFO] ===== Weekly tuning + prepare start =====
[INFO] Timestamp: Wed 07/01/2026 13:37:15.08
[INFO] Script dir: C:\Users\jtsao1\OneDrive - Intel Corporation\Documents\My workspace\jira_ips_tat_HP\jira_tat\jira_customer_tat\jobs\01_issue_category_tuning\
[INFO] Parameters: threshold=0.45 topN=all
[STEP 1/3] Weekly tuning
[INFO] Running weekly category tuning...
[INFO] Output directory: C:\Users\jtsao1\OneDrive - Intel Corporation\Documents\My workspace\jira_ips_tat_HP\jira_tat\jira_customer_tat\jobs\01_issue_category_tuning\..\..\tuning_outputs\weekly_20260701
[INFO] Low-confidence threshold: 0.45
[INFO] Input directories: C:\Users\jtsao1\OneDrive - Intel Corporation\Documents\My workspace\jira_ips_tat_HP\jira_tat\jira_customer_tat\jobs\01_issue_category_tuning\..\..\CFE_reviewed_issue,C:\Users\jtsao1\OneDrive - Intel Corporation\Documents\My workspace\jira_ips_tat_HP\jira_tat\jira_customer_tat\jobs\01_issue_category_tuning\..\..\CFE_input
[INFO] Python: C:\Users\jtsao1\OneDrive - Intel Corporation\Documents\My workspace\jira_ips_tat_HP\jira_tat\jira_customer_tat\jobs\01_issue_category_tuning\..\..\customer issue analysis\.venv\Scripts\python.exe
Traceback (most recent call last):
  File "C:\Users\jtsao1\OneDrive - Intel Corporation\Documents\My workspace\jira_ips_tat_HP\jira_tat\jira_customer_tat\jobs\01_issue_category_tuning\run_category_tuning_cycle.py", line 297, in <module>
    raise SystemExit(main())
                     ~~~~^^
  File "C:\Users\jtsao1\OneDrive - Intel Corporation\Documents\My workspace\jira_ips_tat_HP\jira_tat\jira_customer_tat\jobs\01_issue_category_tuning\run_category_tuning_cycle.py", line 276, in main
    low_conf_count = _export_low_confidence_rows(
        args.current_model,
    ...<3 lines>...
        ml,
    )
  File "C:\Users\jtsao1\OneDrive - Intel Corporation\Documents\My workspace\jira_ips_tat_HP\jira_tat\jira_customer_tat\jobs\01_issue_category_tuning\run_category_tuning_cycle.py", line 141, in _export_low_confidence_rows
    artifact = joblib.load(current_model_path)
  File "C:\Users\jtsao1\OneDrive - Intel Corporation\Documents\My workspace\jira_ips_tat_HP\jira_tat\jira_customer_tat\customer issue analysis\.venv\Lib\site-packages\joblib\numpy_pickle.py", line 735, in load
    with open(filename, "rb") as f:
         ~~~~^^^^^^^^^^^^^^^^
FileNotFoundError: [Errno 2] No such file or directory: 'models\\issue_category_model.joblib'
[ERROR] Weekly tuning failed.
[ERROR] Weekly tuning failed. exit=1
[INFO] Exit code: 1
[INFO] ===== Weekly tuning + prepare end =====
