[INFO] ===== Management monthly customer issue report start =====
[INFO] Timestamp: Tue 06/30/2026 18:01:01.34
[INFO] Script dir: C:\Users\jtsao1\OneDrive - Intel Corporation\Documents\My workspace\jira_ips_tat_HP\jira_tat\jira_customer_tat\jobs\06_reporting_and_notifications\
[INFO] Project root: C:\Users\jtsao1\OneDrive - Intel Corporation\Documents\My workspace\jira_ips_tat_HP\jira_tat\jira_customer_tat\jobs\06_reporting_and_notifications\..\..
[INFO] Year: 2026
[INFO] Python: C:\Users\jtsao1\OneDrive - Intel Corporation\Documents\My workspace\jira_ips_tat_HP\jira_tat\jira_customer_tat\jobs\06_reporting_and_notifications\..\..\customer issue analysis\.venv\Scripts\python.exe
[INFO] PYTHONPATH: C:\Users\jtsao1\OneDrive - Intel Corporation\Documents\My workspace\jira_ips_tat_HP\jira_tat\jira_customer_tat\jobs\06_reporting_and_notifications\..\..;C:\Users\jtsao1\OneDrive - Intel Corporation\Documents\My workspace\jira_ips_tat_HP\jira_tat\jira_customer_tat\jobs\06_reporting_and_notifications\..\..\APIs;C:\Users\jtsao1\OneDrive - Intel Corporation\Documents\My workspace\jira_ips_tat_HP\jira_tat\jira_customer_tat\jobs\06_reporting_and_notifications\..\..\jobs\01_issue_category_tuning;C:\Users\jtsao1\OneDrive - Intel Corporation\Documents\My workspace\jira_ips_tat_HP\jira_tat\jira_customer_tat\jobs\06_reporting_and_notifications\..\..\jobs\03_offload_automation;C:\Users\jtsao1\OneDrive - Intel Corporation\Documents\My workspace\jira_ips_tat_HP\jira_tat\jira_customer_tat\jobs\06_reporting_and_notifications\..\..\jobs\04_wireless_bug_dashboard;C:\Users\jtsao1\OneDrive - Intel Corporation\Documents\My workspace\jira_ips_tat_HP\jira_tat\jira_customer_tat\jobs\06_reporting_and_notifications\..\..\jobs\06_reporting_and_notifications;
[INFO] ISSUE_CATEGORY_PREDICT_BACKEND: ml
[INFO] GRAPH_AUTH_MODE: app
[INFO] Report script: C:\Users\jtsao1\OneDrive - Intel Corporation\Documents\My workspace\jira_ips_tat_HP\jira_tat\jira_customer_tat\jobs\06_reporting_and_notifications\..\..\customer issue analysis\send_management_monthly_issue_report.py
[INFO] Recipients: C:\Users\jtsao1\OneDrive - Intel Corporation\Documents\My workspace\jira_ips_tat_HP\jira_tat\jira_customer_tat\jobs\06_reporting_and_notifications\..\..\customer issue analysis\recipients_management_monthly.json
[INFO] Model: C:\Users\jtsao1\OneDrive - Intel Corporation\Documents\My workspace\jira_ips_tat_HP\jira_tat\jira_customer_tat\jobs\06_reporting_and_notifications\..\..\models\issue_category_model.joblib
[INFO] Output dir: C:\Users\jtsao1\OneDrive - Intel Corporation\Documents\My workspace\jira_ips_tat_HP\jira_tat\jira_customer_tat\jobs\06_reporting_and_notifications\..\..\customer issue analysis\outputs
[INFO] Scope: all customers, 2026 only, simplified monthly management HTML
[OK] Customer issue analysis completed.
[OK] Range: 2026-2026
[OK] 2026: total_issues=572 wifi=283 bt=270
[OK] JSON: C:\Users\jtsao1\OneDrive - Intel Corporation\Documents\My workspace\jira_ips_tat_HP\jira_tat\jira_customer_tat\jobs\06_reporting_and_notifications\..\..\customer issue analysis\outputs\all_customers_issue_analysis_2026_2026.json
[OK] Detail CSV: C:\Users\jtsao1\OneDrive - Intel Corporation\Documents\My workspace\jira_ips_tat_HP\jira_tat\jira_customer_tat\jobs\06_reporting_and_notifications\..\..\customer issue analysis\outputs\all_customers_issue_analysis_2026_2026_detail.csv
[OK] YoY CSV: C:\Users\jtsao1\OneDrive - Intel Corporation\Documents\My workspace\jira_ips_tat_HP\jira_tat\jira_customer_tat\jobs\06_reporting_and_notifications\..\..\customer issue analysis\outputs\all_customers_issue_analysis_2026_2026_yoy.csv
[OK] Pie Chart Report (HTML): C:\Users\jtsao1\OneDrive - Intel Corporation\Documents\My workspace\jira_ips_tat_HP\jira_tat\jira_customer_tat\jobs\06_reporting_and_notifications\..\..\customer issue analysis\outputs\all_customers_issue_analysis_2026_2026_report.html
[INFO] Running base customer analysis for management monthly report...
[INFO] Command: C:\Users\jtsao1\OneDrive - Intel Corporation\Documents\My workspace\jira_ips_tat_HP\jira_tat\jira_customer_tat\customer issue analysis\.venv\Scripts\python.exe C:\Users\jtsao1\OneDrive - Intel Corporation\Documents\My workspace\jira_ips_tat_HP\jira_tat\jira_customer_tat\customer issue analysis\customer_issue_analysis.py --start-year 2026 --end-year 2026 --table ips_jira_bugs --model C:\Users\jtsao1\OneDrive - Intel Corporation\Documents\My workspace\jira_ips_tat_HP\jira_tat\jira_customer_tat\jobs\06_reporting_and_notifications\..\..\models\issue_category_model.joblib --output-dir C:\Users\jtsao1\OneDrive - Intel Corporation\Documents\My workspace\jira_ips_tat_HP\jira_tat\jira_customer_tat\jobs\06_reporting_and_notifications\..\..\customer issue analysis\outputs --customer all
[OK] Management monthly report generated: C:\Users\jtsao1\OneDrive - Intel Corporation\Documents\My workspace\jira_ips_tat_HP\jira_tat\jira_customer_tat\jobs\06_reporting_and_notifications\..\..\customer issue analysis\outputs\all_customers_issue_analysis_management_monthly_2026_report.html
[Config] Using GRAPH_CLIENT_SECRET from environment/.env.
Traceback (most recent call last):
  File "C:\Users\jtsao1\OneDrive - Intel Corporation\Documents\My workspace\jira_ips_tat_HP\jira_tat\jira_customer_tat\jobs\06_reporting_and_notifications\..\..\customer issue analysis\send_management_monthly_issue_report.py", line 313, in <module>
    raise SystemExit(main())
                     ~~~~^^
  File "C:\Users\jtsao1\OneDrive - Intel Corporation\Documents\My workspace\jira_ips_tat_HP\jira_tat\jira_customer_tat\jobs\06_reporting_and_notifications\..\..\customer issue analysis\send_management_monthly_issue_report.py", line 293, in main
    token, sender_upn = _get_token(args.graph_auth_mode)
                        ~~~~~~~~~~^^^^^^^^^^^^^^^^^^^^^^
  File "C:\Users\jtsao1\OneDrive - Intel Corporation\Documents\My workspace\jira_ips_tat_HP\jira_tat\jira_customer_tat\jobs\06_reporting_and_notifications\..\..\customer issue analysis\send_management_monthly_issue_report.py", line 233, in _get_token
    token = get_graph_token_app_only(client_secret, scopes=["https://graph.microsoft.com/.default"])
  File "C:\Users\jtsao1\OneDrive - Intel Corporation\Documents\My workspace\jira_ips_tat_HP\jira_tat\jira_customer_tat\jobs\06_reporting_and_notifications\Meeting_agenda_OneNote.py", line 435, in get_graph_token_app_only
    app = msal.ConfidentialClientApplication(
        client_id=CLIENT_ID,
        authority=authority,
        client_credential=client_secret.strip(),
    )
  File "C:\Users\jtsao1\OneDrive - Intel Corporation\Documents\My workspace\jira_ips_tat_HP\jira_tat\jira_customer_tat\customer issue analysis\.venv\Lib\site-packages\msal\application.py", line 649, in __init__
    self.authority = Authority(
                     ~~~~~~~~~^
        authority_to_use,
        ^^^^^^^^^^^^^^^^^
    ...<3 lines>...
        oidc_authority_url=oidc_authority,
        ^^^^^^^^^^^^^^^^^^^^^^^^^^^^^^^^^^
        )
        ^
  File "C:\Users\jtsao1\OneDrive - Intel Corporation\Documents\My workspace\jira_ips_tat_HP\jira_tat\jira_customer_tat\customer issue analysis\.venv\Lib\site-packages\msal\authority.py", line 95, in __init__
    tenant_discovery_endpoint = self._initialize_entra_authority(
        authority_url, validate_authority, instance_discovery)
  File "C:\Users\jtsao1\OneDrive - Intel Corporation\Documents\My workspace\jira_ips_tat_HP\jira_tat\jira_customer_tat\customer issue analysis\.venv\Lib\site-packages\msal\authority.py", line 149, in _initialize_entra_authority
    authority, self.instance, tenant = canonicalize(authority_url)
                                       ~~~~~~~~~~~~^^^^^^^^^^^^^^^
  File "C:\Users\jtsao1\OneDrive - Intel Corporation\Documents\My workspace\jira_ips_tat_HP\jira_tat\jira_customer_tat\customer issue analysis\.venv\Lib\site-packages\msal\authority.py", line 275, in canonicalize
    raise ValueError(
    ...<5 lines>...
        % authority_or_auth_endpoint)
ValueError: Your given address (https://login.microsoftonline.com/) should consist of an https url with hostname and a minimum of one segment in a path: e.g. https://login.microsoftonline.com/{tenant} or https://{tenant_name}.ciamlogin.com/{tenant} or https://{tenant_name}.b2clogin.com/{tenant_name}.onmicrosoft.com/policy
[ERROR] Management monthly report batch failed.
[INFO] Exit code: 
[INFO] ===== Management monthly customer issue report end =====
