[INFO] ===== Management monthly customer issue report start =====
[INFO] Timestamp: Tue 06/30/2026 17:30:06.80
[INFO] Script dir: C:\Users\jtsao1\OneDrive - Intel Corporation\Documents\My workspace\jira_ips_tat_HP\jira_tat\jira_customer_tat\jobs\06_reporting_and_notifications\
[INFO] Project root: C:\Users\jtsao1\OneDrive - Intel Corporation\Documents\My workspace\jira_ips_tat_HP\jira_tat\jira_customer_tat\jobs\06_reporting_and_notifications\..\..
[INFO] Year: 2026
[INFO] Python: C:\Users\jtsao1\OneDrive - Intel Corporation\Documents\My workspace\jira_ips_tat_HP\jira_tat\jira_customer_tat\jobs\06_reporting_and_notifications\..\..\customer issue analysis\.venv\Scripts\python.exe
[INFO] PYTHONPATH: C:\Users\jtsao1\OneDrive - Intel Corporation\Documents\My workspace\jira_ips_tat_HP\jira_tat\jira_customer_tat\jobs\06_reporting_and_notifications\..\..;C:\Users\jtsao1\OneDrive - Intel Corporation\Documents\My workspace\jira_ips_tat_HP\jira_tat\jira_customer_tat\jobs\06_reporting_and_notifications\..\..\APIs;C:\Users\jtsao1\OneDrive - Intel Corporation\Documents\My workspace\jira_ips_tat_HP\jira_tat\jira_customer_tat\jobs\06_reporting_and_notifications\..\..\jobs\06_reporting_and_notifications;
[INFO] Report script: C:\Users\jtsao1\OneDrive - Intel Corporation\Documents\My workspace\jira_ips_tat_HP\jira_tat\jira_customer_tat\jobs\06_reporting_and_notifications\..\..\customer issue analysis\send_management_monthly_issue_report.py
[INFO] Recipients: C:\Users\jtsao1\OneDrive - Intel Corporation\Documents\My workspace\jira_ips_tat_HP\jira_tat\jira_customer_tat\jobs\06_reporting_and_notifications\..\..\customer issue analysis\recipients_management_monthly.json
[INFO] Scope: all customers, 2026 only, simplified monthly management HTML
Traceback (most recent call last):
  File "C:\Users\jtsao1\OneDrive - Intel Corporation\Documents\My workspace\jira_ips_tat_HP\jira_tat\jira_customer_tat\customer issue analysis\customer_issue_analysis.py", line 18, in <module>
    from Wireless_bug_dashboard import DbConnector  # type: ignore
    ^^^^^^^^^^^^^^^^^^^^^^^^^^^^^^^^^^^^^^^^^^^^^^
ModuleNotFoundError: No module named 'Wireless_bug_dashboard'
[INFO] Running base customer analysis for management monthly report...
[INFO] Command: C:\Users\jtsao1\OneDrive - Intel Corporation\Documents\My workspace\jira_ips_tat_HP\jira_tat\jira_customer_tat\customer issue analysis\.venv\Scripts\python.exe C:\Users\jtsao1\OneDrive - Intel Corporation\Documents\My workspace\jira_ips_tat_HP\jira_tat\jira_customer_tat\customer issue analysis\customer_issue_analysis.py --start-year 2026 --end-year 2026 --table ips_jira_bugs --model models\issue_category_model.joblib --output-dir customer issue analysis\outputs --customer all
Traceback (most recent call last):
  File "C:\Users\jtsao1\OneDrive - Intel Corporation\Documents\My workspace\jira_ips_tat_HP\jira_tat\jira_customer_tat\jobs\06_reporting_and_notifications\..\..\customer issue analysis\send_management_monthly_issue_report.py", line 313, in <module>
    raise SystemExit(main())
                     ~~~~^^
  File "C:\Users\jtsao1\OneDrive - Intel Corporation\Documents\My workspace\jira_ips_tat_HP\jira_tat\jira_customer_tat\jobs\06_reporting_and_notifications\..\..\customer issue analysis\send_management_monthly_issue_report.py", line 258, in main
    _run_base_analysis(
    ~~~~~~~~~~~~~~~~~~^
        python_exe=python_exe,
        ^^^^^^^^^^^^^^^^^^^^^^
    ...<4 lines>...
        year=args.year,
        ^^^^^^^^^^^^^^^
    )
    ^
  File "C:\Users\jtsao1\OneDrive - Intel Corporation\Documents\My workspace\jira_ips_tat_HP\jira_tat\jira_customer_tat\jobs\06_reporting_and_notifications\..\..\customer issue analysis\send_management_monthly_issue_report.py", line 59, in _run_base_analysis
    subprocess.run(cmd, check=True)
    ~~~~~~~~~~~~~~^^^^^^^^^^^^^^^^^
  File "C:\Users\jtsao1\AppData\Local\Python\pythoncore-3.14-64\Lib\subprocess.py", line 577, in run
    raise CalledProcessError(retcode, process.args,
                             output=stdout, stderr=stderr)
subprocess.CalledProcessError: Command '['C:\\Users\\jtsao1\\OneDrive - Intel Corporation\\Documents\\My workspace\\jira_ips_tat_HP\\jira_tat\\jira_customer_tat\\customer issue analysis\\.venv\\Scripts\\python.exe', 'C:\\Users\\jtsao1\\OneDrive - Intel Corporation\\Documents\\My workspace\\jira_ips_tat_HP\\jira_tat\\jira_customer_tat\\customer issue analysis\\customer_issue_analysis.py', '--start-year', '2026', '--end-year', '2026', '--table', 'ips_jira_bugs', '--model', 'models\\issue_category_model.joblib', '--output-dir', 'customer issue analysis\\outputs', '--customer', 'all']' returned non-zero exit status 1.
[ERROR] Management monthly report batch failed.
[INFO] Exit code: 
[INFO] ===== Management monthly customer issue report end =====
