[INFO] ===== Verify-issue close reminder weekly start =====
[INFO] Timestamp: Mon 06/29/2026 11:01:06.30
[INFO] Script dir: C:\Users\jtsao1\OneDrive - Intel Corporation\Documents\My workspace\jira_ips_tat_HP\jira_tat\jira_customer_tat\jobs\06_reporting_and_notifications\
[INFO] Current dir: C:\Users\jtsao1\OneDrive - Intel Corporation\Documents\My workspace\jira_ips_tat_HP\jira_tat\jira_customer_tat\jobs\06_reporting_and_notifications
C:\Python314\python.exe
C:\Users\jtsao1\AppData\Local\Microsoft\WindowsApps\python.exe
C:\Users\jtsao1\AppData\Local\Python\bin\python.exe
[INFO] GRAPH_AUTH_MODE=delegated
[INFO] GRAPH_SENDER_UPN=frank.lee@intel.com
[INFO] Command: run_verify_issue_close_notify.bat --send-email 
[INFO] Running verify_issue_close_notify.py --send-email
[INFO] GRAPH_AUTH_MODE=delegated
[INFO] GRAPH_SENDER_UPN=frank.lee@intel.com
Traceback (most recent call last):
  File "C:\Users\jtsao1\OneDrive - Intel Corporation\Documents\My workspace\jira_ips_tat_HP\jira_tat\jira_customer_tat\jobs\06_reporting_and_notifications\verify_issue_close_notify.py", line 18, in <module>
    from Wireless_bug_dashboard import DbConnector  # type: ignore
    ^^^^^^^^^^^^^^^^^^^^^^^^^^^^^^^^^^^^^^^^^^^^^^
ModuleNotFoundError: No module named 'Wireless_bug_dashboard'
[INFO] Finished with exit code 1
[INFO] Exit code: 1
[INFO] ===== Verify-issue close reminder weekly end =====
