[WARN] ACTION REQUIRED: Monday pipeline completion log not found. Please run run_weekly_tuning_and_prepare_labeling.bat.
[INFO] ===== Weekly KPI health check start =====
[INFO] Timestamp: Tue 06/30/2026 21:40:55.71
[INFO] Script dir: C:\Users\jtsao1\OneDrive - Intel Corporation\Documents\My workspace\jira_ips_tat_HP\jira_tat\jira_customer_tat\jobs\06_reporting_and_notifications\
[INFO] GRAPH_AUTH_MODE=delegated
[INFO] min_accepted_labels=10 gain_window=4 top_confusions=3
Traceback (most recent call last):
  File "C:\Users\jtsao1\OneDrive - Intel Corporation\Documents\My workspace\jira_ips_tat_HP\jira_tat\jira_customer_tat\jobs\06_reporting_and_notifications\weekly_kpi_health_check.py", line 351, in <module>
    raise SystemExit(main())
                     ~~~~^^
  File "C:\Users\jtsao1\OneDrive - Intel Corporation\Documents\My workspace\jira_ips_tat_HP\jira_tat\jira_customer_tat\jobs\06_reporting_and_notifications\weekly_kpi_health_check.py", line 288, in main
    raise FileNotFoundError(f"No weekly_* folders found under: {args.tuning_root}")
FileNotFoundError: No weekly_* folders found under: tuning_outputs
[INFO] Generating targeted labeling supplement...
C:\Python314\python.exe: can't open file 'C:\\Users\\jtsao1\\OneDrive - Intel Corporation\\Documents\\My workspace\\jira_ips_tat_HP\\jira_tat\\jira_customer_tat\\jobs\\06_reporting_and_notifications\\prepare_targeted_labeling_supplement.py': [Errno 2] No such file or directory
[WARN] Supplement generation failed, continuing without it.
[INFO] Sending KPI email report to tsao36@gmail.com
Traceback (most recent call last):
  File "C:\Users\jtsao1\OneDrive - Intel Corporation\Documents\My workspace\jira_ips_tat_HP\jira_tat\jira_customer_tat\jobs\06_reporting_and_notifications\send_weekly_kpi_report_email.py", line 496, in <module>
    raise SystemExit(main())
                     ~~~~^^
  File "C:\Users\jtsao1\OneDrive - Intel Corporation\Documents\My workspace\jira_ips_tat_HP\jira_tat\jira_customer_tat\jobs\06_reporting_and_notifications\send_weekly_kpi_report_email.py", line 420, in main
    latest_week = _find_latest_weekly_dir(_clean(args.tuning_root))
  File "C:\Users\jtsao1\OneDrive - Intel Corporation\Documents\My workspace\jira_ips_tat_HP\jira_tat\jira_customer_tat\jobs\06_reporting_and_notifications\send_weekly_kpi_report_email.py", line 96, in _find_latest_weekly_dir
    raise FileNotFoundError(f"No weekly_* folders found under: {tuning_root}")
FileNotFoundError: No weekly_* folders found under: tuning_outputs
[ERROR] Failed to send KPI email.
[INFO] Exit code: 1
[INFO] ===== Weekly KPI health check end =====
