[INFO] ===== Weekly current yearly issue count start ======
[INFO] Timestamp: Tue 07/07/2026 14:57:02.21
[INFO] Script dir: C:\Users\jtsao1\OneDrive - Intel Corporation\Documents\My workspace\jira_ips_tat_HP\jira_tat\jira_customer_tat\jobs\06_reporting_and_notifications\
[INFO] Current dir: C:\Users\jtsao1\OneDrive - Intel Corporation\Documents\My workspace\jira_ips_tat_HP\jira_tat\jira_customer_tat\jobs\06_reporting_and_notifications
C:\Python314\python.exe
C:\Users\jtsao1\AppData\Local\Microsoft\WindowsApps\python.exe
C:\Users\jtsao1\AppData\Local\Python\bin\python.exe
[INFO] GRAPH_AUTH_MODE=delegated
[INFO] GRAPH_SENDER_UPN=frank.lee@intel.com
[INFO] Running issue contribution report...
Traceback (most recent call last):
  File "C:\Users\jtsao1\OneDrive - Intel Corporation\Documents\My workspace\jira_ips_tat_HP\jira_tat\jira_customer_tat\jobs\06_reporting_and_notifications\weekly_issue_count_report.py", line 18, in <module>
    from Wireless_bug_dashboard import DbConnector  # type: ignore
    ^^^^^^^^^^^^^^^^^^^^^^^^^^^^^^^^^^^^^^^^^^^^^^
ModuleNotFoundError: No module named 'Wireless_bug_dashboard'
[INFO] Issue report exit code: 1
[INFO] Running project loading report...
2026-07-07 14:57:04,915 [INFO] Reading tasks from: C:\Users\jtsao1\OneDrive - Intel Corporation\CFE Team Folder\CFE Work Package Overview\CFE work overview.xlsx
Traceback (most recent call last):
  File "C:\Users\jtsao1\OneDrive - Intel Corporation\Documents\My workspace\jira_ips_tat_HP\jira_tat\jira_customer_tat\jobs\06_reporting_and_notifications\weekly_project_loading_report.py", line 421, in <module>
    raise SystemExit(main())
                     ~~~~^^
  File "C:\Users\jtsao1\OneDrive - Intel Corporation\Documents\My workspace\jira_ips_tat_HP\jira_tat\jira_customer_tat\jobs\06_reporting_and_notifications\weekly_project_loading_report.py", line 364, in main
    tasks = read_2026_tasks(args.excel)
  File "C:\Users\jtsao1\OneDrive - Intel Corporation\Documents\My workspace\jira_ips_tat_HP\jira_tat\jira_customer_tat\jobs\06_reporting_and_notifications\weekly_project_loading_report.py", line 95, in read_2026_tasks
    raise ValueError(f"Sheet '{_SHEET_NAME}' not found in {excel_path}")
ValueError: Sheet '2026 tasks' not found in C:\Users\jtsao1\OneDrive - Intel Corporation\CFE Team Folder\CFE Work Package Overview\CFE work overview.xlsx
[INFO] Project report exit code: 1
[INFO] ===== Weekly current yearly issue count end =====
