2026-06-21 16:44:50,471 [DEBUG] Using existing KRB5CCNAME=FILE:C:\Temp\krb5cache
2026-06-21 16:44:50,472 [INFO] Kerberos credential cache in use: FILE:C:\Temp\krb5cache
2026-06-21 16:44:50,475 [INFO] Using Kerberos authentication with cache FILE:C:\Temp\krb5cache
2026-06-21 16:44:50,477 [WARNING] SSL verification disabled for HSD API requests; set HSD_CA_CERT to enable.
2026-06-21 16:44:50,481 [INFO] HSD authentication mode in use: kerberos
2026-06-21 16:44:50,484 [INFO] Fetching bugs from saved query ID: 15019533347 (limit: 5000)
2026-06-21 16:44:50,486 [INFO] Query URL: https://hsdes.intel.com/appstore/generalapps/#/pages/community/1203659509?queryId=15019533347
2026-06-21 16:44:50,488 [INFO] [Attempt 1/5] Trying endpoint: https://hsdes-api.intel.com/rest/query/15019533347
2026-06-21 16:44:50,490 [DEBUG] API request: GET https://hsdes-api.intel.com/rest/query/15019533347
2026-06-21 16:44:51,764 [INFO] Successfully fetched 122 bugs from query 15019533347
2026-06-21 16:51:33,302 [DEBUG] Using existing KRB5CCNAME=FILE:C:\Temp\krb5cache
2026-06-21 16:51:33,302 [INFO] Kerberos credential cache in use: FILE:C:\Temp\krb5cache
2026-06-21 16:51:33,302 [INFO] Using Kerberos authentication with cache FILE:C:\Temp\krb5cache
2026-06-21 16:51:33,303 [WARNING] SSL verification disabled for HSD API requests; set HSD_CA_CERT to enable.
2026-06-21 16:51:33,303 [INFO] HSD authentication mode in use: kerberos
2026-06-21 16:51:33,303 [INFO] Fetching bugs from saved query ID: 15019533347 (limit: 5000)
2026-06-21 16:51:33,303 [INFO] Query URL: https://hsdes.intel.com/appstore/generalapps/#/pages/community/1203659509?queryId=15019533347
2026-06-21 16:51:33,303 [INFO] [Attempt 1/5] Trying endpoint: https://hsdes-api.intel.com/rest/query/15019533347
2026-06-21 16:51:33,303 [DEBUG] API request: GET https://hsdes-api.intel.com/rest/query/15019533347
2026-06-21 16:51:34,300 [INFO] Successfully fetched 122 bugs from query 15019533347
2026-06-21 18:38:44,747 [DEBUG] Using existing KRB5CCNAME=FILE:C:\Temp\krb5cache
2026-06-21 18:38:44,749 [INFO] Kerberos credential cache in use: FILE:C:\Temp\krb5cache
2026-06-21 18:38:44,749 [INFO] Using Kerberos authentication with cache FILE:C:\Temp\krb5cache
2026-06-21 18:38:44,749 [WARNING] SSL verification disabled for HSD API requests; set HSD_CA_CERT to enable.
2026-06-21 18:38:44,750 [INFO] HSD authentication mode in use: kerberos
2026-06-21 18:38:44,750 [INFO] Fetching bugs from saved query ID: 15019533347 (limit: 5000)
2026-06-21 18:38:44,750 [INFO] Query URL: https://hsdes.intel.com/appstore/generalapps/#/pages/community/1203659509?queryId=15019533347
2026-06-21 18:38:44,751 [INFO] [Attempt 1/5] Trying endpoint: https://hsdes-api.intel.com/rest/query/15019533347
2026-06-21 18:38:44,752 [DEBUG] API request: GET https://hsdes-api.intel.com/rest/query/15019533347
2026-06-21 18:38:48,771 [INFO] Successfully fetched 122 bugs from query 15019533347
2026-06-25 14:48:07,633 [DEBUG] Using existing KRB5CCNAME=FILE:C:\Temp\krb5cache
2026-06-25 14:48:07,634 [INFO] Kerberos credential cache in use: FILE:C:\Temp\krb5cache
2026-06-25 14:48:07,634 [INFO] Using Kerberos authentication with cache FILE:C:\Temp\krb5cache
2026-06-25 14:48:07,634 [INFO] HSD authentication mode in use: kerberos
2026-06-25 14:48:07,635 [INFO] Fetching bugs from saved query ID: 16021056445 (limit: 80)
2026-06-25 14:48:07,635 [INFO] Query URL: https://hsdes.intel.com/appstore/generalapps/#/pages/community/1203659509?queryId=16021056445
2026-06-25 14:48:07,636 [INFO] [Attempt 1/5] Trying endpoint: https://hsdes-api.intel.com/rest/query/16021056445
2026-06-25 14:48:07,636 [DEBUG] API request: GET https://hsdes-api.intel.com/rest/query/16021056445
2026-06-25 14:48:07,940 [DEBUG] Endpoint {'path': 'query/16021056445', 'params': {'include_text_fields': 'Y', 'start_at': 1, 'max_results': 80}} error: Could not find a suitable TLS CA certificate bundle, invalid path: C:\Users\jtsao1\AppData\Roaming\Python\Python314\site-packages\certifi\cacert.pem
2026-06-25 14:48:07,940 [INFO] [Attempt 2/5] Trying endpoint: https://hsdes-api.intel.com/rest/query/execute/16021056445
2026-06-25 14:48:07,940 [DEBUG] API request: GET https://hsdes-api.intel.com/rest/query/execute/16021056445
2026-06-25 14:48:07,944 [DEBUG] Endpoint {'path': 'query/execute/16021056445', 'params': {'limit': 80}} error: Could not find a suitable TLS CA certificate bundle, invalid path: C:\Users\jtsao1\AppData\Roaming\Python\Python314\site-packages\certifi\cacert.pem
2026-06-25 14:48:07,944 [INFO] [Attempt 3/5] Trying endpoint: https://hsdes-api.intel.com/rest/query/16021056445/execute
2026-06-25 14:48:07,944 [DEBUG] API request: GET https://hsdes-api.intel.com/rest/query/16021056445/execute
2026-06-25 14:48:07,946 [DEBUG] Endpoint {'path': 'query/16021056445/execute', 'params': {'limit': 80}} error: Could not find a suitable TLS CA certificate bundle, invalid path: C:\Users\jtsao1\AppData\Roaming\Python\Python314\site-packages\certifi\cacert.pem
2026-06-25 14:48:07,946 [INFO] [Attempt 4/5] Trying endpoint: https://hsdes-api.intel.com/rest/savedquery/16021056445
2026-06-25 14:48:07,946 [DEBUG] API request: GET https://hsdes-api.intel.com/rest/savedquery/16021056445
2026-06-25 14:48:07,948 [DEBUG] Endpoint {'path': 'savedquery/16021056445', 'params': {'limit': 80}} error: Could not find a suitable TLS CA certificate bundle, invalid path: C:\Users\jtsao1\AppData\Roaming\Python\Python314\site-packages\certifi\cacert.pem
2026-06-25 14:48:07,948 [INFO] [Attempt 5/5] Trying endpoint: https://hsdes-api.intel.com/rest/article/query/16021056445
2026-06-25 14:48:07,949 [DEBUG] API request: GET https://hsdes-api.intel.com/rest/article/query/16021056445
2026-06-25 14:48:07,950 [DEBUG] Endpoint {'path': 'article/query/16021056445', 'params': {'limit': 80}} error: Could not find a suitable TLS CA certificate bundle, invalid path: C:\Users\jtsao1\AppData\Roaming\Python\Python314\site-packages\certifi\cacert.pem
2026-06-25 14:48:07,950 [WARNING] Could not fetch bugs from query ID 16021056445 via API endpoints
2026-06-25 14:48:07,951 [INFO] You may need to access the query directly via web interface or use alternate authentication
2026-06-25 14:48:07,951 [INFO] ======================================================================
2026-06-25 14:48:07,951 [INFO] HSD API Authentication Failed - Alternative Options:
2026-06-25 14:48:07,952 [INFO] ======================================================================
2026-06-25 14:48:07,952 [INFO] 1. Validate Kerberos ticket:
2026-06-25 14:48:07,952 [INFO]    - Run 'klist' to verify a valid ticket exists
2026-06-25 14:48:07,953 [INFO]    - If expired or missing, run 'kinit your_upi@INTEL.COM'
2026-06-25 14:48:07,953 [INFO] 
2026-06-25 14:48:07,953 [INFO] 2. Manual Export (recommended for now):
2026-06-25 14:48:07,953 [INFO]    - Visit: https://hsdes.intel.com/appstore/generalapps/#/pages/community/1203659509?queryId=16021056445
2026-06-25 14:48:07,953 [INFO]    - Click 'Export' button
2026-06-25 14:48:07,954 [INFO]    - Save as CSV/Excel
2026-06-25 14:48:07,954 [INFO] 
2026-06-25 14:48:07,955 [INFO] 3. Request Faceless Account:
2026-06-25 14:48:07,955 [INFO]    - Email: ags@intel.com
2026-06-25 14:48:07,955 [INFO]    - Subject: 'Faceless Account for HSD API Access'
2026-06-25 14:48:07,956 [INFO]    - Get dedicated service account credentials
2026-06-25 14:48:07,956 [INFO] ======================================================================
2026-06-25 15:09:11,223 [DEBUG] Using existing KRB5CCNAME=FILE:C:\Temp\krb5cache
2026-06-25 15:09:11,224 [INFO] Kerberos credential cache in use: FILE:C:\Temp\krb5cache
2026-06-25 15:09:11,224 [INFO] Using Kerberos authentication with cache FILE:C:\Temp\krb5cache
2026-06-25 15:09:11,225 [WARNING] SSL verification disabled for HSD API requests; set HSD_CA_CERT to enable.
2026-06-25 15:09:11,226 [INFO] HSD authentication mode in use: kerberos
2026-06-25 15:09:11,226 [INFO] Fetching bugs from saved query ID: 16021056445 (limit: 30)
2026-06-25 15:09:11,227 [INFO] Query URL: https://hsdes.intel.com/appstore/generalapps/#/pages/community/1203659509?queryId=16021056445
2026-06-25 15:09:11,227 [INFO] [Attempt 1/5] Trying endpoint: https://hsdes-api.intel.com/rest/query/16021056445
2026-06-25 15:09:11,228 [DEBUG] API request: GET https://hsdes-api.intel.com/rest/query/16021056445
2026-06-25 15:09:12,662 [INFO] Successfully fetched 2 bugs from query 16021056445
2026-06-26 12:03:41,475 [DEBUG] Using existing KRB5CCNAME=FILE:C:\Temp\krb5cache
2026-06-26 12:03:41,478 [INFO] Kerberos credential cache in use: FILE:C:\Temp\krb5cache
2026-06-26 12:03:41,478 [INFO] Using Kerberos authentication with cache FILE:C:\Temp\krb5cache
2026-06-26 12:03:41,478 [INFO] HSD authentication mode in use: kerberos
2026-06-26 12:03:41,479 [INFO] Fetching bugs from saved query ID: 16021056445 (limit: 500)
2026-06-26 12:03:41,479 [INFO] Query URL: https://hsdes.intel.com/appstore/generalapps/#/pages/community/1203659509?queryId=16021056445
2026-06-26 12:03:41,479 [INFO] [Attempt 1/5] Trying endpoint: https://hsdes-api.intel.com/rest/query/16021056445
2026-06-26 12:03:41,479 [DEBUG] API request: GET https://hsdes-api.intel.com/rest/query/16021056445
2026-06-26 12:03:42,709 [DEBUG] Endpoint {'path': 'query/16021056445', 'params': {'include_text_fields': 'Y', 'start_at': 1, 'max_results': 500}} error: Could not find a suitable TLS CA certificate bundle, invalid path: C:\Users\jtsao1\AppData\Roaming\Python\Python314\site-packages\certifi\cacert.pem
2026-06-26 12:03:42,709 [INFO] [Attempt 2/5] Trying endpoint: https://hsdes-api.intel.com/rest/query/execute/16021056445
2026-06-26 12:03:42,709 [DEBUG] API request: GET https://hsdes-api.intel.com/rest/query/execute/16021056445
2026-06-26 12:03:42,711 [DEBUG] Endpoint {'path': 'query/execute/16021056445', 'params': {'limit': 500}} error: Could not find a suitable TLS CA certificate bundle, invalid path: C:\Users\jtsao1\AppData\Roaming\Python\Python314\site-packages\certifi\cacert.pem
2026-06-26 12:03:42,711 [INFO] [Attempt 3/5] Trying endpoint: https://hsdes-api.intel.com/rest/query/16021056445/execute
2026-06-26 12:03:42,712 [DEBUG] API request: GET https://hsdes-api.intel.com/rest/query/16021056445/execute
2026-06-26 12:03:42,713 [DEBUG] Endpoint {'path': 'query/16021056445/execute', 'params': {'limit': 500}} error: Could not find a suitable TLS CA certificate bundle, invalid path: C:\Users\jtsao1\AppData\Roaming\Python\Python314\site-packages\certifi\cacert.pem
2026-06-26 12:03:42,713 [INFO] [Attempt 4/5] Trying endpoint: https://hsdes-api.intel.com/rest/savedquery/16021056445
2026-06-26 12:03:42,713 [DEBUG] API request: GET https://hsdes-api.intel.com/rest/savedquery/16021056445
2026-06-26 12:03:42,715 [DEBUG] Endpoint {'path': 'savedquery/16021056445', 'params': {'limit': 500}} error: Could not find a suitable TLS CA certificate bundle, invalid path: C:\Users\jtsao1\AppData\Roaming\Python\Python314\site-packages\certifi\cacert.pem
2026-06-26 12:03:42,715 [INFO] [Attempt 5/5] Trying endpoint: https://hsdes-api.intel.com/rest/article/query/16021056445
2026-06-26 12:03:42,715 [DEBUG] API request: GET https://hsdes-api.intel.com/rest/article/query/16021056445
2026-06-26 12:03:42,716 [DEBUG] Endpoint {'path': 'article/query/16021056445', 'params': {'limit': 500}} error: Could not find a suitable TLS CA certificate bundle, invalid path: C:\Users\jtsao1\AppData\Roaming\Python\Python314\site-packages\certifi\cacert.pem
2026-06-26 12:03:42,717 [WARNING] Could not fetch bugs from query ID 16021056445 via API endpoints
2026-06-26 12:03:42,717 [INFO] You may need to access the query directly via web interface or use alternate authentication
2026-06-26 12:03:42,717 [INFO] ======================================================================
2026-06-26 12:03:42,717 [INFO] HSD API Authentication Failed - Alternative Options:
2026-06-26 12:03:42,717 [INFO] ======================================================================
2026-06-26 12:03:42,718 [INFO] 1. Validate Kerberos ticket:
2026-06-26 12:03:42,718 [INFO]    - Run 'klist' to verify a valid ticket exists
2026-06-26 12:03:42,718 [INFO]    - If expired or missing, run 'kinit your_upi@INTEL.COM'
2026-06-26 12:03:42,718 [INFO] 
2026-06-26 12:03:42,718 [INFO] 2. Manual Export (recommended for now):
2026-06-26 12:03:42,718 [INFO]    - Visit: https://hsdes.intel.com/appstore/generalapps/#/pages/community/1203659509?queryId=16021056445
2026-06-26 12:03:42,718 [INFO]    - Click 'Export' button
2026-06-26 12:03:42,719 [INFO]    - Save as CSV/Excel
2026-06-26 12:03:42,719 [INFO] 
2026-06-26 12:03:42,719 [INFO] 3. Request Faceless Account:
2026-06-26 12:03:42,719 [INFO]    - Email: ags@intel.com
2026-06-26 12:03:42,719 [INFO]    - Subject: 'Faceless Account for HSD API Access'
2026-06-26 12:03:42,719 [INFO]    - Get dedicated service account credentials
2026-06-26 12:03:42,719 [INFO] ======================================================================
2026-06-26 12:34:58,103 [DEBUG] Using existing KRB5CCNAME=FILE:C:\Temp\krb5cache
2026-06-26 12:34:58,104 [INFO] Kerberos credential cache in use: FILE:C:\Temp\krb5cache
2026-06-26 12:34:58,105 [INFO] Using Kerberos authentication with cache FILE:C:\Temp\krb5cache
2026-06-26 12:34:58,105 [WARNING] SSL verification disabled for HSD API requests; set HSD_CA_CERT to enable.
2026-06-26 12:34:58,105 [INFO] HSD authentication mode in use: kerberos
2026-06-26 12:34:58,106 [INFO] Fetching bugs from saved query ID: 16021056445 (limit: 30)
2026-06-26 12:34:58,106 [INFO] Query URL: https://hsdes.intel.com/appstore/generalapps/#/pages/community/1203659509?queryId=16021056445
2026-06-26 12:34:58,107 [INFO] [Attempt 1/5] Trying endpoint: https://hsdes-api.intel.com/rest/query/16021056445
2026-06-26 12:34:58,107 [DEBUG] API request: GET https://hsdes-api.intel.com/rest/query/16021056445
2026-06-26 12:34:59,528 [INFO] Successfully fetched 2 bugs from query 16021056445
2026-06-26 12:37:10,694 [DEBUG] Using existing KRB5CCNAME=FILE:C:\Temp\krb5cache
2026-06-26 12:37:10,695 [INFO] Kerberos credential cache in use: FILE:C:\Temp\krb5cache
2026-06-26 12:37:10,695 [INFO] Using Kerberos authentication with cache FILE:C:\Temp\krb5cache
2026-06-26 12:37:10,695 [INFO] HSD authentication mode in use: kerberos
2026-06-26 12:37:10,696 [INFO] Fetching bugs from saved query ID: 16021056445 (limit: 500)
2026-06-26 12:37:10,696 [INFO] Query URL: https://hsdes.intel.com/appstore/generalapps/#/pages/community/1203659509?queryId=16021056445
2026-06-26 12:37:10,696 [INFO] [Attempt 1/5] Trying endpoint: https://hsdes-api.intel.com/rest/query/16021056445
2026-06-26 12:37:10,696 [DEBUG] API request: GET https://hsdes-api.intel.com/rest/query/16021056445
2026-06-26 12:37:10,705 [DEBUG] Endpoint {'path': 'query/16021056445', 'params': {'include_text_fields': 'Y', 'start_at': 1, 'max_results': 500}} error: Could not find a suitable TLS CA certificate bundle, invalid path: C:\Users\jtsao1\AppData\Roaming\Python\Python314\site-packages\certifi\cacert.pem
2026-06-26 12:37:10,705 [INFO] [Attempt 2/5] Trying endpoint: https://hsdes-api.intel.com/rest/query/execute/16021056445
2026-06-26 12:37:10,705 [DEBUG] API request: GET https://hsdes-api.intel.com/rest/query/execute/16021056445
2026-06-26 12:37:10,707 [DEBUG] Endpoint {'path': 'query/execute/16021056445', 'params': {'limit': 500}} error: Could not find a suitable TLS CA certificate bundle, invalid path: C:\Users\jtsao1\AppData\Roaming\Python\Python314\site-packages\certifi\cacert.pem
2026-06-26 12:37:10,707 [INFO] [Attempt 3/5] Trying endpoint: https://hsdes-api.intel.com/rest/query/16021056445/execute
2026-06-26 12:37:10,707 [DEBUG] API request: GET https://hsdes-api.intel.com/rest/query/16021056445/execute
2026-06-26 12:37:10,708 [DEBUG] Endpoint {'path': 'query/16021056445/execute', 'params': {'limit': 500}} error: Could not find a suitable TLS CA certificate bundle, invalid path: C:\Users\jtsao1\AppData\Roaming\Python\Python314\site-packages\certifi\cacert.pem
2026-06-26 12:37:10,708 [INFO] [Attempt 4/5] Trying endpoint: https://hsdes-api.intel.com/rest/savedquery/16021056445
2026-06-26 12:37:10,709 [DEBUG] API request: GET https://hsdes-api.intel.com/rest/savedquery/16021056445
2026-06-26 12:37:10,710 [DEBUG] Endpoint {'path': 'savedquery/16021056445', 'params': {'limit': 500}} error: Could not find a suitable TLS CA certificate bundle, invalid path: C:\Users\jtsao1\AppData\Roaming\Python\Python314\site-packages\certifi\cacert.pem
2026-06-26 12:37:10,710 [INFO] [Attempt 5/5] Trying endpoint: https://hsdes-api.intel.com/rest/article/query/16021056445
2026-06-26 12:37:10,710 [DEBUG] API request: GET https://hsdes-api.intel.com/rest/article/query/16021056445
2026-06-26 12:37:10,711 [DEBUG] Endpoint {'path': 'article/query/16021056445', 'params': {'limit': 500}} error: Could not find a suitable TLS CA certificate bundle, invalid path: C:\Users\jtsao1\AppData\Roaming\Python\Python314\site-packages\certifi\cacert.pem
2026-06-26 12:37:10,711 [WARNING] Could not fetch bugs from query ID 16021056445 via API endpoints
2026-06-26 12:37:10,711 [INFO] You may need to access the query directly via web interface or use alternate authentication
2026-06-26 12:37:10,711 [INFO] ======================================================================
2026-06-26 12:37:10,711 [INFO] HSD API Authentication Failed - Alternative Options:
2026-06-26 12:37:10,711 [INFO] ======================================================================
2026-06-26 12:37:10,712 [INFO] 1. Validate Kerberos ticket:
2026-06-26 12:37:10,712 [INFO]    - Run 'klist' to verify a valid ticket exists
2026-06-26 12:37:10,712 [INFO]    - If expired or missing, run 'kinit your_upi@INTEL.COM'
2026-06-26 12:37:10,712 [INFO] 
2026-06-26 12:37:10,712 [INFO] 2. Manual Export (recommended for now):
2026-06-26 12:37:10,712 [INFO]    - Visit: https://hsdes.intel.com/appstore/generalapps/#/pages/community/1203659509?queryId=16021056445
2026-06-26 12:37:10,712 [INFO]    - Click 'Export' button
2026-06-26 12:37:10,712 [INFO]    - Save as CSV/Excel
2026-06-26 12:37:10,712 [INFO] 
2026-06-26 12:37:10,712 [INFO] 3. Request Faceless Account:
2026-06-26 12:37:10,712 [INFO]    - Email: ags@intel.com
2026-06-26 12:37:10,712 [INFO]    - Subject: 'Faceless Account for HSD API Access'
2026-06-26 12:37:10,712 [INFO]    - Get dedicated service account credentials
2026-06-26 12:37:10,712 [INFO] ======================================================================
2026-06-26 14:12:38,183 [DEBUG] Using existing KRB5CCNAME=FILE:C:\Temp\krb5cache
2026-06-26 14:12:38,186 [INFO] Kerberos credential cache in use: FILE:C:\Temp\krb5cache
2026-06-26 14:12:38,187 [INFO] Using Kerberos authentication with cache FILE:C:\Temp\krb5cache
2026-06-26 14:12:38,187 [INFO] HSD authentication mode in use: kerberos
2026-06-26 14:12:38,188 [INFO] Fetching bugs from saved query ID: 16021056445 (limit: 500)
2026-06-26 14:12:38,188 [INFO] Query URL: https://hsdes.intel.com/appstore/generalapps/#/pages/community/1203659509?queryId=16021056445
2026-06-26 14:12:38,189 [INFO] [Attempt 1/5] Trying endpoint: https://hsdes-api.intel.com/rest/query/16021056445
2026-06-26 14:12:38,189 [DEBUG] API request: GET https://hsdes-api.intel.com/rest/query/16021056445
2026-06-26 14:12:38,511 [DEBUG] Endpoint {'path': 'query/16021056445', 'params': {'include_text_fields': 'Y', 'start_at': 1, 'max_results': 500}} error: Could not find a suitable TLS CA certificate bundle, invalid path: C:\Users\jtsao1\AppData\Roaming\Python\Python314\site-packages\certifi\cacert.pem
2026-06-26 14:12:38,512 [INFO] [Attempt 2/5] Trying endpoint: https://hsdes-api.intel.com/rest/query/execute/16021056445
2026-06-26 14:12:38,513 [DEBUG] API request: GET https://hsdes-api.intel.com/rest/query/execute/16021056445
2026-06-26 14:12:38,515 [DEBUG] Endpoint {'path': 'query/execute/16021056445', 'params': {'limit': 500}} error: Could not find a suitable TLS CA certificate bundle, invalid path: C:\Users\jtsao1\AppData\Roaming\Python\Python314\site-packages\certifi\cacert.pem
2026-06-26 14:12:38,516 [INFO] [Attempt 3/5] Trying endpoint: https://hsdes-api.intel.com/rest/query/16021056445/execute
2026-06-26 14:12:38,517 [DEBUG] API request: GET https://hsdes-api.intel.com/rest/query/16021056445/execute
2026-06-26 14:12:38,519 [DEBUG] Endpoint {'path': 'query/16021056445/execute', 'params': {'limit': 500}} error: Could not find a suitable TLS CA certificate bundle, invalid path: C:\Users\jtsao1\AppData\Roaming\Python\Python314\site-packages\certifi\cacert.pem
2026-06-26 14:12:38,521 [INFO] [Attempt 4/5] Trying endpoint: https://hsdes-api.intel.com/rest/savedquery/16021056445
2026-06-26 14:12:38,521 [DEBUG] API request: GET https://hsdes-api.intel.com/rest/savedquery/16021056445
2026-06-26 14:12:38,523 [DEBUG] Endpoint {'path': 'savedquery/16021056445', 'params': {'limit': 500}} error: Could not find a suitable TLS CA certificate bundle, invalid path: C:\Users\jtsao1\AppData\Roaming\Python\Python314\site-packages\certifi\cacert.pem
2026-06-26 14:12:38,523 [INFO] [Attempt 5/5] Trying endpoint: https://hsdes-api.intel.com/rest/article/query/16021056445
2026-06-26 14:12:38,523 [DEBUG] API request: GET https://hsdes-api.intel.com/rest/article/query/16021056445
2026-06-26 14:12:38,525 [DEBUG] Endpoint {'path': 'article/query/16021056445', 'params': {'limit': 500}} error: Could not find a suitable TLS CA certificate bundle, invalid path: C:\Users\jtsao1\AppData\Roaming\Python\Python314\site-packages\certifi\cacert.pem
2026-06-26 14:12:38,525 [WARNING] Could not fetch bugs from query ID 16021056445 via API endpoints
2026-06-26 14:12:38,525 [INFO] You may need to access the query directly via web interface or use alternate authentication
2026-06-26 14:12:38,526 [INFO] ======================================================================
2026-06-26 14:12:38,526 [INFO] HSD API Authentication Failed - Alternative Options:
2026-06-26 14:12:38,526 [INFO] ======================================================================
2026-06-26 14:12:38,526 [INFO] 1. Validate Kerberos ticket:
2026-06-26 14:12:38,526 [INFO]    - Run 'klist' to verify a valid ticket exists
2026-06-26 14:12:38,527 [INFO]    - If expired or missing, run 'kinit your_upi@INTEL.COM'
2026-06-26 14:12:38,527 [INFO] 
2026-06-26 14:12:38,527 [INFO] 2. Manual Export (recommended for now):
2026-06-26 14:12:38,528 [INFO]    - Visit: https://hsdes.intel.com/appstore/generalapps/#/pages/community/1203659509?queryId=16021056445
2026-06-26 14:12:38,528 [INFO]    - Click 'Export' button
2026-06-26 14:12:38,528 [INFO]    - Save as CSV/Excel
2026-06-26 14:12:38,528 [INFO] 
2026-06-26 14:12:38,528 [INFO] 3. Request Faceless Account:
2026-06-26 14:12:38,528 [INFO]    - Email: ags@intel.com
2026-06-26 14:12:38,529 [INFO]    - Subject: 'Faceless Account for HSD API Access'
2026-06-26 14:12:38,529 [INFO]    - Get dedicated service account credentials
2026-06-26 14:12:38,529 [INFO] ======================================================================
2026-06-26 14:44:43,717 [DEBUG] Using existing KRB5CCNAME=FILE:C:\Temp\krb5cache
2026-06-26 14:44:43,719 [INFO] Kerberos credential cache in use: FILE:C:\Temp\krb5cache
2026-06-26 14:44:43,720 [INFO] Using Kerberos authentication with cache FILE:C:\Temp\krb5cache
2026-06-26 14:44:43,721 [INFO] HSD authentication mode in use: kerberos
2026-06-26 14:44:43,721 [INFO] Fetching bugs from saved query ID: 16021056445 (limit: 500)
2026-06-26 14:44:43,722 [INFO] Query URL: https://hsdes.intel.com/appstore/generalapps/#/pages/community/1203659509?queryId=16021056445
2026-06-26 14:44:43,723 [INFO] [Attempt 1/5] Trying endpoint: https://hsdes-api.intel.com/rest/query/16021056445
2026-06-26 14:44:43,723 [DEBUG] API request: GET https://hsdes-api.intel.com/rest/query/16021056445
2026-06-26 14:44:43,744 [DEBUG] Endpoint {'path': 'query/16021056445', 'params': {'include_text_fields': 'Y', 'start_at': 1, 'max_results': 500}} error: Could not find a suitable TLS CA certificate bundle, invalid path: C:\Users\jtsao1\AppData\Roaming\Python\Python314\site-packages\certifi\cacert.pem
2026-06-26 14:44:43,745 [INFO] [Attempt 2/5] Trying endpoint: https://hsdes-api.intel.com/rest/query/execute/16021056445
2026-06-26 14:44:43,746 [DEBUG] API request: GET https://hsdes-api.intel.com/rest/query/execute/16021056445
2026-06-26 14:44:43,750 [DEBUG] Endpoint {'path': 'query/execute/16021056445', 'params': {'limit': 500}} error: Could not find a suitable TLS CA certificate bundle, invalid path: C:\Users\jtsao1\AppData\Roaming\Python\Python314\site-packages\certifi\cacert.pem
2026-06-26 14:44:43,751 [INFO] [Attempt 3/5] Trying endpoint: https://hsdes-api.intel.com/rest/query/16021056445/execute
2026-06-26 14:44:43,751 [DEBUG] API request: GET https://hsdes-api.intel.com/rest/query/16021056445/execute
2026-06-26 14:44:43,755 [DEBUG] Endpoint {'path': 'query/16021056445/execute', 'params': {'limit': 500}} error: Could not find a suitable TLS CA certificate bundle, invalid path: C:\Users\jtsao1\AppData\Roaming\Python\Python314\site-packages\certifi\cacert.pem
2026-06-26 14:44:43,755 [INFO] [Attempt 4/5] Trying endpoint: https://hsdes-api.intel.com/rest/savedquery/16021056445
2026-06-26 14:44:43,755 [DEBUG] API request: GET https://hsdes-api.intel.com/rest/savedquery/16021056445
2026-06-26 14:44:43,757 [DEBUG] Endpoint {'path': 'savedquery/16021056445', 'params': {'limit': 500}} error: Could not find a suitable TLS CA certificate bundle, invalid path: C:\Users\jtsao1\AppData\Roaming\Python\Python314\site-packages\certifi\cacert.pem
2026-06-26 14:44:43,757 [INFO] [Attempt 5/5] Trying endpoint: https://hsdes-api.intel.com/rest/article/query/16021056445
2026-06-26 14:44:43,757 [DEBUG] API request: GET https://hsdes-api.intel.com/rest/article/query/16021056445
2026-06-26 14:44:43,759 [DEBUG] Endpoint {'path': 'article/query/16021056445', 'params': {'limit': 500}} error: Could not find a suitable TLS CA certificate bundle, invalid path: C:\Users\jtsao1\AppData\Roaming\Python\Python314\site-packages\certifi\cacert.pem
2026-06-26 14:44:43,759 [WARNING] Could not fetch bugs from query ID 16021056445 via API endpoints
2026-06-26 14:44:43,760 [INFO] You may need to access the query directly via web interface or use alternate authentication
2026-06-26 14:44:43,760 [INFO] ======================================================================
2026-06-26 14:44:43,760 [INFO] HSD API Authentication Failed - Alternative Options:
2026-06-26 14:44:43,760 [INFO] ======================================================================
2026-06-26 14:44:43,760 [INFO] 1. Validate Kerberos ticket:
2026-06-26 14:44:43,760 [INFO]    - Run 'klist' to verify a valid ticket exists
2026-06-26 14:44:43,760 [INFO]    - If expired or missing, run 'kinit your_upi@INTEL.COM'
2026-06-26 14:44:43,761 [INFO] 
2026-06-26 14:44:43,761 [INFO] 2. Manual Export (recommended for now):
2026-06-26 14:44:43,761 [INFO]    - Visit: https://hsdes.intel.com/appstore/generalapps/#/pages/community/1203659509?queryId=16021056445
2026-06-26 14:44:43,761 [INFO]    - Click 'Export' button
2026-06-26 14:44:43,761 [INFO]    - Save as CSV/Excel
2026-06-26 14:44:43,761 [INFO] 
2026-06-26 14:44:43,761 [INFO] 3. Request Faceless Account:
2026-06-26 14:44:43,761 [INFO]    - Email: ags@intel.com
2026-06-26 14:44:43,762 [INFO]    - Subject: 'Faceless Account for HSD API Access'
2026-06-26 14:44:43,762 [INFO]    - Get dedicated service account credentials
2026-06-26 14:44:43,762 [INFO] ======================================================================
